<INTERRUPT>
=> crc32 41c00800 3e7da30
crc32 for 41c00800 ... 45a7e22f ==> b5f7ae2d
=> cp.b 41c00800 86000000 400000
=> cp.b 42000800 86400000 400000
=> cp.b 42400800 86800000 400000
=> cp.b 42800800 86c00000 400000
=> cp.b 42c00800 87000000 400000
=> cp.b 43000800 87400000 400000
=> cp.b 43400800 87800000 400000
=> cp.b 43800800 87c00000 400000
=> cp.b 43c00800 88000000 400000
=> cp.b 44000800 88400000 400000
=> cp.b 44400800 88800000 400000
=> cp.b 44800800 88c00000 400000
=> cp.b 44c00800 89000000 400000
=> cp.b 45000800 89400000 400000
=> cp.b 45400800 89800000 400000
=> cp.b 45800800 89c00000 27da30
=> crc32 86000000 3e7da30
crc32 for 86000000 ... 89e7da2f ==> b5f7ae2d
=> fastboot usb 1
Enter fastboot...OK
