=> crc32 40c00800 6e01540
crc32 for 40c00800 ... 47a01d3f ==> d57c3a92
=> crc32 86000000 3e7da30
crc32 for 86000000 ... 89e7da2f ==> b5f7ae2d
=> cp.b 40c00800 80000000 400000
=> cp.b 41000800 80400000 400000
=> cp.b 41400800 80800000 400000
=> cp.b 41800800 80c00000 400000
=> cp.b 41c00800 81000000 400000
=> cp.b 42000800 81400000 400000
=> cp.b 42400800 81800000 400000
=> cp.b 42800800 81c00000 400000
=> cp.b 42c00800 82000000 400000
=> cp.b 43000800 82400000 400000
=> cp.b 43400800 82800000 400000
=> cp.b 43800800 82c00000 400000
=> cp.b 43c00800 83000000 400000
=> cp.b 44000800 83400000 400000
=> cp.b 44400800 83800000 400000
=> cp.b 44800800 83c00000 400000
=> cp.b 44c00800 84000000 400000
=> cp.b 45000800 84400000 400000
=> cp.b 45400800 84800000 400000
=> cp.b 45800800 84c00000 400000
=> cp.b 45c00800 85000000 400000
=> cp.b 46000800 85400000 400000
=> cp.b 46400800 85800000 400000
=> cp.b 46800800 85c00000 400000
=> crc32 80000000 9e7da30
crc32 for 80000000 ... 89e7da2f ==> b20f998f
=> cp.b 46c00800 40400000 400000
=> cp.b 47000800 40800000 400000
=> cp.b 47400800 40c00000 400000
=> cp.b 47800800 41000000 201540
=> crc32 40400000 e01540
crc32 for 40400000 ... 4120153f ==> 0600d0fe
=> md.l 48300000 1
48300000: edfe0dd0                               ....
=> booti 40400000 - 48300000
Fdt Ramdisk skip relocation
## Flattened Device Tree blob at 0x48300000
   Booting using the fdt blob at 0x48300000
   Using Device Tree in place at 0000000048300000, end 0000000048326532
No resource file: logo_kernel.bmp
VP0 fail to load kernel logo
## reserved-memory:
  ramoops@40110000: addr=40110000 size=e0000
Adding bank: 0x40200000 - 0x48400000 (size: 0x08200000)
Adding bank: 0x49400000 - 0x100000000 (size: 0xb6c00000)
Adding bank: 0x100000000 - 0x140000000 (size: 0x40000000)
Total: 88953.383/89306.345 ms

Starting kernel ...

- Ready to Boot Primary CPU
RK3576 HCR_EL2=0000000008000032
RK3576 SCTLR_EL1=0000000030d00800
- Boot from EL2
- Boot from EL1
- Boot to C runtime for OS Initialize
[CPU0] arm64_chip_boot: RK3576: MMU enabled
[CPU0] rk3576_uart6_initialize: UART6 M0: 115200 8N1, internal loopback PASS, IRQ114 ttyS1
I/TC: Secondary CPU 1 initializing
I/TC: Secondary CPU 1 switching to normal world boot

NuIt/TC: Secondary CPU 4 initializing
tI/TC: Secondary CPU 4 switching to normal world boot
- ReadI/TC: Secondary CPU 2 initializing
y to -BI/TC: Secondary CPU 2 switching to normal world boot
o Roet adSI/TC: Secondary CPU 5 initializing
e-yc I/TC: Secondary CPU 5 switching to normal world boot
o tnoR deBa oCoI/TC: Secondary CPU 3 initializing
t-Pdy U SRe
e ctaRI/TC: Secondary CPU 3 switching to normal world boot
ooKdny3  d5B o7t6Coot P HUB o
oSCI/TC: Secondary3SE5nRe7dcLI/TC: Secondary CPU 6 switching to normal world boot0Cy 0UI/TC: Secondary CPU 7 initializing
 R-0CP 
0_tRERo0U0eLrld boot
 5 00tHSo700 060eC0R c0B_0ooHo0EnC0tRdL02_2  0
-C0S=EB00R7 o0H0K6oL t0C035 R00S_C0S07ReE0T6 c0_L0L200EHoR2n_=CL
dE1-0 00
0 07B0B0Ro00o0o060K0 30to30S30t 5700 dfCr6dT0f0r00 0LoR080oSmCm_00T0E0  8LL0E0E10R
0LL2_-20=00E 

LB-00
1o
 =oR0t0B0K3o 00f050ro70036t0o00 m 0S df00rCE3ToL08m02L0 Rd
_E00LE08L2010=

00-
- 0B 0oB0o0oo00tt 30f rdfr0o0mo8 m E00LE2L
2-

 Boot from EL2
Shell (NSH)
nsh> [K- Boot from EL1
- Boot from EL1
- Boot from EL1
- Boot from EL1
- Boot from EL1
- Boot from EL1
- Boot from EL1
- Boot to C runtime for OS Initialize
- Boot to C runtime for OS Initialize
- Boot to C runtime for OS Initialize
- Boot to C runtime for OS Initialize
- Boot to C runtime for OS Initialize
- Boot to C runtime f-o r BoOoSt I ntoit iC arliuznetim
e for OS Initialize
