-- The C compiler identification is GNU 13.4.0
-- The CXX compiler identification is GNU 13.4.0
System is unknown to cmake, create:
Platform/NuttX to use this system, please post your config file on discourse.cmake.org so it can be added to cmake
-- Detecting C compiler ABI info
System is unknown to cmake, create:
Platform/NuttX to use this system, please post your config file on discourse.cmake.org so it can be added to cmake
-- Detecting C compiler ABI info - done
-- Check for working C compiler: /home/swl/openvela/prebuilts/gcc/linux-x86_64/aarch64-none-elf/bin/aarch64-none-elf-gcc - skipped
-- Detecting C compile features
-- Detecting C compile features - done
-- Detecting CXX compiler ABI info
System is unknown to cmake, create:
Platform/NuttX to use this system, please post your config file on discourse.cmake.org so it can be added to cmake
-- Detecting CXX compiler ABI info - done
-- Check for working CXX compiler: /home/swl/openvela/prebuilts/gcc/linux-x86_64/aarch64-none-elf/bin/aarch64-none-elf-g++ - skipped
-- Detecting CXX compile features
-- Detecting CXX compile features - done
CMake Deprecation Warning at /dev/shm/velavision-ort-env3-20260911/google_nsync/CMakeLists.txt:1 (cmake_minimum_required):
  Compatibility with CMake < 3.5 will be removed from a future version of
  CMake.

  Update the VERSION argument <min> value or use a ...<max> suffix to tell
  CMake that the project does not need compatibility with older versions.


-- Performing Test ABSL_INTERNAL_AT_LEAST_CXX17
System is unknown to cmake, create:
Platform/NuttX to use this system, please post your config file on discourse.cmake.org so it can be added to cmake
-- Performing Test ABSL_INTERNAL_AT_LEAST_CXX17 - Success
-- Performing Test ABSL_INTERNAL_AT_LEAST_CXX20
System is unknown to cmake, create:
Platform/NuttX to use this system, please post your config file on discourse.cmake.org so it can be added to cmake
-- Performing Test ABSL_INTERNAL_AT_LEAST_CXX20 - Failed
-- Performing Test CMAKE_HAVE_LIBC_PTHREAD
System is unknown to cmake, create:
Platform/NuttX to use this system, please post your config file on discourse.cmake.org so it can be added to cmake
-- Performing Test CMAKE_HAVE_LIBC_PTHREAD - Success
-- Found Threads: TRUE  
-- Configuring done (1.0s)
-- Generating done (0.1s)
-- Build files have been written to: /dev/shm/velavision-static-deps2-20260911/build
