{"result": "PASS", "source_files": 470, "changes": 3, "applied": true}
-- Found Python3: /usr/bin/python3.10 (found version "3.10.12") found components: Interpreter 
-- Initializing NuttX
Loaded configuration '/home/swl/openvela/cmake_out/velavision_smp_four_20260910/.config.compressed'
Minimal configuration saved to '/home/swl/openvela/cmake_out/velavision_smp_four_20260910/defconfig.tmp'
  Select HOST_LINUX=y
--   CMake:  3.23.0
--   Ninja:  1.12.1
--   Board:  kickpi_k7
--   Config: velavision_smp_four_local
--   Appdir: /home/swl/openvela/apps
-- The C compiler identification is GNU 11.4.0
-- Detecting C compiler ABI info
-- Detecting C compiler ABI info - done
-- Check for working C compiler: /home/swl/openvela/prebuilts/tools/linux/x86_64/cc - skipped
-- Detecting C compile features
-- Detecting C compile features - done
-- NuttX Host Tools
-- Configuring done
-- Generating done
-- Build files have been written to: /home/swl/openvela/cmake_out/velavision_smp_four_20260910/bin_host
-- The C compiler identification is GNU 13.4.0
-- The CXX compiler identification is GNU 13.4.0
-- The ASM compiler identification is GNU
-- Found assembler: /home/swl/openvela/prebuilts/gcc/linux-x86_64/aarch64-none-elf/bin/aarch64-none-elf-gcc
-- Detecting C compiler ABI info
-- Detecting C compiler ABI info - done
-- Check for working C compiler: /home/swl/openvela/prebuilts/gcc/linux-x86_64/aarch64-none-elf/bin/aarch64-none-elf-gcc - skipped
-- Detecting C compile features
-- Detecting C compile features - done
-- Detecting CXX compiler ABI info
-- Detecting CXX compiler ABI info - done
-- Check for working CXX compiler: /home/swl/openvela/prebuilts/gcc/linux-x86_64/aarch64-none-elf/bin/aarch64-none-elf-g++ - skipped
-- Detecting CXX compile features
-- Detecting CXX compile features - done
-- Configuring done
-- Generating done
-- Build files have been written to: /home/swl/openvela/cmake_out/velavision_smp_four_20260910
[1/1] cd /home/swl/openvela/nuttx && /home/swl/openvela/prebuilts/tools/cmake/bin/cmake -E copy /home/swl/openvela/nuttx/boards/arm64/rk3576/kickpi_k7/configs/velavision_smp_four_local/defconfig /home/swl/openvela/cmake_out/velavision_smp_four_20260910/.config && /home/swl/openvela/prebuilts/tools/cmake/bin/cmake -E env KCONFIG_CONFIG=/home/swl/openvela/cmake_out/velavision_smp_four_20260910/.config EXTERNALDIR=dummy APPSDIR=/home/swl/openvela/apps DRIVERS_PLATFORM_DIR=dummy APPSBINDIR=/home/swl/openvela/cmake_out/velavision_smp_four_20260910/apps BINDIR=/home/swl/openvela/cmake_out/velavision_smp_four_20260910 olddefconfig && /home/swl/openvela/prebuilts/tools/cmake/bin/cmake -E copy /home/swl/openvela/cmake_out/velavision_smp_four_20260910/.config /home/swl/openvela/cmake_out/velavision_smp_four_20260910/.config.orig && /home/swl/openvela/prebuilts/tools/cmake/bin/cmake -E touch /home/swl/openvela/nuttx/CMakeLists.txt
Loaded configuration '/home/swl/openvela/cmake_out/velavision_smp_four_20260910/.config'
Configuration saved to '/home/swl/openvela/cmake_out/velavision_smp_four_20260910/.config'
[0/1] Re-running CMake...
-- NuttX Host Tools
-- Configuring done
-- Generating done
-- Build files have been written to: /home/swl/openvela/cmake_out/velavision_smp_four_20260910/bin_host
-- Configuring done
-- Generating done
-- Build files have been written to: /home/swl/openvela/cmake_out/velavision_smp_four_20260910
[1/1127] cd /home/swl/openvela/cmake_out/velavision_smp_four_20260910/libs/libc/misc && /home/swl/openvela/prebuilts/tools/cmake/bin/cmake -E touch /home/swl/openvela/nuttx/libs/libc/misc/lib_utsname.c
[2/1127] cd /home/swl/openvela/nuttx && /home/swl/openvela/prebuilts/tools/cmake/bin/cmake -DKCONFIG_CONFIG=/home/swl/openvela/nuttx/boards/arm64/rk3576/kickpi_k7/configs/velavision_smp_four_local/defconfig -DNUTTX_DIR=/home/swl/openvela/nuttx -DCMAKE_BINARY_DIR=/home/swl/openvela/cmake_out/velavision_smp_four_20260910 -P /home/swl/openvela/nuttx/cmake/nuttx_generate_dts.cmake
[3/1127] Generating bin output directories
[4/1127] Generating dramboot.ld.tmp
[5/1127] Building ASM object arch/CMakeFiles/arch.dir/arm64/src/common/arm64_vector_table.S.o
[6/1127] Building ASM object arch/CMakeFiles/arch.dir/arm64/src/common/arm64_fork_func.S.o
[7/1127] Building ASM object arch/CMakeFiles/arch.dir/arm64/src/common/arm64_vectors.S.o
[8/1127] Building C object arch/CMakeFiles/arch.dir/arm64/src/common/arm64_boot.c.o
[9/1127] Building C object arch/CMakeFiles/arch.dir/arm64/src/common/arm64_nputs.c.o
[10/1127] Building C object arch/CMakeFiles/arch.dir/arm64/src/common/arm64_initialize.c.o
[11/1127] Building C object arch/CMakeFiles/arch.dir/arm64/src/common/arm64_initialstate.c.o
[12/1127] Building C object arch/CMakeFiles/arch.dir/arm64/src/common/arm64_createstack.c.o
[13/1127] Building C object arch/CMakeFiles/arch.dir/arm64/src/common/arm64_releasestack.c.o
[14/1127] Building C object arch/CMakeFiles/arch.dir/arm64/src/common/arm64_usestack.c.o
[15/1127] Building C object arch/CMakeFiles/arch.dir/arm64/src/common/arm64_stackframe.c.o
[16/1127] Building C object arch/CMakeFiles/arch.dir/arm64/src/common/arm64_getintstack.c.o
[17/1127] Building C object arch/CMakeFiles/arch.dir/arm64/src/common/arm64_exit.c.o
[18/1127] Building C object arch/CMakeFiles/arch.dir/arm64/src/common/arm64_registerdump.c.o
[19/1127] Building C object arch/CMakeFiles/arch.dir/arm64/src/common/arm64_fork.c.o
[20/1127] Building C object arch/CMakeFiles/arch.dir/arm64/src/common/arm64_perf.c.o
[21/1127] Building C object arch/CMakeFiles/arch.dir/arm64/src/common/arm64_tcbinfo.c.o
[22/1127] Building C object arch/CMakeFiles/arch.dir/arm64/src/common/arm64_cpuidlestack.c.o
[23/1127] Building C object arch/CMakeFiles/arch.dir/arm64/src/common/arm64_schedulesigaction.c.o
[24/1127] Building C object arch/CMakeFiles/arch.dir/arm64/src/common/arm64_sigdeliver.c.o
[25/1127] Building C object arch/CMakeFiles/arch.dir/arm64/src/common/arm64_arch_timer.c.o
[26/1127] Building C object arch/CMakeFiles/arch.dir/arm64/src/common/arm64_doirq.c.o
[27/1127] Building C object arch/CMakeFiles/arch.dir/arm64/src/common/arm64_cache.c.o
[28/1127] Building C object arch/CMakeFiles/arch.dir/arm64/src/common/arm64_fatal.c.o
[29/1127] Building C object arch/CMakeFiles/arch.dir/arm64/src/common/arm64_syscall.c.o
[30/1127] Building C object arch/CMakeFiles/arch.dir/arm64/src/common/arm64_idle.c.o
[31/1127] Building C object arch/CMakeFiles/arch.dir/arm64/src/common/arm64_allocateheap.c.o
[32/1127] Building ASM object arch/CMakeFiles/arch.dir/arm64/src/common/arm64_smccc.S.o
[33/1127] Building C object arch/CMakeFiles/arch.dir/arm64/src/common/arm64_gicv2.c.o
[34/1127] Building C object arch/CMakeFiles/arch.dir/arm64/src/common/arm64_smpcall.c.o
[35/1127] Building C object arch/CMakeFiles/arch.dir/arm64/src/common/arm64_cpustart.c.o
[36/1127] Building C object arch/CMakeFiles/arch.dir/arm64/src/common/arm64_cpu_psci.c.o
[37/1127] Building ASM object arch/CMakeFiles/arch.dir/arm64/src/common/arm64_fpu_func.S.o
[38/1127] Building C object arch/CMakeFiles/arch.dir/arm64/src/common/arm64_hwdebug.c.o
[39/1127] Building C object arch/CMakeFiles/arch.dir/arm64/src/common/arm64_mmu.c.o
[40/1127] Building ASM object arch/CMakeFiles/arch.dir/arm64/src/rk3576/rk3576_lowputc.S.o
[41/1127] Building C object arch/CMakeFiles/arch.dir/arm64/src/common/arm64_fpu.c.o
[42/1127] Building C object arch/CMakeFiles/arch.dir/arm64/src/common/arm64_checkstack.c.o
[43/1127] Building C object arch/CMakeFiles/arch.dir/arm64/src/common/arm64_backtrace.c.o
[44/1127] Building C object arch/CMakeFiles/arch.dir/arm64/src/rk3576/rk3576_boot.c.o
[45/1127] Building C object arch/CMakeFiles/arch.dir/arm64/src/rk3576/rk3576_serial.c.o
[46/1127] Building C object binfmt/CMakeFiles/binfmt.dir/binfmt_globals.c.o
[47/1127] Building C object binfmt/CMakeFiles/binfmt.dir/binfmt_initialize.c.o
[48/1127] Building C object binfmt/CMakeFiles/binfmt.dir/binfmt_register.c.o
[49/1127] Building C object binfmt/CMakeFiles/binfmt.dir/binfmt_unregister.c.o
[50/1127] Building C object binfmt/CMakeFiles/binfmt.dir/binfmt_unloadmodule.c.o
[51/1127] Building C object binfmt/CMakeFiles/binfmt.dir/binfmt_loadmodule.c.o
[52/1127] Building C object binfmt/CMakeFiles/binfmt.dir/binfmt_copyargv.c.o
[53/1127] Building C object binfmt/CMakeFiles/binfmt.dir/binfmt_exec.c.o
[54/1127] Building C object binfmt/CMakeFiles/binfmt.dir/binfmt_execmodule.c.o
[55/1127] Building C object binfmt/CMakeFiles/binfmt.dir/binfmt_copyactions.c.o
[56/1127] Building C object binfmt/CMakeFiles/binfmt.dir/binfmt_copyattr.c.o
[57/1127] Building C object binfmt/CMakeFiles/binfmt.dir/binfmt_dumpmodule.c.o
[58/1127] Building C object binfmt/CMakeFiles/binfmt.dir/builtin.c.o
[59/1127] Building C object drivers/CMakeFiles/drivers.dir/misc/dev_null.c.o
[60/1127] Building C object drivers/CMakeFiles/drivers.dir/misc/dev_zero.c.o
[61/1127] Building C object drivers/CMakeFiles/drivers.dir/misc/mkrd.c.o
[62/1127] Building C object drivers/CMakeFiles/drivers.dir/misc/ramdisk.c.o
[63/1127] Building C object drivers/CMakeFiles/drivers.dir/pipes/pipe.c.o
[64/1127] Building C object drivers/CMakeFiles/drivers.dir/loop/losetup.c.o
[65/1127] Building C object drivers/CMakeFiles/drivers.dir/pipes/fifo.c.o
[66/1127] Building C object drivers/CMakeFiles/drivers.dir/pipes/pipe_common.c.o
[67/1127] Building C object drivers/CMakeFiles/drivers.dir/syslog/syslog_initialize.c.o
[68/1127] Building C object drivers/CMakeFiles/drivers.dir/syslog/setlogmask.c.o
[69/1127] Building C object drivers/CMakeFiles/drivers.dir/serial/serial_io.c.o
[70/1127] Building C object drivers/CMakeFiles/drivers.dir/syslog/vsyslog.c.o
[71/1127] Building C object drivers/CMakeFiles/drivers.dir/serial/uart_16550.c.o
[72/1127] Building C object drivers/CMakeFiles/drivers.dir/syslog/syslog_flush.c.o
[73/1127] Building C object drivers/CMakeFiles/drivers.dir/syslog/syslog_channel.c.o
[74/1127] Building C object drivers/CMakeFiles/drivers.dir/syslog/syslog_write.c.o
[75/1127] Building C object fs/CMakeFiles/fs.dir/fs_initialize.c.o
[76/1127] Building C object drivers/CMakeFiles/drivers.dir/drivers_initialize.c.o
[77/1127] Building C object drivers/CMakeFiles/drivers.dir/timers/oneshot.c.o
[78/1127] Building C object drivers/CMakeFiles/drivers.dir/syslog/ramlog.c.o
[79/1127] Building C object drivers/CMakeFiles/drivers.dir/timers/arch_alarm.c.o
[80/1127] Building C object fs/CMakeFiles/fs.dir/fs_heap.c.o
[81/1127] Building C object fs/CMakeFiles/fs.dir/driver/fs_registerpipedriver.c.o
[82/1127] Building C object fs/CMakeFiles/fs.dir/driver/fs_registerdriver.c.o
[83/1127] Building C object fs/CMakeFiles/fs.dir/driver/fs_unregisterdriver.c.o
[84/1127] Building C object fs/CMakeFiles/fs.dir/driver/fs_unregisterpipedriver.c.o
[85/1127] Building C object fs/CMakeFiles/fs.dir/driver/fs_registerblockdriver.c.o
[86/1127] Building C object fs/CMakeFiles/fs.dir/driver/fs_unregisterblockdriver.c.o
[87/1127] Building C object drivers/CMakeFiles/drivers.dir/serial/serial.c.o
[88/1127] Building C object fs/CMakeFiles/fs.dir/driver/fs_openblockdriver.c.o
[89/1127] Building C object fs/CMakeFiles/fs.dir/driver/fs_findblockdriver.c.o
[90/1127] Building C object fs/CMakeFiles/fs.dir/driver/fs_closeblockdriver.c.o
[91/1127] Building C object fs/CMakeFiles/fs.dir/driver/fs_findmtddriver.c.o
[92/1127] Building C object fs/CMakeFiles/fs.dir/driver/fs_closemtddriver.c.o
[93/1127] Building C object fs/CMakeFiles/fs.dir/driver/fs_blockpartition.c.o
[94/1127] Building C object fs/CMakeFiles/fs.dir/driver/fs_blockmerge.c.o
[95/1127] Building C object fs/CMakeFiles/fs.dir/inode/fs_foreachinode.c.o
[96/1127] Building C object fs/CMakeFiles/fs.dir/inode/fs_inode.c.o
[97/1127] Building C object fs/CMakeFiles/fs.dir/inode/fs_inodeaddref.c.o
[98/1127] Building C object fs/CMakeFiles/fs.dir/inode/fs_inodebasename.c.o
[99/1127] Building C object fs/CMakeFiles/fs.dir/inode/fs_inodefind.c.o
[100/1127] Building C object fs/CMakeFiles/fs.dir/inode/fs_inodefree.c.o
[101/1127] Building C object fs/CMakeFiles/fs.dir/inode/fs_inodegetpath.c.o
[102/1127] Building C object fs/CMakeFiles/fs.dir/inode/fs_files.c.o
[103/1127] Building C object fs/CMakeFiles/fs.dir/inode/fs_inoderelease.c.o
[104/1127] Building C object fs/CMakeFiles/fs.dir/inode/fs_inoderemove.c.o
[105/1127] Building C object fs/CMakeFiles/fs.dir/mmap/fs_mmisc.c.o
[106/1127] Building C object fs/CMakeFiles/fs.dir/inode/fs_inodereserve.c.o
[107/1127] Building C object fs/CMakeFiles/fs.dir/inode/fs_inodesearch.c.o
[108/1127] Building C object fs/CMakeFiles/fs.dir/mmap/fs_msync.c.o
[109/1127] Building C object fs/CMakeFiles/fs.dir/mmap/fs_munmap.c.o
[110/1127] Building C object fs/CMakeFiles/fs.dir/mmap/fs_mmap.c.o
[111/1127] Building C object fs/CMakeFiles/fs.dir/mount/fs_gettype.c.o
[112/1127] Building C object fs/CMakeFiles/fs.dir/mmap/fs_anonmap.c.o
[113/1127] Building C object fs/CMakeFiles/fs.dir/mount/fs_mount.c.o
[114/1127] Building C object fs/CMakeFiles/fs.dir/mount/fs_umount2.c.o
[115/1127] Building C object fs/CMakeFiles/fs.dir/mount/fs_foreachmountpoint.c.o
[116/1127] Building C object fs/CMakeFiles/fs.dir/mount/fs_procfs_mount.c.o
[117/1127] Building C object fs/CMakeFiles/fs.dir/mqueue/mq_close.c.o
[118/1127] Building C object fs/CMakeFiles/fs.dir/mqueue/mq_unlink.c.o
[119/1127] Building C object fs/CMakeFiles/fs.dir/partition/fs_partition.c.o
[120/1127] Building C object fs/CMakeFiles/fs.dir/procfs/fs_procfscpuinfo.c.o
[121/1127] Building C object fs/CMakeFiles/fs.dir/mqueue/mq_open.c.o
[122/1127] Building C object fs/CMakeFiles/fs.dir/procfs/fs_procfscpuload.c.o
[123/1127] Building C object fs/CMakeFiles/fs.dir/procfs/fs_procfscritmon.c.o
[124/1127] Building C object fs/CMakeFiles/fs.dir/procfs/fs_procfsfdt.c.o
[125/1127] Building C object fs/CMakeFiles/fs.dir/procfs/fs_procfsiobinfo.c.o
[126/1127] Building C object fs/CMakeFiles/fs.dir/procfs/fs_procfs.c.o
[127/1127] Building C object fs/CMakeFiles/fs.dir/procfs/fs_procfsuptime.c.o
[128/1127] Building C object fs/CMakeFiles/fs.dir/procfs/fs_procfstcbinfo.c.o
[129/1127] Building C object fs/CMakeFiles/fs.dir/procfs/fs_procfsmeminfo.c.o
[130/1127] Building C object fs/CMakeFiles/fs.dir/procfs/fs_procfsutil.c.o
[131/1127] Building C object fs/CMakeFiles/fs.dir/procfs/fs_procfsversion.c.o
[132/1127] Building C object fs/CMakeFiles/fs.dir/vfs/fs_chstat.c.o
[133/1127] Building C object fs/CMakeFiles/fs.dir/vfs/fs_close.c.o
[134/1127] Building C object fs/CMakeFiles/fs.dir/vfs/fs_dup.c.o
[135/1127] Building C object fs/CMakeFiles/fs.dir/vfs/fs_dup2.c.o
[136/1127] Building C object fs/CMakeFiles/fs.dir/procfs/fs_procfsproc.c.o
[137/1127] Building C object fs/CMakeFiles/fs.dir/vfs/fs_dup3.c.o
[138/1127] Building C object fs/CMakeFiles/fs.dir/vfs/fs_fcntl.c.o
[139/1127] Building C object fs/CMakeFiles/fs.dir/vfs/fs_fchstat.c.o
[140/1127] Building C object fs/CMakeFiles/fs.dir/vfs/fs_fstatfs.c.o
[141/1127] Building C object fs/CMakeFiles/fs.dir/vfs/fs_fstat.c.o
[142/1127] Building C object fs/CMakeFiles/fs.dir/vfs/fs_ioctl.c.o
[143/1127] Building C object fs/CMakeFiles/fs.dir/vfs/fs_lseek.c.o
[144/1127] Building C object fs/CMakeFiles/fs.dir/vfs/fs_mkdir.c.o
[145/1127] Building C object fs/CMakeFiles/fs.dir/vfs/fs_pread.c.o
[146/1127] Building C object fs/CMakeFiles/fs.dir/vfs/fs_pwrite.c.o
[147/1127] Building C object fs/CMakeFiles/fs.dir/vfs/fs_open.c.o
[148/1127] Building C object fs/CMakeFiles/fs.dir/vfs/fs_read.c.o
[149/1127] Building C object fs/CMakeFiles/fs.dir/vfs/fs_poll.c.o
[150/1127] Building C object fs/CMakeFiles/fs.dir/vfs/fs_rmdir.c.o
[151/1127] Building C object fs/CMakeFiles/fs.dir/vfs/fs_rename.c.o
[152/1127] Building C object fs/CMakeFiles/fs.dir/vfs/fs_select.c.o
[153/1127] Building C object fs/CMakeFiles/fs.dir/vfs/fs_epoll.c.o
[154/1127] Building C object fs/CMakeFiles/fs.dir/vfs/fs_stat.c.o
[155/1127] Building C object fs/CMakeFiles/fs.dir/vfs/fs_sendfile.c.o
[156/1127] Building C object fs/CMakeFiles/fs.dir/vfs/fs_statfs.c.o
[157/1127] Building C object fs/CMakeFiles/fs.dir/vfs/fs_uio.c.o
[158/1127] Building C object fs/CMakeFiles/fs.dir/vfs/fs_unlink.c.o
[159/1127] Building C object fs/CMakeFiles/fs.dir/vfs/fs_fsync.c.o
[160/1127] Building C object fs/CMakeFiles/fs.dir/vfs/fs_syncfs.c.o
[161/1127] Building C object fs/CMakeFiles/fs.dir/vfs/fs_write.c.o
[162/1127] Building C object fs/CMakeFiles/fs.dir/vfs/fs_dir.c.o
[163/1127] Building C object fs/CMakeFiles/fs.dir/vfs/fs_truncate.c.o
[164/1127] Building C object fs/CMakeFiles/fs.dir/vfs/fs_link.c.o
[165/1127] Building C object fs/CMakeFiles/fs.dir/vfs/fs_symlink.c.o
[166/1127] Building C object fs/CMakeFiles/fs.dir/vfs/fs_readlink.c.o
[167/1127] Building C object libs/libc/CMakeFiles/c.dir/assert/lib_stackchk.c.o
[168/1127] Building C object libs/libc/CMakeFiles/c.dir/builtin/lib_builtin_getname.c.o
[169/1127] Building C object libs/libc/CMakeFiles/c.dir/assert/lib_assert.c.o
[170/1127] Building C object libs/libc/CMakeFiles/c.dir/builtin/lib_builtin_isavail.c.o
[171/1127] Building C object libs/libc/CMakeFiles/c.dir/builtin/lib_builtin_forindex.c.o
[172/1127] Building C object libs/libc/CMakeFiles/c.dir/ctype/lib_isalnum.c.o
[173/1127] Building C object libs/libc/CMakeFiles/c.dir/ctype/lib_isalpha.c.o
[174/1127] Building C object libs/libc/CMakeFiles/c.dir/ctype/lib_isascii.c.o
[175/1127] Building C object libs/libc/CMakeFiles/c.dir/ctype/lib_isblank.c.o
[176/1127] Building C object libs/libc/CMakeFiles/c.dir/ctype/lib_iscntrl.c.o
[177/1127] Building C object libs/libc/CMakeFiles/c.dir/ctype/lib_isdigit.c.o
[178/1127] Building C object libs/libc/CMakeFiles/c.dir/ctype/lib_isgraph.c.o
[179/1127] Building C object libs/libc/CMakeFiles/c.dir/ctype/lib_islower.c.o
[180/1127] Building C object libs/libc/CMakeFiles/c.dir/ctype/lib_isprint.c.o
[181/1127] Building C object libs/libc/CMakeFiles/c.dir/ctype/lib_ispunct.c.o
[182/1127] Building C object libs/libc/CMakeFiles/c.dir/ctype/lib_isspace.c.o
[183/1127] Building C object libs/libc/CMakeFiles/c.dir/ctype/lib_isupper.c.o
[184/1127] Building C object libs/libc/CMakeFiles/c.dir/ctype/lib_isxdigit.c.o
[185/1127] Building C object libs/libc/CMakeFiles/c.dir/ctype/lib_tolower.c.o
[186/1127] Building C object libs/libc/CMakeFiles/c.dir/ctype/lib_toupper.c.o
[187/1127] Building C object libs/libc/CMakeFiles/c.dir/ctype/lib_ctype.c.o
[188/1127] Building C object libs/libc/CMakeFiles/c.dir/dirent/lib_readdirr.c.o
[189/1127] Building C object libs/libc/CMakeFiles/c.dir/dirent/lib_alphasort.c.o
[190/1127] Building C object libs/libc/CMakeFiles/c.dir/dirent/lib_ftw.c.o
[191/1127] Building C object libs/libc/CMakeFiles/c.dir/dirent/lib_telldir.c.o
[192/1127] Building C object libs/libc/CMakeFiles/c.dir/dirent/lib_scandir.c.o
[193/1127] Building C object libs/libc/CMakeFiles/c.dir/dirent/lib_opendir.c.o
[194/1127] Building C object libs/libc/CMakeFiles/c.dir/dirent/lib_fdopendir.c.o
[195/1127] Building C object libs/libc/CMakeFiles/c.dir/dirent/lib_closedir.c.o
[196/1127] Building C object libs/libc/CMakeFiles/c.dir/dirent/lib_readdir.c.o
[197/1127] Building C object libs/libc/CMakeFiles/c.dir/dirent/lib_nftw.c.o
[198/1127] Building C object libs/libc/CMakeFiles/c.dir/dirent/lib_dirfd.c.o
[199/1127] Building C object libs/libc/CMakeFiles/c.dir/dirent/lib_rewinddir.c.o
[200/1127] Building C object libs/libc/CMakeFiles/c.dir/dirent/lib_seekdir.c.o
[201/1127] Building C object libs/libc/CMakeFiles/c.dir/dirent/lib_versionsort.c.o
[202/1127] Building C object libs/libc/CMakeFiles/c.dir/dlfcn/lib_dlfind_object.c.o
[203/1127] Building C object libs/libc/CMakeFiles/c.dir/environ/env_getenvironptr.c.o
[204/1127] Building C object libs/libc/CMakeFiles/c.dir/environ/env_release.c.o
[205/1127] Building C object libs/libc/CMakeFiles/c.dir/environ/env_removevar.c.o
[206/1127] Building C object libs/libc/CMakeFiles/c.dir/environ/env_clearenv.c.o
[207/1127] Building C object libs/libc/CMakeFiles/c.dir/environ/env_findvar.c.o
[208/1127] Building C object libs/libc/CMakeFiles/c.dir/environ/env_dup.c.o
[209/1127] Building C object libs/libc/CMakeFiles/c.dir/environ/env_putenv.c.o
[210/1127] Building C object libs/libc/CMakeFiles/c.dir/fixedmath/lib_fixedmath.c.o
[211/1127] Building C object libs/libc/CMakeFiles/c.dir/environ/env_foreach.c.o
[212/1127] Building C object libs/libc/CMakeFiles/c.dir/errno/lib_errno.c.o
[213/1127] Building C object libs/libc/CMakeFiles/c.dir/environ/env_getenv.c.o
[214/1127] Building C object libs/libc/CMakeFiles/c.dir/fixedmath/lib_b16sin.c.o
[215/1127] Building C object libs/libc/CMakeFiles/c.dir/environ/env_unsetenv.c.o
[216/1127] Building C object libs/libc/CMakeFiles/c.dir/fixedmath/lib_b16cos.c.o
[217/1127] Building C object libs/libc/CMakeFiles/c.dir/environ/env_setenv.c.o
[218/1127] Building C object libs/libc/CMakeFiles/c.dir/fixedmath/lib_b16atan2.c.o
[219/1127] Building C object libs/libc/CMakeFiles/c.dir/fixedmath/lib_ubsqrt.c.o
[220/1127] Building C object libs/libc/CMakeFiles/c.dir/grp/lib_getgrgidr.c.o
[221/1127] Building C object libs/libc/CMakeFiles/c.dir/grp/lib_getgrgid.c.o
[222/1127] Building C object libs/libc/CMakeFiles/c.dir/grp/lib_initgroups.c.o
[223/1127] Building C object libs/libc/CMakeFiles/c.dir/grp/lib_getgrnamr.c.o
[224/1127] Building C object libs/libc/CMakeFiles/c.dir/grp/lib_getgrnam.c.o
[225/1127] Building C object libs/libc/CMakeFiles/c.dir/grp/lib_getgrbufr.c.o
[226/1127] Building C object libs/libc/CMakeFiles/c.dir/inttypes/lib_imaxabs.c.o
[227/1127] Building C object libs/libc/CMakeFiles/c.dir/inttypes/lib_imaxdiv.c.o
[228/1127] Building C object libs/libc/CMakeFiles/c.dir/grp/lib_getgrbuf.c.o
[229/1127] Building C object libs/libc/CMakeFiles/c.dir/libgen/lib_basename.c.o
[230/1127] Building C object libs/libc/CMakeFiles/c.dir/inttypes/lib_strtoimax.c.o
[231/1127] Building C object libs/libc/CMakeFiles/c.dir/inttypes/lib_strtoumax.c.o
[232/1127] Building C object libs/libc/CMakeFiles/c.dir/libgen/lib_dirname.c.o
[233/1127] Building C object libs/libc/CMakeFiles/c.dir/misc/lib_creat.c.o
[234/1127] Building C object libs/libc/CMakeFiles/c.dir/misc/lib_bitmap.c.o
[235/1127] Building C object libs/libc/CMakeFiles/c.dir/misc/lib_mknod.c.o
[236/1127] Building C object libs/libc/CMakeFiles/c.dir/misc/lib_utsname.c.o
[237/1127] Building C object libs/libc/CMakeFiles/c.dir/misc/lib_xorshift128.c.o
[238/1127] Building C object libs/libc/CMakeFiles/c.dir/misc/lib_umask.c.o
[239/1127] Building C object libs/libc/CMakeFiles/c.dir/misc/lib_getrandom.c.o
[240/1127] Building C object libs/libc/CMakeFiles/c.dir/misc/lib_circbuf.c.o
[241/1127] Building C object libs/libc/CMakeFiles/c.dir/misc/lib_tea_encrypt.c.o
[242/1127] Building C object libs/libc/CMakeFiles/c.dir/misc/lib_tea_decrypt.c.o
[243/1127] Building C object libs/libc/CMakeFiles/c.dir/misc/lib_impure.c.o
[244/1127] Building C object libs/libc/CMakeFiles/c.dir/misc/lib_cxx_initialize.c.o
[245/1127] Building C object libs/libc/CMakeFiles/c.dir/misc/lib_memfd.c.o
[246/1127] Building C object libs/libc/CMakeFiles/c.dir/misc/lib_fchmodat.c.o
[247/1127] Building C object libs/libc/CMakeFiles/c.dir/misc/lib_fstatat.c.o
[248/1127] Building C object libs/libc/CMakeFiles/c.dir/misc/lib_getfullpath.c.o
[249/1127] Building C object libs/libc/CMakeFiles/c.dir/misc/lib_openat.c.o
[250/1127] Building C object libs/libc/CMakeFiles/c.dir/misc/lib_mkdirat.c.o
[251/1127] Building C object libs/libc/CMakeFiles/c.dir/misc/lib_mallopt.c.o
[252/1127] Building C object libs/libc/CMakeFiles/c.dir/misc/lib_utimensat.c.o
[253/1127] Building C object libs/libc/CMakeFiles/c.dir/misc/lib_ratelimit.c.o
[254/1127] Building C object libs/libc/CMakeFiles/c.dir/misc/lib_getnprocs.c.o
[255/1127] Building C object libs/libc/CMakeFiles/c.dir/misc/lib_sem_mutex_noinline.c.o
[256/1127] Building C object libs/libc/CMakeFiles/c.dir/misc/lib_umul32.c.o
[257/1127] Building C object libs/libc/CMakeFiles/c.dir/misc/lib_umul64.c.o
[258/1127] Building C object libs/libc/CMakeFiles/c.dir/misc/lib_tempbuffer.c.o
[259/1127] Building C object libs/libc/CMakeFiles/c.dir/misc/lib_umul32x64.c.o
[260/1127] Building C object libs/libc/CMakeFiles/c.dir/misc/lib_uadd32x64.c.o
[261/1127] Building C object libs/libc/CMakeFiles/c.dir/misc/lib_idr.c.o
[262/1127] Building C object libs/libc/CMakeFiles/c.dir/misc/lib_uadd64.c.o
[263/1127] Building C object libs/libc/CMakeFiles/c.dir/misc/lib_usub64x32.c.o
[264/1127] Building C object libs/libc/CMakeFiles/c.dir/misc/lib_usub64.c.o
[265/1127] Building C object libs/libc/CMakeFiles/c.dir/misc/lib_fnmatch.c.o
[266/1127] Building C object libs/libc/CMakeFiles/c.dir/misc/lib_dumpbuffer.c.o
[267/1127] Building C object libs/libc/CMakeFiles/c.dir/misc/lib_crc64.c.o
[268/1127] Building C object libs/libc/CMakeFiles/c.dir/misc/lib_debug.c.o
[269/1127] Building C object libs/libc/CMakeFiles/c.dir/misc/lib_crc64emac.c.o
[270/1127] Building C object libs/libc/CMakeFiles/c.dir/misc/lib_dumpvbuffer.c.o
[271/1127] Building C object libs/libc/CMakeFiles/c.dir/misc/lib_crc32.c.o
[272/1127] Building C object libs/libc/CMakeFiles/c.dir/misc/lib_crc32h04c11db7.c.o
[273/1127] Building C object libs/libc/CMakeFiles/c.dir/misc/lib_crc32hf4acfb13.c.o
[274/1127] Building C object libs/libc/CMakeFiles/c.dir/misc/lib_crc16ccitt.c.o
[275/1127] Building C object libs/libc/CMakeFiles/c.dir/misc/lib_crc16.c.o
[276/1127] Building C object libs/libc/CMakeFiles/c.dir/misc/lib_crc16h1021.c.o
[277/1127] Building C object libs/libc/CMakeFiles/c.dir/misc/lib_crc16h8005.c.o
[278/1127] Building C object libs/libc/CMakeFiles/c.dir/misc/lib_crc8.c.o
[279/1127] Building C object libs/libc/CMakeFiles/c.dir/misc/lib_crc8ccitt.c.o
[280/1127] Building C object libs/libc/CMakeFiles/c.dir/misc/lib_crc8h2f.c.o
[281/1127] Building C object libs/libc/CMakeFiles/c.dir/misc/lib_crc8h1d.c.o
[282/1127] Building C object libs/libc/CMakeFiles/c.dir/misc/lib_crc8rohc.c.o
[283/1127] Building C object libs/libc/CMakeFiles/c.dir/misc/lib_crc8table.c.o
[284/1127] Building C object libs/libc/CMakeFiles/c.dir/misc/lib_instrument.c.o
[285/1127] Building C object libs/libc/CMakeFiles/c.dir/misc/lib_ftok.c.o
[286/1127] Building C object libs/libc/CMakeFiles/c.dir/misc/lib_err.c.o
[287/1127] Building C object libs/libc/CMakeFiles/c.dir/misc/lib_backtrace.c.o
[288/1127] Building C object libs/libc/CMakeFiles/c.dir/net/lib_addrconfig.c.o
[289/1127] Building C object libs/libc/CMakeFiles/c.dir/misc/lib_fdcheck.c.o
[290/1127] Building C object libs/libc/CMakeFiles/c.dir/net/lib_htons.c.o
[291/1127] Building C object libs/libc/CMakeFiles/c.dir/misc/lib_glob.c.o
[292/1127] Building C object libs/libc/CMakeFiles/c.dir/net/lib_htonl.c.o
[293/1127] Building C object libs/libc/CMakeFiles/c.dir/net/lib_base64.c.o
[294/1127] Building C object libs/libc/CMakeFiles/c.dir/net/lib_htonq.c.o
[295/1127] Building C object libs/libc/CMakeFiles/c.dir/net/lib_inetaton.c.o
[296/1127] Building C object libs/libc/CMakeFiles/c.dir/net/lib_inetaddr.c.o
[297/1127] Building C object libs/libc/CMakeFiles/c.dir/net/lib_inetntoa.c.o
[298/1127] Building C object libs/libc/CMakeFiles/c.dir/net/lib_inetntop.c.o
[299/1127] Building C object libs/libc/CMakeFiles/c.dir/net/lib_inetpton.c.o
[300/1127] Building C object libs/libc/CMakeFiles/c.dir/obstack/lib_obstack_init.c.o
[301/1127] Building C object libs/libc/CMakeFiles/c.dir/net/lib_inetnetwork.c.o
[302/1127] Building C object libs/libc/CMakeFiles/c.dir/obstack/lib_obstack_alloc.c.o
[303/1127] Building C object libs/libc/CMakeFiles/c.dir/obstack/lib_obstack_copy.c.o
[304/1127] Building C object libs/libc/CMakeFiles/c.dir/obstack/lib_obstack_blank.c.o
[305/1127] Building C object libs/libc/CMakeFiles/c.dir/obstack/lib_obstack_free.c.o
[306/1127] Building C object libs/libc/CMakeFiles/c.dir/obstack/lib_obstack_finish.c.o
[307/1127] Building C object libs/libc/CMakeFiles/c.dir/obstack/lib_obstack_grow.c.o
[308/1127] Building C object libs/libc/CMakeFiles/c.dir/obstack/lib_obstack_make_room.c.o
[309/1127] Building C object libs/libc/CMakeFiles/c.dir/obstack/lib_obstack_object_size.c.o
[310/1127] Building C object libs/libc/CMakeFiles/c.dir/obstack/lib_obstack_room.c.o
[311/1127] Building C object libs/libc/CMakeFiles/c.dir/obstack/lib_obstack_printf.c.o
[312/1127] Building C object libs/libc/CMakeFiles/c.dir/obstack/lib_obstack_vprintf.c.o
[313/1127] Building C object libs/libc/CMakeFiles/c.dir/pthread/pthread_attr_init.c.o
[314/1127] Building C object libs/libc/CMakeFiles/c.dir/obstack/lib_obstack_malloc.c.o
[315/1127] Building C object libs/libc/CMakeFiles/c.dir/pthread/pthread_attr_destroy.c.o
[316/1127] Building C object libs/libc/CMakeFiles/c.dir/pthread/pthread_attr_setschedpolicy.c.o
[317/1127] Building C object libs/libc/CMakeFiles/c.dir/pthread/pthread_attr_getschedpolicy.c.o
[318/1127] Building C object libs/libc/CMakeFiles/c.dir/pthread/pthread_attr_setinheritsched.c.o
[319/1127] Building C object libs/libc/CMakeFiles/c.dir/pthread/pthread_attr_setdetachstate.c.o
[320/1127] Building C object libs/libc/CMakeFiles/c.dir/pthread/pthread_attr_getinheritsched.c.o
[321/1127] Building C object libs/libc/CMakeFiles/c.dir/pthread/pthread_attr_getdetachstate.c.o
[322/1127] Building C object libs/libc/CMakeFiles/c.dir/misc/lib_lrucache.c.o
[323/1127] Building C object libs/libc/CMakeFiles/c.dir/pthread/pthread_attr_setstackaddr.c.o
[324/1127] Building C object libs/libc/CMakeFiles/c.dir/pthread/pthread_attr_getstackaddr.c.o
[325/1127] Building C object libs/libc/CMakeFiles/c.dir/pthread/pthread_attr_setstacksize.c.o
[326/1127] Building C object libs/libc/CMakeFiles/c.dir/pthread/pthread_attr_getstacksize.c.o
[327/1127] Building C object libs/libc/CMakeFiles/c.dir/pthread/pthread_attr_setstack.c.o
[328/1127] Building C object libs/libc/CMakeFiles/c.dir/pthread/pthread_attr_getstack.c.o
[329/1127] Building C object libs/libc/CMakeFiles/c.dir/pthread/pthread_attr_setschedparam.c.o
[330/1127] Building C object libs/libc/CMakeFiles/c.dir/pthread/pthread_attr_setscope.c.o
[331/1127] Building C object libs/libc/CMakeFiles/c.dir/pthread/pthread_attr_getschedparam.c.o
[332/1127] Building C object libs/libc/CMakeFiles/c.dir/pthread/pthread_attr_getscope.c.o
[333/1127] Building C object libs/libc/CMakeFiles/c.dir/pthread/pthread_attr_setguardsize.c.o
[334/1127] Building C object libs/libc/CMakeFiles/c.dir/pthread/pthread_attr_getguardsize.c.o
[335/1127] Building C object libs/libc/CMakeFiles/c.dir/pthread/pthread_barrierattr_init.c.o
[336/1127] Building C object libs/libc/CMakeFiles/c.dir/pthread/pthread_barrierattr_getpshared.c.o
[337/1127] Building C object libs/libc/CMakeFiles/c.dir/pthread/pthread_barrierattr_destroy.c.o
[338/1127] Building C object libs/libc/CMakeFiles/c.dir/pthread/pthread_barrierattr_setpshared.c.o
[339/1127] Building C object libs/libc/CMakeFiles/c.dir/pthread/pthread_barrierinit.c.o
[340/1127] Building C object libs/libc/CMakeFiles/c.dir/pthread/pthread_barrierdestroy.c.o
[341/1127] Building C object libs/libc/CMakeFiles/c.dir/pthread/pthread_barrierwait.c.o
[342/1127] Building C object libs/libc/CMakeFiles/c.dir/pthread/pthread_condattr_init.c.o
[343/1127] Building C object libs/libc/CMakeFiles/c.dir/pthread/pthread_condattr_getpshared.c.o
[344/1127] Building C object libs/libc/CMakeFiles/c.dir/pthread/pthread_condattr_destroy.c.o
[345/1127] Building C object libs/libc/CMakeFiles/c.dir/pthread/pthread_condattr_setclock.c.o
[346/1127] Building C object libs/libc/CMakeFiles/c.dir/pthread/pthread_condattr_setpshared.c.o
[347/1127] Building C object libs/libc/CMakeFiles/c.dir/pthread/pthread_condattr_getclock.c.o
[348/1127] Building C object libs/libc/CMakeFiles/c.dir/pthread/pthread_condinit.c.o
[349/1127] Building C object libs/libc/CMakeFiles/c.dir/pthread/pthread_condtimedwait.c.o
[350/1127] Building C object libs/libc/CMakeFiles/c.dir/pthread/pthread_condbroadcast.c.o
[351/1127] Building C object libs/libc/CMakeFiles/c.dir/pthread/pthread_conddestroy.c.o
[352/1127] Building C object libs/libc/CMakeFiles/c.dir/pthread/pthread_condclockwait.c.o
[353/1127] Building C object libs/libc/CMakeFiles/c.dir/pthread/pthread_condsignal.c.o
[354/1127] Building C object libs/libc/CMakeFiles/c.dir/pthread/pthread_equal.c.o
[355/1127] Building C object libs/libc/CMakeFiles/c.dir/pthread/pthread_create.c.o
[356/1127] Building C object libs/libc/CMakeFiles/c.dir/pthread/pthread_exit.c.o
[357/1127] Building C object libs/libc/CMakeFiles/c.dir/pthread/pthread_kill.c.o
[358/1127] Building C object libs/libc/CMakeFiles/c.dir/pthread/pthread_condwait.c.o
[359/1127] Building C object libs/libc/CMakeFiles/c.dir/pthread/pthread_setname_np.c.o
[360/1127] Building C object libs/libc/CMakeFiles/c.dir/pthread/pthread_getname_np.c.o
[361/1127] Building C object libs/libc/CMakeFiles/c.dir/pthread/pthread_get_stackaddr_np.c.o
[362/1127] Building C object libs/libc/CMakeFiles/c.dir/pthread/pthread_get_stacksize_np.c.o
[363/1127] Building C object libs/libc/CMakeFiles/c.dir/pthread/pthread_mutexattr_init.c.o
[364/1127] Building C object libs/libc/CMakeFiles/c.dir/pthread/pthread_mutexattr_destroy.c.o
[365/1127] Building C object libs/libc/CMakeFiles/c.dir/pthread/pthread_mutexattr_getpshared.c.o
[366/1127] Building C object libs/libc/CMakeFiles/c.dir/pthread/pthread_mutexattr_setpshared.c.o
[367/1127] Building C object libs/libc/CMakeFiles/c.dir/pthread/pthread_mutexattr_setprotocol.c.o
[368/1127] Building C object libs/libc/CMakeFiles/c.dir/pthread/pthread_mutexattr_getprotocol.c.o
[369/1127] Building C object libs/libc/CMakeFiles/c.dir/pthread/pthread_mutexattr_settype.c.o
[370/1127] Building C object libs/libc/CMakeFiles/c.dir/pthread/pthread_mutexattr_gettype.c.o
[371/1127] Building C object libs/libc/CMakeFiles/c.dir/pthread/pthread_mutexattr_setrobust.c.o
[372/1127] Building C object libs/libc/CMakeFiles/c.dir/pthread/pthread_mutexattr_getrobust.c.o
[373/1127] Building C object libs/libc/CMakeFiles/c.dir/pthread/pthread_mutexattr_setprioceiling.c.o
[374/1127] Building C object libs/libc/CMakeFiles/c.dir/pthread/pthread_mutexattr_getprioceiling.c.o
[375/1127] Building C object libs/libc/CMakeFiles/c.dir/pthread/pthread_mutex_destroy.c.o
[376/1127] Building C object libs/libc/CMakeFiles/c.dir/pthread/pthread_mutex_getprioceiling.c.o
[377/1127] Building C object libs/libc/CMakeFiles/c.dir/pthread/pthread_mutex_lock.c.o
[378/1127] Building C object libs/libc/CMakeFiles/c.dir/pthread/pthread_mutex_init.c.o
[379/1127] Building C object libs/libc/CMakeFiles/c.dir/pthread/pthread_mutex_setprioceiling.c.o
[380/1127] Building C object libs/libc/CMakeFiles/c.dir/pthread/pthread_mutex_timedlock.c.o
[381/1127] Building C object libs/libc/CMakeFiles/c.dir/pthread/pthread_mutex.c.o
[382/1127] Building C object libs/libc/CMakeFiles/c.dir/pthread/pthread_yield.c.o
[383/1127] Building C object libs/libc/CMakeFiles/c.dir/pthread/pthread_mutex_trylock.c.o
[384/1127] Building C object libs/libc/CMakeFiles/c.dir/pthread/pthread_once.c.o
[385/1127] Building C object libs/libc/CMakeFiles/c.dir/pthread/pthread_mutex_unlock.c.o
[386/1127] Building C object libs/libc/CMakeFiles/c.dir/pthread/pthread_atfork.c.o
[387/1127] Building C object libs/libc/CMakeFiles/c.dir/pthread/pthread_rwlockattr_init.c.o
[388/1127] Building C object libs/libc/CMakeFiles/c.dir/pthread/pthread_rwlockattr_getpshared.c.o
[389/1127] Building C object libs/libc/CMakeFiles/c.dir/pthread/pthread_rwlockattr_destroy.c.o
[390/1127] Building C object libs/libc/CMakeFiles/c.dir/pthread/pthread_rwlockattr_setpshared.c.o
[391/1127] Building C object libs/libc/CMakeFiles/c.dir/pthread/pthread_rwlock.c.o
[392/1127] Building C object libs/libc/CMakeFiles/c.dir/pthread/pthread_setcancelstate.c.o
[393/1127] Building C object libs/libc/CMakeFiles/c.dir/pthread/pthread_setcanceltype.c.o
[394/1127] Building C object libs/libc/CMakeFiles/c.dir/pthread/pthread_rwlock_wrlock.c.o
[395/1127] Building C object libs/libc/CMakeFiles/c.dir/pthread/pthread_rwlock_rdlock.c.o
[396/1127] Building C object libs/libc/CMakeFiles/c.dir/pthread/pthread_testcancel.c.o
[397/1127] Building C object libs/libc/CMakeFiles/c.dir/pthread/pthread_getcpuclockid.c.o
[398/1127] Building C object libs/libc/CMakeFiles/c.dir/pthread/pthread_gettid_np.c.o
[399/1127] Building C object libs/libc/CMakeFiles/c.dir/pthread/pthread_self.c.o
[400/1127] Building C object libs/libc/CMakeFiles/c.dir/pthread/pthread_concurrency.c.o
[401/1127] Building C object libs/libc/CMakeFiles/c.dir/pthread/pthread_mutex_consistent.c.o
[402/1127] Building C object libs/libc/CMakeFiles/c.dir/pthread/pthread_mutex_inconsistent.c.o
[403/1127] Building C object libs/libc/CMakeFiles/c.dir/pthread/pthread_attr_getaffinity.c.o
[404/1127] Building C object libs/libc/CMakeFiles/c.dir/pwd/lib_getpwnam.c.o
[405/1127] Building C object libs/libc/CMakeFiles/c.dir/pwd/lib_getpwuid.c.o
[406/1127] Building C object libs/libc/CMakeFiles/c.dir/pwd/lib_getpwuidr.c.o
[407/1127] Building C object libs/libc/CMakeFiles/c.dir/pwd/lib_getpwnamr.c.o
[408/1127] Building C object libs/libc/CMakeFiles/c.dir/pthread/pthread_attr_setaffinity.c.o
[409/1127] Building C object libs/libc/CMakeFiles/c.dir/queue/queue.c.o
[410/1127] Building C object libs/libc/CMakeFiles/c.dir/pwd/lib_getpwbufr.c.o
[411/1127] Building C object libs/libc/CMakeFiles/c.dir/pwd/lib_getpwent.c.o
[412/1127] Building C object libs/libc/CMakeFiles/c.dir/pwd/lib_getspnam.c.o
[413/1127] Building C object libs/libc/CMakeFiles/c.dir/sched/sched_getprioritymax.c.o
[414/1127] Building C object libs/libc/CMakeFiles/c.dir/pwd/lib_getpwbuf.c.o
[415/1127] Building C object libs/libc/CMakeFiles/c.dir/sched/sched_getprioritymin.c.o
[416/1127] Building C object libs/libc/CMakeFiles/c.dir/sched/task_testcancel.c.o
[417/1127] Building C object libs/libc/CMakeFiles/c.dir/sched/clock_getcpuclockid.c.o
[418/1127] Building C object libs/libc/CMakeFiles/c.dir/sched/task_cancelpt.c.o
[419/1127] Building C object libs/libc/CMakeFiles/c.dir/sched/task_setcanceltype.c.o
[420/1127] Building C object libs/libc/CMakeFiles/c.dir/sched/task_setcancelstate.c.o
[421/1127] Building C object libs/libc/CMakeFiles/c.dir/sched/sched_backtrace.c.o
[422/1127] Building C object libs/libc/CMakeFiles/c.dir/sched/sched_cpucount.c.o
[423/1127] Building C object libs/libc/CMakeFiles/c.dir/sched/task_getpid.c.o
[424/1127] Building C object libs/libc/CMakeFiles/c.dir/search/hash_func.c.o
[425/1127] Building C object libs/libc/CMakeFiles/c.dir/sched/sched_dumpstack.c.o
[426/1127] Building C object libs/libc/CMakeFiles/c.dir/sched/task_startup.c.o
[427/1127] Building C object libs/libc/CMakeFiles/c.dir/search/hcreate.c.o
[428/1127] Building C object libs/libc/CMakeFiles/c.dir/semaphore/sem_init.c.o
[429/1127] Building C object libs/libc/CMakeFiles/c.dir/search/hcreate_r.c.o
[430/1127] Building C object libs/libc/CMakeFiles/c.dir/semaphore/sem_setprotocol.c.o
[431/1127] Building C object libs/libc/CMakeFiles/c.dir/semaphore/sem_getprotocol.c.o
[432/1127] Building C object libs/libc/CMakeFiles/c.dir/semaphore/sem_getvalue.c.o
[433/1127] Building C object libs/libc/CMakeFiles/c.dir/semaphore/sem_destroy.c.o
[434/1127] Building C object libs/libc/CMakeFiles/c.dir/semaphore/sem_timedwait.c.o
[435/1127] Building C object libs/libc/CMakeFiles/c.dir/semaphore/sem_wait.c.o
[436/1127] Building C object libs/libc/CMakeFiles/c.dir/semaphore/sem_trywait.c.o
[437/1127] Building C object libs/libc/CMakeFiles/c.dir/semaphore/sem_clockwait.c.o
[438/1127] Building C object libs/libc/CMakeFiles/c.dir/semaphore/sem_post.c.o
[439/1127] Building C object libs/libc/CMakeFiles/c.dir/signal/sig_andset.c.o
[440/1127] Building C object libs/libc/CMakeFiles/c.dir/signal/sig_altstack.c.o
[441/1127] Building C object libs/libc/CMakeFiles/c.dir/signal/sig_addset.c.o
[442/1127] Building C object libs/libc/CMakeFiles/c.dir/signal/sig_delset.c.o
[443/1127] Building C object libs/libc/CMakeFiles/c.dir/signal/sig_hold.c.o
[444/1127] Building C object libs/libc/CMakeFiles/c.dir/signal/sig_emptyset.c.o
[445/1127] Building C object libs/libc/CMakeFiles/c.dir/signal/sig_fillset.c.o
[446/1127] Building C object libs/libc/CMakeFiles/c.dir/signal/sig_killpg.c.o
[447/1127] Building C object libs/libc/CMakeFiles/c.dir/signal/sig_isemptyset.c.o
[448/1127] Building C object libs/libc/CMakeFiles/c.dir/signal/sig_longjmp.c.o
[449/1127] Building C object libs/libc/CMakeFiles/c.dir/signal/sig_ismember.c.o
[450/1127] Building C object libs/libc/CMakeFiles/c.dir/signal/sig_orset.c.o
[451/1127] Building C object libs/libc/CMakeFiles/c.dir/signal/sig_nandset.c.o
[452/1127] Building C object libs/libc/CMakeFiles/c.dir/signal/sig_relse.c.o
[453/1127] Building C object libs/libc/CMakeFiles/c.dir/signal/sig_pause.c.o
[454/1127] Building C object libs/libc/CMakeFiles/c.dir/signal/sig_psignal.c.o
[455/1127] Building C object libs/libc/CMakeFiles/c.dir/signal/sig_wait.c.o
[456/1127] Building C object libs/libc/CMakeFiles/c.dir/signal/sig_raise.c.o
[457/1127] Building C object libs/libc/CMakeFiles/c.dir/signal/sig_ignore.c.o
[458/1127] Building C object libs/libc/CMakeFiles/c.dir/signal/sig_xorset.c.o
[459/1127] Building C object libs/libc/CMakeFiles/c.dir/signal/sig_interrupt.c.o
[460/1127] Building C object libs/libc/CMakeFiles/c.dir/signal/sig_signal.c.o
[461/1127] Building C object libs/libc/CMakeFiles/c.dir/signal/sig_set.c.o
[462/1127] Building C object libs/libc/CMakeFiles/c.dir/spawn/lib_psfa_addaction.c.o
[463/1127] Building C object libs/libc/CMakeFiles/c.dir/spawn/lib_psfa_addclose.c.o
[464/1127] Building C object libs/libc/CMakeFiles/c.dir/spawn/lib_psfa_init.c.o
[465/1127] Building C object libs/libc/CMakeFiles/c.dir/spawn/lib_psfa_adddup2.c.o
[466/1127] Building C object libs/libc/CMakeFiles/c.dir/spawn/lib_psfa_addopen.c.o
[467/1127] Building C object libs/libc/CMakeFiles/c.dir/spawn/lib_psa_getflags.c.o
[468/1127] Building C object libs/libc/CMakeFiles/c.dir/spawn/lib_psfa_destroy.c.o
[469/1127] Building C object libs/libc/CMakeFiles/c.dir/spawn/lib_psa_getschedparam.c.o
[470/1127] Building C object libs/libc/CMakeFiles/c.dir/spawn/lib_psa_setflags.c.o
[471/1127] Building C object libs/libc/CMakeFiles/c.dir/spawn/lib_psa_getschedpolicy.c.o
[472/1127] Building C object libs/libc/CMakeFiles/c.dir/spawn/lib_psa_setschedparam.c.o
[473/1127] Building C object libs/libc/CMakeFiles/c.dir/spawn/lib_psa_setschedpolicy.c.o
[474/1127] Building C object libs/libc/CMakeFiles/c.dir/spawn/lib_psa_getsigmask.c.o
[475/1127] Building C object libs/libc/CMakeFiles/c.dir/spawn/lib_psa_init.c.o
[476/1127] Building C object libs/libc/CMakeFiles/c.dir/spawn/lib_psa_setsigmask.c.o
[477/1127] Building C object libs/libc/CMakeFiles/c.dir/spawn/lib_psa_getstacksize.c.o
[478/1127] Building C object libs/libc/CMakeFiles/c.dir/spawn/lib_psa_setstacksize.c.o
[479/1127] Building C object libs/libc/CMakeFiles/c.dir/spawn/lib_psa_getpriority.c.o
[480/1127] Building C object libs/libc/CMakeFiles/c.dir/spawn/lib_psa_setpriority.c.o
[481/1127] Building C object libs/libc/CMakeFiles/c.dir/spawn/lib_psa_getstackaddr.c.o
[482/1127] Building C object libs/libc/CMakeFiles/c.dir/spawn/lib_psa_setstackaddr.c.o
[483/1127] Building C object libs/libc/CMakeFiles/c.dir/spawn/lib_psa_destroy.c.o
[484/1127] Building C object libs/libc/CMakeFiles/c.dir/stdio/lib_fileno.c.o
[485/1127] Building C object libs/libc/CMakeFiles/c.dir/spawn/lib_psfa_dump.c.o
[486/1127] Building C object libs/libc/CMakeFiles/c.dir/stdio/lib_sprintf.c.o
[487/1127] Building C object libs/libc/CMakeFiles/c.dir/stdio/lib_asprintf.c.o
[488/1127] Building C object libs/libc/CMakeFiles/c.dir/spawn/lib_psa_dump.c.o
[489/1127] Building C object libs/libc/CMakeFiles/c.dir/stdio/lib_printf.c.o
[490/1127] Building C object libs/libc/CMakeFiles/c.dir/stdio/lib_snprintf.c.o
[491/1127] Building C object libs/libc/CMakeFiles/c.dir/stdio/lib_vsprintf.c.o
[492/1127] Building C object libs/libc/CMakeFiles/c.dir/stdio/lib_vsnprintf.c.o
[493/1127] Building C object libs/libc/CMakeFiles/c.dir/stdio/lib_dprintf.c.o
[494/1127] Building C object libs/libc/CMakeFiles/c.dir/stdio/lib_vasprintf.c.o
[495/1127] Building C object libs/libc/CMakeFiles/c.dir/stdio/lib_vdprintf.c.o
[496/1127] Building C object libs/libc/CMakeFiles/c.dir/stdio/lib_vprintf.c.o
[497/1127] Building C object libs/libc/CMakeFiles/c.dir/stdio/lib_perror.c.o
[498/1127] Building C object libs/libc/CMakeFiles/c.dir/stdio/lib_getchar.c.o
[499/1127] Building C object libs/libc/CMakeFiles/c.dir/stdio/lib_putchar.c.o
[500/1127] Building C object libs/libc/CMakeFiles/c.dir/stdio/lib_gets_s.c.o
[501/1127] Building C object libs/libc/CMakeFiles/c.dir/stdio/lib_puts.c.o
[502/1127] Building C object libs/libc/CMakeFiles/c.dir/stdio/lib_gets.c.o
[503/1127] Building C object libs/libc/CMakeFiles/c.dir/stdio/lib_vsscanf.c.o
[504/1127] Building C object libs/libc/CMakeFiles/c.dir/stdio/lib_sscanf.c.o
[505/1127] Building C object libs/libc/CMakeFiles/c.dir/stdio/lib_remove.c.o
[506/1127] Building C object libs/libc/CMakeFiles/c.dir/stdio/lib_tempnam.c.o
[507/1127] Building C object libs/libc/CMakeFiles/c.dir/stdio/lib_libdgets.c.o
[508/1127] Building C object libs/libc/CMakeFiles/c.dir/stdio/lib_tmpnam.c.o
[509/1127] Building C object libs/libc/CMakeFiles/c.dir/stdio/lib_renameat.c.o
[510/1127] Building C object libs/libc/CMakeFiles/c.dir/stdio/lib_putwchar.c.o
[511/1127] Building C object libs/libc/CMakeFiles/c.dir/stdio/lib_freopen.c.o
[512/1127] Building C object libs/libc/CMakeFiles/c.dir/stdio/lib_fread.c.o
[513/1127] Building C object libs/libc/CMakeFiles/c.dir/stdio/lib_fseek.c.o
[514/1127] Building C object libs/libc/CMakeFiles/c.dir/stdio/lib_fclose.c.o
[515/1127] Building C object libs/libc/CMakeFiles/c.dir/stdio/lib_fopen.c.o
[516/1127] Building C object libs/libc/CMakeFiles/c.dir/stdio/lib_fseeko.c.o
[517/1127] Building C object libs/libc/CMakeFiles/c.dir/stdio/lib_libfread_unlocked.c.o
[518/1127] Building C object libs/libc/CMakeFiles/c.dir/stdio/lib_ftell.c.o
[519/1127] Building C object libs/libc/CMakeFiles/c.dir/stdio/lib_fsetpos.c.o
[520/1127] Building C object libs/libc/CMakeFiles/c.dir/stdio/lib_ftello.c.o
[521/1127] Building C object libs/libc/CMakeFiles/c.dir/stdio/lib_getc.c.o
[522/1127] Building C object libs/libc/CMakeFiles/c.dir/stdio/lib_fgetpos.c.o
[523/1127] Building C object libs/libc/CMakeFiles/c.dir/stdio/lib_getdelim.c.o
[524/1127] Building C object libs/libc/CMakeFiles/c.dir/stdio/lib_fgetc.c.o
[525/1127] Building C object libs/libc/CMakeFiles/c.dir/stdio/lib_fgets.c.o
[526/1127] Building C object libs/libc/CMakeFiles/c.dir/stdio/lib_fwrite.c.o
[527/1127] Building C object libs/libc/CMakeFiles/c.dir/stdio/lib_fflush.c.o
[528/1127] Building C object libs/libc/CMakeFiles/c.dir/stdio/lib_libfgets.c.o
[529/1127] Building C object libs/libc/CMakeFiles/c.dir/stdio/lib_libfwrite.c.o
[530/1127] Building C object libs/libc/CMakeFiles/c.dir/stdio/lib_libflushall.c.o
[531/1127] Building C object libs/libc/CMakeFiles/c.dir/stdio/lib_wrflush_unlocked.c.o
[532/1127] Building C object libs/libc/CMakeFiles/c.dir/stdio/lib_libfflush.c.o
[533/1127] Building C object libs/libc/CMakeFiles/c.dir/stdio/lib_rdflush_unlocked.c.o
[534/1127] Building C object libs/libc/CMakeFiles/c.dir/stdio/lib_putc.c.o
[535/1127] Building C object libs/libc/CMakeFiles/c.dir/stdio/lib_fputc.c.o
[536/1127] Building C object libs/libc/CMakeFiles/c.dir/stdio/lib_fprintf.c.o
[537/1127] Building C object libs/libc/CMakeFiles/c.dir/stdio/lib_ungetc.c.o
[538/1127] Building C object libs/libc/CMakeFiles/c.dir/stdio/lib_fputs.c.o
[539/1127] Building C object libs/libc/CMakeFiles/c.dir/stdio/lib_feof.c.o
[540/1127] Building C object libs/libc/CMakeFiles/c.dir/stdio/lib_vfprintf.c.o
[541/1127] Building C object libs/libc/CMakeFiles/c.dir/stdio/lib_ferror.c.o
[542/1127] Building C object libs/libc/CMakeFiles/c.dir/stdio/lib_clearerr.c.o
[543/1127] Building C object libs/libc/CMakeFiles/c.dir/stdio/lib_rewind.c.o
[544/1127] Building C object libs/libc/CMakeFiles/c.dir/stdio/lib_scanf.c.o
[545/1127] Building C object libs/libc/CMakeFiles/c.dir/stdio/lib_vscanf.c.o
[546/1127] Building C object libs/libc/CMakeFiles/c.dir/stdio/lib_fscanf.c.o
[547/1127] Building C object libs/libc/CMakeFiles/c.dir/stdio/lib_vfscanf.c.o
[548/1127] Building C object libs/libc/CMakeFiles/c.dir/stdio/lib_setbuf.c.o
[549/1127] Building C object libs/libc/CMakeFiles/c.dir/stdio/lib_tmpfile.c.o
[550/1127] Building C object libs/libc/CMakeFiles/c.dir/stdio/lib_setvbuf.c.o
[551/1127] Building C object libs/libc/CMakeFiles/c.dir/stdio/lib_libgetstreams.c.o
[552/1127] Building C object libs/libc/CMakeFiles/c.dir/stdio/lib_setbuffer.c.o
[553/1127] Building C object libs/libc/CMakeFiles/c.dir/stdio/lib_fputwc.c.o
[554/1127] Building C object libs/libc/CMakeFiles/c.dir/stdio/lib_putwc.c.o
[555/1127] Building C object libs/libc/CMakeFiles/c.dir/stdio/lib_libfilelock.c.o
[556/1127] Building C object libs/libc/CMakeFiles/c.dir/stdio/lib_fputws.c.o
[557/1127] Building C object libs/libc/CMakeFiles/c.dir/stdio/lib_fopencookie.c.o
[558/1127] Building C object libs/libc/CMakeFiles/c.dir/stdio/lib_fgetwc.c.o
[559/1127] Building C object libs/libc/CMakeFiles/c.dir/stdio/lib_getwc.c.o
[560/1127] Building C object libs/libc/CMakeFiles/c.dir/stdio/lib_fmemopen.c.o
[561/1127] Building C object libs/libc/CMakeFiles/c.dir/stdlib/lib_abs.c.o
[562/1127] Building C object libs/libc/CMakeFiles/c.dir/stdio/lib_open_memstream.c.o
[563/1127] Building C object libs/libc/CMakeFiles/c.dir/stdio/lib_ungetwc.c.o
[564/1127] Building C object libs/libc/CMakeFiles/c.dir/stdlib/lib_atof.c.o
[565/1127] Building C object libs/libc/CMakeFiles/c.dir/stdlib/lib_atoi.c.o
[566/1127] Building C object libs/libc/CMakeFiles/c.dir/stdlib/lib_atol.c.o
[567/1127] Building C object libs/libc/CMakeFiles/c.dir/stdlib/lib_atoll.c.o
[568/1127] Building C object libs/libc/CMakeFiles/c.dir/stdlib/lib_abort.c.o
[569/1127] Building C object libs/libc/CMakeFiles/c.dir/stdlib/lib_div.c.o
[570/1127] Building C object libs/libc/CMakeFiles/c.dir/stdlib/lib_getprogname.c.o
[571/1127] Building C object libs/libc/CMakeFiles/c.dir/stdlib/lib_ldiv.c.o
[572/1127] Building C object libs/libc/CMakeFiles/c.dir/stdlib/lib_lldiv.c.o
[573/1127] Building C object libs/libc/CMakeFiles/c.dir/stdlib/lib_itoa.c.o
[574/1127] Building C object libs/libc/CMakeFiles/c.dir/stdlib/lib_labs.c.o
[575/1127] Building C object libs/libc/CMakeFiles/c.dir/stdlib/lib_llabs.c.o
[576/1127] Building C object libs/libc/CMakeFiles/c.dir/stdlib/lib_bsearch.c.o
[577/1127] Building C object libs/libc/CMakeFiles/c.dir/stdlib/lib_exit.c.o
[578/1127] Building C object libs/libc/CMakeFiles/c.dir/stdlib/lib_rand.c.o
[579/1127] Building C object libs/libc/CMakeFiles/c.dir/stdlib/lib_realpath.c.o
[580/1127] Building C object libs/libc/CMakeFiles/c.dir/stdlib/lib_reallocarray.c.o
[581/1127] Building C object libs/libc/CMakeFiles/c.dir/stdlib/lib_rand48.c.o
[582/1127] Building C object libs/libc/CMakeFiles/c.dir/stdlib/lib_qsort.c.o
[583/1127] Building C object libs/libc/CMakeFiles/c.dir/stdlib/lib_strtol.c.o
[584/1127] Building C object libs/libc/CMakeFiles/c.dir/stdlib/lib_srand.c.o
[585/1127] Building C object libs/libc/CMakeFiles/c.dir/stdlib/lib_strtoll.c.o
[586/1127] Building C object libs/libc/CMakeFiles/c.dir/stdlib/lib_strtoul.c.o
[587/1127] Building C object libs/libc/CMakeFiles/c.dir/stdlib/lib_checkbase.c.o
[588/1127] Building C object libs/libc/CMakeFiles/c.dir/stdlib/lib_strtoull.c.o
[589/1127] Building C object libs/libc/CMakeFiles/c.dir/stdlib/lib_mkstemp.c.o
[590/1127] Building C object libs/libc/CMakeFiles/c.dir/stdlib/lib_mkdtemp.c.o
[591/1127] Building C object libs/libc/CMakeFiles/c.dir/stdlib/lib_aligned_alloc.c.o
[592/1127] Building C object libs/libc/CMakeFiles/c.dir/stdlib/lib_posix_memalign.c.o
[593/1127] Building C object libs/libc/CMakeFiles/c.dir/stdlib/lib_mktemp.c.o
[594/1127] Building C object libs/libc/CMakeFiles/c.dir/stdlib/lib_valloc.c.o
[595/1127] Building C object libs/libc/CMakeFiles/c.dir/stdlib/lib_mblen.c.o
[596/1127] Building C object libs/libc/CMakeFiles/c.dir/stdlib/lib_mbtowc.c.o
[597/1127] Building C object libs/libc/CMakeFiles/c.dir/stdlib/lib_wctomb.c.o
[598/1127] Building C object libs/libc/CMakeFiles/c.dir/stdlib/lib_strtold.c.o
[599/1127] Building C object libs/libc/CMakeFiles/c.dir/stdlib/lib_mbstowcs.c.o
[600/1127] Building C object libs/libc/CMakeFiles/c.dir/stdlib/lib_wcstombs.c.o
[601/1127] Building C object libs/libc/CMakeFiles/c.dir/stdlib/lib_arc4random.c.o
[602/1127] Building C object libs/libc/CMakeFiles/c.dir/stream/lib_meminstream.c.o
[603/1127] Building C object libs/libc/CMakeFiles/c.dir/stream/lib_memoutstream.c.o
[604/1127] Building C object libs/libc/CMakeFiles/c.dir/stdlib/lib_atexit.c.o
[605/1127] Building C object libs/libc/CMakeFiles/c.dir/stream/lib_memsistream.c.o
[606/1127] Building C object libs/libc/CMakeFiles/c.dir/stream/lib_memsostream.c.o
[607/1127] Building C object libs/libc/CMakeFiles/c.dir/stream/lib_lowoutstream.c.o
[608/1127] Building C object libs/libc/CMakeFiles/c.dir/stream/lib_rawoutstream.c.o
[609/1127] Building C object libs/libc/CMakeFiles/c.dir/stream/lib_rawinstream.c.o
[610/1127] Building C object libs/libc/CMakeFiles/c.dir/stream/lib_zeroinstream.c.o
[611/1127] Building C object libs/libc/CMakeFiles/c.dir/stream/lib_rawsistream.c.o
[612/1127] Building C object libs/libc/CMakeFiles/c.dir/stream/lib_rawsostream.c.o
[613/1127] Building C object libs/libc/CMakeFiles/c.dir/stream/lib_nullinstream.c.o
[614/1127] Building C object libs/libc/CMakeFiles/c.dir/stream/lib_mtdoutstream.c.o
[615/1127] Building C object libs/libc/CMakeFiles/c.dir/stream/lib_nulloutstream.c.o
[616/1127] Building C object libs/libc/CMakeFiles/c.dir/stream/lib_libnoflush.c.o
[617/1127] Building C object libs/libc/CMakeFiles/c.dir/stream/lib_libsnoflush.c.o
[618/1127] Building C object libs/libc/CMakeFiles/c.dir/stream/lib_mtdsostream.c.o
[619/1127] Building C object libs/libc/CMakeFiles/c.dir/stream/lib_syslogstream.c.o
[620/1127] Building C object libs/libc/CMakeFiles/c.dir/stream/lib_bufferedoutstream.c.o
[621/1127] Building C object libs/libc/CMakeFiles/c.dir/stream/lib_hexdumpstream.c.o
[622/1127] Building C object libs/libc/CMakeFiles/c.dir/stream/lib_filesistream.c.o
[623/1127] Building C object libs/libc/CMakeFiles/c.dir/stream/lib_base64outstream.c.o
[624/1127] Building C object libs/libc/CMakeFiles/c.dir/stream/lib_fileoutstream.c.o
[625/1127] Building C object libs/libc/CMakeFiles/c.dir/stream/lib_ultoa_invert.c.o
[626/1127] Building C object libs/libc/CMakeFiles/c.dir/stream/lib_libbsprintf.c.o
[627/1127] Building C object libs/libc/CMakeFiles/c.dir/stream/lib_libosprintf.c.o
[628/1127] Building C object libs/libc/CMakeFiles/c.dir/stream/lib_syslograwstream.c.o
[629/1127] Building C object libs/libc/CMakeFiles/c.dir/stream/lib_dtoa_data.c.o
[630/1127] Building C object libs/libc/CMakeFiles/c.dir/stream/lib_dtoa_engine.c.o
[631/1127] Building C object libs/libc/CMakeFiles/c.dir/stream/lib_stdinstream.c.o
[632/1127] Building C object libs/libc/CMakeFiles/c.dir/stream/lib_stdoutstream.c.o
[633/1127] Building C object libs/libc/CMakeFiles/c.dir/stream/lib_stdsistream.c.o
[634/1127] Building C object libs/libc/CMakeFiles/c.dir/stream/lib_stdsostream.c.o
[635/1127] Building C object libs/libc/CMakeFiles/c.dir/string/lib_bzero.c.o
[636/1127] Building C object libs/libc/CMakeFiles/c.dir/string/lib_ffs.c.o
[637/1127] Building C object libs/libc/CMakeFiles/c.dir/string/lib_ffsl.c.o
[638/1127] Building C object libs/libc/CMakeFiles/c.dir/string/lib_ffsll.c.o
[639/1127] Building C object libs/libc/CMakeFiles/c.dir/stream/lib_libvscanf.c.o
[640/1127] Building C object libs/libc/CMakeFiles/c.dir/string/lib_fls.c.o
[641/1127] Building C object libs/libc/CMakeFiles/c.dir/string/lib_flsl.c.o
[642/1127] Building C object libs/libc/CMakeFiles/c.dir/string/lib_flsll.c.o
[643/1127] Building C object libs/libc/CMakeFiles/c.dir/stream/lib_libvsprintf.c.o
[644/1127] Building C object libs/libc/CMakeFiles/c.dir/stream/lib_blkoutstream.c.o
[645/1127] Building C object libs/libc/CMakeFiles/c.dir/string/lib_popcount.c.o
[646/1127] Building C object libs/libc/CMakeFiles/c.dir/string/lib_isbasedigit.c.o
[647/1127] Building C object libs/libc/CMakeFiles/c.dir/string/lib_memmem.c.o
[648/1127] Building C object libs/libc/CMakeFiles/c.dir/string/lib_popcountl.c.o
[649/1127] Building C object libs/libc/CMakeFiles/c.dir/string/lib_popcountll.c.o
[650/1127] Building C object libs/libc/CMakeFiles/c.dir/string/lib_skipspace.c.o
[651/1127] Building C object libs/libc/CMakeFiles/c.dir/string/lib_strcspn.c.o
[652/1127] Building C object libs/libc/CMakeFiles/c.dir/string/lib_strcasecmp.c.o
[653/1127] Building C object libs/libc/CMakeFiles/c.dir/string/lib_strerror.c.o
[654/1127] Building C object libs/libc/CMakeFiles/c.dir/string/lib_strncasecmp.c.o
[655/1127] Building C object libs/libc/CMakeFiles/c.dir/string/lib_strdup.c.o
[656/1127] Building C object libs/libc/CMakeFiles/c.dir/string/lib_strncat.c.o
[657/1127] Building C object libs/libc/CMakeFiles/c.dir/string/lib_strpbrk.c.o
[658/1127] Building C object libs/libc/CMakeFiles/c.dir/string/lib_strcasestr.c.o
[659/1127] Building C object libs/libc/CMakeFiles/c.dir/string/lib_strspn.c.o
[660/1127] Building C object libs/libc/CMakeFiles/c.dir/string/lib_strstr.c.o
[661/1127] Building C object libs/libc/CMakeFiles/c.dir/string/lib_strndup.c.o
[662/1127] Building C object libs/libc/CMakeFiles/c.dir/string/lib_strsep.c.o
[663/1127] Building C object libs/libc/CMakeFiles/c.dir/string/lib_strtokr.c.o
[664/1127] Building C object libs/libc/CMakeFiles/c.dir/string/lib_strerrorr.c.o
[665/1127] Building C object libs/libc/CMakeFiles/c.dir/string/lib_explicit_bzero.c.o
[666/1127] Building C object libs/libc/CMakeFiles/c.dir/string/lib_strtok.c.o
[667/1127] Building C object libs/libc/CMakeFiles/c.dir/string/lib_strsignal.c.o
[668/1127] Building C object libs/libc/CMakeFiles/c.dir/string/lib_index.c.o
[669/1127] Building C object libs/libc/CMakeFiles/c.dir/string/lib_rindex.c.o
[670/1127] Building C object libs/libc/CMakeFiles/c.dir/string/lib_timingsafe_bcmp.c.o
[671/1127] Building C object libs/libc/CMakeFiles/c.dir/string/lib_strverscmp.c.o
[672/1127] Building C object libs/libc/CMakeFiles/c.dir/string/lib_mempcpy.c.o
[673/1127] Building C object libs/libc/CMakeFiles/c.dir/string/lib_rawmemchr.c.o
[674/1127] Building C object libs/libc/CMakeFiles/c.dir/string/lib_memmove.c.o
[675/1127] Building C object libs/libc/CMakeFiles/c.dir/string/lib_strlcpy.c.o
[676/1127] Building C object libs/libc/CMakeFiles/c.dir/string/lib_strlcat.c.o
[677/1127] Building C object libs/libc/CMakeFiles/c.dir/string/lib_strnlen.c.o
[678/1127] Building C object libs/libc/CMakeFiles/c.dir/string/lib_memcpy.c.o
[679/1127] Building C object libs/libc/CMakeFiles/c.dir/string/lib_memccpy.c.o
[680/1127] Building C object libs/libc/CMakeFiles/c.dir/string/lib_memrchr.c.o
[681/1127] Building C object libs/libc/CMakeFiles/c.dir/string/lib_stpncpy.c.o
[682/1127] Building C object libs/libc/CMakeFiles/c.dir/string/lib_memcmp.c.o
[683/1127] Building C object libs/libc/CMakeFiles/c.dir/string/lib_memset.c.o
[684/1127] Building C object libs/libc/CMakeFiles/c.dir/string/lib_strcmp.c.o
[685/1127] Building C object libs/libc/CMakeFiles/c.dir/string/lib_strchr.c.o
[686/1127] Building C object libs/libc/CMakeFiles/c.dir/string/lib_strlen.c.o
[687/1127] Building C object libs/libc/CMakeFiles/c.dir/string/lib_stpcpy.c.o
[688/1127] Building C object libs/libc/CMakeFiles/c.dir/string/lib_strncpy.c.o
[689/1127] Building C object libs/libc/CMakeFiles/c.dir/string/lib_memchr.c.o
[690/1127] Building C object libs/libc/CMakeFiles/c.dir/string/lib_strchrnul.c.o
[691/1127] Building C object libs/libc/CMakeFiles/c.dir/string/lib_strcat.c.o
[692/1127] Building C object libs/libc/CMakeFiles/c.dir/string/lib_strncmp.c.o
[693/1127] Building C object libs/libc/CMakeFiles/c.dir/string/lib_strcpy.c.o
[694/1127] Building C object libs/libc/CMakeFiles/c.dir/string/lib_strrchr.c.o
[695/1127] Building C object libs/libc/CMakeFiles/c.dir/symtab/symtab_sortbyname.c.o
[696/1127] Building C object libs/libc/CMakeFiles/c.dir/symtab/symtab_findbyname.c.o
[697/1127] Building C object libs/libc/CMakeFiles/c.dir/symtab/symtab_findbyvalue.c.o
[698/1127] Building C object libs/libc/CMakeFiles/c.dir/termios/lib_cfmakeraw.c.o
[699/1127] Building C object libs/libc/CMakeFiles/c.dir/termios/lib_cfspeed.c.o
[700/1127] Building C object libs/libc/CMakeFiles/c.dir/syslog/lib_setlogmask.c.o
[701/1127] Building C object libs/libc/CMakeFiles/c.dir/termios/lib_tcflush.c.o
[702/1127] Building C object libs/libc/CMakeFiles/c.dir/termios/lib_tcdrain.c.o
[703/1127] Building C object libs/libc/CMakeFiles/c.dir/termios/lib_tcflow.c.o
[704/1127] Building C object libs/libc/CMakeFiles/c.dir/syslog/lib_syslog.c.o
[705/1127] Building C object libs/libc/CMakeFiles/c.dir/termios/lib_isatty.c.o
[706/1127] Building C object libs/libc/CMakeFiles/c.dir/termios/lib_tcgetattr.c.o
[707/1127] Building C object libs/libc/CMakeFiles/c.dir/termios/lib_tcsetattr.c.o
[708/1127] Building C object libs/libc/CMakeFiles/c.dir/termios/lib_tcsendbreak.c.o
[709/1127] Building C object libs/libc/CMakeFiles/c.dir/termios/lib_ttynamer.c.o
[710/1127] Building C object libs/libc/CMakeFiles/c.dir/termios/lib_ttyname.c.o
[711/1127] Building C object libs/libc/CMakeFiles/c.dir/time/lib_daysbeforemonth.c.o
[712/1127] Building C object libs/libc/CMakeFiles/c.dir/time/lib_gettimeofday.c.o
[713/1127] Building C object libs/libc/CMakeFiles/c.dir/time/lib_calendar2utc.c.o
[714/1127] Building C object libs/libc/CMakeFiles/c.dir/time/lib_time.c.o
[715/1127] Building C object libs/libc/CMakeFiles/c.dir/time/lib_isleapyear.c.o
[716/1127] Building C object libs/libc/CMakeFiles/c.dir/time/lib_timespec_get.c.o
[717/1127] Building C object libs/libc/CMakeFiles/c.dir/time/lib_settimeofday.c.o
[718/1127] Building C object libs/libc/CMakeFiles/c.dir/time/lib_nanosleep.c.o
[719/1127] Building C object libs/libc/CMakeFiles/c.dir/time/lib_strftime.c.o
[720/1127] Building C object libs/libc/CMakeFiles/c.dir/time/lib_difftime.c.o
[721/1127] Building C object libs/libc/CMakeFiles/c.dir/time/lib_ctime.c.o
[722/1127] Building C object libs/libc/CMakeFiles/c.dir/time/lib_ctimer.c.o
[723/1127] Building C object libs/libc/CMakeFiles/c.dir/time/lib_dayofweek.c.o
[724/1127] Building C object libs/libc/CMakeFiles/c.dir/time/lib_asctimer.c.o
[725/1127] Building C object libs/libc/CMakeFiles/c.dir/time/lib_gethrtime.c.o
[726/1127] Building C object libs/libc/CMakeFiles/c.dir/time/lib_asctime.c.o
[727/1127] Building C object libs/libc/CMakeFiles/c.dir/tls/tls_getinfo.c.o
[728/1127] Building C object libs/libc/CMakeFiles/c.dir/time/lib_gmtime.c.o
[729/1127] Building C object libs/libc/CMakeFiles/c.dir/time/lib_timegm.c.o
[730/1127] Building C object libs/libc/CMakeFiles/c.dir/time/lib_gmtimer.c.o
[731/1127] Building C object libs/libc/CMakeFiles/c.dir/uio/lib_preadv.c.o
[732/1127] Building C object libs/libc/CMakeFiles/c.dir/uio/lib_pwritev.c.o
[733/1127] Building C object libs/libc/CMakeFiles/c.dir/unistd/lib_pathconf.c.o
[734/1127] Building C object libs/libc/CMakeFiles/c.dir/unistd/lib_access.c.o
[735/1127] Building C object libs/libc/CMakeFiles/c.dir/unistd/lib_daemon.c.o
[736/1127] Building C object libs/libc/CMakeFiles/c.dir/unistd/lib_swab.c.o
[737/1127] Building C object libs/libc/CMakeFiles/c.dir/unistd/lib_sysconf.c.o
[738/1127] Building C object libs/libc/CMakeFiles/c.dir/unistd/lib_getcwd.c.o
[739/1127] Building C object libs/libc/CMakeFiles/c.dir/unistd/lib_getentropy.c.o
[740/1127] Building C object libs/libc/CMakeFiles/c.dir/unistd/lib_getopt_long.c.o
[741/1127] Building C object libs/libc/CMakeFiles/c.dir/unistd/lib_getopt.c.o
[742/1127] Building C object libs/libc/CMakeFiles/c.dir/unistd/lib_getopt_longonly.c.o
[743/1127] Building C object libs/libc/CMakeFiles/c.dir/unistd/lib_getopt_common.c.o
[744/1127] Building C object libs/libc/CMakeFiles/c.dir/unistd/lib_getoptvars.c.o
[745/1127] Building C object libs/libc/CMakeFiles/c.dir/unistd/lib_getoptargp.c.o
[746/1127] Building C object libs/libc/CMakeFiles/c.dir/unistd/lib_getopterrp.c.o
[747/1127] Building C object libs/libc/CMakeFiles/c.dir/unistd/lib_getoptindp.c.o
[748/1127] Building C object libs/libc/CMakeFiles/c.dir/unistd/lib_times.c.o
[749/1127] Building C object libs/libc/CMakeFiles/c.dir/unistd/lib_getoptoptp.c.o
[750/1127] Building C object libs/libc/CMakeFiles/c.dir/unistd/lib_alarm.c.o
[751/1127] Building C object libs/libc/CMakeFiles/c.dir/unistd/lib_fstatvfs.c.o
[752/1127] Building C object libs/libc/CMakeFiles/c.dir/unistd/lib_statvfs.c.o
[753/1127] Building C object libs/libc/CMakeFiles/c.dir/unistd/lib_nice.c.o
[754/1127] Building C object libs/libc/CMakeFiles/c.dir/unistd/lib_sleep.c.o
[755/1127] Building C object libs/libc/CMakeFiles/c.dir/unistd/lib_setreuid.c.o
[756/1127] Building C object libs/libc/CMakeFiles/c.dir/unistd/lib_getrusage.c.o
[757/1127] Building C object libs/libc/CMakeFiles/c.dir/unistd/lib_utime.c.o
[758/1127] Building C object libs/libc/CMakeFiles/c.dir/unistd/lib_setregid.c.o
[759/1127] Building C object libs/libc/CMakeFiles/c.dir/unistd/lib_setrlimit.c.o
[760/1127] Building C object libs/libc/CMakeFiles/c.dir/unistd/lib_utimes.c.o
[761/1127] Building C object libs/libc/CMakeFiles/c.dir/unistd/lib_futimes.c.o
[762/1127] Building C object libs/libc/CMakeFiles/c.dir/unistd/lib_getrlimit.c.o
[763/1127] Building C object libs/libc/CMakeFiles/c.dir/unistd/lib_lutimes.c.o
[764/1127] Building C object libs/libc/CMakeFiles/c.dir/unistd/lib_setpriority.c.o
[765/1127] Building C object libs/libc/CMakeFiles/c.dir/unistd/lib_getpriority.c.o
[766/1127] Building C object libs/libc/CMakeFiles/c.dir/unistd/lib_gethostname.c.o
[767/1127] Building C object libs/libc/CMakeFiles/c.dir/unistd/lib_sethostname.c.o
[768/1127] Building C object libs/libc/CMakeFiles/c.dir/unistd/lib_linkat.c.o
[769/1127] Building C object libs/libc/CMakeFiles/c.dir/unistd/lib_fchownat.c.o
[770/1127] Building C object libs/libc/CMakeFiles/c.dir/unistd/lib_symlinkat.c.o
[771/1127] Building C object libs/libc/CMakeFiles/c.dir/unistd/lib_readlinkat.c.o
[772/1127] Building C object libs/libc/CMakeFiles/c.dir/unistd/lib_usleep.c.o
[773/1127] Building C object libs/libc/CMakeFiles/c.dir/unistd/lib_unlinkat.c.o
[774/1127] Building C object libs/libc/CMakeFiles/c.dir/unistd/lib_getpgrp.c.o
[775/1127] Building C object libs/libc/CMakeFiles/c.dir/unistd/lib_getpgid.c.o
[776/1127] Building C object libs/libc/CMakeFiles/c.dir/unistd/lib_lockf.c.o
[777/1127] Building C object libs/libc/CMakeFiles/c.dir/unistd/lib_flock.c.o
[778/1127] Building C object libs/libc/CMakeFiles/c.dir/unistd/lib_ulimit.c.o
[779/1127] Building C object libs/libc/CMakeFiles/c.dir/unistd/lib_confstr.c.o
[780/1127] Building C object libs/libc/CMakeFiles/c.dir/unistd/lib_setuid.c.o
[781/1127] Building C object libs/libc/CMakeFiles/c.dir/unistd/lib_setgid.c.o
[782/1127] Building C object libs/libc/CMakeFiles/c.dir/unistd/lib_getpass.c.o
[783/1127] Building C object libs/libc/CMakeFiles/c.dir/unistd/lib_getuid.c.o
[784/1127] Building C object libs/libc/CMakeFiles/c.dir/unistd/lib_getgid.c.o
[785/1127] Building C object libs/libc/CMakeFiles/c.dir/unistd/lib_geteuid.c.o
[786/1127] Building C object libs/libc/CMakeFiles/c.dir/unistd/lib_seteuid.c.o
[787/1127] Building C object libs/libc/CMakeFiles/c.dir/unistd/lib_setegid.c.o
[788/1127] Building C object libs/libc/CMakeFiles/c.dir/unistd/lib_getegid.c.o
[789/1127] Building C object libs/libc/CMakeFiles/c.dir/unistd/lib_chdir.c.o
[790/1127] Building C object libs/libc/CMakeFiles/c.dir/unistd/lib_fchdir.c.o
[791/1127] Building C object libs/libc/CMakeFiles/c.dir/unistd/lib_truncate.c.o
[792/1127] Building C object libs/libc/CMakeFiles/c.dir/uuid/lib_uuid_compare.c.o
[793/1127] Building C object libs/libc/CMakeFiles/c.dir/unistd/lib_restoredir.c.o
[794/1127] Building C object libs/libc/CMakeFiles/c.dir/unistd/lib_posix_fallocate.c.o
[795/1127] Building C object libs/libc/CMakeFiles/c.dir/uuid/lib_uuid_create.c.o
[796/1127] Building C object libs/libc/CMakeFiles/c.dir/unistd/lib_fork.c.o
[797/1127] Building C object libs/libc/CMakeFiles/c.dir/uuid/lib_uuid_create_nil.c.o
[798/1127] Building C object libs/libc/CMakeFiles/c.dir/uuid/lib_uuid_equal.c.o
[799/1127] Building C object libs/libc/CMakeFiles/c.dir/uuid/lib_uuid_hash.c.o
[800/1127] Building C object libs/libc/CMakeFiles/c.dir/uuid/lib_uuid_is_nil.c.o
[801/1127] Building C object libs/libc/CMakeFiles/c.dir/uuid/lib_uuid_from_string.c.o
[802/1127] Building C object libs/libc/CMakeFiles/c.dir/uuid/lib_uuid_stream.c.o
[803/1127] Building C object libs/libc/CMakeFiles/c.dir/uuid/lib_uuid_to_string.c.o
[804/1127] Building C object libs/libc/CMakeFiles/c.dir/wchar/lib_wcscmp.c.o
[805/1127] Building C object libs/libc/CMakeFiles/c.dir/wchar/lib_wcslen.c.o
[806/1127] Building C object libs/libc/CMakeFiles/c.dir/wchar/lib_wmemchr.c.o
[807/1127] Building C object libs/libc/CMakeFiles/c.dir/wchar/lib_wmemcmp.c.o
[808/1127] Building C object libs/libc/CMakeFiles/c.dir/wchar/lib_wmemcpy.c.o
[809/1127] Building C object libs/libc/CMakeFiles/c.dir/wchar/lib_wmemmove.c.o
[810/1127] Building C object libs/libc/CMakeFiles/c.dir/wchar/lib_btowc.c.o
[811/1127] Building C object libs/libc/CMakeFiles/c.dir/wchar/lib_wmemset.c.o
[812/1127] Building C object libs/libc/CMakeFiles/c.dir/wchar/lib_wctob.c.o
[813/1127] Building C object libs/libc/CMakeFiles/c.dir/wchar/lib_mbrtowc.c.o
[814/1127] Building C object libs/libc/CMakeFiles/c.dir/wchar/lib_wcslcpy.c.o
[815/1127] Building C object libs/libc/CMakeFiles/c.dir/wchar/lib_wcsxfrm.c.o
[816/1127] Building C object libs/libc/CMakeFiles/c.dir/wchar/lib_wcsftime.c.o
[817/1127] Building C object libs/libc/CMakeFiles/c.dir/wchar/lib_wcrtomb.c.o
[818/1127] Building C object libs/libc/CMakeFiles/c.dir/wchar/lib_wcscoll.c.o
[819/1127] Building C object libs/libc/CMakeFiles/c.dir/wchar/lib_wcstol.c.o
[820/1127] Building C object libs/libc/CMakeFiles/c.dir/wchar/lib_wcstoll.c.o
[821/1127] Building C object libs/libc/CMakeFiles/c.dir/wchar/lib_wcstoul.c.o
[822/1127] Building C object libs/libc/CMakeFiles/c.dir/wchar/lib_wcstoull.c.o
[823/1127] Building C object libs/libc/CMakeFiles/c.dir/wchar/lib_wcstold.c.o
[824/1127] Building C object libs/libc/CMakeFiles/c.dir/wchar/lib_wcstof.c.o
[825/1127] Building C object libs/libc/CMakeFiles/c.dir/wchar/lib_wcstod.c.o
[826/1127] Building C object libs/libc/CMakeFiles/c.dir/wchar/lib_swprintf.c.o
[827/1127] Building C object libs/libc/CMakeFiles/c.dir/wchar/lib_mbsnrtowcs.c.o
[828/1127] Building C object libs/libc/CMakeFiles/c.dir/wchar/lib_wcsnrtombs.c.o
[829/1127] Building C object libs/libc/CMakeFiles/c.dir/wchar/lib_mbsinit.c.o
[830/1127] Building C object libs/libc/CMakeFiles/c.dir/wchar/lib_mbrlen.c.o
[831/1127] Building C object libs/libc/CMakeFiles/c.dir/wchar/lib_mbsrtowcs.c.o
[832/1127] Building C object libs/libc/CMakeFiles/c.dir/wchar/lib_wcsrtombs.c.o
[833/1127] Building C object libs/libc/CMakeFiles/c.dir/wchar/lib_wcscpy.c.o
[834/1127] Building C object libs/libc/CMakeFiles/c.dir/wchar/lib_wcscat.c.o
[835/1127] Building C object libs/libc/CMakeFiles/c.dir/wchar/lib_wcslcat.c.o
[836/1127] Building C object libs/libc/CMakeFiles/c.dir/wchar/lib_wcsncat.c.o
[837/1127] Building C object libs/libc/CMakeFiles/c.dir/wchar/lib_wcschr.c.o
[838/1127] Building C object libs/libc/CMakeFiles/c.dir/wchar/lib_wcsrchr.c.o
[839/1127] Building C object libs/libc/CMakeFiles/c.dir/wchar/lib_wcsncpy.c.o
[840/1127] Building C object libs/libc/CMakeFiles/c.dir/wchar/lib_wcsncmp.c.o
[841/1127] Building C object libs/libc/CMakeFiles/c.dir/wchar/lib_wcspbrk.c.o
[842/1127] Building C object libs/libc/CMakeFiles/c.dir/wchar/lib_wcscspn.c.o
[843/1127] Building C object libs/libc/CMakeFiles/c.dir/wchar/lib_wcsspn.c.o
[844/1127] Building C object libs/libc/CMakeFiles/c.dir/wchar/lib_wcswcs.c.o
[845/1127] Building C object libs/libc/CMakeFiles/c.dir/wchar/lib_wcstok.c.o
[846/1127] Building C object libs/libc/CMakeFiles/c.dir/wchar/lib_wcsstr.c.o
[847/1127] Building C object libs/libc/CMakeFiles/c.dir/wchar/lib_wcswidth.c.o
[848/1127] Building C object libs/libc/CMakeFiles/c.dir/wchar/lib_wcwidth.c.o
[849/1127] Building C object libs/libc/CMakeFiles/c.dir/wctype/lib_wctype.c.o
[850/1127] Building C object libs/libc/CMakeFiles/c.dir/wctype/lib_towlower.c.o
[851/1127] Building C object libs/libc/CMakeFiles/c.dir/wctype/lib_towupper.c.o
[852/1127] Building C object libs/libc/CMakeFiles/c.dir/wctype/lib_iswctype.c.o
[853/1127] Building C object mm/CMakeFiles/mm.dir/kasan/hook.c.o
[854/1127] Building C object mm/CMakeFiles/mm.dir/mempool/mempool_procfs.c.o
[855/1127] Building C object mm/CMakeFiles/mm.dir/mm_heap/mm_malloc_size.c.o
[856/1127] Building C object mm/CMakeFiles/mm.dir/mm_heap/mm_initialize.c.o
[857/1127] Building C object mm/CMakeFiles/mm.dir/map/mm_map.c.o
[858/1127] Building C object mm/CMakeFiles/mm.dir/mm_heap/mm_shrinkchunk.c.o
[859/1127] Building C object mm/CMakeFiles/mm.dir/mempool/mempool.c.o
[860/1127] Building C object mm/CMakeFiles/mm.dir/mm_heap/mm_brkaddr.c.o
[861/1127] Building C object mm/CMakeFiles/mm.dir/mm_heap/mm_calloc.c.o
[862/1127] Building C object mm/CMakeFiles/mm.dir/mempool/mempool_multiple.c.o
[863/1127] Building C object mm/CMakeFiles/mm.dir/mm_heap/mm_extend.c.o
[864/1127] Building C object mm/CMakeFiles/mm.dir/mm_heap/mm_mallinfo.c.o
[865/1127] Building C object mm/CMakeFiles/mm.dir/mm_heap/mm_free.c.o
[866/1127] Building C object mm/CMakeFiles/mm.dir/mm_heap/mm_foreach.c.o
[867/1127] Building C object mm/CMakeFiles/mm.dir/mm_heap/mm_malloc.c.o
[868/1127] Building C object mm/CMakeFiles/mm.dir/mm_heap/mm_zalloc.c.o
[869/1127] Building C object mm/CMakeFiles/mm.dir/mm_heap/mm_memalign.c.o
[870/1127] Building C object mm/CMakeFiles/mm.dir/mm_heap/mm_heapmember.c.o
[871/1127] Building C object mm/CMakeFiles/mm.dir/umm_heap/umm_globals.c.o
[872/1127] Building C object mm/CMakeFiles/mm.dir/umm_heap/umm_initialize.c.o
[873/1127] Building C object mm/CMakeFiles/mm.dir/mm_heap/mm_realloc.c.o
[874/1127] Building C object mm/CMakeFiles/mm.dir/mm_heap/mm_memdump.c.o
[875/1127] Building C object mm/CMakeFiles/mm.dir/umm_heap/umm_addregion.c.o
[876/1127] Building C object mm/CMakeFiles/mm.dir/umm_heap/umm_malloc_size.c.o
[877/1127] Building C object mm/CMakeFiles/mm.dir/umm_heap/umm_brkaddr.c.o
[878/1127] Building C object mm/CMakeFiles/mm.dir/umm_heap/umm_calloc.c.o
[879/1127] Building C object mm/CMakeFiles/mm.dir/umm_heap/umm_extend.c.o
[880/1127] Building C object mm/CMakeFiles/mm.dir/umm_heap/umm_free.c.o
[881/1127] Building C object mm/CMakeFiles/mm.dir/umm_heap/umm_mallinfo.c.o
[882/1127] Building C object mm/CMakeFiles/mm.dir/umm_heap/umm_malloc.c.o
[883/1127] Building C object mm/CMakeFiles/mm.dir/umm_heap/umm_memalign.c.o
[884/1127] Building C object mm/CMakeFiles/mm.dir/umm_heap/umm_realloc.c.o
[885/1127] Building C object mm/CMakeFiles/mm.dir/umm_heap/umm_heapmember.c.o
[886/1127] Building C object mm/CMakeFiles/mm.dir/umm_heap/umm_zalloc.c.o
[887/1127] Building C object sched/CMakeFiles/sched.dir/clock/clock.c.o
[888/1127] Building C object mm/CMakeFiles/mm.dir/umm_heap/umm_memdump.c.o
[889/1127] Building C object sched/CMakeFiles/sched.dir/clock/clock_initialize.c.o
[890/1127] Building C object sched/CMakeFiles/sched.dir/clock/clock_getres.c.o
[891/1127] Building C object sched/CMakeFiles/sched.dir/clock/clock_settime.c.o
[892/1127] Building C object sched/CMakeFiles/sched.dir/clock/clock_notifier.c.o
[893/1127] Building C object sched/CMakeFiles/sched.dir/clock/clock_realtime2absticks.c.o
[894/1127] Building C object sched/CMakeFiles/sched.dir/clock/clock_gettime.c.o
[895/1127] Building C object sched/CMakeFiles/sched.dir/clock/clock_systime_ticks.c.o
[896/1127] Building C object sched/CMakeFiles/sched.dir/clock/clock_systime_timespec.c.o
[897/1127] Building C object sched/CMakeFiles/sched.dir/clock/clock_perf.c.o
[898/1127] Building C object sched/CMakeFiles/sched.dir/group/group_join.c.o
[899/1127] Building C object sched/CMakeFiles/sched.dir/group/group_setupidlefiles.c.o
[900/1127] Building C object sched/CMakeFiles/sched.dir/group/group_create.c.o
[901/1127] Building C object sched/CMakeFiles/sched.dir/group/group_leave.c.o
[902/1127] Building C object sched/CMakeFiles/sched.dir/group/group_setuptaskfiles.c.o
[903/1127] Building C object sched/CMakeFiles/sched.dir/group/group_foreachchild.c.o
[904/1127] Building C object sched/CMakeFiles/sched.dir/group/group_killchildren.c.o
[905/1127] Building C object sched/CMakeFiles/sched.dir/instrument/instrument.c.o
[906/1127] Building C object sched/CMakeFiles/sched.dir/group/group_signal.c.o
[907/1127] Building C object sched/CMakeFiles/sched.dir/init/nx_bringup.c.o
[908/1127] Building C object sched/CMakeFiles/sched.dir/init/nx_smpstart.c.o
[909/1127] Building C object sched/CMakeFiles/sched.dir/init/nx_start.c.o
[910/1127] Building C object sched/CMakeFiles/sched.dir/irq/irq_initialize.c.o
[911/1127] Building C object sched/CMakeFiles/sched.dir/irq/irq_attach.c.o
[912/1127] Building C object sched/CMakeFiles/sched.dir/irq/irq_attach_thread.c.o
[913/1127] Building C object sched/CMakeFiles/sched.dir/irq/irq_unexpectedisr.c.o
[914/1127] Building C object sched/CMakeFiles/sched.dir/irq/irq_dispatch.c.o
[915/1127] Building C object sched/CMakeFiles/sched.dir/irq/irq_csection.c.o
[916/1127] Building C object sched/CMakeFiles/sched.dir/irq/irq_spinlock.c.o
[917/1127] Building C object sched/CMakeFiles/sched.dir/irq/irq_attach_wqueue.c.o
[918/1127] Building C object sched/CMakeFiles/sched.dir/mqueue/mq_initialize.c.o
[919/1127] Building C object sched/CMakeFiles/sched.dir/misc/panic_notifier.c.o
[920/1127] Building C object sched/CMakeFiles/sched.dir/mqueue/mq_recover.c.o
[921/1127] Building C object sched/CMakeFiles/sched.dir/mqueue/mq_waitirq.c.o
[922/1127] Building C object sched/CMakeFiles/sched.dir/misc/reboot_notifier.c.o
[923/1127] Building C object sched/CMakeFiles/sched.dir/misc/assert.c.o
[924/1127] Building C object sched/CMakeFiles/sched.dir/mqueue/mq_msgfree.c.o
[925/1127] Building C object sched/CMakeFiles/sched.dir/mqueue/mq_send.c.o
[926/1127] Building C object sched/CMakeFiles/sched.dir/mqueue/mq_sndinternal.c.o
[927/1127] Building C object sched/CMakeFiles/sched.dir/mqueue/mq_msgqalloc.c.o
[928/1127] Building C object sched/CMakeFiles/sched.dir/mqueue/mq_receive.c.o
[929/1127] Building C object sched/CMakeFiles/sched.dir/mqueue/mq_rcvinternal.c.o
[930/1127] Building C object sched/CMakeFiles/sched.dir/mqueue/mq_msgqfree.c.o
[931/1127] Building C object sched/CMakeFiles/sched.dir/mqueue/mq_getattr.c.o
[932/1127] Building C object sched/CMakeFiles/sched.dir/mqueue/mq_setattr.c.o
[933/1127] Building C object sched/CMakeFiles/sched.dir/mqueue/msgget.c.o
[934/1127] Building C object sched/CMakeFiles/sched.dir/mqueue/msgctl.c.o
[935/1127] Building C object sched/CMakeFiles/sched.dir/mqueue/mq_notify.c.o
[936/1127] Building C object sched/CMakeFiles/sched.dir/mqueue/msginternal.c.o
[937/1127] Building C object sched/CMakeFiles/sched.dir/mqueue/msgrcv.c.o
[938/1127] Building C object sched/CMakeFiles/sched.dir/mqueue/msgsnd.c.o
[939/1127] Building C object sched/CMakeFiles/sched.dir/pthread/pthread_exit.c.o
[940/1127] Building C object sched/CMakeFiles/sched.dir/pthread/pthread_create.c.o
[941/1127] Building C object sched/CMakeFiles/sched.dir/pthread/pthread_detach.c.o
[942/1127] Building C object sched/CMakeFiles/sched.dir/pthread/pthread_join.c.o
[943/1127] Building C object sched/CMakeFiles/sched.dir/pthread/pthread_getschedparam.c.o
[944/1127] Building C object sched/CMakeFiles/sched.dir/pthread/pthread_setschedparam.c.o
[945/1127] Building C object sched/CMakeFiles/sched.dir/pthread/pthread_sigmask.c.o
[946/1127] Building C object sched/CMakeFiles/sched.dir/pthread/pthread_cancel.c.o
[947/1127] Building C object sched/CMakeFiles/sched.dir/pthread/pthread_setschedprio.c.o
[948/1127] Building C object sched/CMakeFiles/sched.dir/pthread/pthread_release.c.o
[949/1127] Building C object sched/CMakeFiles/sched.dir/pthread/pthread_setaffinity.c.o
[950/1127] Building C object sched/CMakeFiles/sched.dir/pthread/pthread_getaffinity.c.o
[951/1127] Building C object sched/CMakeFiles/sched.dir/pthread/pthread_findjoininfo.c.o
[952/1127] Building C object sched/CMakeFiles/sched.dir/pthread/pthread_completejoin.c.o
[953/1127] Building C object sched/CMakeFiles/sched.dir/sched/sched_getfiles.c.o
[954/1127] Building C object sched/CMakeFiles/sched.dir/sched/sched_profil.c.o
[955/1127] Building C object sched/CMakeFiles/sched.dir/sched/sched_removereadytorun.c.o
[956/1127] Building C object sched/CMakeFiles/sched.dir/sched/sched_addreadytorun.c.o
[957/1127] Building C object sched/CMakeFiles/sched.dir/sched/sched_addblocked.c.o
[958/1127] Building C object sched/CMakeFiles/sched.dir/sched/sched_removeblocked.c.o
[959/1127] Building C object sched/CMakeFiles/sched.dir/sched/sched_verifytcb.c.o
[960/1127] Building C object sched/CMakeFiles/sched.dir/sched/sched_gettcb.c.o
[961/1127] Building C object sched/CMakeFiles/sched.dir/sched/sched_setparam.c.o
[962/1127] Building C object sched/CMakeFiles/sched.dir/sched/sched_releasetcb.c.o
[963/1127] Building C object sched/CMakeFiles/sched.dir/sched/sched_getparam.c.o
[964/1127] Building C object sched/CMakeFiles/sched.dir/sched/sched_setpriority.c.o
[965/1127] Building C object sched/CMakeFiles/sched.dir/sched/sched_setscheduler.c.o
[966/1127] Building C object sched/CMakeFiles/sched.dir/sched/sched_getscheduler.c.o
[967/1127] Building C object sched/CMakeFiles/sched.dir/sched/sched_yield.c.o
[968/1127] Building C object sched/CMakeFiles/sched.dir/sched/sched_foreach.c.o
[969/1127] Building C object sched/CMakeFiles/sched.dir/sched/sched_rrgetinterval.c.o
[970/1127] Building C object sched/CMakeFiles/sched.dir/sched/sched_lock.c.o
[971/1127] Building C object sched/CMakeFiles/sched.dir/sched/sched_lockcount.c.o
[972/1127] Building C object sched/CMakeFiles/sched.dir/sched/sched_getcpu.c.o
[973/1127] Building C object sched/CMakeFiles/sched.dir/sched/sched_idletask.c.o
[974/1127] Building C object sched/CMakeFiles/sched.dir/sched/sched_self.c.o
[975/1127] Building C object sched/CMakeFiles/sched.dir/sched/sched_unlock.c.o
[976/1127] Building C object sched/CMakeFiles/sched.dir/sched/sched_get_stackinfo.c.o
[977/1127] Building C object sched/CMakeFiles/sched.dir/sched/sched_sysinfo.c.o
[978/1127] Building C object sched/CMakeFiles/sched.dir/sched/sched_get_tls.c.o
[979/1127] Building C object sched/CMakeFiles/sched.dir/sched/sched_getaffinity.c.o
[980/1127] Building C object sched/CMakeFiles/sched.dir/sched/sched_switchcontext.c.o
[981/1127] Building C object sched/CMakeFiles/sched.dir/sched/sched_get_stateinfo.c.o
[982/1127] Building C object sched/CMakeFiles/sched.dir/sched/sched_setaffinity.c.o
[983/1127] Building C object sched/CMakeFiles/sched.dir/sched/sched_process_delivered.c.o
[984/1127] Building C object sched/CMakeFiles/sched.dir/sched/sched_waitpid.c.o
[985/1127] Building C object sched/CMakeFiles/sched.dir/sched/sched_backtrace.c.o
[986/1127] Building C object sched/CMakeFiles/sched.dir/sched/sched_processtimer.c.o
[987/1127] Building C object sched/CMakeFiles/sched.dir/sched/sched_roundrobin.c.o
[988/1127] Building C object sched/CMakeFiles/sched.dir/semaphore/sem_destroy.c.o
[989/1127] Building C object sched/CMakeFiles/sched.dir/semaphore/sem_wait.c.o
[990/1127] Building C object sched/CMakeFiles/sched.dir/semaphore/sem_trywait.c.o
[991/1127] Building C object sched/CMakeFiles/sched.dir/sched/sched_smp.c.o
[992/1127] Building C object sched/CMakeFiles/sched.dir/semaphore/sem_clockwait.c.o
[993/1127] Building C object sched/CMakeFiles/sched.dir/semaphore/sem_tickwait.c.o
[994/1127] Building C object sched/CMakeFiles/sched.dir/semaphore/sem_timeout.c.o
[995/1127] Building C object sched/CMakeFiles/sched.dir/semaphore/sem_recover.c.o
[996/1127] Building C object sched/CMakeFiles/sched.dir/semaphore/sem_waitirq.c.o
[997/1127] Building C object sched/CMakeFiles/sched.dir/semaphore/sem_post.c.o
[998/1127] Building C object sched/CMakeFiles/sched.dir/semaphore/sem_reset.c.o
[999/1127] Building C object sched/CMakeFiles/sched.dir/signal/sig_allocpendingsigaction.c.o
[1000/1127] Building C object sched/CMakeFiles/sched.dir/signal/sig_cleanup.c.o
[1001/1127] Building C object sched/CMakeFiles/sched.dir/signal/sig_findaction.c.o
[1002/1127] Building C object sched/CMakeFiles/sched.dir/signal/sig_action.c.o
[1003/1127] Building C object sched/CMakeFiles/sched.dir/signal/sig_deliver.c.o
[1004/1127] Building C object sched/CMakeFiles/sched.dir/semaphore/sem_rw.c.o
[1005/1127] Building C object sched/CMakeFiles/sched.dir/signal/sig_initialize.c.o
[1006/1127] Building C object sched/CMakeFiles/sched.dir/signal/sig_releasependingsigaction.c.o
[1007/1127] Building C object sched/CMakeFiles/sched.dir/signal/sig_pending.c.o
[1008/1127] Building C object sched/CMakeFiles/sched.dir/signal/sig_releasependingsignal.c.o
[1009/1127] Building C object sched/CMakeFiles/sched.dir/signal/sig_removependingsignal.c.o
[1010/1127] Building C object sched/CMakeFiles/sched.dir/signal/sig_lowest.c.o
[1011/1127] Building C object sched/CMakeFiles/sched.dir/signal/sig_unmaskpendingsignal.c.o
[1012/1127] Building C object sched/CMakeFiles/sched.dir/signal/sig_nanosleep.c.o
[1013/1127] Building C object sched/CMakeFiles/sched.dir/signal/sig_kill.c.o
[1014/1127] Building C object sched/CMakeFiles/sched.dir/signal/sig_notification.c.o
[1015/1127] Building C object sched/CMakeFiles/sched.dir/signal/sig_pause.c.o
[1016/1127] Building C object sched/CMakeFiles/sched.dir/signal/sig_ppoll.c.o
[1017/1127] Building C object sched/CMakeFiles/sched.dir/signal/sig_procmask.c.o
[1018/1127] Building C object sched/CMakeFiles/sched.dir/signal/sig_pselect.c.o
[1019/1127] Building C object sched/CMakeFiles/sched.dir/signal/sig_sleep.c.o
[1020/1127] Building C object sched/CMakeFiles/sched.dir/signal/sig_queue.c.o
[1021/1127] Building C object sched/CMakeFiles/sched.dir/signal/sig_dispatch.c.o
[1022/1127] Building C object sched/CMakeFiles/sched.dir/signal/sig_tgkill.c.o
[1023/1127] Building C object sched/CMakeFiles/sched.dir/signal/sig_usleep.c.o
[1024/1127] Building C object sched/CMakeFiles/sched.dir/signal/sig_waitinfo.c.o
[1025/1127] Building C object sched/CMakeFiles/sched.dir/signal/sig_suspend.c.o
[1026/1127] Building C object sched/CMakeFiles/sched.dir/task/task_argvstr.c.o
[1027/1127] Building C object sched/CMakeFiles/sched.dir/task/task_create.c.o
[1028/1127] Building C object sched/CMakeFiles/sched.dir/signal/sig_timedwait.c.o
[1029/1127] Building C object sched/CMakeFiles/sched.dir/task/task_activate.c.o
[1030/1127] Building C object sched/CMakeFiles/sched.dir/task/task_init.c.o
[1031/1127] Building C object sched/CMakeFiles/sched.dir/task/task_start.c.o
[1032/1127] Building C object sched/CMakeFiles/sched.dir/task/task_setup.c.o
[1033/1127] Building C object sched/CMakeFiles/sched.dir/task/task_exit.c.o
[1034/1127] Building C object sched/CMakeFiles/sched.dir/task/task_delete.c.o
[1035/1127] Building C object sched/CMakeFiles/sched.dir/task/task_exithook.c.o
[1036/1127] Building C object sched/CMakeFiles/sched.dir/task/task_recover.c.o
[1037/1127] Building C object sched/CMakeFiles/sched.dir/task/task_prctl.c.o
[1038/1127] Building C object sched/CMakeFiles/sched.dir/task/task_join.c.o
[1039/1127] Building C object sched/CMakeFiles/sched.dir/task/task_restart.c.o
[1040/1127] Building C object sched/CMakeFiles/sched.dir/task/task_spawnparms.c.o
[1041/1127] Building C object sched/CMakeFiles/sched.dir/task/task_cancelpt.c.o
[1042/1127] Building C object sched/CMakeFiles/sched.dir/task/exit.c.o
[1043/1127] Building C object sched/CMakeFiles/sched.dir/task/task_terminate.c.o
[1044/1127] Building C object sched/CMakeFiles/sched.dir/task/task_spawn.c.o
[1045/1127] Building C object sched/CMakeFiles/sched.dir/task/task_fork.c.o
[1046/1127] Building C object sched/CMakeFiles/sched.dir/timer/timer_delete.c.o
[1047/1127] Building C object sched/CMakeFiles/sched.dir/timer/timer_getoverrun.c.o
[1048/1127] Building C object sched/CMakeFiles/sched.dir/timer/timer_initialize.c.o
[1049/1127] Building C object sched/CMakeFiles/sched.dir/timer/timer_create.c.o
[1050/1127] Building C object sched/CMakeFiles/sched.dir/timer/timer_getitimer.c.o
[1051/1127] Building C object sched/CMakeFiles/sched.dir/timer/timer_gettime.c.o
[1052/1127] Building C object sched/CMakeFiles/sched.dir/timer/timer_release.c.o
[1053/1127] Building C object sched/CMakeFiles/sched.dir/timer/timer_settime.c.o
[1054/1127] Building C object sched/CMakeFiles/sched.dir/tls/task_initinfo.c.o
[1055/1127] Building C object sched/CMakeFiles/sched.dir/timer/timer_setitimer.c.o
[1056/1127] Building C object sched/CMakeFiles/sched.dir/tls/tls_initinfo.c.o
[1057/1127] Building C object sched/CMakeFiles/sched.dir/tls/task_uninitinfo.c.o
[1058/1127] Building C object sched/CMakeFiles/sched.dir/wdog/wd_initialize.c.o
[1059/1127] Building C object sched/CMakeFiles/sched.dir/tls/tls_dupinfo.c.o
[1060/1127] Building C object sched/CMakeFiles/sched.dir/wdog/wd_cancel.c.o
[1061/1127] Building C object sched/CMakeFiles/sched.dir/wdog/wd_gettime.c.o
[1062/1127] Building C object sched/CMakeFiles/sched.dir/wdog/wd_start.c.o
[1063/1127] Building C object boards/CMakeFiles/board.dir/__/dummy.c.o
[1064/1127] Building C object sched/CMakeFiles/sched.dir/wqueue/kwork_queue.c.o
[1065/1127] Building C object sched/CMakeFiles/sched.dir/wqueue/kwork_cancel.c.o
[1066/1127] Building C object boards/CMakeFiles/board.dir/arm64/rk3576/kickpi_k7/src/kickpi_k7_appinit.c.o
[1067/1127] Building C object boards/CMakeFiles/board.dir/arm64/rk3576/kickpi_k7/src/kickpi_k7_boardinit.c.o
[1068/1127] Building C object apps/CMakeFiles/apps.dir/dummy.c.o
[1069/1127] Building C object boards/CMakeFiles/board.dir/boardctl.c.o
[1070/1127] Building C object apps/CMakeFiles/apps.dir/nshlib/nsh_init.c.o
[1071/1127] Building C object apps/CMakeFiles/apps.dir/nshlib/nsh_system.c.o
[1072/1127] Building C object apps/CMakeFiles/apps.dir/nshlib/nsh_script.c.o
[1073/1127] Building C object sched/CMakeFiles/sched.dir/wqueue/kwork_thread.c.o
[1074/1127] Building C object apps/CMakeFiles/apps.dir/nshlib/nsh_console.c.o
[1075/1127] Building C object apps/CMakeFiles/apps.dir/nshlib/nsh_mmcmds.c.o
[1076/1127] Building C object apps/CMakeFiles/apps.dir/nshlib/nsh_command.c.o
[1077/1127] Building C object apps/CMakeFiles/apps.dir/nshlib/nsh_ddcmd.c.o
[1078/1127] Building C object apps/CMakeFiles/apps.dir/nshlib/nsh_timcmds.c.o
[1079/1127] Building C object apps/CMakeFiles/apps.dir/nshlib/nsh_proccmds.c.o
[1080/1127] Building C object apps/CMakeFiles/apps.dir/nshlib/nsh_prompt.c.o
[1081/1127] Building C object apps/CMakeFiles/apps.dir/nshlib/nsh_parse.c.o
[1082/1127] Building C object apps/CMakeFiles/apps.dir/nshlib/nsh_envcmds.c.o
[1083/1127] Building C object apps/CMakeFiles/apps.dir/nshlib/nsh_syscmds.c.o
[1084/1127] Building C object apps/CMakeFiles/apps.dir/nshlib/nsh_fscmds.c.o
[1085/1127] Building C object apps/CMakeFiles/apps.dir/nshlib/nsh_session.c.o
[1086/1127] Building C object apps/CMakeFiles/apps.dir/nshlib/nsh_dbgcmds.c.o
[1087/1127] Building C object apps/CMakeFiles/apps.dir/nshlib/nsh_fileapps.c.o
[1088/1127] Building C object apps/CMakeFiles/apps.dir/nshlib/nsh_fsutils.c.o
[1089/1127] Building C object apps/CMakeFiles/apps.dir/nshlib/nsh_consolemain.c.o
[1090/1127] Building C object apps/CMakeFiles/apps.dir/nshlib/nsh_printf.c.o
[1091/1127] Building C object apps/CMakeFiles/apps.dir/nshlib/nsh_mntcmds.c.o
[1092/1127] Building C object apps/CMakeFiles/apps.dir/nshlib/nsh_test.c.o
[1093/1127] Building C object apps/CMakeFiles/apps.dir/system/readline/readline.c.o
[1094/1127] Building C object apps/CMakeFiles/apps.dir/nshlib/nsh_wait.c.o
[1095/1127] Building C object apps/CMakeFiles/apps.dir/system/readline/readline_stream.c.o
[1096/1127] Building C object apps/CMakeFiles/apps.dir/nshlib/nsh_alias.c.o
[1097/1127] Building C object apps/CMakeFiles/apps.dir/system/readline/readline_fd.c.o
[1098/1127] Building C object apps/system/nsh/CMakeFiles/apps_sh.dir/sh_main.c.o
[1099/1127] Building C object apps/external/android/CMakeFiles/android.dir/dummy.c.o
[1100/1127] Building C object apps/system/nsh/CMakeFiles/apps_nsh.dir/nsh_main.c.o
[1101/1127] Building C object apps/CMakeFiles/apps.dir/system/readline/readline_common.c.o
[1102/1127] Building C object apps/CMakeFiles/apps.dir/system/system/system.c.o
[1103/1127] Building C object apps/examples/hello/CMakeFiles/apps_hello.dir/hello_main.c.o
[1104/1127] Building C object CMakeFiles/nuttx.dir/empty.c.o
[1105/1127] Building ASM object CMakeFiles/nuttx.dir/arch/arm64/src/common/arm64_head.S.o
[1106/1127] Building C object apps/builtin/CMakeFiles/apps_builtin.dir/builtin_list.c.o
[1107/1127] Linking C static library binfmt/libbinfmt.a
[1108/1127] Building C object apps/examples/k7smp/CMakeFiles/apps_k7smp.dir/k7smp_main.c.o
[1109/1127] Linking C static library drivers/libdrivers.a
[1110/1127] Linking C static library arch/libarch.a
[1111/1127] Linking C static library boards/libboard.a
[1112/1127] Linking C static library apps/system/nsh/libapps_nsh.a
[1113/1127] Linking C static library mm/libmm.a
[1114/1127] Linking C static library apps/examples/hello/libapps_hello.a
[1115/1127] Linking C static library apps/system/nsh/libapps_sh.a
[1116/1127] Linking C static library apps/examples/k7smp/libapps_k7smp.a
[1117/1127] Linking C static library apps/external/android/libandroid.a
[1118/1127] Linking C static library apps/libapps.a
[1119/1127] Linking C static library apps/builtin/libapps_builtin.a
[1120/1127] Linking C static library fs/libfs.a
[1121/1127] Building C object arch/arm64/src/common/CMakeFiles/STARTUP_OBJS.dir/crt0.c.o
[1122/1127] Linking C static library sched/libsched.a
[1123/1127] Linking C static library libs/libc/libc.a
[1124/1127] Linking C executable nuttx
Memory region         Used Size  Region Size  %age Used
            dram:        380 KB       126 MB      0.29%
[1125/1127] Generating nuttx.bin
[1126/1127] Generating System.map
