=> crc32 40c00800 6e8d510
crc32 for 40c00800 ... 47a8dd0f ==> 3c4795a6
=> crc32 8a000000 44b0310
crc32 for 8a000000 ... 8e4b030f ==> 2af64aa7
=> crc32 86000000 3e7da30
crc32 for 86000000 ... 89e7da2f ==> b5f7ae2d
=> cp.b 8a000000 90000000 400000
=> cp.b 8a400000 90400000 400000
=> cp.b 8a800000 90800000 400000
=> cp.b 8ac00000 90c00000 400000
=> cp.b 8b000000 91000000 400000
=> cp.b 8b400000 91400000 400000
=> cp.b 8b800000 91800000 400000
=> cp.b 8bc00000 91c00000 400000
=> cp.b 8c000000 92000000 400000
=> cp.b 8c400000 92400000 400000
=> cp.b 8c800000 92800000 400000
=> cp.b 8cc00000 92c00000 400000
=> cp.b 8d000000 93000000 400000
=> cp.b 8d400000 93400000 400000
=> cp.b 8d800000 93800000 400000
=> cp.b 8dc00000 93c00000 400000
=> cp.b 8e000000 94000000 400000
=> cp.b 8e400000 94400000 b0310
=> crc32 90000000 44b0310
crc32 for 90000000 ... 944b030f ==> 2af64aa7
=> cp.b 40c00800 80000000 400000
=> cp.b 41000800 80400000 400000
=> cp.b 41400800 80800000 400000
=> cp.b 41800800 80c00000 400000
=> cp.b 41c00800 81000000 400000
=> cp.b 42000800 81400000 400000
=> cp.b 42400800 81800000 400000
=> cp.b 42800800 81c00000 400000
=> cp.b 42c00800 82000000 400000
=> cp.b 43000800 82400000 400000
=> cp.b 43400800 82800000 400000
=> cp.b 43800800 82c00000 400000
=> cp.b 43c00800 83000000 400000
=> cp.b 44000800 83400000 400000
=> cp.b 44400800 83800000 400000
=> cp.b 44800800 83c00000 400000
=> cp.b 44c00800 84000000 400000
=> cp.b 45000800 84400000 400000
=> cp.b 45400800 84800000 400000
=> cp.b 45800800 84c00000 400000
=> cp.b 45c00800 85000000 400000
=> cp.b 46000800 85400000 400000
=> cp.b 46400800 85800000 400000
=> cp.b 46800800 85c00000 400000
=> crc32 80000000 9e7da30
crc32 for 80000000 ... 89e7da2f ==> b20f998f
=> cp.b 46c00800 40400000 400000
=> cp.b 47000800 40800000 400000
=> cp.b 47400800 40c00000 400000
=> cp.b 47800800 41000000 28d510
=> crc32 40400000 e8d510
crc32 for 40400000 ... 4128d50f ==> ee266049
=> md.l 48300000 1
48300000: edfe0dd0                               ....
=> booti 40400000 - 48300000
Fdt Ramdisk skip relocation
## Flattened Device Tree blob at 0x48300000
   Booting using the fdt blob at 0x48300000
   Using Device Tree in place at 0000000048300000, end 0000000048326532
No resource file: logo_kernel.bmp
VP0 fail to load kernel logo
## reserved-memory:
  ramoops@40110000: addr=40110000 size=e0000
Adding bank: 0x40200000 - 0x48400000 (size: 0x08200000)
Addi- 0x140000000 (size: 0x40000000)
Total: 221457.653/221810.605 ms

Starting kernel ...

- Ready to Boot Primary CPU
RK3576 HCR_EL2=0000000008000032
RK3576 SCTLR_EL1=0000000030d00800
- Boot from EL2
- Boot from EL1
- Boot to C runtime for OS Initialize
[CPU0] arm64_chip_boot: RK3576: MMU enabled
[CPU0] rk3576_uart6_initialize: UART6 M0: 115200 8N1, internal loopback PASS, IRQ114 ttyS1
I/TC: Secondary CPU 1 initializing
I/TC: Secondary CPU 1 switching to normal world boot

NutI/TC: Secondary CPU 4 initializing
tIS/TC: Secondary CPU 4 switching to normal world boot
- ReaI/TC: Secondary CPU 2 initializing
dy I/TC: Secondary CPU 2 switching to normal world boot
t-o  ReaBodI/TC: Secondary CPU 5 initializing
-oy  RttI/TC: Secondary CPU 5 switching to normal world boot
e o SaBedycoIworld boot
n  
tdBo Ro CPoBKo3tU5 o7
St R6eKSc eH3on5CcI/TC: condary CPU 7 initializing
o0-0700t 6I/TC: Secondary CPU 7 switching to normal world boot
R  00L0HoCS0RCC0oPR_TU00t0EL 0_0E
RSL
R_e21LcR2K=E
=o0KL30153R0nKH0060UC00S0C0 0RS
0_T0E003RCLK000LRTLd33_2E0R00=5007_0dLE01600Lo05o037t000o 600td00 00f 30f000Srr08CdTo0
0o0mm0L0R0K0 R _38E
o00000
t0 0-f3 0rBdo0oom0t 8f 00ErLom
2 -E
 LB2oot
 from EL2nsh> [K- Boot from EL1
- Boot from EL1
- Boot from EL1
- Boot from EL1
- Boot from EL1
- Boot from EL-1 Bo
ot from EL1
- Boot to C runtime for OS Initialize
- Boot to C runtime for OS Initialize
- Boot to C runtime for OS Initialize
- Boot to C runtime for OS Initialize
- Boot to C runtime for OS Initialize
- Boot to C runti-m eBo ofto r tOoS C I nriutnitaimlei zfeo
r OS Initialize
