
nsh> [Kk7voice asr-model &
k7voice [11:100]
nsh> [KASR_INFER BEGIN recognizer
ASR_INFER chunk=1 elapsed=21.855
ASR_INFER chunk=2 elapsed=23.138
ASR_INFER chunk=3 elapsed=24.443
ASR_INFER chunk=4 elapsed=25.701
ASR_INFER chunk=5 elapsed=26.960
ASR_INFER chunk=6 elapsed=28.104
ASR_INFER chunk=7 elapsed=29.362
ASR_INFER chunk=8 elapsed=30.620
ASR_INFER chunk=9 elapsed=31.878
ASR_INFER chunk=10 elapsed=33.222
ASR_INFER chunk=11 elapsed=34.365
ASR_INFER chunk=12 elapsed=35.646
ASR_INFER chunk=13 elapsed=36.904
ASR_INFER chunk=14 elapsed=38.223
ASR_INFER chunk=15 elapsed=39.480
ASR_INFER chunk=16 elapsed=40.760
ASR_INFER chunk=17 elapsed=42.019
ASR_INFER RESULT seconds=42.021 text=昨天是 monday today day is 礼拜二 the day after tomorrow 是星期三
ASR_STORAGE peak=468101988 live=0 records=1264 failures=0 reason=0
