crc32 8a000000 44b0310
crc32 for 8a000000 ... 8e4b030f ==> 60da1369
=> mw.l 8c80007c 7a5f59a3 1
=> mw.l 8c800080 7e8a7998 1
=> mw.l 8c800084 8aae8699 1
=> mw.l 8c800088 97999496 1
=> mw.l 8c80008c 8a4d6a77 1
=> mw.l 8c800090 708184b3 1
=> mw.l 8c800094 c4835b7c 1
=> mw.l 8c800098 92a95675 1
=> mw.l 8c80009c 96509b8c 1
=> mw.l 8c8000a0 64b69153 1
=> mw.l 8c8000a4 7871939c 1
=> mw.l 8c8000a8 8db06c7d 1
=> mw.l 8c8000ac 72778a5b 1
=> mw.l 8c8000b0 8ca38a76 1
=> mw.l 8c8000b4 8788a092 1
=> mw.l 8c8000b8 a66472b2 1
=> mw.l 8c8000bc a45cb1c1 1
=> mw.l 8c8000c0 5e8ebf99 1
=> mw.l 8e0000a4 7895394e 1
=> mw.l 8e0000a8 7e7c4ca4 1
=> mw.l 8e0000ac b086767f 1
=> mw.l 8e0000b0 95829da8 1
=> mw.l 8e0000b4 81669a60 1
=> mw.l 8e0000b8 759f6192 1
=> mw.l 8e0000bc 57915c46 1
=> mw.l 8e0000c0 f7808873 1
=> mw.l 8e0000c4 999f8f42 1
=> mw.l 8e0000c8 7688878b 1
=> mw.l 8e0000cc 84d47789 1
=> mw.l 8e0000d0 63657697 1
=> mw.l 8e0000d4 6e73a96a 1
=> mw.l 8e0000d8 7322a860 1
=> mw.l 8e0000dc 7c519788 1
=> mw.l 8e0000e0 9d79984a 1
=> mw.l 8e0000e4 889348a3 1
=> mw.l 8e0000e8 7a8f894d 1
=> mw.l 8e0000ec 769e86a1 1
=> mw.l 8e0000f0 c37b8b80 1
=> mw.l 8e0000f4 896a5c9a 1
=> mw.l 8e0000f8 bfaf73a6 1
=> mw.l 8e0000fc 886c9c60 1
=> mw.l 8e000100 9259b151 1
=> mw.l 8e000104 799e7863 1
=> mw.l 8e400064 ab728a6c 1
=> mw.l 8e400068 5a7c7cb9 1
=> mw.l 8e40006c 79667827 1
=> mw.l 8e400070 55703a8b 1
=> mw.l 8e400074 94478171 1
=> mw.l 8e400078 a7857588 1
=> mw.l 8e40007c 6d985074 1
=> mw.l 8e400080 7392c266 1
=> mw.l 8e400084 b587957e 1
=> mw.l 8e400088 429b9da1 1
=> mw.l 8e40008c 708fa289 1
=> mw.l 8e400090 a4625878 1
=> mw.l 8e400094 b2cbadb8 1
=> mw.l 8e400098 ad62925f 1
=> mw.l 8e40009c 4579aa96 1
=> mw.l 8e4000a0 867670a1 1
=> mw.l 8e4000a4 8630a371 1
=> mw.l 8e4000a8 b1a32cad 1
=> mw.l 8e4000ac 679e7c85 1
=> mw.l 8e4000b0 8d527b48 1
=> mw.l 8e4000b4 3b66a775 1
=> mw.l 8e4000b8 7882977c 1
=> mw.l 8e4000bc 3d715e42 1
=> mw.l 8e4000c0 88aa5675 1
=> mw.l 8e4000c4 56759e6d 1
=> mw.l 8e4000c8 d566830e 1
=> crc32 8a000000 44b0310
crc32 for 8a000000 ... 8e4b030f ==> 2af64aa7
=> crc32 86000000 3e7da30
crc32 for 86000000 ... 89e7da2f ==> b5f7ae2d
=> fastboot usb 1
Enter fastboot...OK
usb device is high-speed
