
ggml-backend-reg.cpp.obj:
                 U __cxa_guard_abort
                 U __cxa_guard_acquire
                 U __cxa_guard_release
                 U __gxx_personality_seh0
                 U __imp_tolower
                 U _Unwind_Resume
                 U _ZdlPvy
                 U _Znwy
                 U _ZSt20__throw_length_errorPKc
                 U atexit
                 U ggml_abort
                 U ggml_backend_cpu_reg
                 U ggml_backend_dev_init
                 U ggml_backend_dev_name
                 U ggml_backend_dev_type
                 U ggml_backend_reg_dev_count
                 U ggml_backend_reg_dev_get
                 U ggml_backend_reg_name
                 U ggml_log_internal
                 U memcpy
                 U memmove
