
nsh> [Kk7sound capture-pga24-grouped 3200
AUDIO_IO reset12=00000000 gate11=00000000 gate12=00000000 gate18=00000000 mux=00000000 source=00000000
AUDIO_IO con=00060300 ien=00000000 gpio_version=010219c8 gpio_input=014d3050
SOUND platform_result=0 version=23073576 repair=fdffffff ack=00000001 idle=00000001
SOUND mclkout before=0000001f after=0000001d
SOUND codec_prepare=0 state=2
SOUND adc_variant=24 settle_ms=1000
SOUND playback_gain_db=0 dac_attenuation_db=24 maximum=0
SOUND experiment clear=0 reset=0 clockwait20=0
SOUND slot_mask offset=3c value=00000000
SOUND slot_mask offset=40 value=00000000
SOUND slot_mask offset=44 value=00000000
SOUND slot_mask offset=48 value=00000000
SOUND slot_mask offset=4c value=00000000
SOUND slot_mask offset=50 value=00000000
SOUND slot_mask offset=54 value=00000000
SOUND slot_mask offset=58 value=00000000
SOUND pio=0 frames=3200 polls=76428 stop=0 held=0 max_fifo=4
SOUND grouped words=25600 mismatches=0
SOUND fifo first=00000000 last=00000000 TXCR=00000fff RXCR=00700fff FSCR=0101f03f CKR=00000018
SOUND trace start=424235769 end=424335871 started=1 count=32
SOUND trace_init index=0 value=00000000 rc=0
SOUND trace_init index=1 value=00000002 rc=0
SOUND trace_init index=2 value=00700fff rc=0
SOUND trace_init index=3 value=000000e4 rc=0
SOUND trace_init index=4 value=00000000 rc=0
SOUND trace_init index=5 value=0000000b rc=0
SOUND trace_word index=0 us=424235897 before=00041041 word=ffffffff after=00041040 rc=0,0,0
SOUND trace_word index=1 us=424235899 before=00041040 word=00000000 after=00041040 rc=0,0,0
SOUND trace_word index=2 us=424235901 before=00041040 word=ffffffff after=00041000 rc=0,0,0
SOUND trace_word index=3 us=424235902 before=00041000 word=00000000 after=00041000 rc=0,0,0
SOUND trace_word index=4 us=424235904 before=00041000 word=ffffffff after=00040000 rc=0,0,0
SOUND trace_word index=5 us=424235905 before=00040000 word=00000000 after=00040000 rc=0,0,0
SOUND trace_word index=6 us=424235907 before=00040000 word=ffffffff after=00000000 rc=0,0,0
SOUND trace_word index=7 us=424235909 before=00000000 word=00000000 after=00000000 rc=0,0,0
SOUND trace_word index=8 us=424235927 before=00041041 word=ffffffff after=00041040 rc=0,0,0
SOUND trace_word index=9 us=424235929 before=00041040 word=00000000 after=00041040 rc=0,0,0
SOUND trace_word index=10 us=424235931 before=00041040 word=ffffffff after=00041000 rc=0,0,0
SOUND trace_word index=11 us=424235932 before=00041000 word=00000000 after=00041000 rc=0,0,0
SOUND trace_word index=12 us=424235934 before=00041000 word=ffffffff after=00040000 rc=0,0,0
SOUND trace_word index=13 us=424235936 before=00040000 word=00000000 after=00040000 rc=0,0,0
SOUND trace_word index=14 us=424235937 before=00040000 word=ffffffff after=00000000 rc=0,0,0
SOUND trace_word index=15 us=424235939 before=00000000 word=00000000 after=00000000 rc=0,0,0
SOUND trace_word index=16 us=424235959 before=00041041 word=ffffffff after=00041040 rc=0,0,0
SOUND trace_word index=17 us=424235960 before=00041040 word=00000000 after=00041040 rc=0,0,0
SOUND trace_word index=18 us=424235962 before=00041040 word=ffffffff after=00041000 rc=0,0,0
SOUND trace_word index=19 us=424235964 before=00041000 word=00000000 after=00041000 rc=0,0,0
SOUND trace_word index=20 us=424235965 before=00041000 word=ffffffff after=00040000 rc=0,0,0
SOUND trace_word index=21 us=424235967 before=00040000 word=00000000 after=00040000 rc=0,0,0
SOUND trace_word index=22 us=424235969 before=00040000 word=ffffffff after=00000000 rc=0,0,0
SOUND trace_word index=23 us=424235970 before=00000000 word=00000000 after=00000000 rc=0,0,0
SOUND trace_word index=24 us=424235990 before=00041041 word=ffffffff after=00041040 rc=0,0,0
SOUND trace_word index=25 us=424235992 before=00041040 word=00000000 after=00041040 rc=0,0,0
SOUND trace_word index=26 us=424235993 before=00041040 word=ffffffff after=00041000 rc=0,0,0
SOUND trace_word index=27 us=424235995 before=00041000 word=00000000 after=00041000 rc=0,0,0
SOUND trace_word index=28 us=424235997 before=00041000 word=ffffffff after=00040000 rc=0,0,0
SOUND trace_word index=29 us=424235998 before=00040000 word=00000000 after=00040000 rc=0,0,0
SOUND trace_word index=30 us=424236001 before=00040000 word=ffffffff after=00000000 rc=0,0,0
SOUND trace_word index=31 us=424236003 before=00000000 word=00000000 after=00000000 rc=0,0,0
SOUND codec reg=00 value=36
SOUND codec reg=01 value=60
SOUND codec reg=02 value=00
SOUND codec reg=03 value=00
SOUND codec reg=04 value=0c
SOUND codec reg=05 value=00
SOUND codec reg=06 value=00
SOUND codec reg=07 value=7c
SOUND codec reg=08 value=00
SOUND codec reg=09 value=88
SOUND codec reg=0a value=f0
SOUND codec reg=0b value=82
SOUND codec reg=0c value=10
SOUND codec reg=0d value=02
SOUND codec reg=0f value=20
SOUND codec reg=17 value=20
SOUND codec reg=18 value=02
SOUND codec reg=19 value=06
SOUND codec reg=1a value=30
SOUND codec reg=1b value=30
SOUND codec reg=27 value=b8
SOUND codec reg=2a value=b8
SOUND codec reg=2b value=80
SOUND codec reg=30 value=14
SOUND codec reg=31 value=14
SOUND input pull=00005515 schmitt=000000ff path=000000e4 gpio_high=50400 transitions=0 samples=50400
SOUND pad ticks=480004 max_gap=35 counter_hz=24000000 complete=1
SOUND pad channel=0 high=24889 changes=37883
SOUND pad channel=1 high=25149 changes=40919
SOUND pad channel=2 high=25264 changes=640
SOUND pad channel=3 high=50400 changes=0
SOUND pcm left_min=-1 left_max=-1 left_nonzero=3200 right_min=-1 right_max=-1 right_nonzero=3200
SOUND result=0 codec_stop=0 platform_restore=0 i2c_restore=0 amp_low=1
nsh> [K