
nsh> [Kk7cloud radio-status
K7CLOUD radio_generation=1 wifi=1 ipv4_ready=1
K7CLOUD ipv4=10.3.0.214
K7CLOUD platform_gates=unverified cloud_ready=0 network_request=disabled
nsh> [KTRACK q=12049 s=4 dx=0.0 dy=0.0 x=0 y=0 tx=0 age=97527
TRACK q=12052 s=4 dx=0.0 dy=0.0 x=0 y=0 tx=0 age=85026
TRACK q=12054 s=4 dx=0.0 dy=0.0 x=0 y=0 tx=0 age=104793
TRACK q=12057 s=4 dx=0.0 dy=0.0 x=0 y=0 tx=0 age=92435
TRACK q=12058 s=4 dx=0.0 dy=0.0 x=0 y=0 tx=0 age=143927
TRACK q=12061 s=4 dx=0.0 dy=0.0 x=0 y=0 tx=0 age=99795
TRACK q=12064 s=4 dx=0.0 dy=0.0 x=0 y=0 tx=0 age=87344
TRACK q=12066 s=4 dx=0.0 dy=0.0 x=0 y=0 tx=0 age=106827
TRACK q=12069 s=4 dx=0.0 dy=0.0 x=0 y=0 tx=0 age=94258
TRACK q=12071 s=4 dx=0.0 dy=0.0 x=0 y=0 tx=0 age=113699
TRACK q=12074 s=4 dx=0.0 dy=0.0 x=0 y=0 tx=0 age=101187
TRACK q=12077 s=4 dx=0.0 dy=0.0 x=0 y=0 tx=0 age=88691
TRACK q=12079 s=4 dx=0.0 dy=0.0 x=0 y=0 tx=0 age=108207
TRACK q=12081 s=4 dx=0.0 dy=0.0 x=0 y=0 tx=0 age=95891
TRACK q=12083 s=4 dx=0.0 dy=0.0 x=0 y=0 tx=0 age=115367
TRACK q=12086 s=4 dx=0.0 dy=0.0 x=0 y=0 tx=0 age=102789
TRACK q=12089 s=4 dx=0.0 dy=0.0 x=0 y=0 tx=0 age=90211
TRACK q=12091 s=4 dx=0.0 dy=0.0 x=0 y=0 tx=0 age=109748
TRACK q=12094 s=4 dx=0.0 dy=0.0 x=0 y=0 tx=0 age=97188
TRACK q=12097 s=4 dx=0.0 dy=0.0 x=0 y=0 tx=0 age=84761
TRACK q=12099 s=4 dx=0.0 dy=0.0 x=0 y=0 tx=0 age=104380
TRACK q=12102 s=4 dx=0.0 dy=0.0 x=0 y=0 tx=0 age=91831
TRACK q=12103 s=4 dx=0.0 dy=0.0 x=0 y=0 tx=0 age=111542
TRACK q=12106 s=4 dx=0.0 dy=0.0 x=0 y=0 tx=0 age=99026
TRACK q=12109 s=4 dx=0.0 dy=0.0 x=0 y=0 tx=0 age=86660
TRACK q=12111 s=4 dx=0.0 dy=0.0 x=0 y=0 tx=0 age=106137
TRACK q=12114 s=4 dx=0.0 dy=0.0 x=0 y=0 tx=0 age=93584
TRACK q=12116 s=4 dx=0.0 dy=0.0 x=0 y=0 tx=0 age=113157
TRACK q=12119 s=4 dx=0.0 dy=0.0 x=0 y=0 tx=0 age=100625
TRACK q=12122 s=4 dx=0.0 dy=0.0 x=0 y=0 tx=0 age=88151
TRACK q=12124 s=4 dx=0.0 dy=0.0 x=0 y=0 tx=0 age=107626
TRACK q=12126 s=4 dx=0.0 dy=0.0 x=0 y=0 tx=0 age=95216
TRACK q=12128 s=4 dx=0.0 dy=0.0 x=0 y=0 tx=0 age=114610
TRACK q=12131 s=4 dx=0.0 dy=0.0 x=0 y=0 tx=0 age=102110
TRACK q=12134 s=4 dx=0.0 dy=0.0 x=0 y=0 tx=0 age=89524
TRACK q=12136 s=4 dx=0.0 dy=0.0 x=0 y=0 tx=0 age=108928
TRACK q=12139 s=4 dx=0.0 dy=0.0 x=0 y=0 tx=0 age=96388
TRACK q=12142 s=4 dx=0.0 dy=0.0 x=0 y=0 tx=0 age=83784
TRACK q=12144 s=4 dx=0.0 dy=0.0 x=0 y=0 tx=0 age=103235
TRACK q=12146 s=4 dx=0.0 dy=0.0 x=0 y=0 tx=0 age=122741
TRACK q=12148 s=4 dx=0.0 dy=0.0 x=0 y=0 tx=0 age=110537
TRACK q=12151 s=4 dx=0.0 dy=0.0 x=0 y=0 tx=0 age=97999
TRACK q=12154 s=4 dx=0.0 dy=0.0 x=0 y=0 tx=0 age=85487
TRACK q=12156 s=4 dx=0.0 dy=0.0 x=0 y=0 tx=0 age=104946
TRACK q=12159 s=4 dx=0.0 dy=0.0 x=0 y=0 tx=0 age=92452
TRACK q=12161 s=4 dx=0.0 dy=0.0 x=0 y=0 tx=0 age=111811
TRACK q=12164 s=4 dx=0.0 dy=0.0 x=0 y=0 tx=0 age=99291
TRACK q=12167 s=4 dx=0.0 dy=0.0 x=0 y=0 tx=0 age=86753

