k7host voicecam 1800 &
k7host [58:100]
nsh> [KPHOTO PRESET v1.3-xcenter; X=-800..800 Y=-120..975; native pose
TRACK mode=run limit=0 sign=1,-1 initial=0,0
TRACK axes=xy axis_extent_required=1
VOICE SESSION ready mode=0; awaiting explicit command
UVC ISO configure EP=82 alt=1 capacity=3072 raw=1400
UVC ISO EPALLOC ret=0
UVC ISO SET_INTERFACE ret=0

TRACK q=1 s=4 dx=0.0 dy=0.0 x=0 y=0 tx=0 age=83170
TRACK q=3 s=4 dx=0.0 dy=0.0 x=0 y=0 tx=0 age=102634
TRACK q=6 s=4 dx=0.0 dy=0.0 x=0 y=0 tx=0 age=90182
TRACK q=8 s=4 dx=0.0 dy=0.0 x=0 y=0 tx=0 age=109511
TRACK q=11 s=4 dx=0.0 dy=0.0 x=0 y=0 tx=0 age=96884
TRACK q=14 s=4 dx=0.0 dy=0.0 x=0 y=0 tx=0 age=84368
TRACK q=16 s=4 dx=0.0 dy=0.0 x=0 y=0 tx=0 age=103867
TRACK q=18 s=4 dx=0.0 dy=0.0 x=0 y=0 tx=0 age=91384
TRACK q=20 s=4 dx=0.0 dy=0.0 x=0 y=0 tx=0 age=110789
TRACK q=23 s=4 dx=0.0 dy=0.0 x=0 y=0 tx=0 age=98254
TRACK q=26 s=4 dx=0.0 dy=0.0 x=0 y=0 tx=0 age=85623
TRACK q=28 s=4 dx=0.0 dy=0.0 x=0 y=0 tx=0 age=104997
TRACK q=31 s=4 dx=0.0 dy=0.0 x=0 y=0 tx=0 age=92600
TRACK q=33 s=4 dx=0.0 dy=0.0 x=0 y=0 tx=0 age=111955
TRACK q=36 s=4 dx=0.0 dy=0.0 x=0 y=0 tx=0 age=99343
TRACK q=39 s=4 dx=0.0 dy=0.0 x=0 y=0 tx=0 age=86790
TRACK q=40 s=4 dx=0.0 dy=0.0 x=0 y=0 tx=0 age=138213
TRACK q=43 s=4 dx=0.0 dy=0.0 x=0 y=0 tx=0 age=93907
TRACK q=45 s=4 dx=0.0 dy=0.0 x=0 y=0 tx=0 age=113251
TRACK q=48 s=4 dx=0.0 dy=0.0 x=0 y=0 tx=0 age=100656
TRACK q=51 s=4 dx=0.0 dy=0.0 x=0 y=0 tx=0 age=88346
TRACK q=53 s=4 dx=0.0 dy=0.0 x=0 y=0 tx=0 age=107828
TRACK q=56 s=4 dx=0.0 dy=0.0 x=0 y=0 tx=0 age=95329
TRACK q=58 s=4 dx=0.0 dy=0.0 x=0 y=0 tx=0 age=114696
TRACK q=61 s=4 dx=0.0 dy=0.0 x=0 y=0 tx=0 age=102194
TRACK q=63 s=4 dx=0.0 dy=0.0 x=0 y=0 tx=0 age=89765
TRACK q=65 s=4 dx=0.0 dy=0.0 x=0 y=0 tx=0 age=109183
TRACK q=68 s=4 dx=0.0 dy=0.0 x=0 y=0 tx=0 age=96657
TRACK q=71 s=4 dx=0.0 dy=0.0 x=0 y=0 tx=0 age=83979
TRACK q=73 s=4 dx=0.0 dy=0.0 x=0 y=0 tx=0 age=103504
TRACK q=76 s=4 dx=0.0 dy=0.0 x=0 y=0 tx=0 age=90826
TRACK q=78 s=4 dx=0.0 dy=0.0 x=0 y=0 tx=0 age=110325
TRACK q=81 s=4 dx=0.0 dy=0.0 x=0 y=0 tx=0 age=97684
TRACK q=84 s=4 dx=0.0 dy=0.0 x=0 y=0 tx=0 age=85135
TRACK q=85 s=4 dx=0.0 dy=0.0 x=0 y=0 tx=0 age=104720
TRACK q=88 s=4 dx=0.0 dy=0.0 x=0 y=0 tx=0 age=92061
TRACK q=90 s=4 dx=0.0 dy=0.0 x=0 y=0 tx=0 age=111683
TRACK q=93 s=4 dx=0.0 dy=0.0 x=0 y=0 tx=0 age=99019
TRACK q=96 s=4 dx=0.0 dy=0.0 x=0 y=0 tx=0 age=86387
TRACK q=98 s=4 dx=0.0 dy=0.0 x=0 y=0 tx=0 age=105806
TRACK q=101 s=4 dx=0.0 dy=0.0 x=0 y=0 tx=0 age=93144
TRACK q=103 s=4 dx=0.0 dy=0.0 x=0 y=0 tx=0 age=112517
TRACK q=106 s=4 dx=0.0 dy=0.0 x=0 y=0 tx=0 age=99918
TRACK q=108 s=4 dx=0.0 dy=0.0 x=0 y=0 tx=0 age=87437
TRACK q=110 s=4 dx=0.0 dy=0.0 x=0 y=0 tx=0 age=106869
TRACK q=113 s=4 dx=0.0 dy=0.0 x=0 y=0 tx=0 age=94195
TRACK q=115 s=4 dx=0.0 dy=0.0 x=0 y=0 tx=0 age=113529
TRACK q=118 s=4 dx=0.0 dy=0.0 x=0 y=0 tx=0 age=100902
TRACK q=121 s=4 dx=0.0 dy=0.0 x=0 y=0 tx=0 age=88298
TRACK q=123 s=4 dx=0.0 dy=0.0 x=0 y=0 tx=0 age=107870
TRACK q=126 s=4 dx=0.0 dy=0.0 x=0 y=0 tx=0 age=95302
TRACK q=128 s=4 dx=0.0 dy=0.0 x=0 y=0 tx=0 age=114774
TRACK q=130 s=4 dx=0.0 dy=0.0 x=0 y=0 tx=0 age=102431
TRACK q=133 s=4 dx=0.0 dy=0.0 x=0 y=0 tx=0 age=89811
TRACK q=135 s=4 dx=0.0 dy=0.0 x=0 y=0 tx=0 age=109226

