
nsh> [Kk7cloud device-once 10.3.1.125
RADIO Wi-Fi RX type=1 id=15 seq=29 len=10
RADIO Wi-Fi cmd=15 seq=29 ack=1 status=0 response=0 ret=0
RADIO Wi-Fi RX type=1 id=15 seq=30 len=10
RADIO Wi-Fi cmd=15 seq=30 ack=1 status=0 response=0 ret=0
TRACK q=13035 s=4 dx=0.0 dy=0.0 x=0 y=0 tx=0 age=86886
RADIO Wi-Fi RX type=1 id=15 seq=31 len=10
RADIO Wi-Fi cmd=15 seq=31 ack=1 status=0 response=0 ret=0
RADIO Wi-Fi RX type=1 id=15 seq=32 len=10
RADIO Wi-Fi cmd=15 seq=32 ack=1 status=0 response=0 ret=0
TRACK q=13037 s=4 dx=0.0 dy=0.0 x=0 y=0 tx=0 age=106332
TRACK q=13040 s=4 dx=0.0 dy=0.0 x=0 y=0 tx=0 age=93777
TRACK q=13042 s=4 dx=0.0 dy=0.0 x=0 y=0 tx=0 age=113162
TRACK q=13045 s=4 dx=0.0 dy=0.0 x=0 y=0 tx=0 age=100542
TRACK q=13048 s=4 dx=0.0 dy=0.0 x=0 y=0 tx=0 age=87971
TRACK q=13050 s=4 dx=0.0 dy=0.0 x=0 y=0 tx=0 age=107279
TRACK q=13052 s=4 dx=0.0 dy=0.0 x=0 y=0 tx=0 age=94706
TRACK q=13054 s=4 dx=0.0 dy=0.0 x=0 y=0 tx=0 age=113996
TRACK q=13057 s=4 dx=0.0 dy=0.0 x=0 y=0 tx=0 age=101251
AUDIO_IO reset12=00000000 gate11=00000000 gate12=00000000 gate18=00000000 mux=00000000 source=00000000
AUDIO_IO con=00060300 ieform_result=0 version=23073576 repair=fdffffff ack=00000001 idleore=0000001f after=0000001d
RADIO Wi-Fi RX type=1 id=15 seq=33 TRACK q=13060 s=4 dx=0.0 dy=0.0 x=0 y=0 tx=0 age=88585
TRACK q=13062 s=4 dx=0.0 dy=0.0 x=0 y=0 tx=0 age=107918
TRACK q=13065 s=4 dx=0.0 dy=0.0 x=0 y=0 tx=0 age=95219
TRACK q=13067 s=4 dx=0.0 dy=0.0 x=0 y=0 tx=0 age=114647
TRACK q=13070 s=4 dx=0.0 dy=0.0 x=0 y=0 tx=0 age=101906
TRACK q=13073 s=4 dx=0.0 dy=0.0 x=0 y=0 tx=0 age=89207
TRACK q=13074 s=4 dx=0.0 dy=0.0 x=0 y=0 tx=0 age=108696
TRACK q=13077 s=4 dx=0.0 dy=0.0 x=0 y=0 tx=0 age=95999
TRACK q=13080 s=4 dx=0.0 dy=0.0 x=0 y=0 tx=0 age=83192
TRACK q=13082 s=4 dx=0.0 dy=0.0 x=0 y=0 tx=0 age=102470
TRACK q=13085 s=4 dx=0.0 dy=0.0 x=0 y=0 tx=0 age=89810
TRACK q=13087 s=4 dx=0.0 dy=0.0 x=0 y=0 tx=0 age=109171
TRACK q=13090 s=4 dx=0.0 dy=0.0 x=0 y=0 tx=0 age=96609
SOUND codec_prepare=0 state=2
SOUND adc_variant=24 settle_ms=1000
SOUND playback_gain_db=0 dac_attenuation_db=24 maximum=0
TRACK q=13093 s=4 dx=0.0 dy=0.0 x=0 y=0 tx=0 age=83961
RADIO Wi-Fi RX type=1 id=15 seq=34 len=10
RADIO Wi-Fi cmd=15 seq=34 ack=1 status=0 response=0 ret=0
RADIO Wi-Fi RX type=1 id=15 seq=35 len=10
RADIO Wi-Fi cmd=15 seq=35 ack=1 status=0 response=0 ret=0
RADIO Wi-Fi RX type=1 id=15 seq=36 len=10
RADIO Wi-Fi cmd=15 seq=36 ack=1 status=0 response=0 ret=0
RADIO Wi-Fi RX type=1 id=15 seq=37 len=10
RADIO Wi-Fi cmd=15 seq=37 ack=1 status=0 response=0 ret=0
TRACK q=13095 s=4 dx=0.0 dy=0.0 x=0 y=0 tx=0 age=103134
RADIO Wi-Fi RX type=1 id=15 seq=38 len=10
RADIO Wi-Fi cmd=15 seq=38 ack=1 status=0 response=0 ret=0
RADIO Wi-Fi RX type=1 id=15 seq=39 len=10
RADIO Wi-Fi cmd=15 seq=39 ack=1 status=0 response=0 ret=0
RADIO Wi-Fi RX type=1 id=15 seq=40 len=10
RADIO Wi-Fi cmd=15 seq=40 ack=1 status=0 response=0 ret=0
RADIO Wi-Fi RX type=1 id=15 seq=41 len=10
RADIO Wi-Fi cmd=15 seq=41 ack=1 status=0 response=0 ret=0
TRACK q=13097 s=4 dx=0.0 dy=0.0 x=0 y=0 tx=0 age=90404
RADIO Wi-Fi RX type=1 id=15 seq=42 len=10
RADIO Wi-Fi cmd=15 seq=42 ack=1 status=0 response=0 ret=0
RADIO Wi-Fi RX type=1 id=15 seq=43 len=10
RADIO Wi-Fi cmd=15 seq=43 ack=1 status=0 response=0 ret=0
WIFI data rejected ret=-138 parsed=-138 meta=0a04 flags=77 offset=74 index=1 seq=9 lastbyte=81 wire=104 length=54
RADIO Wi-Fi RX type=1 id=15 seq=44 len=10
RADIO Wi-Fi cmd=15 seq=44 ack=1 status=0 response=0 ret=0
RADIO Wi-Fi RX type=1 id=15 seq=45 len=10
RADIO Wi-Fi cmd=15 seq=45 ack=1 status=0 response=0 ret=0
RADIO Wi-Fi RX type=1 id=15 seq=46 len=10
RADIO Wi-Fi cmd=15 seq=46 ack=1 status=0 response=0 ret=0
RADIO Wi-Fi RX type=1 id=15 seq=47 len=10
RADIO Wi-Fi cmd=15 seq=47 ack=1 status=0 response=0 ret=0
TRACK q=13099 s=4 dx=0.0 dy=0.0 x=0 y=0 tx=0 age=109690
RADIO Wi-Fi RX type=1 id=15 seq=48 len=10
RADIO Wi-Fi cmd=15 seq=48 ack=1 status=0 response=0 ret=0
RADIO Wi-Fi RX type=1 id=15 seq=49 len=10
RADIO Wi-Fi cmd=15 seq=49 ack=1 status=0 response=0 ret=0
RADIO Wi-Fi RX type=1 id=15 seq=50 len=10
RADIO Wi-Fi cmd=15 seq=50 ack=1 status=0 response=0 ret=0
RADIO Wi-Fi RX type=1 id=15 seq=51 len=10
RADIO Wi-Fi cmd=15 seq=51 ack=1 status=0 response=0 ret=0
RADIO Wi-Fi RX type=1 id=15 seq=52 len=10
RADIO Wi-Fi cmd=15 seq=52 ack=1 status=0 response=0 ret=0
RADIO Wi-Fi RX type=1 id=15 seq=53 len=10
RADIO Wi-Fi cmd=15 seq=53 ack=1 status=0 response=0 ret=0
TRACK q=13102 s=4 dx=0.0 dy=0.0 x=0 y=0 tx=0 age=96964
RADIO Wi-Fi RX type=1 id=15 seq=54 len=10
RADIO Wi-Fi cmd=15 seq=54 ackRADIO Wi-Fi RX type=1 id=15 seq=55 len=10
RADIO Wi-Fi cmd=15 seq=55 ack=1 status=0 response=0 ret=0
RADIO Wi-Fi RX type=1 id=15 seq=56 len=10
RADIO Wi-Fi cmd=15 seq=56 ack=1 status=0 response=0 ret=0
RADIO Wi-Fi RX type=1 id=15 seq=57 len=10
RADIO Wi-Fi cmd=15 seq=57 ack=1 status=0 response=0 ret=0
RADIO Wi-Fi RX type=1 id=15 seq=58 len=10
RADIO Wi-Fi cmd=15 seq=58 ack=1 status=0 response=0 ret=0
RADIO Wi-Fi RX type=1 id=15 seq=59 len=10
RADIO Wi-Fi cmd=15 seq=59 ack=1 status=0 response=0 ret=0
RADIO Wi-Fi RX type=1 id=15 seq=60 len=10
RADIO Wi-Fi cmd=15 seq=60 ack=1 status=0 response=0 ret=0
TRACK q=13105 s=4 dx=0.0 dy=0.0 x=0 y=0 tx=0 age=84258
RADIO Wi-Fi RX type=1 id=15 seq=61 len=10
RADIO Wi-Fi cmd=15 seq=61 ack=1 status=0 response=0 ret=0
RADIO Wi-Fi RX type=1 id=15 seq=62 len=10
RADIO Wi-Fi cmd=15 seq=62 ack=1 status=0 response=0 ret=0
RADIO Wi-Fi RX type=1 id=15 seq=63 len=10
RADIO Wi-Fi cmd=15 seq=63 ack=1 status=0 response=0 ret=0
RADIO Wi-Fi RX type=1 id=15 seq=64 len=10
RADIO Wi-Fi cmd=15 seq=64 ack=1 status=0 response=0 ret=0
RADIO Wi-Fi RX type=1 id=15 seq=65 len=10
RADIO Wi-Fi cmd=15 seq=65 ack=1 status=0 response=0 ret=0
RADIO Wi-Fi RX type=1 id=15 seq=66 len=10
RADIO Wi-Fi cmd=15 seq=66 ack=1 status=0 response=0 ret=0
TRACK q=13107 s=4 dx=0.0 dy=0.0 x=0 y=0 tx=0 age=103563
RADIO Wi-Fi RX type=1 id=15 seq=67 len=10
RADIO Wi-Fi cmd=15 seq=67 ack=1 status=0 response=0 ret=0
RADIO Wi-Fi RX type=1 id=15 seq=68 len=10
RADIO Wi-Fi cmd=15 seq=68 ack=1 status=0 response=0 ret=0
RADIO Wi-Fi RX type=1 id=15 seq=69 len=10
RADIO Wi-Fi cmd=15 seq=69 ack=1 status=0 response=0 ret=0
RADIO Wi-Fi RX type=1 id=15 seq=70 len=10
RADIO Wi-Fi cmd=15 seq=70 ack=1 status=0 response=0 ret=0
RADIO Wi-Fi RX type=1 id=15 seq=71 len=10
RADIO Wi-Fi cmd=15 seq=71 ack=1 status=0 response=0 ret=0
RADIO Wi-Fi RX type=1 id=15 seq=72 len=10
RADIO Wi-Fi cmd=15 seq=72 ack=1 status=0 response=0 ret=0
TRACK q=13110 s=4 dx=0.0 dy=0.0 x=0 y=0 tx=0 age=90813
RADIO Wi-Fi RX type=1 id=15 seq=73 len=10
RADIO Wi-Fi cmd=15 seq=73 ack=1 status=0 response=0 ret=0
RADIO Wi-Fi RX type=1 id=15 seq=74 len=10
RADIO Wi-Fi cmd=15 seq=74 ack=1 status=0 response=0 ret=0
RADIO Wi-Fi RX type=1 id=15 seq=75 len=10
RADIO Wi-Fi cmd=15 seq=75 ack=1 status=0 response=0 ret=0
RADIO Wi-Fi RX type=1 id=15 seq=76 len=10
RADIO Wi-Fi cmd=15 seq=76 ack=1 status=0 response=0 ret=0
RADIO Wi-Fi RX type=1 id=15 seq=77 len=10
RADIO Wi-Fi cmd=15 seq=77 ack=1 status=0 response=0 ret=0
RADIO Wi-Fi RX type=1 id=15 seq=78 len=10
RADIO Wi-Fi cmd=15 seq=78 ack=1 status=0 response=0 ret=0
TRACK q=13112 s=4 dx=0.0 dy=0.0 x=0 y=0 tx=0 age=110055
RADIO Wi-Fi RX type=1 id=15 seq=79 len=10
RADIO Wi-Fi cmd=15 seq=79 ack=1 status=0 response=0 ret=0
RADIO Wi-Fi RX type=1 id=15 seq=80 len=10
RADIO Wi-Fi cmd=15 seq=80 ack=1 status=0 response=0 ret=0
RADIO Wi-Fi RX type=1 id=15 seq=81 len=10
RADIO Wi-Fi cmd=15 seq=81 ack=1 status=0 response=0 ret=0
RADIO Wi-Fi RX type=1 id=15 seq=82 len=10
RADIO Wi-Fi cmd=15 seq=82 ack=1 status=0 response=0 ret=0
RADIO Wi-Fi RX type=1 id=15 seq=83 len=10
RADIO Wi-Fi cmd=15 seq=83 ack=1 status=0 response=0 ret=0
RADIO Wi-Fi RX type=1 id=15 seq=84 len=10
RADIO Wi-Fi cmd=15 seq=84 ack=1 status=0 response=0 ret=0
TRACK q=13115 s=4 dx=0.0 dy=0.0 x=0 y=0 tx=0 age=97263
RADIO Wi-Fi RX type=1 id=15 seq=85 len=10
RADIO Wi-Fi cmd=15 seq=85 ack=1 status=0 response=0 ret=0
RADIO Wi-Fi RX type=1 id=15 seq=86 len=10
RADIO Wi-Fi cmd=15 seq=86 ack=1 status=0 response=0 ret=0
RADIO Wi-Fi RX type=1 id=15 seq=87 len=10
RADIO Wi-Fi cmd=15 seq=87 ack=1 status=0 response=0 ret=0
RADIO Wi-Fi RX type=1 id=15 seq=88 len=10
RADIO Wi-Fi cmd=15 seq=88 ack=1 status=0 response=0 ret=0
RADIO Wi-Fi RX type=1 id=15 seq=89 len=10
RADIO Wi-Fi cmd=15 seq=89 ack=1 status=0 response=0 ret=0
RADIO Wi-Fi RX type=1 id=15 seq=90 len=10
RADIO Wi-Fi cmd=15 seq=90 ack=1 status=0 response=0 ret=0
RADIO Wi-Fi RX type=1 id=15 seq=91 len=10
RADIO Wi-Fi cmd=15 seq=91 ack=1 status=0 response=0 ret=0
TRACK q=13117 s=4 dx=0.0 dy=0.0 x=0 y=0 tx=0 age=116748
RADIO Wi-Fi RX type=1 id=15 seq=92 len=10
RADIO Wi-Fi cmd=15 seq=92 ack=1 status=0 response=0 ret=0
RADIO Wi-Fi RX type=1 id=15 seq=93 len=10
RADIO Wi-Fi cmd=15 seq=93 ack=1 status=0 response=0 ret=0
RADIO Wi-Fi RX type=1 id=15 seq=94 len=10
RADIO Wi-Fi cmd=15 seq=94 ack=1 status=0 response=0 ret=0
RADIO Wi-Fi RX type=1 id=15 seq=95 len=10
RADIO Wi-Fi cmd=15 seq=95 ack=1 status=0 response=0 ret=0
RADIO Wi-Fi RX type=1 id=15 seq=96 len=10
RADIO Wi-Fi cmd=15 seq=96 ack=1 status=0 response=0 ret=0
RADIO Wi-Fi RX type=1 id=15 seq=97 len=10
RADIO Wi-Fi cmd=15 seq=97 ack=1 status=0 response=0 ret=0
TRACK q=13119 s=4 dx=0.0 dRADIO Wi-Fi RX type=1 id=15 seq=98 len=10
RADIO Wi-Fi cmd=15 seq=98 ack=1 status=0 response=0 ret=0
RADIO Wi-Fi RX type=1 id=15 seq=99 len=10
RADIO Wi-Fi cmd=15 seq=99 ack=1 status=0 response=0 ret=0
RADIO Wi-Fi RX type=1 id=15 seq=100 len=10
RADIO Wi-Fi cmd=15 seq=100 ack=1 status=0 response=0 ret=0
RADIO Wi-Fi RX type=1 id=15 seq=101 len=10
RADIO Wi-Fi cmd=15 seq=101 ack=1 status=0 response=0 ret=0
RADIO Wi-Fi RX type=1 id=15 seq=102 len=10
RADIO Wi-Fi cmd=15 seq=102 ack=1 status=0 response=0 ret=0
RADIO Wi-Fi RX type=1 id=15 seq=103 len=10
RADIO Wi-Fi cmd=15 seq=103 ack=1 status=0 response=0 ret=0
TRACK q=13122 s=4 dx=0.0 dy=0.0 x=0 y=0 tx=0 age=91446
RADIO Wi-Fi RX type=1 id=15 seq=104 len=10
RADIO Wi-Fi cmd=15 seq=104 ack=1 status=0 response=0 ret=0
RADIO Wi-Fi RX type=1 id=15 seq=105 len=10
RADIO Wi-Fi cmd=15 seq=105 ack=1 status=0 response=0 ret=0
RADIO Wi-Fi RX type=1 id=15 seq=106 len=10
RADIO Wi-Fi cmd=15 seq=106 ack=1 status=0 response=0 ret=0
RADIO Wi-Fi RX type=1 id=15 seq=107 len=10
RADIO Wi-Fi cmd=15 seq=107 ack=1 status=0 response=0 ret=0
RADIO Wi-Fi RX type=1 id=15 seq=108 len=10
RADIO Wi-Fi cmd=15 seq=108 ack=1 status=0 response=0 ret=0
RADIO Wi-Fi RX type=1 id=15 seq=109 len=10
RADIO Wi-Fi cmd=15 seq=109 ack=1 status=0 response=0 ret=0
TRACK q=13124 s=4 dx=0.0 dy=0.0 x=0 y=0 tx=0 age=110671
RADIO Wi-Fi RX type=1 id=15 seq=110 len=10
RADIO Wi-Fi cmd=15 seq=110 ack=1 status=0 response=0 ret=0
RADIO Wi-Fi RX type=1 id=15 seq=111 len=10
RADIO Wi-Fi cmd=15 seq=111 ack=1 status=0 response=0 ret=0
RADIO Wi-Fi RX type=1 id=15 seq=112 len=10
RADIO Wi-Fi cmd=15 seq=112 ack=1 status=0 response=0 ret=0
RADIO Wi-Fi RX type=1 id=15 seq=113 len=10
RADIO Wi-Fi cmd=15 seq=113 ack=1 status=0 response=0 ret=0
RADIO Wi-Fi RX type=1 id=15 seq=114 len=10
RADIO Wi-Fi cmd=15 seq=114 ack=1 status=0 response=0 ret=0
RADIO Wi-Fi RX type=1 id=15 seq=115 len=10
RADIO Wi-Fi cmd=15 seq=115 ack=1 status=0 response=0 ret=0
TRACK q=13127 s=4 dx=0.0 dy=0.0 x=0 y=0 tx=0 age=97891
RADIO Wi-Fi RX type=1 id=15 seq=116 len=10
RADIO Wi-Fi cmd=15 seq=116 ack=1 status=0 response=0 ret=0
RADIO Wi-Fi RX type=1 id=15 seq=117 len=10
RADIO Wi-Fi cmd=15 seq=117 ack=1 status=0 response=0 ret=0
RADIO Wi-Fi RX type=1 id=15 seq=118 len=10
RADIO Wi-Fi cmd=15 seq=118 ack=1 status=0 response=0 ret=0
RADIO Wi-Fi RX type=1 id=15 seq=119 len=10
RADIO Wi-Fi cmd=15 seq=119 ack=1 status=0 response=0 ret=0
RADIO Wi-Fi RX type=1 id=15 seq=120 len=10
RADIO Wi-Fi cmd=15 seq=120 ack=1 status=0 response=0 ret=0
RADIO Wi-Fi RX type=1 id=15 seq=121 len=10
RADIO Wi-Fi cmd=15 seq=121 ack=1 status=0 response=0 ret=0
TRACK q=13130 s=4 dx=0.0 dy=0.0 x=0 y=0 tx=0 age=85114
RADIO Wi-Fi RX type=1 id=15 seq=122 len=10
RADIO Wi-Fi cmd=15 seq=122 aRADIO Wi-Fi RX type=1 id=15 seq=123 len=10
RADIO Wi-Fi cmd=15 seq=123 ack=1 status=0 response=0 ret=0
RADIO Wi-Fi RX type=1 id=15 seq=124 len=10
RADIO Wi-Fi cmd=15 seq=124 ack=1 status=0 response=0 ret=0
RADIO Wi-Fi RX type=1 id=15 seq=125 len=10
RADIO Wi-Fi cmd=15 seq=125 ack=1 status=0 response=0 ret=0
RADIO Wi-Fi RX type=1 id=15 seq=126 len=10
RADIO Wi-Fi cmd=15 seq=126 ack=1 status=0 response=0 ret=0
RADIO Wi-Fi RX type=1 id=15 seq=127 len=10
RADIO Wi-Fi cmd=15 seq=127 ack=1 status=0 response=0 ret=0
RADIO Wi-Fi RX type=1 id=15 seq=128 len=10
RADIO Wi-Fi cmd=15 seq=128 ack=1 status=0 response=0 ret=0
TRACK q=13132 s=4 dx=0.0 dy=0.0 x=0 y=0 tx=0 age=104276
RADIO Wi-Fi RX type=1 id=15 seq=129 len=10
RADIO Wi-Fi cmd=15 seq=129 ack=1 status=0 response=0 ret=0
RADIO Wi-Fi RX type=1 id=15 seq=130 len=10
RADIO Wi-Fi cmd=15 seq=130 ack=1 status=0 response=0 ret=0
RADIO Wi-Fi RX type=1 id=15 seq=131 len=10
RADIO Wi-Fi cmd=15 seq=131 ack=1 status=0 response=0 ret=0
RADIO Wi-Fi RX type=1 id=15 seq=132 len=10
RADIO Wi-Fi cmd=15 seq=132 ack=1 status=0 response=0 ret=0
RADIO Wi-Fi RX type=1 id=15 seq=133 len=10
RADIO Wi-Fi cmd=15 seq=133 ack=1 status=0 response=0 ret=0
RADIO Wi-Fi RX type=1 id=15 seq=134 len=10
RADIO Wi-Fi cmd=15 seq=134 ack=1 status=0 response=0 ret=0
TRACK q=13135 s=4 dx=0.0 dy=0.0 x=0 y=0 tx=0 age=91676
RADIO Wi-Fi RX type=1 id=15 seq=135 len=10
RADIO Wi-Fi cmd=15 seq=135 ack=1 status=0 response=0 ret=0
RADIO Wi-Fi RX type=1 id=15 seq=136 len=10
RADIO Wi-Fi cmd=15 seq=136 ack=1 status=0 response=0 ret=0
RADIO Wi-Fi RX type=1 id=15 seq=137 len=10
RADIO Wi-Fi cmd=15 seq=137 ack=1 status=0 response=0 ret=0
RADIO Wi-Fi RX type=1 id=15 seq=138 len=10
RADIO Wi-Fi cmd=15 seq=138 ack=1 status=0 response=0 ret=0
RADIO Wi-Fi RX type=1 id=15 seq=139 len=10
RADIO Wi-Fi cmd=15 seq=139 ack=1 status=0 response=0 ret=0
RADIO Wi-Fi RX type=1 id=15 seq=140 len=10
RADIO Wi-Fi cmd=15 seq=140 ack=1 status=0 response=0 ret=0
TRACK q=13137 s=4 dx=0.0 dy=0.0 x=0 y=0 tx=0 age=110934
RADIO Wi-Fi RX type=1 id=15 seq=141 len=10
RADIO Wi-Fi cmd=15 seq=141 ack=1 status=0 response=0 ret=0
RADIO Wi-Fi RX type=1 id=15 seq=142 len=10
RADIO Wi-Fi cmd=15 seq=142 ack=1 status=0 response=0 ret=0
RADIO Wi-Fi RX type=1 id=15 seq=143 len=10
RADIO Wi-Fi cmd=15 seq=143 ack=1 status=0 response=0 ret=0
RADIO Wi-Fi RX type=1 id=15 seq=144 len=10
RADIO Wi-Fi cmd=15 seq=144 ack=1 status=0 response=0 ret=0
RADIO Wi-Fi RX type=1 id=15 seq=145 len=10
RADIO Wi-Fi cmd=15 seq=145 ack=1 status=0 response=0 ret=0
RADIO Wi-Fi RX type=1 id=15 seq=146 len=10
RADIO Wi-Fi cmd=15 seq=146 ack=1 status=0 response=0 ret=0
TRACK q=13139 s=4 dx=0.0 dy=0.0 x=0 y=0 tx=0 age=130140
RADIO Wi-Fi RX type=1 id=15 seq=147 len=10
RADIO Wi-Fi cmd=15 seq=147 ack=1 status=0 response=0 ret=0
RADIO Wi-Fi RX type=1 id=15 seq=148 len=10
RADIO Wi-Fi cmd=15 seq=148 ack=1 status=0 response=0 ret=0
RADIO Wi-Fi RX type=1 id=15 seq=149 len=10
RADIO Wi-Fi cmd=15 seq=149 ack=1 status=0 response=0 ret=0
RADIO Wi-Fi RX type=1 id=15 seq=150 len=10
RADIO Wi-Fi cmd=15 seq=150 ack=1 status=0 response=0 ret=0
RADIO Wi-Fi RX type=1 id=15 seq=151 len=10
RADIO Wi-Fi cmd=15 seq=151 ack=1 status=0 response=0 ret=0
RADIO Wi-Fi RX type=1 id=15 seq=152 len=10
RADIO Wi-Fi cmd=15 seq=152 ack=1 status=0 response=0 ret=0
TRACK q=13142 s=4 dx=0.0 dy=0.0 x=0 y=0 tx=0 age=85498
RADIO Wi-Fi RX type=1 id=15 seq=153 len=10
RADIO Wi-Fi cmd=15 seq=153 ack=1 status=0 response=0 ret=0
RADIO Wi-Fi RX type=1 id=15 seq=154 len=10
RADIO Wi-Fi cmd=15 seq=154 ack=1 status=0 response=0 ret=0
RADIO Wi-Fi RX type=1 id=15 seq=155 len=10
RADIO Wi-Fi cmd=15 seq=155 ack=1 status=0 response=0 ret=0
RADIO Wi-Fi RX type=1 id=15 seq=156 len=10
RADIO Wi-Fi cmd=15 seq=156 ack=1 status=0 response=0 ret=0
RADIO Wi-Fi RX type=1 id=15 seq=157 len=10
RADIO Wi-Fi cmd=15 seq=157 ack=1 status=0 response=0 ret=0
TRACK q=13144 s=4 dx=0.0 dy=0.0 x=0 y=0 tx=0 age=104591
RADIO Wi-Fi RX type=1 id=15 seq=158 len=10
RADIO Wi-Fi cmd=15 seq=158 ack=1 status=0 response=0 ret=0
RADIO Wi-Fi RX type=1 id=15 seq=159 len=10
RADIO Wi-Fi cmd=15 seq=159 ack=1 status=0 response=0 ret=0
RADIO Wi-Fi RX type=1 id=15 seq=160 len=10
RADIO Wi-Fi cmd=15 seq=160 ack=1 status=0 response=0 ret=0
RADIO Wi-Fi RX type=1 id=15 seq=161 len=10
RADIO Wi-Fi cmd=15 seq=161 ack=1 status=0 response=0 ret=0
RADIO Wi-Fi RX type=1 id=15 seq=162 len=10
RADIO Wi-Fi cmd=15 seq=162 ack=1 status=0 response=0 ret=0
RADIO Wi-Fi RX type=1 id=15 seq=163 len=10
RADIO Wi-Fi cmd=15 seq=163 ack=1 status=0 response=0 ret=0
RADIO Wi-Fi RX type=1 id=15 seq=164 len=10
RADIO Wi-Fi cmd=15 seq=164 ack=1 status=0 response=0 ret=0
TRACK q=13147 s=4 dx=0.07
RADIO Wi-Fi RX type=1 id=15 seq=165 len=10
RADIO Wi-Fi cmd=15 seq=165 ack=1 status=0 response=0 ret=0
RADIO Wi-Fi RX type=1 id=15 seq=166 len=10
RADIO Wi-Fi cmd=15 seq=166 ack=1 status=0 response=0 ret=0
RADIO Wi-Fi RX type=1 id=15 seq=167 len=10
RADIO Wi-Fi cmd=15 seq=167 ack=1 status=0 response=0 ret=0
RADIO Wi-Fi RX type=1 id=15 seq=168 len=10
RADIO Wi-Fi cmd=15 seq=168 ack=1 status=0 response=0 ret=0
RADIO Wi-Fi RX type=1 id=15 seq=169 len=10
RADIO Wi-Fi cmd=15 seq=169 ack=1 status=0 response=0 ret=0
RADIO Wi-Fi RX type=1 id=15 seq=170 len=10
RADIO Wi-Fi cmd=15 seq=170 ack=1 status=0 response=0 ret=0
TRACK q=13149 s=4 dx=0.0 dy=0.0 x=0 y=0 tx=0 age=111173
RADIO Wi-Fi RX type=1 id=15 seq=171 len=10
RADIO Wi-Fi cmd=15 seq=171 ack=1 status=0 response=0 ret=0
RADIO Wi-Fi RX type=1 id=15 seq=172 len=10
RADIO Wi-Fi cmd=15 seq=172 ack=1 status=0 response=0 ret=0
RADIO Wi-Fi RX type=1 id=15 seq=173 len=10
RADIO Wi-Fi cmd=15 seq=173 ack=1 status=0 response=0 ret=0
RADIO Wi-Fi RX type=1 id=15 seq=174 len=10
RADIO Wi-Fi cmd=15 seq=174 ack=1 status=0 response=0 ret=0
RADIO Wi-Fi RX type=1 id=15 seq=175 len=10
RADIO Wi-Fi cmd=15 seq=175 ack=1 status=0 response=0 ret=0
RADIO Wi-Fi RX type=1 id=15 seq=176 len=10
RADIO Wi-Fi cmd=15 seq=176 ack=1 status=0 response=0 ret=0
TRACK q=13152 s=4 dx=0.0 dy=0.0 x=0 y=0 tx=0 age=98362
RADIO Wi-Fi RX type=1 id=15 seq=177 len=10
RADIO Wi-Fi cmd=15 seq=177 ack=1 status=0 response=0 ret=0
RADIO Wi-Fi RX type=1 id=15 seq=178 len=10
RADIO Wi-Fi cmd=15 seq=178 ack=1 status=0 response=0 ret=0
RADIO Wi-Fi RX type=1 id=15 seq=179 len=10
RADIO Wi-Fi cmd=15 seq=179 ack=1 status=0 response=0 ret=0
RADIO Wi-Fi RX type=1 id=15 seq=180 len=10
RADIO Wi-Fi cmd=15 seq=180 ack=1 status=0 response=0 ret=0
RADIO Wi-Fi RX type=1 id=15 seq=181 len=10
RADIO Wi-Fi cmd=15 seq=181 ack=1 status=0 response=0 ret=0
RADIO Wi-Fi RX type=1 id=15 seq=182 len=10
RADIO Wi-Fi cmd=15 seq=182 ack=1 status=0 response=0 ret=0
RADIO Wi-Fi RX type=1 id=15 seq=183 len=10
RADIO Wi-Fi cmd=15 seq=183 ack=1 status=0 response=0 ret=0
TRACK q=13155 s=4 dx=0.0 dy=0.0 x=0 y=0 tx=0 age=85474
RADIO Wi-Fi RX type=1 id=15 seq=184 len=10
RADIO Wi-Fi cmd=15 seq=184 ack=1 status=0 response=0 ret=0
RADIO Wi-Fi RX type=1 id=15 seq=185 len=10
RADIO Wi-Fi cmd=15 seq=185 ack=1 status=0 response=0 ret=0
RADIO Wi-Fi RX type=1 id=15 seq=186 len=10
RADIO Wi-Fi cmd=15 seq=186 ack=1 status=0 response=0 ret=0
RADIO Wi-Fi RX type=1 id=15 seq=187 len=10
RADIO Wi-Fi cmd=15 seq=187 ack=1 status=0 response=0 ret=0
RADIO Wi-Fi RX type=1 id=15 seq=188 len=10
RADIO Wi-Fi cmd=15 seq=188 ack=1 status=0 response=0 ret=0
WIFI data rejected ret=-13 parsed=0 meta=0a04 flags=77 offset=74 index=1 seq=59 lastbyte=01 wire=76 length=54
RADIO Wi-Fi RX type=1 id=15 seq=189 len=10
RADIO Wi-Fi cmd=15 seq=189 ack=1 status=0 response=0 ret=0
TRACK q=13157 s=4 dx=0.0 dy=0.0 x=0 y=0 tx=0 age=104682
RADIO Wi-Fi RX type=1 id=15 seq=190 len=10
RADIO Wi-Fi cmd=15 seq=190 ack=1 status=0 response=0 ret=0
RADIO Wi-Fi RX type=1 id=15 seq=191 len=10
RADIO Wi-Fi cmd=15 seq=191 ack=1 status=0 response=0 ret=0
RADIO Wi-Fi RX type=1 id=15 seq=192 len=10
RADIO Wi-Fi cmd=15 seq=192 ack=1 status=0 response=0 ret=0
RADIO Wi-Fi RX type=1 id=15 seq=193 len=10
RADIO Wi-Fi cmd=15 seq=193 ack=1 status=0 response=0 ret=0
RADIO Wi-Fi RX type=1 id=15 seq=194 len=10
RADIO Wi-Fi cmd=15 seq=194 ack=1 status=0 response=0 ret=0
RADIO Wi-Fi RX type=1 id=15 seq=195 len=10
RADIO Wi-Fi cmd=15 seq=195 ack=1 status=0 response=0 ret=0
TRACK q=13160 s=4 dx=0.0 dy=0.0 x=0 y=0 tx=0 age=92086
RADIO Wi-Fi RX type=1 id=15 seq=196 len=10
RADIO Wi-Fi cmd=15 seq=196 ack=1 status=0 response=0 ret=0
RADIO Wi-Fi RX type=1 id=15 seq=197 len=10
RADIO Wi-Fi cmd=15 seq=197 ack=1 status=0 response=0 ret=0
RADIO Wi-Fi RX type=1 id=15 seq=198 len=10
RADIO Wi-Fi cmd=15 seq=198 ack=1 status=0 response=0 ret=0
RADIO Wi-Fi RX type=1 id=15 seq=199 len=10
RADIO Wi-Fi cmd=15 seq=199 ack=1 status=0 response=0 ret=0
RADIO Wi-Fi RX type=1 id=15 seq=200 len=10
RADIO Wi-Fi cmd=15 seq=200 ack=1 status=0 response=0 ret=0
RADIO Wi-Fi RX type=1 id=15 seq=201 len=10
RADIO Wi-Fi cmd=15 seq=201 ack=1 status=0 response=0 ret=0
TRACK q=13161 s=4 dx=0.0 dy=0.0 x=0 y=0 tx=0 age=143616
RADIO Wi-Fi RX type=1 id=15 seq=202 len=10
RADIO Wi-Fi cmd=15 seq=202 ack=1 status=0 response=0 ret=0
RADIO Wi-Fi RX type=1 id=15 seq=203 len=10
RADIO Wi-Fi cmd=15 seq=203 ack=1 status=0 response=0 ret=0
RADIO Wi-Fi RX type=1 id=15 seq=204 len=10
RADIO Wi-Fi cmd=15 seq=204 ack=1 status=0 response=0 ret=0
RADIO Wi-Fi RX type=1 id=15 seq=205 len=10
RADIO Wi-Fi cmd=15 seq=205 ack=1 status=0 response=0 ret=0
RADIO Wi-Fi RX type=1 id=15 seq=206 len=10
RADIO Wi-Fi cmd=15 seq=206 ack=1 status=0 response=0 ret=0
RADIO Wi-Fi RX type=1 id=15 seq=207 len=10
RADIO Wi-Fi cmd=15 seq=207 ack=1 status=0 response=0 ret=0
RADIO Wi-Fi RX type=1 id=15 seq=208 len=10
RADIO Wi-Fi cmd=15 seq=208 ack=1 status=0 response=0 ret=0
TRACK q=13164 s=4 dx=0.0 dy=0.0 x=0 y=0 tx=0 age=98875
RADIO Wi-Fi RX type=1 id=15 seq=209 len=10
RADIO Wi-Fi cmd=15 seq=209 ack=1 status=0 response=0 ret=0
RADIO Wi-Fi RX type=1 id=15 seq=210 len=10
RADIO Wi-Fi cmd=15 seq=210 ack=1 status=0 response=0 ret=0
RADIO Wi-Fi RX type=1 id=15 seq=211 len=10
RADIO Wi-Fi cmd=15 seq=211 ack=1 status=0 response=0 ret=0
RADIO Wi-Fi RX type=1 id=15 seq=212 len=10
RADIO Wi-Fi cmd=15 seq=212 ack=1 status=0 response=0 ret=0
RADIO Wi-Fi RX type=1 id=15 seq=213 len=10
RADIO Wi-Fi cmd=15 seq=213 ack=1 status=0 response=0 ret=0
RADIO Wi-Fi RX type=1 id=15 seq=214 len=10
RADIO Wi-Fi cmd=15 seq=214 ack=1 status=0 response=0 ret=0
TRACK q=13167 s=4 dx=0.0 dy=0.0 x=0 y=0 tx=0 age=86122
RADIO Wi-Fi RX type=1 id=15 seq=215 len=10
RADIO Wi-Fi cmd=15 seq=215 ack=1 status=0 response=0 ret=0
RADIO Wi-Fi RX type=1 id=15 seq=216 len=10
RADIO Wi-Fi cmd=15 seq=216 ack=1 status=0 response=0 ret=0
RADIO Wi-Fi RX type=1 id=15 seq=217 len=10
RADIO Wi-Fi cmd=15 seq=217 ack=1 status=0 response=0 ret=0
RADIO Wi-Fi RX type=1 id=15 seq=218 len=10
RADIO Wi-Fi cmd=15 seq=218 ack=1 status=0 response=0 ret=0
RADIO Wi-Fi RX type=1 id=15 seq=219 len=10
RADIO Wi-Fi cmd=15 seq=219 ack=1 status=0 response=0 ret=0
RADIO Wi-Fi RX type=1 id=15 seq=220 len=10
RADIO Wi-Fi cmd=15 seq=220 ack=1 status=0 response=0 ret=0
TRACK q=13169 s=4 dx=0.0 dy=0.0 x=0 y=0 tx=0 age=105304
RADIO Wi-Fi RX type=1 id=15 seq=221 len=10
RADIO Wi-Fi cmd=15 seq=221 ack=1 status=0 response=0 ret=0
RADIO Wi-Fi RX type=1 id=15 seq=222 len=10
RADIO Wi-Fi cmd=15 seq=222 ack=1 status=0 response=0 ret=0
RADIO Wi-Fi RX type=1 id=15 seq=223 len=10
RADIO Wi-Fi cmd=15 seq=223 ack=1 status=0 response=0 ret=0
RADIO Wi-Fi RX type=1 id=15 seq=224 len=10
RADIO Wi-Fi cmd=15 seq=224 ack=1 status=0 response=0 ret=0
RADIO Wi-Fi RX type=1 id=15 seq=225 len=10
RADIO Wi-Fi cmd=15 seq=225 ack=1 status=0 response=0 ret=0
RADIO Wi-Fi RX type=1 id=15 seq=226 len=10
RADIO Wi-Fi cmd=15 seq=226 ack=1 status=0 response=0 ret=0
TRACK q=13172 s=4 dx=0.0 dy=0.0 x=0 y=0 tx=0 age=92588
RADIO Wi-Fi RX type=1 id=15 seq=227 len=10
RADIO Wi-Fi cmd=15 seq=227 ack=1 status=0 response=0 ret=0
RADIO Wi-Fi RX type=1 id=15 seq=228 len=10
RADIO Wi-Fi cmd=15 seq=228 ack=1 status=0 response=0 ret=0
RADIO Wi-Fi RX type=1 id=15 seq=229 len=10
RADIO Wi-Fi cmd=15 seq=229 ack=1 status=0 response=0 ret=0
RADIO Wi-Fi RX type=1 id=15 seq=230 len=10
RADIO Wi-Fi cmd=15 seq=230 ack=1 status=0 response=0 ret=0
RADIO Wi-Fi RX type=1 id=15 seq=231 len=10
RADIO Wi-Fi cmd=15 seq=231 ack=1 status=0 response=0 ret=0
RADIO Wi-Fi RX type=1 id=15 seq=232 len=10
RADIO Wi-Fi cmd=15 seq=232 ack=1 status=0 response=0 ret=0
TRACK q=13174 s=4 dx=0.0 dy=0.0 x=0 y=0 tx=0 age=111742
RADIO Wi-Fi RX type=1 id=15 seq=233 len=10
RADIO Wi-Fi cmd=15 seq=233 ack=1 status=0 response=0 ret=0
RADIO Wi-Fi RX type=1 id=15 seq=234 len=10
RADIO Wi-Fi cmd=15 seq=234 ack=1 status=0 response=0 ret=0
RADIO Wi-Fi RX type=1 id=15 seq=235 len=10
RADIO Wi-Fi cmd=15 seq=235 ack=1 status=0 response=0 ret=0
RADIO Wi-Fi RX type=1 id=15 seq=236 len=10
RADIO Wi-Fi cmd=15 seq=236 ack=1 status=0 response=0 ret=0
RADIO Wi-Fi RX type=1 id=15 seq=237 len=10
RADIO Wi-Fi cmd=15 seq=237 ack=1 status=0 response=0 ret=0
TRACK q=13177 s=4 dx=0.0 dy=0.0 x=0 y=0 tx=0 age=98960
RADIO Wi-Fi RX type=1 id=15 seq=238 len=10
RADIO Wi-Fi cmd=15 seq=238 ack=1 status=0 response=0 ret=0
RADIO Wi-Fi RX type=1 id=15 seq=239 len=10
RADIO Wi-Fi cmd=15 seq=239 ack=1 status=0 response=0 ret=0
RADIO Wi-Fi RX type=1 id=15 seq=240 len=10
RADIO Wi-Fi cmd=15 seq=240 ack=1 status=0 response=0 ret=0
RADIO Wi-Fi RX type=1 id=15 seq=241 len=10
RADIO Wi-Fi cmd=15 seq=241 ack=1 status=0 response=0 ret=0
RADIO Wi-Fi RX type=1 id=15 seq=242 len=10
RADIO Wi-Fi cmd=15 seq=242 ack=1 status=0 response=0 ret=0
RADIO Wi-Fi RX type=1 id=15 seq=243 len=10
RADIO Wi-Fi cmd=15 seq=243 ack=1 status=0 response=0 ret=0
RADIO Wi-Fi RX type=1 id=15 seq=244 len=10
RADIO Wi-Fi cmd=15 seq=244 ack=1 status=0 response=0 ret=0
TRACK q=13180 s=4 dx=0.0 dy=0.0 x=0 y=0 tx=0 age=86113
RADIO Wi-Fi RX type=1 id=15 seq=245 len=10
RADIO Wi-Fi cmd=15 seq=245 ack=1 status=0 response=0 ret=0
RADIO Wi-Fi RX type=1 id=15 seq=246 len=10
RADIO Wi-Fi cmd=15 seq=246 ack=1 status=0 response=0 ret=0
RADIO Wi-Fi RX type=1 id=15 seq=247 len=10
RADIO Wi-Fi cmd=15 seq=247 ack=1 status=0 response=0 ret=0
RADIO Wi-Fi RX type=1 id=15 seq=248 len=10
RADIO Wi-Fi cmd=15 seq=248 ack=1 status=0 response=0 ret=0
RADIO Wi-Fi RX type=1 id=15 seq=249 len=10
RADIO Wi-Fi cmd=15 seq=249 ack=1 status=0 response=0 ret=0
SOUND timing direction=rx stream_start_us=1073030747 result=0
SOUND experiment clear=0 reset=0 clockwait20=0
SOUND slot_mask offset=3c value=00000000
SOUND slot_mask offset=40 value=00000000
SOUND slot_mask offset=44 value=00000000
SOUND slot_mask offset=48 value=00000000
SOUND slot_mask offset=4c value=00000000
SOUND slot_mask offset=50 value=00000000
SOUND slot_mask offset=54 value=00000000
SOUND slot_mask offset=58 value=00000000
SOUND pio=0 frames=48000 polls=2291192 stop=0 held=0 max_fifo=4
SOUND grouped words=768000 mismatches=0
SOUND fifo first=00000000 last=00000000 TXCR=00000fff Ri-Fi RX type=1 id=15 seq=250 len=10
fff FSCR=0101f03f CKR=00000 seq=250 ack=1 status=0 response=0 ret=0
SOUND trace start=1073030747 end=1076030801 started=1 count=32
SOUND trace_init index=0 value=00000000 rc=0
SOUND trace_init index=1 value=00000002 rc=0
SOUND trace_init index=2 value=00700fff rc=0
SOUND trace_init index=3 value=000000e4 rc=0
SOUND trace_init index=4 value=00000000 rc=0
SOUND trace_init index=5 value=0000000b rc=0
SOUND trace_word index=0 us=1073030826 before=00041041 word=ffffffff after=00041040 rc=0,0,0
SOUND trace_word index=1 us=1073030828 before=00041040 word=00000000 after=00041040 rc=0,0,0
SOUND trace_word index=2 us=1073030830 before=00041040 word=ffffffff after=00041000 rc=0,0,0
SOUND trace_word index=3 us=1073030832 before=00041000 word=00000000 after=00041000 rc=0,0,0
TRACK q=13182 s=4 dx=0.0 dy=0.0 x=0 y=0 tx=0 age=105539
SOUND trace_word index=4 us=1073030833 before=00041000 word=ffffffff after=00040000 rc=0,0,0
SOUND trace_word index=5 us=1073030835 before=00040000 word=0000RADIO Wi-Fi RX type=1 id=15 seq=251 len=10
0000 after=00040000 rc=0,0,0
RADIO Wi-Fi cmd=15 seq=251 ack=1 status=0 response=0 ret=0
SOUND trace_word index=6 us=1073030837 before=00040000 word=ffffffff after=00000000 rc=0,0,0
SOUND trace_word index=7 us=1073030838 before=00000000 word=00000000 after=00000000 rc=0,0,0
SOUND trace_word index=8 us=1073030857 before=00041041 word=ffffffff after=00041040 rc=0,0,0
SOUND trace_word index=9 us=1073030859 before=00041 us=1073030860 before=00041040 word=ffffffff after=00041000 rc=0ter=00040000 rc=0,0,0
SOUND trace_word index=13 us=1073030865 b
SOUND trace_word index=15 us=1073030868 before=00000000 word=00
SOUND trace_word index=16 us=1073030889 before=00041041 word=f17 us=1073030891 before=00041040 word=00000000 after=00041040 rcefore=00041000 word=00000000 after=00041000 rc=0,0,0
SOUND tracord index=20 us=1073030896 before=00041000 word=ffffffff after=000 after=00040000 rc=0,0,0
SOUND trace_word index=22 us=1073030
SOUND trace_word index=23 us=1073030901 before=00000000 word=0fffffff after=00041040 rc=0,0,0
SOUND trace_word index=25 us=10r=00041040 rc=0,0,0
SOUND trace_word index=26 us=1073030924 befrc=0,0,0
SOUND trace_word index=27 us=1073030925 before=0004100word index=29 us=1073030929 before=00040000 word=00000000 after=
SOUND trace_word index=30 us=1073030930 before=00040000 word=f30932 before=00000000 word=00000000 after=00000000 rc=0,0,0
SOU02 value=00
SOUND codec reg=03 value=00
SOUND codec reg=04 val0a value=f0
SOUND codec reg=0b value=82
SOUND codec reg=0c value=10
SOUND codec reg=0d value=02
SOUND codec reg=0f value=20
SOUND codec reg=17 value=20
SOUND codec reg=18 value=02
SOUND codec reg=19 value=06
SOUND codec reg=1a value=30
SOUND codec reg=1b value=30
SOUND codec reg=27 value=b8
SOUND codec reg=2a value=b8
SOUND codec reg=2b vl=00005515 schmitt=000000ff path=000000e4 gpio_high=50365 transichanges=37616
SOUND pad channel=1 high=25180 changes=40960
SOUh=25215 changes=640
SOUND pad channel=3 high=50365 changes=0
Sght_min=-23606016 right_max=26391296 right_nonzero=47999
SOUND result=0 codec_stop=0 platform_restore=0 i2c_restore=0 amp_low=1
RADIO Wi-Fi RX type=1 id=15 seq=252 len=10
RADIO Wi-Fi cmd=15 seq=252 ack=1 status=0 response=0 ret=0
TRACK q=13184 s=4 dx=0.0 dy=0.0 x=0 y=0 tx=0 age=94142
K7CLOUD asr result=0 frames_sent=150 completed=1
K7CLOUD timing asr_completed_us=1076187103 result=0
K7CLOUD device intent=0
RADIO Wi-Fi RX type=1 id=15 seq=253 len=10
RADIO Wi-Fi cmd=15 seq=253 ack=1 status=0 response=0 ret=0
RADIO Wi-Fi RX type=1 id=15 seq=254 len=10
RADIO Wi-Fi cmd=15 seq=254 ack=1 status=0 response=0 ret=0
RADIO Wi-Fi RX type=1 id=15 seq=255 len=10
RADIO Wi-Fi cmd=15 seq=255 ack=1 status=0 response=0 ret=0
TRACK q=13186 s=4 dx=0.0 dy=0.0 x=0 y=0 tx=0 age=113400
TRACK q=13189 s=4 dx=0.0 dy=0.0 x=0 y=0 tx=0 age=100689
TRACK q=13192 s=4 dx=0.0 dy=0.0 x=0 y=0 tx=0 age=88146
TRACK q=13194 s=4 dx=0.0 dy=0.0 x=0 y=0 tx=0 age=107417
TRACK q=13197 s=4 dx=0.0 dy=0.0 x=0 y=0 tx=0 age=94698
TRACK q=13199 s=4 dx=0.0 dy=0.0 x=0 y=0 tx=0 age=113979
TRACK q=13202 s=4 dx=0.0 dy=0.0 x=0 y=0 tx=0 age=101364
TRACK q=13205 s=4 dx=0.0 dy=0.0 x=0 y=0 tx=0 age=89040
TRACK q=13206 s=4 dx=0.0 dy=0.0 x=0 y=0 tx=0 age=108619
TRACK q=13209 s=4 dx=0.0 dy=0.0 x=0 y=0 tx=0 age=96014
TRACK q=13212 s=4 dx=0.0 dy=0.0 x=0 y=0 tx=0 age=83259
TRACK q=13214 s=4 dx=0.0 dy=0.0 x=0 y=0 tx=0 age=102830
TRACK q=13217 s=4 dx=0.0 dy=0.0 x=0 y=0 tx=0 age=90309
TRACK q=13219 s=4 dx=0.0 dy=0.0 x=0 y=0 tx=0 age=109649
TRACK q=13222 s=4 dx=0.0 dy=0.0 x=0 y=0 tx=0 age=96972
TRACK q=13225 s=4 dx=0.0 dy=0.0 x=0 y=0 tx=0 age=84393
TRACK q=13227 s=4 dx=0.0 dy=0.0 x=0 y=0 tx=0 age=103712
TRACK q=13229 s=4 dx=0.0 dy=0.0 x=0 y=0 tx=0 age=91184
TRACK q=13231 s=4 dx=0.0 dy=0.0 x=0 y=0 tx=0 age=110517
TRACK q=13234 s=4 dx=0.0 dy=0.0 x=0 y=0 tx=0 age=97833
TRACK q=13237 s=4 dx=0.0 dy=0.0 x=0 y=0 tx=0 age=85172
TRACK q=13239 s=4 dx=0.0 dy=0.0 x=0 y=0 tx=0 age=104559
TRACK q=13242 s=4 dx=0.0 dy=0.0 x=0 y=0 tx=0 age=91873
TRACK q=13244 s=4 dx=0.0 dy=0.0 x=0 y=0 tx=0 age=111272
TRACK q=13247 s=4 dx=0.0 dy=0.0 x=0 y=0 tx=0 age=98593
TRACK q=13249 s=4 dx=0.0 dy=0.0 x=0 y=0 tx=0 age=117979
TRACK q=13251 s=4 dx=0.0 dy=0.0 x=0 y=0 tx=0 age=105425
TRACK q=13254 s=4 dx=0.0 dy=0.0 x=0 y=0 tx=0 age=92754
TRACK q=13256 s=4 dx=0.0 dy=0.0 x=0 y=0 tx=0 age=112064
TRACK q=13259 s=4 dx=0.0 dy=0.0 x=0 y=0 tx=0 age=99443
TRACK q=13262 s=4 dx=0.0 dy=0.0 x=0 y=0 tx=0 age=86965
TRACK q=13264 s=4 dx=0.0 dy=0.0 x=0 y=0 tx=0 age=106325
TRACK q=13267 s=4 dx=0.0 dy=0.0 x=0 y=0 tx=0 age=93750
TRACK q=13269 s=4 dx=0.0 dy=0.0 x=0 y=0 tx=0 age=113032
TRACK q=13271 s=4 dx=0.0 dy=0.0 x=0 y=0 tx=0 age=132436
TRACK q=13274 s=4 dx=0.0 dy=0.0 x=0 y=0 tx=0 age=87913
TRACK q=13276 s=4 dx=0.0 dy=0.0 x=0 y=0 tx=0 age=107237
TRACK q=13279 s=4 dx=0.0 dy=0.0 x=0 y=0 tx=0 age=94526
TRACK q=13281 s=4 dx=0.0 dy=0.0 x=0 y=0 tx=0 age=113779
TRACK q=13284 s=4 dx=0.0 dy=0.0 x=0 y=0 tx=0 age=101211
TRACK q=13287 s=4 dx=0.0 dy=0.0 x=0 y=0 tx=0 age=88506
TRACK q=13289 s=4 dx=0.0 dy=0.0 x=0 y=0 tx=0 age=107842
TRACK q=13292 s=4 dx=0.0 dy=0.0 x=0 y=0 tx=0 age=95260
TRACK q=13293 s=4 dx=0.0 dy=0.0 x=0 y=0 tx=0 age=146527
TRACK q=13296 s=4 dx=0.0 dy=0.0 x=0 y=0 tx=0 age=102077
TRACK q=13299 s=4 dx=0.0 dy=0.0 x=0 y=0 tx=0 age=89479
TRACK q=13301 s=4 dx=0.0 dy=0.0 x=0 y=0 tx=0 age=108776
TRACK q=13304 s=4 dx=0.0 dy=0.0 x=0 y=0 tx=0 age=96114
TRACK q=13307 s=4 dx=0.0 dy=0.0 x=0 y=0 tx=0 age=83415
TRACK q=13309 s=4 dx=0.0 dy=0.0 x=0 y=0 tx=0 age=102762
TRACK q=13312 s=4 dx=0.0 dy=0.0 x=0 y=0 tx=0 age=90259
TRACK q=13314 s=4 dx=0.0 dy=0.0 x=0 y=0 tx=0 age=109526
TRACK q=13316 s=4 dx=0.0 dy=0.0 x=0 y=0 tx=0 age=97027
TRACK q=13319 s=4 dx=0.0 dy=0.0 x=0 y=0 tx=0 age=84403
TRACK q=13321 s=4 dx=0.0 dy=0.0 x=0 y=0 tx=0 age=103687
TRACK q=13324 s=4 dx=0.0 dy=0.0 x=0 y=0 tx=0 age=91022
TRACK q=13326 s=4 dx=0.0 dy=0.0 x=0 y=0 tx=0 age=110372
TRACK q=13329 s=4 dx=0.0 dy=0.0 x=0 y=0 tx=0 age=98059
TRACK q=13332 s=4 dx=0.0 dy=0.0 x=0 y=0 tx=0 age=85323
TRACK q=13334 s=4 dx=0.0 dy=0.0 x=0 y=0 tx=0 age=104704
TRACK q=13337 s=4 dx=0.0 dy=0.0 x=0 y=0 tx=0 age=92005
TRACK q=13338 s=4 dx=0.0 dy=0.0 x=0 y=0 tx=0 age=111675
TRACK q=13341 s=4 dx=0.0 dy=0.0 x=0 y=0 tx=0 age=98948
TRACK q=13344 s=4 dx=0.0 dy=0.0 x=0 y=0 tx=0 age=86226
TRACK q=13346 s=4 dx=0.0 dy=0.0 x=0 y=0 tx=0 age=105589
TRACK q=13349 s=4 dx=0.0 dy=0.0 x=0 y=0 tx=0 age=92942
TRACK q=13351 s=4 dx=0.0 dy=0.0 x=0 y=0 tx=0 age=112219
TRACK q=13354 s=4 dx=0.0 dy=0.0 x=0 y=0 tx=0 age=99641
TRACK q=13357 s=4 dx=0.0 dy=0.0 x=0 y=0 tx=0 age=86990
TRACK q=13359 s=4 dx=0.0 dy=0.0 x=0 y=0 tx=0 age=106391
TRACK q=13361 s=4 dx=0.0 dy=0.0 x=0 y=0 tx=0 age=93876
TRACK q=13363 s=4 dx=0.0 dy=0.0 x=0 y=0 tx=0 age=113068
TRACK q=13366 s=4 dx=0.0 dy=0.0 x=0 y=0 tx=0 age=100567
TRACK q=13369 s=4 dx=0.0 dy=0.0 x=0 y=0 tx=0 age=87873
TRACK q=13371 s=4 dx=0.0 dy=0.0 x=0 y=0 tx=0 age=107315
TRACK q=13374 s=4 dx=0.0 dy=0.0 x=0 y=0 tx=0 age=94601
TRACK q=13376 s=4 dx=0.0 dy=0.0 x=0 y=0 tx=0 age=113836
TRACK q=13379 s=4 dx=0.0 dy=0.0 x=0 y=0 tx=0 age=101190
TRACK q=13382 s=4 dx=0.0 dy=0.0 x=0 y=0 tx=0 age=88674
TRACK q=13383 s=4 dx=0.0 dy=0.0 x=0 y=0 tx=0 age=108135
TRACK q=13386 s=4 dx=0.0 dy=0.0 x=0 y=0 tx=0 age=95733
TRACK q=13388 s=4 dx=0.0 dy=0.0 x=0 y=0 tx=0 age=115104
TRACK q=13391 s=4 dx=0.0 dy=0.0 x=0 y=0 tx=0 age=102391
TRACK q=13394 s=4 dx=0.0 dy=0.0 x=0 y=0 tx=0 age=89697
TRACK q=13396 s=4 dx=0.0 dy=0.0 x=0 y=0 tx=0 age=109043
TRACK q=13399 s=4 dx=0.0 dy=0.0 x=0 y=0 tx=0 age=96585
TRACK q=13402 s=4 dx=0.0 dy=0.0 x=0 y=0 tx=0 age=84166
TRACK q=13404 s=4 dx=0.0 dy=0.0 x=0 y=0 tx=0 age=103477
TRACK q=13406 s=4 dx=0.0 dy=0.0 x=0 y=0 tx=0 age=90900
TRACK q=13408 s=4 dx=0.0 dy=0.0 x=0 y=0 tx=0 age=110359
TRACK q=13411 s=4 dx=0.0 dy=0.0 x=0 y=0 tx=0 age=97665
TRACK q=13414 s=4 dx=0.0 dy=0.0 x=0 y=0 tx=0 age=85019
TRACK q=13416 s=4 dx=0.0 dy=0.0 x=0 y=0 tx=0 age=104302
TRACK q=13419 s=4 dx=0.0 dy=0.0 x=0 y=0 tx=0 age=91564
TRACK q=13421 s=4 dx=0.0 dy=0.0 x=0 y=0 tx=0 age=111138
TRACK q=13424 s=4 dx=0.0 dy=0.0 x=0 y=0 tx=0 age=98386
TRACK q=13426 s=4 dx=0.0 dy=0.0 x=0 y=0 tx=0 age=117674
TRACK q=13428 s=4 dx=0.0 dy=0.0 x=0 y=0 tx=0 age=105131
TRACK q=13431 s=4 dx=0.0 dy=0.0 x=0 y=0 tx=0 age=92433
TRACK q=13433 s=4 dx=0.0 dy=0.0 x=0 y=0 tx=0 age=111741
TRACK q=13436 s=4 dx=0.0 dy=0.0 x=0 y=0 tx=0 age=99132
TRACK q=13439 s=4 dx=0.0 dy=0.0 x=0 y=0 tx=0 age=86442
TRACK q=13441 s=4 dx=0.0 dy=0.0 x=0 y=0 tx=0 age=105805
TRACK q=13444 s=4 dx=0.0 dy=0.0 x=0 y=0 tx=0 age=93134
TRACK q=13446 s=4 dx=0.0 dy=0.0 x=0 y=0 tx=0 age=112744
TRACK q=13448 s=4 dx=0.0 dy=0.0 x=0 y=0 tx=0 age=132197
TRACK q=13451 s=4 dx=0.0 dy=0.0 x=0 y=0 tx=0 age=87650
TRACK q=13453 s=4 dx=0.0 dy=0.0 x=0 y=0 tx=0 age=107030
TRACK q=13456 s=4 dx=0.0 dy=0.0 x=0 y=0 tx=0 age=94362
TRACK q=13458 s=4 dx=0.0 dy=0.0 x=0 y=0 tx=0 age=113640
TRACK q=13461 s=4 dx=0.0 dy=0.0 x=0 y=0 tx=0 age=101284
TRACK q=13464 s=4 dx=0.0 dy=0.0 x=0 y=0 tx=0 age=88657
TRACK q=13466 s=4 dx=0.0 dy=0.0 x=0 y=0 tx=0 age=107969
TRACK q=13469 s=4 dx=0.0 dy=0.0 x=0 y=0 tx=0 age=95379
TRACK q=13470 s=4 dx=0.0 dy=0.0 x=0 y=0 tx=0 age=146621
TRACK q=13473 s=4 dx=0.0 dy=0.0 x=0 y=0 tx=0 age=102087
TRACK q=13476 s=4 dx=0.0 dy=0.0 x=0 y=0 tx=0 age=89417
TRACK q=13478 s=4 dx=0.0 dy=0.0 x=0 y=0 tx=0 age=108891
TRACK q=13481 s=4 dx=0.0 dy=0.0 x=0 y=0 tx=0 age=96213
TRACK q=13484 s=4 dx=0.0 dy=0.0 x=0 y=0 tx=0 age=83521
TRACK q=13486 s=4 dx=0.0 dy=0.0 x=0 y=0 tx=0 age=102920
TRACK q=13489 s=4 dx=0.0 dy=0.0 x=0 y=0 tx=0 age=90491
TRACK q=13491 s=4 dx=0.0 dy=0.0 x=0 y=0 tx=0 age=109852
TRACK q=13493 s=4 dx=0.0 dy=0.0 x=0 y=0 tx=0 age=97370
TRACK q=13496 s=4 dx=0.0 dy=0.0 x=0 y=0 tx=0 age=84671
TRACK q=13498 s=4 dx=0.0 dy=0.0 x=0 y=0 tx=0 age=104140
TRACK q=13501 s=4 dx=0.0 dy=0.0 x=0 y=0 tx=0 age=91409
TRACK q=13503 s=4 dx=0.0 dy=0.0 x=0 y=0 tx=0 age=110967
TRACK q=13506 s=4 dx=0.0 dy=0.0 x=0 y=0 tx=0 age=98232
TRACK q=13509 s=4 dx=0.0 dy=0.0 x=0 y=0 tx=0 age=85475
TRACK q=13511 s=4 dx=0.0 dy=0.0 x=0 y=0 tx=0 age=104935
TRACK q=13514 s=4 dx=0.0 dy=0.0 x=0 y=0 tx=0 age=92237
TRACK q=13515 s=4 dx=0.0 dy=0.0 x=0 y=0 tx=0 age=111676
TRACK q=13518 s=4 dx=0.0 dy=0.0 x=0 y=0 tx=0 age=98953
TRACK q=13521 s=4 dx=0.0 dy=0.0 x=0 y=0 tx=0 age=86484
TRACK q=13523 s=4 dx=0.0 dy=0.0 x=0 y=0 tx=0 age=105883
TRACK q=13526 s=4 dx=0.0 dy=0.0 x=0 y=0 tx=0 age=93235
TRACK q=13528 s=4 dx=0.0 dy=0.0 x=0 y=0 tx=0 age=112532
TRACK q=13531 s=4 dx=0.0 dy=0.0 x=0 y=0 tx=0 age=99867
TRACK q=13534 s=4 dx=0.0 dy=0.0 x=0 y=0 tx=0 age=87114
TRACK q=13536 s=4 dx=0.0 dy=0.0 x=0 y=0 tx=0 age=106701
TRACK q=13538 s=4 dx=0.0 dy=0.0 x=0 y=0 tx=0 age=94507
TRACK q=13540 s=4 dx=0.0 dy=0.0 x=0 y=0 tx=0 age=113838
TRACK q=13543 s=4 dx=0.0 dy=0.0 x=0 y=0 tx=0 age=101088
TRACK q=13546 s=4 dx=0.0 dy=0.0 x=0 y=0 tx=0 age=88348
TRACK q=13548 s=4 dx=0.0 dy=0.0 x=0 y=0 tx=0 age=107664
TRACK q=13551 s=4 dx=0.0 dy=0.0 x=0 y=0 tx=0 age=95151
TRACK q=13553 s=4 dx=0.0 dy=0.0 x=0 y=0 tx=0 age=114417
TRACK q=13556 s=4 dx=0.0 dy=0.0 x=0 y=0 tx=0 age=101731
TRACK q=13558 s=4 dx=0.0 dy=0.0 x=0 y=0 tx=0 age=121146
TRACK q=13560 s=4 dx=0.0 dy=0.0 x=0 y=0 tx=0 age=108695
TRACK q=13563 s=4 dx=0.0 dy=0.0 x=0 y=0 tx=0 age=96090
TRACK q=13566 s=4 dx=0.0 dy=0.0 x=0 y=0 tx=0 age=83408
TRACK q=13568 s=4 dx=0.0 dy=0.0 x=0 y=0 tx=0 age=102732
TRACK q=13571 s=4 dx=0.0 dy=0.0 x=0 y=0 tx=0 age=90063
TRACK q=13573 s=4 dx=0.0 dy=0.0 x=0 y=0 tx=0 age=109340
TRACK q=13576 s=4 dx=0.0 dy=0.0 x=0 y=0 tx=0 age=96688
TRACK q=13579 s=4 dx=0.0 dy=0.0 x=0 y=0 tx=0 age=84201
TRACK q=13580 s=4 dx=0.0 dy=0.0 x=0 y=0 tx=0 age=135463
TRACK q=13583 s=4 dx=0.0 dy=0.0 x=0 y=0 tx=0 age=90862
TRACK q=13585 s=4 dx=0.0 dy=0.0 x=0 y=0 tx=0 age=110227
TRACK q=13588 s=4 dx=0.0 dy=0.0 x=0 y=0 tx=0 age=97502
TRACK q=13591 s=4 dx=0.0 dy=0.0 x=0 y=0 tx=0 age=85155
TRACK q=13593 s=4 dx=0.0 dy=0.0 x=0 y=0 tx=0 age=104538
TRACK q=13596 s=4 dx=0.0 dy=0.0 x=0 y=0 tx=0 age=91799
TRACK q=13598 s=4 dx=0.0 dy=0.0 x=0 y=0 tx=0 age=111218
TRACK q=13601 s=4 dx=0.0 dy=0.0 x=0 y=0 tx=0 age=98585
TRACK q=13603 s=4 dx=0.0 dy=0.0 x=0 y=0 tx=0 age=86034
TRACK q=13605 s=4 dx=0.0 dy=0.0 x=0 y=0 tx=0 age=105431
TRACK q=13608 s=4 dx=0.0 dy=0.0 x=0 y=0 tx=0 age=92651
TRACK q=13610 s=4 dx=0.0 dy=0.0 x=0 y=0 tx=0 age=111951
TRACK q=13613 s=4 dx=0.0 dy=0.0 x=0 y=0 tx=0 age=99376
TRACK q=13616 s=4 dx=0.0 dy=0.0 x=0 y=0 tx=0 age=86618
TRACK q=13618 s=4 dx=0.0 dy=0.0 x=0 y=0 tx=0 age=105884
TRACK q=13621 s=4 dx=0.0 dy=0.0 x=0 y=0 tx=0 age=93463
TRACK q=13623 s=4 dx=0.0 dy=0.0 x=0 y=0 tx=0 age=112711
TRACK q=13625 s=4 dx=0.0 dy=0.0 x=0 y=0 tx=0 age=100159
TRACK q=13628 s=4 dx=0.0 dy=0.0 x=0 y=0 tx=0 age=87368
TRACK q=13630 s=4 dx=0.0 dy=0.0 x=0 y=0 tx=0 age=106658
TRACK q=13633 s=4 dx=0.0 dy=0.0 x=0 y=0 tx=0 age=94138
TRACK q=13635 s=4 dx=0.0 dy=0.0 x=0 y=0 tx=0 age=113429
TRACK q=13638 s=4 dx=0.0 dy=0.0 x=0 y=0 tx=0 age=100699
TRACK q=13641 s=4 dx=0.0 dy=0.0 x=0 y=0 tx=0 age=87987
TRACK q=13643 s=4 dx=0.0 dy=0.0 x=0 y=0 tx=0 age=107738
TRACK q=13646 s=4 dx=0.0 dy=0.0 x=0 y=0 tx=0 age=95025
TRACK q=13647 s=4 dx=0.0 dy=0.0 x=0 y=0 tx=0 age=114436
TRACK q=13650 s=4 dx=0.0 dy=0.0 x=0 y=0 tx=0 age=101699
TRACK q=13653 s=4 dx=0.0 dy=0.0 x=0 y=0 tx=0 age=89255
TRACK q=13655 s=4 dx=0.0 dy=0.0 x=0 y=0 tx=0 age=108540
TRACK q=13658 s=4 dx=0.0 dy=0.0 x=0 y=0 tx=0 age=96065
TRACK q=13661 s=4 dx=0.0 dy=0.0 x=0 y=0 tx=0 age=83325
TRACK q=13663 s=4 dx=0.0 dy=0.0 x=0 y=0 tx=0 age=102698
TRACK q=13666 s=4 dx=0.0 dy=0.0 x=0 y=0 tx=0 age=89990
TRACK q=13668 s=4 dx=0.0 dy=0.0 x=0 y=0 tx=0 age=109406
TRACK q=13670 s=4 dx=0.0 dy=0.0 x=0 y=0 tx=0 age=96884
TRACK q=13673 s=4 dx=0.0 dy=0.0 x=0 y=0 tx=0 age=84397
TRACK q=13675 s=4 dx=0.0 dy=0.0 x=0 y=0 tx=0 age=103738
TRACK q=13678 s=4 dx=0.0 dy=0.0 x=0 y=0 tx=0 age=90968
TRACK q=13680 s=4 dx=0.0 dy=0.0 x=0 y=0 tx=0 age=110268
TRACK q=13683 s=4 dx=0.0 dy=0.0 x=0 y=0 tx=0 age=97518
TRACK q=13686 s=4 dx=0.0 dy=0.0 x=0 y=0 tx=0 age=84861
TRACK q=13688 s=4 dx=0.0 dy=0.0 x=0 y=0 tx=0 age=104180
TRACK q=13691 s=4 dx=0.0 dy=0.0 x=0 y=0 tx=0 age=91459
TRACK q=13692 s=4 dx=0.0 dy=0.0 x=0 y=0 tx=0 age=110975
TRACK q=13695 s=4 dx=0.0 dy=0.0 x=0 y=0 tx=0 age=98478
TRACK q=13698 s=4 dx=0.0 dy=0.0 x=0 y=0 tx=0 age=85786
TRACK q=13700 s=4 dx=0.0 dy=0.0 x=0 y=0 tx=0 age=105174
TRACK q=13703 s=4 dx=0.0 dy=0.0 x=0 y=0 tx=0 age=92503
TRACK q=13705 s=4 dx=0.0 dy=0.0 x=0 y=0 tx=0 age=111751
TRACK q=13708 s=4 dx=0.0 dy=0.0 x=0 y=0 tx=0 age=99192
TRACK q=13711 s=4 dx=0.0 dy=0.0 x=0 y=0 tx=0 age=86461
TRACK q=13713 s=4 dx=0.0 dy=0.0 x=0 y=0 tx=0 age=105952
TRACK q=13715 s=4 dx=0.0 dy=0.0 x=0 y=0 tx=0 age=93354
TRACK q=13717 s=4 dx=0.0 dy=0.0 x=0 y=0 tx=0 age=112739
TRACK q=13720 s=4 dx=0.0 dy=0.0 x=0 y=0 tx=0 age=100006
TRACK q=13723 s=4 dx=0.0 dy=0.0 x=0 y=0 tx=0 age=87281
TRACK q=13725 s=4 dx=0.0 dy=0.0 x=0 y=0 tx=0 age=106617
TRACK q=13728 s=4 dx=0.0 dy=0.0 x=0 y=0 tx=0 age=93976
TRACK q=13730 s=4 dx=0.0 dy=0.0 x=0 y=0 tx=0 age=113282
TRACK q=13733 s=4 dx=0.0 dy=0.0 x=0 y=0 tx=0 age=100639
TRACK q=13735 s=4 dx=0.0 dy=0.0 x=0 y=0 tx=0 age=119974
TRACK q=13737 s=4 dx=0.0 dy=0.0 x=0 y=0 tx=0 age=107518
TRACK q=13740 s=4 dx=0.0 dy=0.0 x=0 y=0 tx=0 age=94837
TRACK q=13742 s=4 dx=0.0 dy=0.0 x=0 y=0 tx=0 age=114109
TRACK q=13745 s=4 dx=0.0 dy=0.0 x=0 y=0 tx=0 age=101372
TRACK q=13748 s=4 dx=0.0 dy=0.0 x=0 y=0 tx=0 age=88707
TRACK q=13750 s=4 dx=0.0 dy=0.0 x=0 y=0 tx=0 age=107998

nsh> [Kk7host halt
TRACK halt requested: hold last target; not motor disable.
nsh> [KVOICE MODE applied=0 result=0
TRACK q=13753 s=4 dx=0.0 dy=0.0 x=0 y=0 tx=0 age=95332
TRACK q=13755 s=4 dx=0.0 dy=0.0 x=0 y=0 tx=0 age=114582
TRACK q=13757 s=4 dx=0.0 dy=0.0 x=0 y=0 tx=0 age=133841
TRACK q=13760 s=4 dx=0.0 dy=0.0 x=0 y=0 tx=0 age=89291
TRACK q=13762 s=4 dx=0.0 dy=0.0 x=0 y=0 tx=0 age=108701
TRACK q=13765 s=4 dx=0.0 dy=0.0 x=0 y=0 tx=0 age=95954
TRACK q=13767 s=4 dx=0.0 dy=0.0 x=0 y=0 tx=0 age=115379
TRACK q=13770 s=4 dx=0.0 dy=0.0 x=0 y=0 tx=0 age=102886
TRACK q=13773 s=4 dx=0.0 dy=0.0 x=0 y=0 tx=0 age=90366
TRACK q=13775 s=4 dx=0.0 dy=0.0 x=0 y=0 tx=0 age=109685
TRACK q=13778 s=4 dx=0.0 dy=0.0 x=0 y=0 tx=0 age=96976
TRACK q=13780 s=4 dx=0.0 dy=0.0 x=0 y=0 tx=0 age=84533
TRACK q=13782 s=4 dx=0.0 dy=0.0 x=0 y=0 tx=0 age=103797
TRACK q=13785 s=4 dx=0.0 dy=0.0 x=0 y=0 tx=0 age=91164
TRACK q=13787 s=4 dx=0.0 dy=0.0 x=0 y=0 tx=0 age=110474
TRACK q=13790 s=4 dx=0.0 dy=0.0 x=0 y=0 tx=0 age=97773
TRACK q=13793 s=4 dx=0.0 dy=0.0 x=0 y=0 tx=0 age=85138
TRACK q=13795 s=4 dx=0.0 dy=0.0 x=0 y=0 tx=0 age=104532
TRACK q=13798 s=4 dx=0.0 dy=0.0 x=0 y=0 tx=0 age=91788
TRACK q=13800 s=4 dx=0.0 dy=0.0 x=0 y=0 tx=0 age=111315
TRACK q=13802 s=4 dx=0.0 dy=0.0 x=0 y=0 tx=0 age=98764
TRACK q=13805 s=4 dx=0.0 dy=0.0 x=0 y=0 tx=0 age=86049
TRACK q=13807 s=4 dx=0.0 dy=0.0 x=0 y=0 tx=0 age=105410
TRACK q=13810 s=4 dx=0.0 dy=0.0 x=0 y=0 tx=0 age=92849
TRACK q=13812 s=4 dx=0.0 dy=0.0 x=0 y=0 tx=0 age=112123
TRACK q=13815 s=4 dx=0.0 dy=0.0 x=0 y=0 tx=0 age=99411
TRACK q=13818 s=4 dx=0.0 dy=0.0 x=0 y=0 tx=0 age=86682
TRACK q=13820 s=4 dx=0.0 dy=0.0 x=0 y=0 tx=0 age=105989
TRACK q=13823 s=4 dx=0.0 dy=0.0 x=0 y=0 tx=0 age=93313
TRACK q=13824 s=4 dx=0.0 dy=0.0 x=0 y=0 tx=0 age=112833
TRACK q=13827 s=4 dx=0.0 dy=0.0 x=0 y=0 tx=0 age=100124
TRACK q=13830 s=4 dx=0.0 dy=0.0 x=0 y=0 tx=0 age=87557
TRACK q=13832 s=4 dx=0.0 dy=0.0 x=0 y=0 tx=0 age=107122
TRACK q=13835 s=4 dx=0.0 dy=0.0 x=0 y=0 tx=0 age=94514
TRACK q=13837 s=4 dx=0.0 dy=0.0 x=0 y=0 tx=0 age=113767
TRACK q=13840 s=4 dx=0.0 dy=0.0 x=0 y=0 tx=0 age=101042

