reboot
DDR 2f85f4b2d4 cym 24/11/07-19:07:28,fwver: v1.09
In
ch0 ttot6
ch1 ttot6
ch0 ttot7
LPDDR5, 2736MHz
channel[0] BW=16 Col=10 Bk=16 CS0 Row=16 CS=1 Die BW=16 Size=2048MB
ch1 ttot7
channel[1] BW=16 Col=10 Bk=16 CS0 Row=16 CS=1 Die BW=16 Size=2048MB
Manufacturer ID:0xff
CH0 RX Vref:25.7%, RX DQS Vref:33.7%, TX Vref:20.0%,0.0%
DQ roc:
p1 n0, p4 n0, p4 n0, p6 n0, p0 n1, p1 n0, p0 n1, p7 n0, p6 n0, 
p7 n0, p1 n0, p5 n0, p1 n1, p0 n0, p1 n0, p1 n0, p0 
DQ rds:l0 h1 l0 l0 l0 l0 l0 h1 , l0 h1 l0 l0 l0 l0 l0 l0 
DQS roc: p2, n0, p1, n0

CH1 RX Vref:24.1%, RX DQS Vref:29.6%, TX Vref:21.0%,0.0%
DQ roc:
p0 n0, p5 n0, p0 n4, p7 n0, p2 n0, p1 n0, p7 n0, p0 n0, p3 n5, 
p2 n0, p3 n2, p0 n1, p1 n0, p2 n0, p5 n0, p3 n0, p6 n0, p0 n0, 

DQ rds:l0 h1 l0 l0 l0 l0 l0 l0 , l0 l0 l0 l0 l0 l0 h1 l0 
DQS roc: p2, n0, p2, n1

stride=0x3, ddr_config=0x2
hash bank_mask0-3 0x0 0x2100 0x44200 0x88400, rank_mask0 0x0
change to F1: 534MHz
ch0 ttot6
ch1 ttot6
change to F2: 1320MHz
ch0 ttot8
ch1 ttot8
change to F3: 1968MHz
ch0 ttot6
ch1 ttot6
change to F0: 2736MHz
ch0 ttot7
ch1 ttot7
out
U-Boot SPL board init
U-Boot SPL 2017.09-g60e6e79d7a0-250604 #lxh (Jun 09 2025 - 11:08:59), fwver: v1.08
SPL Hotkey: ctrl+c
sfc cmd=00H(6BH-x4)
unknown raw ID 0 0 0
unrecognized JEDEC id bytes: 00, 00, 00
Trying to boot from MMC2
MMC: no card present
mmc_init: -123, time 0
spl: mmc init failed with error: -123
Trying to boot from MMC1
SPL: A/B-slot: _a, successful: 0, tries-remain: 7
Trying fit image at 0x4000 sector
## Verified-boot: 0
## Checking atf-1 0x40060000 ... sha256(868eaf583a...) + OK
## Checking uboot 0x40200000 ... sha256(6c8db3566e...) + OK
## Checking fdt 0x40344418 ... sha256(673916e062...) + OK
## Checking atf-2 0x400f0000 ... sha256(8afb712810...) + OK
## Checking atf-3 0x3fe70000 ... sha256(8b5729c8c7...) + OK
## Checking optee 0x48400000 ... sha256(4f2fb58a31...) + OK
Jumping to U-Boot(0x40200000) via ARM Trusted Firmware(0x40060000)
Total: 107.198/301.17 ms

INFO:    Preloader serial: 0
NOTICE:  BL31: v2.3():v2.3-931-g4d7e811c6:derrick.huang, fwver: v1.20
NOTICE:  BL31: Built : 19:19:38, May 26 2025
INFO:    SOC (0x35760101)
INFO:    spec: 0x1
INFO:    test version: 0x0
INFO:    soc warm boot, reset status: 0x1
INFO:    ARM GICv2 driver initialized
INFO:    bypass memory repair
INFO:    dfs DDR fsp_params[0].freq_mhz= 2736MHz
INFO:    dfs DDR fsp_params[1].freq_mhz= 534MHz
INFO:    dfsINFO:    Using opteed sec cpu_context!
INFO:    boot cpu mask: I/TC: 
I/TC: OP-TEE version: 3.13.0-1004-g667b54418 #hisping.lin (gcc version 10.2.1 20201103 (GNU Toolchain for the A-profile Architecture 10.2-2020.11 (arm-1v1.06 
I/TC: OP-TEE memory size: TEEOS 0x200000 TA 0xc00000 SHM 0x200000
I/TC: Primary CPU initializing
I/TC: Primary CPU switching to normal world boot
INFO:    BL31: Preparing for EL3 exit to normal world
INFO:    Entry point address = 0x40200000
INFO:    SPSR = 0x3c9


U-Boot 2017.09 (May 26 2026 - 11:45:02 +0800)

Model: Rockchip RK3576 Evaluation board
MPIDR: 0x0
PreSerial: 0, raw, 0x2ad40000
DRAM:  4 GiB
Sysmem: init
Relocation Offset: bda19000
Relocation fdt: fb9fa0f0 - fb9fecd8
CR: M/C/I
Using default environment

Hotkey: ctrl+c
optee api revision: 2.0
mmc@2a310000: 1, mmc@2a330000: 0
Bootdev(atags): mmc 0
MMC0: HS400 Enhanced Strobe, 200Mhz
PartType: EFI
DM: v2
Android 14.0, Build 2024.2, v2
boot mode: None
RESC: 'boot', blk@0x0000ca14
Device is: UNLOCKED
DTB: rk-kernel.dtb
HASH(ce): OK
ANDROID: fdt overlay failed, ret=-1
dw_dp_bind zyb enter
I2c1 speed: 100000Hz
PMIC:  RK8060 (on=0x40, off=0x00)
vdd_cpu_big_s0 init 850000 uV
vdd_npu_s0 750000 uV
vdd_cpu_lit_s0 init 850000 uV
vdd_gpu_s0 init 750000 uV
vdd_logic_s0 init 750000 uV
vdd_ddr_s0 850000 uV
Model: Rockchip RK3576 KICKPI K7 Board
No resource file: logo.bmp
failed to display uboot logo
CLK: (uboot. arm: enter 1008000 KHz, init 1008000 KHz, kernel 0N/A)
  bpll 816000 KHz
  lpll 816000 KHz
  vpll 594000 KHz
  au aclk_bus_root 396000 KHz
  pclk_bus_root 100000 KHz
  hclk_buhernet found.
Hit key to stop autoboot('CTRL+C'):  0  0
=> <INTERRUPT>
=> <INTERRUPT>
=> <INTERRUPT>
=> <INTERRUPT>
=> <INTERRUPT>
=>
<INTERRUPT>
=> fastboot usb 1
Enter fastboot...OK
usb device is high-speed

