=> crc32 40c00800 6e8e570
crc32 for 40c00800 ... 47a8ed6f ==> d10e2b7b
=> crc32 8a000000 44b0310
crc32 for 8a000000 ... 8e4b030f ==> 2af64aa7
=> crc32 86000000 3e7da30
crc32 for 86000000 ... 89e7da2f ==> b5f7ae2d
=> cp.b 8a000000 90000000 400000
=> cp.b 8a400000 90400000 400000
=> cp.b 8a800000 90800000 400000
=> cp.b 8ac00000 90c00000 400000
=> cp.b 8b000000 91000000 400000
=> cp.b 8b400000 91400000 400000
=> cp.b 8b800000 91800000 400000
=> cp.b 8bc00000 91c00000 400000
=> cp.b 8c000000 92000000 400000
=> cp.b 8c400000 92400000 400000
=> cp.b 8c800000 92800000 400000
=> cp.b 8cc00000 92c00000 400000
=> cp.b 8d000000 93000000 400000
=> cp.b 8d400000 93400000 400000
=> cp.b 8d800000 93800000 400000
=> cp.b 8dc00000 93c00000 400000
=> cp.b 8e000000 94000000 400000
=> cp.b 8e400000 94400000 b0310
=> crc32 90000000 44b0310
crc32 for 90000000 ... 944b030f ==> 2af64aa7
=> cp.b 40c00800 80000000 400000
=> cp.b 41000800 80400000 400000
=> cp.b 41400800 80800000 400000
=> cp.b 41800800 80c00000 400000
=> cp.b 41c00800 81000000 400000
=> cp.b 42000800 81400000 400000
=> cp.b 42400800 81800000 400000
=> cp.b 42800800 81c00000 400000
=> cp.b 42c00800 82000000 400000
=> cp.b 43000800 82400000 400000
=> cp.b 43400800 82800000 400000
=> cp.b 43800800 82c00000 400000
=> cp.b 43c00800 83000000 400000
=> cp.b 44000800 83400000 400000
=> cp.b 44400800 83800000 400000
=> cp.b 44800800 83c00000 400000
=> cp.b 44c00800 84000000 400000
=> cp.b 45000800 84400000 400000
=> cp.b 45400800 84800000 400000
=> cp.b 45800800 84c00000 400000
=> cp.b 45c00800 85000000 400000
=> cp.b 46000800 85400000 400000
=> cp.b 46400800 85800000 400000
=> cp.b 46800800 85c00000 400000
=> crc32 80000000 9e7da30
crc32 for 80000000 ... 89e7da2f ==> b20f998f
=> cp.b 46c00800 40400000 400000
=> cp.b 47000800 40800000 400000
=> cp.b 47400800 40c00000 400000
=> cp.b 47800800 41000000 28e570
=> crc32 40400000 e8e570
crc32 for 40400000 ... 4128e56f ==> 6b018fcd
=> md.l 48300000 1
48300000: edfe0dd0                               ....
=> booti 40400000 - 48300000
Fdt Ramdisk skip relocation
## Flattened Device Tree blob at 0x48300000
   Booting using the fdt blob at 0x48300000
   Using Device Tree in place at 0000000048300000, end 0000000048326532
No resource file: logo_kernel.bmp
VP0 fail to load kernel logo
## reserved-memory:
  ramoops@40110000: addr=40110000 size=e0000
Adding bank: 0x40200000 - 0x48400000 (size: 0x08200000)
Addi00)
Adding bank: 0x100000000 - 0x140000000 (size: 0x40000000)
Total: 150718.537/151071.223 ms

Starting kernel ...

- Ready to Boot Primary CPU
RK3576 HCR_EL2=0000000008000032
RK3576 SCTLR_EL1=0000000030d00800
- Boot from EL2
- Boot from EL1
- Boot to C runtime for OS Initialize
[CPU0] arm64_chip_boot: RK3576: MMU enabled
[CPU0] rk3576_uart6_initialize: UART6 M0: 115200 8N1, internal loopback PASS, IRQ114 ttyS1
I/TC: Secondary CPU 1 initializing
I/TC: Secondary CPU 1 switching to normal world boot

NutI/TC: Secondary CPU 4 initializing
tIS/TC: Secondary CPU 4 switching to normal world boot
- ReadI/TC: Secondary CPU 2 initializing
y tI/TC: Secondary CPU 2 switching to normal world boot
o-  RBI/TC: Secondary CPU 5 initializing
e-a oRodtye a dtyoI/TC: Secondary CPU 5 switching to normal world boot
 S eBotcoo otBn SodI/TC: Secondary CPU 3 initializing
- eotc o CRI/TC: Secondary CPU 3 switching to normal world boot
PSnedUaI/TC: Secondary CPU 6 initializing
e -dcyC
 o RPI/TC: Secondary CPU 6 switching to normal world boot
nRUteKod 3 
BR5Ca7KodI/TC: Secondary CPU 7 initializing
63-Pyot  U 5HR 7I/TC: Secondary CPU 7 switching to normal world boot
CtS6
eeR RoadcH K_By3oECo5nL Ro2d7t_6=tE o 0 L C2HBPS0o0-eU=CoR 0c0_t0oR
0en 0R0Ea0dSKL020de 3c005yC=0o7P 00tn6U0000od   H00C
0B0C0PoRR0000Uo0K_E000t3 
025LLU 00R2S_00S0
=C2CE0RL0TTK20
0L030=RRL00K_R05007E03050L0_6E7    00S30B
0S0Co0C0dT0To00tL0-
L 0 0R3RRf8_B0_0EKrod0oEoL3tm0L1
10 = 76-=0E8f L0r00 0B0o02Som0C0

0 0oT0-0tEL00 L Rf02B0_3r0ootm  f
r-EoL mB2o o
EtL 2fr
om EL2
hell (NSH)
nsh> [K- Boot from EL1
- Boot from EL1
- Boot from EL1
- Boot from EL1
- Boot from EL1
- Boot from EL1
- Boot from EL1
- Boot to C runtime for OS Initialize
- Boot to C runtime for OS Initialize
- Boot to C runtime for OS Initialize
- Boot to C runtime for OS Initialize
- Boot to C runtime for OS Initialize
- Boot to C runtime f-o Bro oOSt  tIon itCi raulinzteime
 for OS Initialize
