
nsh> [Kk7sound capture-pause250
AUDIO_IO reset12=00000000 gate11=00000000 gate12=00000000 gate18=00000000 mux=00000000 source=00000000
AUDIO_IO con=00060300 ien=00000000 gpio_version=010219c8 gpio_3576 repair=fdffffff ack=00000001 idle=00000001
SOUND mclkout b0001f after=0000001d
SOUND codec_prepare=0 state=2
SOUND adc_variant=24 settle_ms=1000
SOUND playback_gain_db=0 dac_attenuation_db=24 maximum=0
SOUND experiment clear=0 reset=0 clockwait20=0
SOUND slot_mask offset=3c value=00000000
SOUND slot_mask offset=40 value=00000000
SOUND slot_mask offset=44 value=00000000
SOUND slot_mask offset=48 value=00000000
SOUND slot_mask offset=4c value=00000000
SOUND slot_mask offset=50 value=00000000
SOUND slot_mask offset=54 value=00000000
SOUND slot_mask offset=58 value=00000000
SOUND pause250 start=188385367 end=188385619 before=00000000 after=00082082
SOUND pio=0 frames=128 polls=6789 stop=0 held=0 max_fifo=8
SOUND fifo first=00000000 last=00000000 TXCR=00000fff RXCR=00400fff FSCR=0101f03f CKR=00000018
SOUND trace start=188384768 end=188392865 started=1 count=32
SOUND trace_init index=0 value=00000000 rc=0
SOUND trace_init index=1 value=00000002 rc=0
SOUND trace_init index=2 value=00400fff rc=0
SOUND trace_init index=3 value=0000e4e4 rc=0
SOUND trace_init index=4 value=00000000 rc=0
SOUND trace_init index=5 value=0000000b rc=0
SOUND trace_word index=0 us=188385620 before=00082082 word=ffffffff after=00082081 rc=0,0,0
SOUND trace_word index=1 us=188385621 before=00082081 word=ffffffff after=00082080 rc=0,0,0
SOUND trace_word index=2 us=188385624 before=00082080 word=00000000 after=00082040 rc=0,0,0
SOUND trace_word index=3 us=188385626 before=00082040 word=00000000 after=00082000 rc=0,0,0
SOUND trace_word index=4 us=188385629 before=00082000 word=00000000 after=00081000 rc=0,0,0
SOUND trace_word index=5 us=188385630 before=00081000 word=00000000 after=00080000 rc=0,0,0
SOUND trace_word index=6 us=188385633 before=00080000 word=00000000 after=00040000 rc=0,0,0
SOUND trace_word index=7 us=188385635 before=00040000 word=00000000 after=00000000 rc=0,0,0
SOUND trace_word index=8 us=188385676 before=00000002 word=ffffffff after=00000001 rc=0,0,0
SOUND trace_word index=9 us=188385678 before=00000001 word=fffffSOUND trace_word index=10 us=188385739 before=00000080 word=000085801 before=00002000 word=00000000 after=00001000 rc=0,0,0
SOUND trace_word index=13 us=188385802 before=00001000 word=00000000 after=00000000 rc=0,0,0
SOUND trace_word index=14 us=188385863 before=00080000 word=00000000 after=00040000 rc=0,0,0
SOUND tSOUND trace_word index=16 us=188385925 before=00000002 word=ffff
SOUND trace_word index=17 us=188385927 before=00000001 word=ff8385988 before=00000080 word=00000000 after=00000040 rc=0,0,0
S00 after=00001000 rc=0,0,0
SOUND trace_word index=21 us=188386053 before=00001000 word=00000000 after=00000000 rc=0,0,0
SOUND trace_word index=22 us=188386113 before=00080000 word=00000000 after=00040000 rc=0,0,0
SOUND trace_word index=23 us=188386115 before=00040000 word=00000000 after=00000000 rc=0,0,0
SOUND trace_word index=24 us=188386176 before=00000002 word=ffffffff after=00000001 rc=0,0,0
SOUND trace_word index=25 us=188386178 before=00000001 word=ffffffff after=00000000 rc=0,0,0
SOUND trace_word index=26 us=188386239 before=00000080 word=00000000 after=00000040 rc=0,0,0
SOUND trace_word index=27 us=188386240 before=00000040 word=00000000 after=00000000 rc=0,0,0
SOUND trace_word index=28 us=188386301 before=00002000 word=00000000 after=00001000 rc=0,0,0
SOUND trace_word index=29 us=188386302 before=00001000 word=00000000 after=00000000 rc=0,0,0
SOUND trace_word index=30 us=188386364 before=00080000 word=00000000 after=00040000 rc=0,0,0
SOUND trace_word index=31 us=188386365 before=00040000 wcodec reg=00 value=36
SOUND codec reg=01 value=60
SOUND codec reg=02 value=00
SOUND codec reg=03 value=00
SOUND codec reg=04 value=0c
SOUND codec reg=05 value=00
SOUND codec reg=06 value=00
SOUND codec reg=07 value=7c
SOUND codec reg=08 value=00
SOUND codec reg=09 value=88
SOUND codec reg=0a value=f0
SOUND codec reg=0b value=82
SOUND codec reg=0c value=10
SOUND codec reg=0d value=02
SOUND codec reg=0f value=20
SOUND codec reg=17 value=20
SOUND codec reg=18 value=02
SOUND codec reg=19 value=06
SOUND codec reg=1a value=30odec reg=27 value=b8
SOUND codec reg=2a value=b8
SOUND codec r codec reg=31 value=14
SOUND input pull=00005515 schmitt=000000ff path=0000e4e4 gpio_high=50415=1
SOUND pad channel=0 high=24882 changes=37944
SOUND pad chan changes=639
SOUND pad channel=3 high=50415 changes=0
SOUND pcSOUND result=0 codec_stop=0 platform_restore=0 i2c_restore=0 amp_low=1
nsh> [K