=> crc32 40c00800 6e8d510
crc32 for 40c00800 ... 47a8dd0f ==> c593ee51
=> crc32 8a000000 44b0310
crc32 for 8a000000 ... 8e4b030f ==> 2af64aa7
=> crc32 86000000 3e7da30
crc32 for 86000000 ... 89e7da2f ==> b5f7ae2d
=> cp.b 8a000000 90000000 400000
=> cp.b 8a400000 90400000 400000
=> cp.b 8a800000 90800000 400000
=> cp.b 8ac00000 90c00000 400000
=> cp.b 8b000000 91000000 400000
=> cp.b 8b400000 91400000 400000
=> cp.b 8b800000 91800000 400000
=> cp.b 8bc00000 91c00000 400000
=> cp.b 8c000000 92000000 400000
=> cp.b 8c400000 92400000 400000
=> cp.b 8c800000 92800000 400000
=> cp.b 8cc00000 92c00000 400000
=> cp.b 8d000000 93000000 400000
=> cp.b 8d400000 93400000 400000
=> cp.b 8d800000 93800000 400000
=> cp.b 8dc00000 93c00000 400000
=> cp.b 8e000000 94000000 400000
=> cp.b 8e400000 94400000 b0310
=> crc32 90000000 44b0310
crc32 for 90000000 ... 944b030f ==> 2af64aa7
=> cp.b 40c00800 80000000 400000
=> cp.b 41000800 80400000 400000
=> cp.b 41400800 80800000 400000
=> cp.b 41800800 80c00000 400000
=> cp.b 41c00800 81000000 400000
=> cp.b 42000800 81400000 400000
=> cp.b 42400800 81800000 400000
=> cp.b 42800800 81c00000 400000
=> cp.b 42c00800 82000000 400000
=> cp.b 43000800 82400000 400000
=> cp.b 43400800 82800000 400000
=> cp.b 43800800 82c00000 400000
=> cp.b 43c00800 83000000 400000
=> cp.b 44000800 83400000 400000
=> cp.b 44400800 83800000 400000
=> cp.b 44800800 83c00000 400000
=> cp.b 44c00800 84000000 400000
=> cp.b 45000800 84400000 400000
=> cp.b 45400800 84800000 400000
=> cp.b 45800800 84c00000 400000
=> cp.b 45c00800 85000000 400000
=> cp.b 46000800 85400000 400000
=> cp.b 46400800 85800000 400000
=> cp.b 46800800 85c00000 400000
=> crc32 80000000 9e7da30
crc32 for 80000000 ... 89e7da2f ==> b20f998f
=> cp.b 46c00800 40400000 400000
=> cp.b 47000800 40800000 400000
=> cp.b 47400800 40c00000 400000
=> cp.b 47800800 41000000 28d510
=> crc32 40400000 e8d510
crc32 for 40400000 ... 4128d50f ==> 17f21bbe
=> md.l 48300000 1
48300000: edfe0dd0                               ....
=> booti 40400000 - 48300000
Fdt Ramdisk skip relocation
## Flattened Device Tree blob at 0x48300000
   Booting using the fdt blob at 0x48300000
   Using Device Tree in place at 0000000048300000, end 0000000048326532
No resource file: logo_kernel.bmp
VP0 fail to load kernel logo
## reserved-memory:
  ramoops@40110000: addr=40110000 size=e0000
Adding bank: 0x40200000 - 0x48400000 (size: 0x08200000)
Adding bank: 0x49400000 - 0x100000000 (size: 0xb6c00000)
Adding bank: 0x100000000 - 0x140000000 (size: 0x40000000)
Total: 113624.566/113976.930 ms

Starting kernel ...

- Ready to Boot Primary CPU
RK3576 HCR_EL2=0000000008000032
RK3576 SCTLR_EL1=0000000030d00800
- Boot from EL2
- Boot from EL1
- Boot to C runtime for OS Initialize
[CPU0] arm64_chip_boot: RK3576: MMU enabled
[CPU0] rk3576_uart6_initialize: UART6 M0: 115200 8N1, internal loopback PASS, IRQ114 ttyS1
I/TC: Secondary CPU 1 initializing
I/TC: Secondary CPU 1 switching to normal world boot

NuIt/TC: Secondary CPU 4 initializing
tI/TC: Secondary CPU 4 switching to normal world boot
- ReI/TC: Secondary CPU 2 initializing
ady-  tI/TC: Secondary CPU 2 switching to normal world boot
oRe aBodyoI/TC: Secondary CPU 5 initializing
-t t  SRoee caBdoooyntd  SC etPcooUn d
BRo I/TC: Secondary CPU 5 switching to normal world boot
oKC3tPI/TC: Secondary CPU 3 initializing
 U-5S7 e6R
ecRaKo dHn35Cyd7 R_t 6CEo  LHP2CBI/TC: Secondary CPU 3 switching to normal world boot
R=Uo_oE0
t0 RLI/TC: Secondary CPU 6 initializing
K0-S2 =03e50cR070e0oI/TC: Secondary CPU 6 switching to normal world boot
06an0 dd00y00 0CH 0PC0t0R0oU000_ 00
00ERB20LoKI/TC: Secondary CPU 7 initializing
3o-20
=05t R 007R00Se6a 0Ke3d0Hc
Cy0o5R70KR ntd3_60 o5E CS70L 0C62BI/TC: Secondary CPU 7 switching to normal world boot
o0 T=PUL0So0RCt000T_ 000S
ELR0RLe01c_0Ko02EL03n=-
0510 dRR07 =00K0C0e0P6a003U =87000H EL0C60S8 100eR=cS_0
0Eo0CLn0
0-T0L- d200R  =B0C_Bo00Eo0tUt1000 
f0=00 300fRr0000o0rK03d00om 00m500 00E720E06L8 0
02LB_SE0rCoTo0LoLtm01R = 0_00EfrEL0020oL0001m
=00 0E000L
002R0003m 0d ELE02L0820

0
- Boot from EL2
Shell (NSH)
nsh> [K- Boot from EL1
- Boot from EL1
- Boot from EL1
- Boot from EL1
- Boot from EL1
- Boot from EL1
- Boot from EL1
- Boot to C runtime for OS Initialize
- Boot to C runtime for OS Initialize
- Boot to C runtime for OS Initialize
- Boot to C runtime for OS Initialize
- Boot to C runtime for OS Initialize
- Boot to C runtime for O-S  BInoiott itaoli Cz er
untime for OS Initialize
