
nsh> [Kk7sound tone
AUDIO_IO reset12=00000000 gate11=00000000 gate12=00000000 gate18=00000000 mux=00000000 source=00000000
AUDIO_IO c34d3050
SOUND platform_result=0 version=23073576 repair=fdffffff ack=00000001 idle=00000001
SOUND mclkout before=0000001f after=0000001d
SOUND codec_prepare=0 state=2
SOUND adc_variant=0 settle_ms=0
SOUND playback_gain_db=0 dac_attenuation_db=24 maximum=0
SOUND experiment clear=0 reset=0 clockwait20=0
SOUND slot_mask offset=3c value=00000000
SOUND slot_mask offset=40 value=00000000
SOUND slot_mask offset=44 value=00000000
SOUND slot_mask offset=48 value=00000000
SOUND slot_mask offset=4c value=00000000
SOUND slot_mask offset=50 value=00000000
SOUND slot_mask offset=54 value=00000000
SOUND slot_mask offset=58 value=00000000
SOUND pio=0 frames=3200 polls=174612 stop=0 held=0 max_fifo=16
SOUND fifo first=00104104 last=0f03f CKR=00000018
SOUND codec reg=00 value=36
SOUND codec reg=6 value=00
SOUND codec reg=07 value=7c
SOUND codec reg=08 valureg=0a value=f0
SOUND codec reg=0b value=82
SOUND codec reg=0c value=30
SOUND codec reg=1b value=30
SOUND codec reg=27 value000000ff path=0000e4e4 gpio_high=50427 transitions=0 samples=504 ticks=480004 max_gap=35 counter_hz=24000000 complete=1
SOUND panges=40919
SOUND pad channel=2 high=25247 changes=640
SOUND pSOUND result=0 codec_stop=0 platform_restore=0 i2c_restore=0 amp_low=1
nsh> [Kk7sound capture-pga24 48000
AUDIO_IO reset12=00000000 gate11=00000000 gate12=00000000 gate18=00000000 mux=00000000 source=00000000
AUDIO_IO con=00060300 ien=00000000 gpio_version=010219c8 gpio_input=014d3050
SOUND platform_result=0 version=23073576 repair=fdffffff ack=00000001 idle=00000001
SOUND mclkout before=0000001f after=0000001d
SOUND codec_prepare=0 state=2
SOUND adc_variant=24 settle_ms=1000
SOUND playback_gain_db=0 dac_attenuation_db=24 maximum=0
SOUND experiment clear=0 reset=0 clockwait20=0
SOUND slot_mask offset=3c value=00000000
SOUND slot_mask offset=40 value=000000t=4c value=00000000
SOUND slot_mask offset=50 value=00000000
Ss=48000 polls=2618304 stop=0 held=0 max_fifo=2
SOUND fifo firstfff RXCR=00400fff FSCR=0101f03f CKR=00000018
SOUND trace start=OUND trace_init index=0 value=00000000 rc=0
SOUND trace_init in000000 rc=0
SOUND trace_init index=5 value=0000000b rc=0
SOUND index=0 us=358109858 before=00000002 word=ffffffff after=000000 word=ffffffff after=00000000 rc=0,0,0
SOUND trace_word index=2D trace_word index=3 us=358109923 before=00000040 word=00000000 dex=5 us=358109985 before=00001000 word=00000000 after=00000000 =0,0,0
SOUND trace_word index=6 us=358110046 before=00080000 woefore=00040000 word=00000000 after=00000000 rc=0,0,0
SOUND tracr=00000001 rc=0,0,0
SOUND trace_word index=9 us=358110111 befor0000 after=00000040 rc=0,0,0
SOUND trace_word index=11 us=3581100000000 after=00000000 rc=0,0,0
SOUND trace_word index=12 us=3234 before=00002000 word=00000000 after=00001000 rc=0,0,0
SOUND trace_word index=13 us=358110235 before=00001000 word=00000000 D trace_word index=14 us=358110296 before=00080000 word=00000000ex=16 us=358110359 before=00000002 word=ffffffff after=00000001 358110360 before=00000001 word=ffffffff after=00000000 rc=0,0,0re=00000080 word=00000000 after=00000040 rc=0,0,0
SOUND trace_wrd=00000000 after=00001000 rc=0,0,0
SOUND trace_word index=21 u word=00000000 after=00000000 rc=0,0,0
SOUND trace_word index=2d index=23 us=358110548 before=00040000 word=00000000 after=00000002 word=ffffffff after=00000001 rc=0,0,0
SOUND trace_word indindex=27 us=358110672 before=00000040 word=00000000 after=0000000000 after=00001000 rc=0,0,0
SOUND trace_word index=29 us=358110735 before=00001000 word=00000000 after=00000000 rc=0,0,0
SOUND trace_word index=30 us=358110795 before=00080000 word=00000000 after=00040000 rc=0,0,0
SOUND trace_word index=31 us=358110797 before=00040000 word=00000000 after=00000000 rc=0,0,0
SOUND codec reg=00 value=36
SOUND codec reg=01 value=60
SOUND codec reg=02 value=00
SOUND codec reg=03 value=00
SOUND codec reg=04 value=0c
SOUND codec reg=05 value=00
SOUND codec reg=06 value=00
SOUND codec reg=07 value=7c
 codec reg=0b value=82
SOUND codec reg=0c value=10
SOUND codecodec reg=1a value=30
SOUND codec reg=1b value=30
SOUND codec reg=2a value=b8
SOUND codec reg=2b value=80
SOUND codec reg=30 5 schmitt=000000ff path=0000e4e4 gpio_high=50400 transitions=0 s
SOUND pad channel=0 high=24995 changes=37881
SOUND pad channelSOUND pcm left_min=-237750784 left_max=261173504 left_nonzero=12SOUND result=0 codec_stop=0 platform_restore=0 i2c_restore=0 amp_low=1
nsh> [Kk7voice asr-mic &
k7voice [15:100]
nsh> [KASR_MIC frames=48000 rate=16000 channel=left
ASR_INFER BEGIN recognizer
[CPU0] default_fatal_handler: (IFSC/DFSC) for Data/Instruction aborts: level 2 translation fault
[CPU0] arm64_exception_handler: CurrentEL: MODE_EL1
[CPU0] arm64_exception_handler: ESR_ELn: 0x96000046
[CPU0] arm64_exception_handler: FAR_ELn: 0x1880
[CPU0] arm64_exception_handler: ELR_ELn: 0x40b64238
[CPU0] print_ec_cause: DABT (current EL)
[CPU0] print_ec_cause: Data Abort taken without a change in Exception level
[CPU0] dump_assert_info: Current Version: NuttX  0.0.0 e987a81c32c-dirty Sep 11 2026 17:55:47 arm64
[CPU0] dump_assert_info: Assertion failed panic: at file: /arch/arm64/src/common/arm64_fatal.c:571 task(CPU0): k7voice process: k7voice 0x40def8f4
[CPU0] up_dump_register: stack = 0x412a91e0
[CPU0] up_dump_register: x0:   0x412a91e0          x1:   0x0
[CPU0] up_dump_register: x2:   0x0                 x3:   0x0
[CPU0] up_dump_register: x4:   0x3c0               x5:   0x0
[CPU0] up_dump_register: x6:   0x0                 x7:   0x42de4490
[CPU0] up_dump_register: x8:   0x42de44d0          x9:   0x96000046
[CPU0] up_dump_register: x10:  0x25                x11:  0x0
[CPU0] up_dump_register: x12:  0x42334434          x13:  0x77726f665f646565
[CPU0] up_dump_register: x14:  0x2f325f772f647261  x15:  0x0
[CPU0] up_dump_register: x16:  0x404026e4          x17:  0x0
[CPU0] up_dump_register: x18:  0x662f302e33737265  x19:  0x412a91e0
[CPU0] up_dump_register: x20:  0x4237d250          x21:  0x340
[CPU0] up_dump_register: x22:  0x40e7721f          x23:  0x40e774af
[CPU0] up_dump_register: x24:  0x40f16e09          x25:  0x412a6000
[CPU0] up_dump_register: x26:  0x688ad8cc          x27:  0x23b
[CPU0] up_dump_register: x28:  0x6                 x29:  0x42329360
[CPU0] up_dump_register: x30:  0x4040bab4        
[CPU0] up_dump_register: 
[CPU0] up_dump_register: STATUS Registers:
[CPU0] up_dump_register: PC:        0x4040bab4        
[CPU0] up_dump_register: SPSR:      0x80000045        
[CPU0] up_dump_register: ELR:       0x4040bab4        
[CPU0] up_dump_register: SP_EL0:    0x0               
[CPU0] up_dump_register: SP:        0x42329350        
[CPU0] up_dump_register: EXE_DEPTH: 0x0               
[CPU0] sched_dumpstack: backtrace|15: 0x0000000040b64238 0x0000000040b6a5f0 0x0000000040de7b10 0x0000000040cc9f44 0x0000000040a77950 0x0000000040a68c64 0x0000000040a79b60 0x0000000040a7400c
[CPU0] sched_dumpstack: backtrace|15: 0x0000000040a3e314 0x0000000040a40b0c 0x0000000040a40bdc 0x0000000040584924 0x0000000040585568 0x00000000404e9244 0x00000000406a08f4 0x000000004073894c
[CPU0] sched_dumpstack: backtrace|15: 0x00000000406bda34 0x00000000406bec9c 0x00000000405db178 0x00000000404d3fe4 0x00000000404d4398 0x000000004042e258 0x0000000040416380
[CPU0] dump_fatal_info: Dump CPU1: PAUSED
[CPU0] up_dump_register: stack = 0x412a9520
[CPU0] up_dump_register: x0:   0x0                 x1:   0x0
[CPU0] up_dump_register: x2:   0x1                 x3:   0x0
[CPU0] up_dump_register: x4:   0x2                 x5:   0x200
[CPU0] up_dump_register: x6:   0x7fc2              x7:   0x6
[CPU0] up_dump_register: x8:   0x2                 x9:   0xa200023
[CPU0] up_dump_register: x10:  0xf                 x11:  0x2
[CPU0] up_dump_register: x12:  0x1c                x13:  0x16
[CPU0] up_dump_register: x14:  0x0                 x15:  0x2ad40000
[CPU0] up_dump_register: x16:  0x0                 x17:  0x0
[CPU0] up_dump_register: x18:  0x0                 x19:  0x0
[CPU0] up_dump_register: x20:  0x0                 x21:  0x0
[CPU0] up_dump_register: x22:  0x0                 x23:  0x40400100
[CPU0] up_dump_register: x24:  0x41714000          x25:  0x404008c8
[CPU0] up_dump_register: x26:  0x0                 x27:  0x0
[CPU0] up_dump_register: x28:  0x0                 x29:  0x41713ff0
[CPU0] up_dump_register: x30:  0x4040b5fc        
[CPU0] up_dump_register: 
[CPU0] up_dump_register: STATUS Registers:
[CPU0] up_dump_register: PC:        0x404239b0        
[CPU0] up_dump_register: SPSR:      0x60000245        
[CPU0] up_dump_register: ELR:       0x404239b0        
[CPU0] up_dump_register: SP_EL0:    0x41714000        
[CPU0] up_dump_register: SP:        0x41713ff0        
[CPU0] up_dump_register: EXE_DEPTH: 0xdeadbeefdeadbeef
[CPU0] sched_dumpstack: backtrace| 1: 0x00000000404239b0
[CPU0] dump_fatal_info: Dump CPU2: PAUSED
[CPU0] up_dump_register: stack = 0x412a9860
[CPU0] up_dump_register: x0:   0x0                 x1:   0x0
[CPU0] up_dump_register: x2:   0x2                 x3:   0x0
[CPU0] up_dump_register: x4:   0x3                 x5:   0x200
[CPU0] up_dump_register: x6:   0x7fc2              x7:   0x6
[CPU0] up_dump_register: x8:   0x2                 x9:   0xa200023
[CPU0] up_dump_register: x10:  0xf                 x11:  0x2
[CPU0] up_dump_register: x12:  0x1c                x13:  0x16
[CPU0] up_dump_register: x14:  0x0                 x15:  0x2ad40000
[CPU0] up_dump_register: x16:  0x0                 x17:  0x0
[CPU0] up_dump_register: x18:  0x0                 x19:  0x0
[CPU0] up_dump_register: x20:  0x0                 x21:  0x0
[CPU0] up_dump_register: x22:  0x0                 x23:  0x40400100
[CPU0] up_dump_register: x24:  0x41716000          x25:  0x404008c8
[CPU0] up_dump_register: x26:  0x0                 x27:  0x0
[CPU0] up_dump_register: x28:  0x0                 x29:  0x41715ff0
[CPU0] up_dump_register: x30:  0x4040b5fc        
[CPU0] up_dump_register: 
[CPU0] up_dump_register: STATUS Registers:
[CPU0] up_dump_register: PC:        0x404239b0        
[CPU0] up_dump_register: SPSR:      0x60000245        
[CPU0] up_dump_register: ELR:       0x404239b0        
[CPU0] up_dump_register: SP_EL0:    0x41716000        
[CPU0] up_dump_register: SP:        0x41715ff0        
[CPU0] up_dump_register: EXE_DEPTH: 0xdeadbeefdeadbeef
[CPU0] sched_dumpstack: backtrace| 2: 0x00000000404239b0
[CPU0] dump_fatal_info: Dump CPU3: PAUSED
[CPU0] up_dump_register: stack = 0x412a9ba0
[CPU0] up_dump_register: x0:   0x0                 x1:   0x0
[CPU0] up_dump_register: x2:   0x3                 x3:   0x0
[CPU0] up_dump_register: x4:   0x4                 x5:   0x200
[CPU0] up_dump_register: x6:   0x7fc2              x7:   0x6
[CPU0] up_dump_register: x8:   0x2                 x9:   0xa200023
[CPU0] up_dump_register: x10:  0xf                 x11:  0x2
[CPU0] up_dump_register: x12:  0x1c                x13:  0x16
[CPU0] up_dump_register: x14:  0x0                 x15:  0x2ad40000
[CPU0] up_dump_register: x16:  0x0                 x17:  0x0
[CPU0] up_dump_register: x18:  0x0                 x19:  0x0
[CPU0] up_dump_register: x20:  0x0                 x21:  0x0
[CPU0] up_dump_register: x22:  0x0                 x23:  0x40400100
[CPU0] up_dump_register: x24:  0x41718000          x25:  0x404008c8
[CPU0] up_dump_register: x26:  0x0                 x27:  0x0
[CPU0] up_dump_register: x28:  0x0                 x29:  0x41717ff0
[CPU0] up_dump_register: x30:  0x4040b5fc        
[CPU0] up_dump_register: 
[CPU0] up_dump_register: STATUS Registers:
[CPU0] up_dump_register: PC:        0x404239b0        
[CPU0] up_dump_register: SPSR:      0x60000245        
[CPU0] up_dump_register: ELR:       0x404239b0        
[CPU0] up_dump_register: SP_EL0:    0x41718000        
[CPU0] up_dump_register: SP:        0x41717ff0        
[CPU0] up_dump_register: EXE_DEPTH: 0xdeadbeefdeadbeef
[CPU0] sched_dumpstack: backtrace| 3: 0x00000000404239b0
[CPU0] dump_fatal_info: Dump CPU4: PAUSED
[CPU0] up_dump_register: stack = 0x412a9ee0
[CPU0] up_dump_register: x0:   0x0                 x1:   0x0
[CPU0] up_dump_register: x2:   0x0                 x3:   0x0
[CPU0] up_dump_register: x4:   0x5                 x5:   0x400
[CPU0] up_dump_register: x6:   0xffc2              x7:   0x6
[CPU0] up_dump_register: x8:   0x2                 x9:   0xa200023
[CPU0] up_dump_register: x10:  0xf                 x11:  0x2
[CPU0] up_dump_register: x12:  0x1c                x13:  0x16
[CPU0] up_dump_register: x14:  0x0                 x15:  0x2ad40000
[CPU0] up_dump_register: x16:  0x0                 x17:  0x0
[CPU0] up_dump_register: x18:  0x0                 x19:  0x0
[CPU0] up_dump_register: x20:  0x0                 x21:  0x0
[CPU0] up_dump_register: x22:  0x0                 x23:  0x40400100
[CPU0] up_dump_register: x24:  0x4171a000          x25:  0x404008c8
[CPU0] up_dump_register: x26:  0x0                 x27:  0x0
[CPU0] up_dump_register: x28:  0x0                 x29:  0x41719ff0
[CPU0] up_dump_register: x30:  0x4040b5fc        
[CPU0] up_dump_register: 
[CPU0] up_dump_register: STATUS Registers:
[CPU0] up_dump_register: PC:        0x404239b0        
[CPU0] up_dump_register: SPSR:      0x60000245        
[CPU0] up_dump_register: ELR:       0x404239b0        
[CPU0] up_dump_register: SP_EL0:    0x4171a000        
[CPU0] up_dump_register: SP:        0x41719ff0        
[CPU0] up_dump_register: EXE_DEPTH: 0xdeadbeefdeadbeef
[CPU0] sched_dumpstack: backtrace| 4: 0x00000000404239b0
[CPU0] dump_fatal_info: Dump CPU5: PAUSED
[CPU0] up_dump_register: stack = 0x412aa220
[CPU0] up_dump_register: x0:   0x0                 x1:   0x0
[CPU0] up_dump_register: x2:   0x1                 x3:   0x0
[CPU0] up_dump_register: x4:   0x6                 x5:   0x400
[CPU0] up_dump_register: x6:   0xffc2              x7:   0x6
[CPU0] up_dump_register: x8:   0x2                 x9:   0xa200023
[CPU0] up_dump_register: x10:  0xf                 x11:  0x2
[CPU0] up_dump_register: x12:  0x1c                x13:  0x16
[CPU0] up_dump_register: x14:  0x0                 x15:  0x2ad40000
[CPU0] up_dump_register: x16:  0x0                 x17:  0x0
[CPU0] up_dump_register: x18:  0x0                 x19:  0x0
[CPU0] up_dump_register: x20:  0x0                 x21:  0x0
[CPU0] up_dump_register: x22:  0x0                 x23:  0x40400100
[CPU0] up_dump_register: x24:  0x4171c000          x25:  0x404008c8
[CPU0] up_dump_register: x26:  0x0                 x27:  0x0
[CPU0] up_dump_register: x28:  0x0                 x29:  0x4171bff0
[CPU0] up_dump_register: x30:  0x4040b5fc        
[CPU0] up_dump_register: 
[CPU0] up_dump_register: STATUS Registers:
[CPU0] up_dump_register: PC:        0x404239b0        
[CPU0] up_dump_register: SPSR:      0x60000245        
[CPU0] up_dump_register: ELR:       0x404239b0        
[CPU0] up_dump_register: SP_EL0:    0x4171c000        
[CPU0] up_dump_register: SP:        0x4171bff0        
[CPU0] up_dump_register: EXE_DEPTH: 0xdeadbeefdeadbeef
[CPU0] sched_dumpstack: backtrace| 5: 0x00000000404239b0
[CPU0] dump_fatal_info: Dump CPU6: PAUSED
[CPU0] up_dump_register: stack = 0x412aa560
[CPU0] up_dump_register: x0:   0x0                 x1:   0x0
[CPU0] up_dump_register: x2:   0x2                 x3:   0x0
[CPU0] up_dump_register: x4:   0x7                 x5:   0x400
[CPU0] up_dump_register: x6:   0xffc2              x7:   0x6
[CPU0] up_dump_register: x8:   0x2                 x9:   0xa200023
[CPU0] up_dump_register: x10:  0xf                 x11:  0x2
[CPU0] up_dump_register: x12:  0x1c                x13:  0x16
[CPU0] up_dump_register: x14:  0x0                 x15:  0x2ad40000
[CPU0] up_dump_register: x16:  0x0                 x17:  0x0
[CPU0] up_dump_register: x18:  0x0                 x19:  0x0
[CPU0] up_dump_register: x20:  0x0                 x21:  0x0
[CPU0] up_dump_register: x22:  0x0                 x23:  0x40400100
[CPU0] up_dump_register: x24:  0x4171e000          x25:  0x404008c8
[CPU0] up_dump_register: x26:  0x0                 x27:  0x0
[CPU0] up_dump_register: x28:  0x0                 x29:  0x4171dff0
[CPU0] up_dump_register: x30:  0x4040b5fc        
[CPU0] up_dump_register: 
[CPU0] up_dump_register: STATUS Registers:
[CPU0] up_dump_register: PC:        0x404239b0        
[CPU0] up_dump_register: SPSR:      0x60000245        
[CPU0] up_dump_register: ELR:       0x404239b0        
[CPU0] up_dump_register: SP_EL0:    0x4171e000        
[CPU0] up_dump_register: SP:        0x4171dff0        
[CPU0] up_dump_register: EXE_DEPTH: 0xdeadbeefdeadbeef
[CPU0] sched_dumpstack: backtrace| 6: 0x00000000404239b0
[CPU0] dump_fatal_info: Dump CPU7: PAUSED
[CPU0] up_dump_register: stack = 0x412aa8a0
[CPU0] up_dump_register: x0:   0x0                 x1:   0x0
[CPU0] up_dump_register: x2:   0x3                 x3:   0x0
[CPU0] up_dump_register: x4:   0x8                 x5:   0x400
[CPU0] up_dump_register: x6:   0xffc2              x7:   0x6
[CPU0] up_dump_register: x8:   0x2                 x9:   0xa200023
[CPU0] up_dump_register: x10:  0xf                 x11:  0x2
[CPU0] up_dump_register: x12:  0x1c                x13:  0x16
[CPU0] up_dump_register: x14:  0x0                 x15:  0x2ad40000
[CPU0] up_dump_register: x16:  0x0                 x17:  0x0
[CPU0] up_dump_register: x18:  0x0                 x19:  0x0
[CPU0] up_dump_register: x20:  0x0                 x21:  0x0
[CPU0] up_dump_register: x22:  0x0                 x23:  0x40400100
[CPU0] up_dump_register: x24:  0x41720000          x25:  0x404008c8
[CPU0] up_dump_register: x26:  0x0                 x27:  0x0
[CPU0] up_dump_register: x28:  0x0                 x29:  0x4171fff0
[CPU0] up_dump_register: x30:  0x4040b5fc        
[CPU0] up_dump_register: 
[CPU0] up_dump_register: STATUS Registers:
[CPU0] up_dump_register: PC:        0x404239b0        
[CPU0] up_dump_register: SPSR:      0x60000245        
[CPU0] up_dump_register: ELR:       0x404239b0        
[CPU0] up_dump_register: SP_EL0:    0x41720000        
[CPU0] up_dump_register: SP:        0x4171fff0        
[CPU0] up_dump_register: EXE_DEPTH: 0xdeadbeefdeadbeef
[CPU0] sched_dumpstack: backtrace| 7: 0x00000000404239b0
[CPU0] dump_tasks:    PID GROUP   CPU PRI POLICY   TYPE    NPX STATE   EVENT      SIGMASK          STACKBASE  STACKSIZE      USED   FILLED    COMMAND
[CPU0] dump_tasks:   ----   ---     0 --- -------- ------- --- ------- ---------- ---------------- 0x41708000      4096       416    10.1%    irq
[CPU0] dump_tasks:   ----   ---     1 --- -------- ------- --- ------- ---------- ---------------- 0x41709000      4096       192     4.6%    irq
[CPU0] dump_tasks:   ----   ---     2 --- -------- ------- --- ------- ---------- ---------------- 0x4170a000      4096       192     4.6%    irq
[CPU0] dump_tasks:   ----   ---     3 --- -------- ------- --- ------- ---------- ---------------- 0x4170b000      4096       192     4.6%    irq
[CPU0] dump_tasks:   ----   ---     4 --- -------- ------- --- ------- ---------- ---------------- 0x4170c000      4096       192     4.6%    irq
[CPU0] dump_tasks:   ----   ---     5 --- -------- ------- --- ------- ---------- ---------------- 0x4170d000      4096       192     4.6%    irq
[CPU0] dump_tasks:   ----   ---     6 --- -------- ------- --- ------- ---------- ---------------- 0x4170e000      4096       192     4.6%    irq
[CPU0] dump_tasks:   ----   ---     7 --- -------- ------- --- ------- ---------- ---------------- 0x4170f000      4096       192     4.6%    irq
[CPU0] dump_task:       0     0     0   0 FIFO     Kthread -   Assigned           0000000000000000 0x417100f0      7952      2672    33.6%    CPU0 IDLE
[CPU0] dump_task:       1     0     1   0 FIFO     Kthread -   Running            0000000000000000 0x417120f0      7952       848    10.6%    CPU1 IDLE
[CPU0] dump_task:       2     0     2   0 FIFO     Kthread -   Running            0000000000000000 0x417140f0      7952       848    10.6%    CPU2 IDLE
[CPU0] dump_task:       3     0     3   0 FIFO     Kthread -   Running            0000000000000000 0x417160f0      7952       848    10.6%    CPU3 IDLE
[CPU0] dump_task:       4     0     4   0 FIFO     Kthread -   Running            0000000000000000 0x417180f0      7952       848    10.6%    CPU4 IDLE
[CPU0] dump_task:       5     0     5   0 FIFO     Kthread -   Running            0000000000000000 0x4171a0f0      7952       848    10.6%    CPU5 IDLE
[CPU0] dump_task:       6     0     6   0 FIFO     Kthread -   Running            0000000000000000 0x4171c0f0      7952       848    10.6%    CPU6 IDLE
[CPU0] dump_task:       7     0     7   0 FIFO     Kthread -   Running            0000000000000000 0x4171e0f0      7952       848    10.6%    CPU7 IDLE
[CPU0] dump_task:       8     0     0 192 RR       Kthread -   Waiting Semaphore  0000000000000000 0x412aeaa0      7888      1088    13.7%    hpwork 0x41283ac0 0x41283b48
[CPU0] dump_task:       9     0     0 100 RR       Kthread -   Waiting Semaphore  0000000000000000 0x412acaa0      7888      1088    13.7%    lpwork 0x41283a00 0x41283a88
[CPU0] dump_task:      10    10     0 100 RR       Task    -   Waiting Semaphore  0000000000000000 0x41724490      7920      2160    27.2%    nsh_main
[CPU0] dump_task:      15    15     0 100 RR       Task    -   Running            0000000000000000 0x4230d260    130784     17328    13.2%    k7voice asr-mic
[CPU0] sched_dumpstack: backtrace| 0: 0x000000004040b470 0x00000000404001c4
[CPU0] sched_dumpstack: backtrace| 1: 0x00000000404239b0
[CPU0] sched_dumpstack: backtrace| 2: 0x00000000404239b0
[CPU0] sched_dumpstack: backtrace| 3: 0x00000000404239b0
[CPU0] sched_dumpstack: backtrace| 4: 0x00000000404239b0
[CPU0] sched_dumpstack: backtrace| 5: 0x00000000404239b0
[CPU0] sched_dumpstack: backtrace| 6: 0x00000000404239b0
[CPU0] sched_dumpstack: backtrace| 7: 0x00000000404239b0
[CPU0] sched_dumpstack: backtrace| 8: 0x000000004040d270 0x000000004040e4a4 0x0000000040411da0 0x00000000404163a8
[CPU0] sched_dumpstack: backtrace| 9: 0x000000004040d270 0x000000004040e4a4 0x0000000040411da0 0x00000000404163a8
[CPU0] sched_dumpstack: backtrace|10: 0x000000004040d270 0x000000004040e4a4 0x0000000040404b0c 0x000000004042b11c 0x000000004042b184 0x000000004042b1bc 0x000000004042b1fc 0x0000000040418b5c
[CPU0] sched_dumpstack: backtrace|10: 0x0000000040418d30 0x0000000040418c40 0x0000000040418948 0x00000000404184fc 0x00000000404183f0 0x000000004042e258 0x0000000040416380
[CPU0] sched_dumpstack: backtrace|15: 0x0000000040b64238 0x0000000040b6a5f0 0x0000000040de7b10 0x0000000040cc9f44 0x0000000040a77950 0x0000000040a68c64 0x0000000040a79b60 0x0000000040a7400c
[CPU0] sched_dumpstack: backtrace|15: 0x0000000040a3e314 0x0000000040a40b0c 0x0000000040a40bdc 0x0000000040584924 0x0000000040585568 0x00000000404e9244 0x00000000406a08f4 0x000000004073894c
[CPU0] sched_dumpstack: backtrace|15: 0x00000000406bda34 0x00000000406bec9c 0x00000000405db178 0x00000000404d3fe4 0x00000000404d4398 0x000000004042e258 0x0000000040416380
DDR 2f85f4b2d4 cym 24/11/07-19:07:28,fwver: v1.09
In
ch0 ttot6
ch1 ttot6
ch0 ttot7
LPDDR5, 2736MHz
channel[0] BW=16 Col=10 Bk=16 CS0 Row=16 CS=1 Die BW=16 Size=2048MB
ch1 ttot7
channel[1] BW=16 Col=10 Bk=16 CS0 Row=16 CS=1 Die BW=16 Size=2048MB
Manufacturer ID:0xff
CH0 RX Vref:25.7%, RX DQS Vref:34.3%, TX Vref:20.0%,0.0%
DQ roc:
p5 n2, p6 n0, p5 n0, p7 n0, p0 n3, p1 n0, p0 n1, p7 n0, p2 n0, 
p5 n0, p2 n2, p4 n0, p0 n0, p0 n0, p1 n0, p1 n0, p1 n3, p1 n0, 

DQ rds:l0 h1 l0 l0 l0 l0 l0 h1 , h1 h1 l0 l0 l0 l0 l0 l0 
DQS roc: p2, n0, p2, n0

CH1 RX Vref:24.1%, RX DQS Vref:29.6%, TX Vref:21.0%,0.0%
DQ roc:
p1 n1, p6 n0, p0 n3, p4 n0, p2 n0, p5 n2, p7 n0, p0 n0, p0 n0, 
p1 n0, p2 n1, p0 n1, p1 n0, p2 n0, p3 n0, p3 n0, p7 
DQ rds:l0 h1 l0 l0 h1 l0 l0 l0 , l0 l0 l0 h1 l0 l0 h1 l0 
DQS roc: p2, n0, p3, n0

stride=0x3, ddr_config=0x2
hash bank_mask0-3 0x0 0x2100 0x44200 0x88400, rank_mask0 0x0
change to F1: 534MHz
ch0 ttot6
ch1 ttot6
change to F2: 1320MHz
ch0 ttot8
ch1 ttot8
change to F3: 1968MHz
ch0 ttot6
ch1 ttot6
change to F0: 2736MHz
ch0 ttot7
ch1 ttot7
out
U-Boot SPL board init
U-Boot SPL 2017.09-g60e6e79d7a0-250604 #lxh (Jun 09 2025 - 11:08:59), fwver: v1.08
sfc cmd=00H(6BH-x4)
unknown raw ID 0 0 0
unrecognized JEDEC id bytes: 00, 00, 00
Trying to boot from MMC2
MMC: no card prese: mmc init failed with error: -123
Trying to boot from MMC1
SPL: A/B-slot: _a, successful: 0, tries-remain: 7
Trying fit image at 0x4000 sector
## Verified-boot: 0
## Checking atf-1 0x40060000 ... sha256(868eaf583a...) + OK
## Checking uboot 0x40200000 ... sha256(6c8db3566e...) + OK
## Checking fdt 0x40344418 ... sha256(673916e062...) + OK
## Checking atf-2 0x400f0000 ... sha256(8afb712810...) + OK
## Checking atf-3 0x3fe70000 ... sha256(8b5729c8c7...) + OK
## Checking optee 0x48400000 ... sha256(4f2fb58a31...) + OK
Jumping to U-Boot(0x40200000) via ARM Trusted Firmware(0x40060000)
Total: 107.45/305.700 ms

INFO:    Preloader serial: 0
NOTICE:  BL31: v2.3():v2.3-931-g4d7e811c6:derrick.huang, fwver: v1.20
NOTICE:  BL31: Built : 19:19:38, May 26 2025
INFO:    SOC (0x35760101)
INFO:    spec: 0x1
INFO:    test version: 0x0
INFO:    ARM GICv2 driver initialized
INFO:    bypass memory reINFO:    dfs DDR fsp_params[0].freq_mhz= 2736MHz
INFO:    dfs DDR fsp_params[1].freq_mhz= 534MHz
INFO:    dfs DDR fsp_params[2].freq_mhz= 1320MHz
INFO:    dfs DDR fsp_params[3].freq_mhz= 1968MHz
INFO:    Using opteed sec cpu_context!
INFO:    boot cpu mask: 1
INFO:    BL31: Initializing runtime services
INFO:    BL31: Initializing BL32
I/TC: 
I/TC: OP-TEE version: 3.13.0-1004-g667b54418 #hisping.lin (gcc version 10.2.1 20201103 (GNU Toolchain for the A-profile I/TC: OP-TEE memory size: TEEOS 0x200000 TA 0xc00000 SHM 0x200000
I/TC: Primary CPU initializinI/TC: Primary CPU switching to normal world boot
INFO:    BL31: Preparing for EL3 exit to norma

U-Boot 2017.09 (May 26 2026 - 11:45:02 +0800)

Model: Rockchip RK3576 Evaluation board
MPIDR: 0x0
PreSerial: 0, raw, 0x24 GiB
Sysmem: init
Relocation Offset: bda19000
Relocation fdt: fb9fa0f0 - fb9fecd8
CR: M/C/I
Using default environment

optee api revision: 2.0
mmc@2a310000: 1, mmc@2a330000: 0
Bootdev(atags): mmc 0
MMC0: HS400 Enhanced Strobe, 200Mhz
PartType: EFI
DM: v2
Android 14.0, Build 2024.2, v2
boot mode: None
RESC: 'boot', blk@0x0000ca14
Device is: UNLOCKED
DTB: rk-kernel.dtb
HASH(ce): OK
ANDROID: fdt overlay failed, ret=-1
dw_dp_bind zyb enter
I2c1 speed: 100000Hz
PMIC:  RK8060 (on=0x40, off=0x00)
vdd_cpu_big_s0 init 850000 uV
vdd_npu_s0 750000 uV
vdd_cpu_lit_s0 init 850000 uV
vdd_gpu_s0 init 750000 uV
vdd_logic_s0 init 750000 uV
vdd_ddr_s0 850000 uV
Model: Rockchip RK3576 KICKPI K7 Board
No resource file: logo.bmp
failed to display uboot logo
CLK: (uboot. arm: enter 1008000 KHz, init 1008000 KHz, kernel 0N/A)
  bpll 816000 KHz
  lpll 816000 KHz
  vpll 594000 KHz
  aupll 786432 KHz
  cpll 1000000 KHz
  gpll 1188000 KHz
  ppll 1us_root 100000 KHz
  hclk_bus_root 198000 KHz
  aclk_top 78643Hit key to stop autoboot('CTRL+C'):  0 
ANDROID: reboot reason: "(none)"
Vboot=0, AVB images, AVB verify
read_is_device_unlocked() ops returned that device is UNLOCKED
avb_slot_verify.c:763: ERROR: vbmeta: Error verifying vbmeta image: OK_NOT_SIGNED
preloaded: distribute image from 'boot
ANDROID: sha1(b2eeed6ccb...) + OK
Could not find "system" partition
Booting IMAGE kernel at 0x40400000 with fdt at 0x48300000...


Fdt Ramdisk skip relocation
## Booting Android Image at3ff800 ...
Android's image name: openvela-k7
Kernel: 0x404000000
   Booting using the fdt blob at 0x48300000
   XIP Kernel I   Using Device Tree in place at 0000000048300000, end 0000000048326532
No resource file: logo_kernel.bmp
VP0 fail to load kernel logo
## reserved-memory:
  ramoops@40110000: addr=40110000 size=e0000
Adding bank: 0x40200000 - 0x48400000 (size: 0x08200000)
Adding bank: 0x49400000 - 0x100000000 (size: 0xb6c00000)
Adding bank: 0x100000000 - 0x140000000 (siTotal: 318.540/671.353 ms

Starting kernel ...

- Ready to Boot Primary CPU
RK3576 HCR_EL2=0000000008000032
RK3576 SCTLR_EL1=0000000030d00800
- Boot from EL2
- Boot from EL1
- Boot to C runtime for OS Initialize
arm64_chip_boot: RK3576: MMU enabled
rk3576_uart6_initialize: UART6 M0: 115200 8N1, internal loopback PASS, IRQ114 ttyS1

NuttShell (NSH)
nsh> [K