
nsh> [Kk7sound tone
AUDIO_IO reset12=00000000 gate11=00000000 gate12=00000000 gate18=00000000 mux=00000000 source=00000000
AUDIO_IO con=23073576 repair=fdffffff ack=00000001 idle=00000001
SOUND mcSOUND codec_prepare=0 state=2
SOUND adc_variant=0 settle_ms=0
SOUND playback_gain_db=0 dac_attenuation_db=24 maximum=0
SOUND experiment clear=0 reset=0 clockwait20=0
SOUND slot_mask offset=3c value=00000000
SOUND slot_mask offset=40 value=000000ue=00000000
SOUND slot_mask offset=48 value=00000000
SOUND slo58 value=00000000
SOUND pio=0 frames=3200 polls=174614 stop=0 hc reg=01 value=60
SOUND codec reg=02 value=00
SOUND codec reg=5 value=00
SOUND codec reg=06 value=00
SOUND codec reg=07 valuodec reg=0d value=02
SOUND codec reg=0f value=24
SOUND codec rvalue=b8
SOUND codec reg=2a value=b8
SOUND codec reg=2b value=3 changes=640
SOUND pad channel=3 high=50418 changes=0
SOUND result=0 codec_stop=0 platform_restore=0 i2c_restore=0 amp_low=1
nsh> [Kk7sound capture-pga24 48000
AUDIO_IO reset12=00000000 gate11=00000000 gate12=00000000 gate18=00000000 mux=00000000 source=00000000
AUDIO_IO con=00060300 ien=00000000 gpio_version=010219c8 gpio_input=014d3050
SOUND platforut before=0000001f after=0000001d
SOUND codec_prepare=0 state=2
SOUND adc_variant=24 settle_ms=1000
SOUND playback_gain_db=0 dac_attenuation_db=24 maximum=0
SOUND experiment clear=0 reset=0 clockwait20=0
SOUND slot_mask offset=3c value=00000000
SOUND slot_mask offset=40 value=00000000
SOUND slot_mask offset=44 value=00000000
SOUND slot_mask offset=48 value=00000000
SOUND slot_mask offset=4c value=00000000
SOUND slot_mask offset=50 value=00000000
SOUND slot_mask offset=54 value=00000000
SOUND slot_mask offset=58 value=00000000
SOUND pio=0 frames=48000 polls=2618304 stop=0 held=0 max_fifo=2
SOUND fifo first=00000000 last=00000000 TXCR=00400fff RXCR=00400fff FSCR=0101f03f CKR=00000018rc=0
SOUND trace_word index=0 us=1924495859 before=00000002 worfore=00000001 word=ffffffff after=00000000 rc=0,0,0
SOUND trace040 word=00000000 after=00000000 rc=0,0,0
SOUND trace_word indeus=1924495983 before=00002000 word=00000000 after=00001000 rc=0,0,0
SOUND trace_word index=5 us=1924495985 before=00001000 word=00000000 after=00000000 rc=0,0,0
SOUND trace_word index=6 us=1924496046 before=00080000 word=00000000 after=00040000 rc=0,0,0
SOUND trace_word index=7 us=1924496048 before=00040000 word=00000000 after=00000000 rc=0,0,0
SOUND trace_word index=8 us=1924496109 before=00000002 word=ffffffff after=00000001 rc=0,0,0
SOUND trace_word index=9 us=1924496111 before=00000001 word=ffffffff after=00000000 rc=0,0,0
SOUND trace_word index=10 us=1924496171 before=00000080 word=00000000 after=00000040 rc=0,0,0
SOUND trace_word index=11 us=1924496173 before=00000040 word=00000000 after=00000000 rc=0,0,0
SOUND trace_word index=12 us=1924496234 before=00002000 word=00000000 after=00001000 rc=0,0,0
SOUND tr0000 after=00000000 rc=0,0,0
SOUND trace_word index=14 us=1924496296 before=00080000 word=00000000 after=00040000 rc=0,0,0
SOUND trace_word index=15 us=1924496298 before=00040000 word=00000000 after=00000000 rc=0,0,0
SOUND trace_word index=16 us=1924496359 before=00000002 word=ffffffff after=00000001 rc=0,0,0
SOUND trace_word index=17 us=1924496361 before=00000001 word=ffffffff after=00000000 rc=0,0,0
SOUND trace_word index=18 us=1924496422 before=00000080 word=00000000 after=00000040 rc=0,0,0
SOUND trace_word index=19 us=1924496423 before=00000040 word=00000000 after=00000000 rc=0,0,0
SOUND trace_word index=20 us=1924496484 24496485 before=00001000 word=00000000 after=00000000 rc=0,0,0
0,0,0
SOUND trace_word index=24 us=1924496608 before=00000002 w0000001 word=ffffffff after=00000000 rc=0,0,0
SOUND trace_word er=00000040 rc=0,0,0
SOUND trace_word index=27 us=1924496673 before=00000040 word=00000000 after=00000000 rc=0,0,0
SOUND trace_word index=28 us=1924496734 before=00002000 word=00000000 after=00001000 rc=0,0,0
SOUND trace_word index=29 us=1924496736 before=00001000 word=00000000 after=00000000 rc=0,0,0
SOUND trace_word index=30 us=1924496796 before=00080000 word=00000000 after=00040000 rc=0,0,0
SOUND trace_word index=31 us=1924496798 before=00040000 word=00000000 after=00000000 rc=0,0,0
SOUND codec reg=00 value=36
SOUND codec reg=01 value=60
SOUND codec reg=02 value=00
SOUND codec reg=03 value=00
SOUND codec reg=04 value=0c
SOUND codec reg=05 value=00
SOUND codec reg=06 value=00
SOUND codec reg=07 value=7c
SOUND codec reg=08 value=00
SOUND codec reg=09 value=88
SOUND codec reg=0a value=f0
SOUND codec reg=0b value=82
SOUND codec reg=0c value=10
SOUND codec reg=0d value=02
SOUND codec reg=0f value=20
SOUND codec reg=17 value=20
SOUND codec reg=18 value=02
SOUND codec reg=19 value=06
SOUND codec reg=1a value=30
SOUND codec reg=1b value=30
SOUND codec reg=27 value=b8
SOUND codec reg=2a value=b8
SOUND codec reg=2b value=80
SOUND codec reg=30 value=14
SOUND codec reg=31 value=14
SOUND input pull=00005515 schmitt=000000ff path=0000e4e4 gpio_high=50438 transitions=0 samples=50438
SOUND pad ticks=480011 max_gap=35 counter_hz=24000000 complete=1
SOUND pad channel=0 high=24938 changes=38040
SOUND pad channel=1 high=25382 changes=40920
SOUND pad channel=2 high=25282 changes=640
SOUND pad channel=3 high=50438 changes=0
t_max=799944960 left_nonzero=12000 right_min=-787853056 right_maSOUND result=0 codec_stop=0 platform_restore=0 i2c_restore=0 amp_low=1
nsh> [Kk7voice asr-mic &
k7voice [30:100]
nsh> [KTLS_CHECK PASS workers=2 destructors=2 main_value=123
ASR_MIC frames=48000 rate=16000 channel=left
ASR_INFER BEGIN recognizer
ASR_INFER chunk=1 elapsed=21.870
ASR_INFER chunk=2 elapsed=23.014
ASR_INFER chunk=3 elapsed=24.158
ASR_INFER chunk=4 elapsed=25.505
ASR_INFER chunk=5 elapsed=26.828
ASR_INFER RESULT seconds=26.830 text=泰车联网开车
ASR_STORAGE peak=468101988 live=0 records=1264 failures=0 reason=0
