
nsh> [Kk7sound capture-pga24 48000
AUDIO_IO reset12=00000000 gate11=00000000 gate12=00000000 gate18=00000000 mux=00000000 source=00000000
AUDIO_IO con=00060300 ien=00000000 gpio_version=010219c8 gpio_input=034d3050
SOUND platform_result=0 version=23073576 repair=fdffffff ack=00000001 idle=00000001
SOUND mclkout before=0000001f after=0000001d
SOUND codec_prepare=0 state=2
SOUND adc_variant=24 settle_ms=1000
SOUND playback_gain_db=0 dac_attenuation_db=24 maximum=0
SOUND experiment clear=0 reset=0 clockwait20=0
SOUND slot_mask offset=3c value=00000000
SOUND slot_mask offset=40 value=000000UND slot_mask offset=4c value=00000000
SOUND slot_mask offset=5first=00000000 last=00000000 TXCR=00000fff RXCR=00400fff FSCR=01CKR=00000018
SOUND trace start=198665764 end=201665803 started=race_init index=1 value=00000002 rc=0
SOUND trace_init index=2 OUND trace_init index=4 value=00000000 rc=0
SOUND trace_init in002 word=ffffffff after=00000001 rc=0,0,0
SOUND trace_word inde0 rc=0,0,0
SOUND trace_word index=3 us=198665928 before=00000040 word=00000000 after=00000000 rc=0,0,0
SOUND trace_word index=4 us=198665988 before=00002000 word=00000000 after=00001000 rc=0,0,0
SOUND trace_word index=5 us=198665990 before=00001000 word=00000000 after=00000000 rc=0,0,0
SOUND trace_word index=6 us=198666051 before=00080000 word=00000000 after=00040000 rc=0,0,0
SOUND trace_word index=7 us=198666053 before=00040000 word=00000 index=8 us=198666114 before=00000002 word=ffffffff after=000000 trace_word index=9 us=198666116 before=00000001 word=ffffffff aSOUND trace_word index=10 us=198666176 before=00000080 word=00000000 after=00000040 rc=0,0,0
SOUND trace_word index=11 us=198666177 before=00000040 word=00000000 after=00000000 rc=0,0,0
SOUND trace_word index=12 us=198666239 before=00002000 word=00000000 after=00001000 rc=0,0,0
SOUND trace_word index=13 us=198666240 before=00001000 word=00000000 after=00000000 rc=0,0,0
SOUND trace_word index=14 us=198666302 before=00080000 word=00000000 after=00040000 rc=0,0,0
SOUND trace_word index=15 us=198666303 before=00040000 word=00000000 after=00000000 rc=0,0,0
SOUND trace_word index=16 us=198666363 before=00000002 word=ffffffff after=00000001 rc=0,0,0
SOUND trace_word index=17 us=198666365 before=00000001 word=ffffffff after=00000000 rc=0,0,0
SOUND trace_word index=18 us=198666426 before=00000080 word=00000000 after=00000040 rc=0,0,0
SOUND trace_word index=19 us=198666428 before=00000040 word=00000000 after=00000000 rc=0,0,0
SOUND trace_word index=20 us=198666489 before=00002000 word=00000000 after=00001000 rc=0,0,0
SOUND trace_word index=21 us=198666491 before=00001000 word=00000000 after=00000000 rc=0,0,0
SOUND trace_word index=22 us=198666551 before=00080000 word=00000000 after=00040000 rc=0trace_word index=23 us=198666553 before=00040000 word=00000000 aefore=00000001 word=ffffffff after=00000000 rc=0,0,0
SOUND trace_word index=26 us=198666676 before=00000080 word=00000000 after=00000040 rc=0,0,0
SOUND trace_word index=27 us=198666678 before=00000040 word=00000000 after=00000000 rc=0,0,0
SOUND trace_word index=28 us=198666739 before=00002000 word=00000000 after=00001000 rc=0,0,0
SOUND trace_word index=29 us=198666741 before=00001000 word=00000000 after=00000000 rc=0,0,0
SOUND trace_word index=30 us=198666801 before=00080000 word=00000000 after=00040000 rc=0,0,0
SOUND trace_word ind=00000000 after=00000000 rc=0,0,0
SOUND codec reg=00 value=36
=02 value=00
SOUND codec reg=03 value=00
SOUND codec reg=04 vac
SOUND codec reg=08 value=00
SOUND codec reg=09 value=88
SOU value=10
SOUND codec reg=0d value=02
SOUND codec reg=0f value=20
SOUND codec reg=17 value=20
SOUND codec reg=18 value=02
SOUND codec reg=19 value=06
SOUND codec reg=1a value=30
SOUND codec reg=1b value=30
SOUND codec reg=27 value=b8
SOUND codec reg=2a value=b8
SOUND codec reg=2b value=80
SOUND codec reg=30 value=14
SOUND codec reg=31 value=14
SOUND input pull=00005515 schmitt=000000ff path=0000e4e4 gpio_high=50412 transitions=0 samples=50412
SOUND pad ticks=480004 max_gap=35 counter_hz=24000000 complete=1
SOUND pad channel=0 high=24954 changes=37942
SOUND pad channel=1 high=25187 changes=40918
SOUND pad channel=2 high=25257 changes=640
SOUND pad channel=3 high=50412 changes=0
SOUND pcm left_min=-613448448 left_max=644373248 left_nonzero=12000 right_min=-634636544 right_max=603768320 right_nonzero=1200SOUND result=0 codec_stop=0 platform_restore=0 i2c_restore=0 amp_low=1
nsh> [Kk7voice asr-mic &
k7voice [12:100]
nsh> [KASR_MIC frames=48000 rate=16000 channel=left
ASR_INFER BEGIN recognizer
ASR_INFER chunk=1 elapsed=21.798
ASR_INFER chunk=2 elapsed=23.142
ASR_INFER chunk=3 elapsed=24.424
ASR_INFER chunk=4 elapsed=25.682
ASR_INFER chunk=5 elapsed=27.003
ASR_INFER RESULT seconds=27.004 text=打开可连接网然后开开
ASR_STORAGE peak=468101988 live=0 records=1264 failures=0 reason=0
