
nsh> [Kk7sound loopback-guard
AUDIO_IO reset12=00000000 gate11=00000000 gate12=00000000 gate18=00000000 mux=00000000 source=00000000
AUDIO_IO con=00060300 ien=00000000 gpio_version=010219c8 gpio_input=034d3050
SOUND platform_result=0 version=23073576 repair=fdffffff ack=00000001 idle=00000001
SOUND mclkout before=0000001f after=0000001d
SOUND codec_prepare=0 state=2
SOUND adc_variant=0 settle_ms=0
SOUND playback_gain_db=0 dac_attenuation_db=24 maximum=0
AUDIO RXCSR before=00400fff active=00500fff restored=00400fff restore_rc=0
SOUND loopback result=0 frames=128 tx_queued=144 polls=2104 stop=0 restore=0 amp=0 h0004e4e4 restored=0000e4e4 start=2200394922 end=2200399044
SOUN=2200394877 before=00000000 word=01000100 after=00000001 rc=0
S word=01100100 after=00000002 rc=0
SOUND loop_word dir=0 index=r=00000082 rc=0
SOUND loop_word dir=0 index=4 us=2200394889 bef000082 word=01400100 after=00001082 rc=0
SOUND loop_word dir=0 dex=6 us=2200394892 before=00002082 word=01600100 after=00042082 before=00042082 word=01700100 after=00082082 rc=0
SOUND loop_wx=9 us=2200394900 before=00082083 word=01100200 after=00082084 r dir=0 index=10 us=2200394904 before=00082084 word=01200200 aftee=000820c4 word=01300200 after=00082104 rc=0
SOUND loop_word diSOUND loop_word dir=0 index=13 us=2200394912 before=00083104 wordex=15 us=2200394915 before=000c4104 word=01700200 after=00104104 rc=0
SOUND loop_word dir=0 index=16 us=2200395070 before=00104102 word=01000300 after=00104103 rc=0
SOUND loop_word dir=0 index=17 us=2200395072 before=00104103 word=01100300 after=00104104 rc=0
SOUND loop_word dir=0 index=18 us=2200395133 before=00104084 word=01200300 after=001040c4 rc=0
SOUND loop_word dir=0 in rc=0
SOUND loop_word dir=0 index=20 us=2200395198 before=00102e=00084104 word=01600300 after=000c4104 rc=0
SOUND loop_word dird dir=0 index=24 us=2200395319 before=00104102 word=01000400 afword dir=0 index=27 us=2200395386 before=001040c4 word=01300400 =0 index=28 us=2200395445 before=00102104 word=01400400 after=00OUND loop_word dir=0 index=29 us=2200395447 before=00103104 word=01500400 after=00104104 rc=0
SOUND loop_word dir=0 index=30 us=2200395508 before=00084104 wordD loop_word dir=0 index=31 us=2200395512 before=000c4104 word=01=2200395574 before=00104103 word=01100500 after=00104104 rc=0
S04 word=01400500 after=00103104 rc=0
SOUND loop_word dir=0 inde
SOUND loop_word dir=0 index=38 us=2200395757 before=00084104 wir=0 index=42 us=2200395882 before=00104084 word=01200600 after==2200396007 before=00084104 word=01600600 after=000c4104 rc=0
S1700600 after=00104104 rc=0
SOUND loop_word dir=0 index=48 us=2ter=00104104 rc=0
SOUND loop_word dir=0 index=50 us=2200396132 02104 word=01400700 after=00103104 rc=0
SOUND loop_word dir=0 ius=2200396196 before=00103104 word=01500700 after=00104104 rc=04104 word=01600700 after=000c4104 rc=0
SOUND loop_word dir=0 inord dir=0 index=56 us=2200396319 before=00104102 word=01000800 ater=00104104 rc=0
SOUND loop_word dir=0 index=58 us=2200396383 =001040c4 rc=0
SOUND loop_word dir=0 index=59 us=2200396385 befrc=0
SOUND loop_word dir=0 index=60 us=2200396445 before=001021ND loop_word dir=0 index=62 us=2200396508 before=00084104 word=004 rc=0
SOUND loop_word dir=0 index=63 us=2200396509 before=000=0 us=2200395043 before=00000082 word=00000000 after=00000081 rc00 after=00000080 rc=0
SOUND loop_word dir=1 index=2 us=2200395rc=0
SOUND loop_word dir=1 index=4 us=2200395116 before=00000082 word=01000100 after=00000081 rc=0
SOUND loop_word dir=1 index=5 us=2200395117 before=00000081 word=01100100 after=00000080 rc=0
SOUND loop_word dir=1 index=6 us=2200395167 before=00000102  word=00000000 after=00000082 rc=0
SOUND loop_word dir=1 index=00 after=00000081 rc=0
SOUND loop_word dir=1 index=9 us=2200395080 rc=0
SOUND loop_word dir=1 index=10 us=2200395230 before=00ord dir=1 index=12 us=2200395237 before=00000082 word=01400100 as=2200395295 before=00000102 word=00000000 after=000000c2 rc=0
00000000 after=00000082 rc=0
SOUND loop_word dir=1 index=16 us==17 us=2200395304 before=00000081 word=01700100 after=00000080 r0000102 word=00000000 after=000000c2 rc=0
SOUND loop_word dir=1=1 index=20 us=2200395363 before=00000082 word=01000200 after=00ex=21 us=2200395365 before=00000081 word=01100200 after=00000080418 before=00000102 word=00000000 after=000000c2 rc=0
SOUND lood=01200200 after=00000081 rc=0
SOUND loop_word dir=1 index=25 u0 before=00000081 word=01300200 after=00000080 rc=0
SOUND loop_0
SOUND loop_word dir=1 index=27 us=2200395483 before=000000c2 index=28 us=2200395489 before=00000082 word=01400200 after=00000ord=00000000 after=000000c2 rc=0
SOUND loop_word dir=1 index=3100081 rc=0
SOUND loop_word dir=1 index=33 us=2200395551 before=0 after=00000080 rc=0
SOUND loop_word dir=1 index=34 us=2200395ord dir=1 index=35 us=2200395609 before=000000c2 word=00000000 a0000082 word=01000300 after=00000081 rc=0
SOUND loop_word dir=1s=2200395671 before=000000c2 word=00000000 after=00000082 rc=0
 after=00000081 rc=0
SOUND loop_word dir=1 index=41 us=22003956D loop_word dir=1 index=43 us=2200395732 before=000000c2 word=00000000 after=00000082 rc=0
SOUND loop_word dir=1 index=44 us=2200395735 before=00000082 word=01400300 after=00000081 rc=0
SOUND loop_word dir=1 index=45 us=2200395737 before=00000081 word=01500300 after=00000080 rc=0
SOUND loop_word dir=1 index=46 us=2200395794 before=00000102 word=00000000 after=000000c2 rc=0
SOUND loop_word dir=1 index=47 us=2200395795 before=000000c2 word=00000000 after=00000082 rc=0
SOUND loop_word dir=1 index=48 us=2200395798 before=00000082 word=01UND loop_word dir=1 index=49 us=2200395800 before=00000081 word=00000102 word=00000000 after=000000c2 rc=0
SOUND loop_word dir=r=00000082 rc=0
SOUND loop_word dir=1 index=52 us=2200395860 beword dir=1 index=54 us=2200395917 before=00000102 word=00000000 after=000000c2 rc=0
SOUND loop_word dir=1 index=55 us=2200395919 before=000000c2 word=00000000 after=00000082 rc=0
SOUND loop_word dir=1 index=56 us=2200395922 before=00000082 word=01200400 after=00000081 rc=0
SOUND loop_word dir=1 index=57 us=2200395924 before=00000081 word=01300400 after=00000080 rc=0
SOUND loop_word dir=1 index=58 us=2200395981 before=00000102 word=00000000 after=000000c2 rc=0
SOUND loop_word dir=1 index=59 us=2200395983 before=000000c2 word=00000000 after=00000082 rc=0
SOUND loop_word dir=1 index=60 us=2200395986 before=00000082 word=01400400 after=00000081 rc=0
SOUND loop_word dir=1 index=61 us=2200395987 before=00000081 word=01500400 after=00000080 rc=0
SOUND loop_x=62 us=2200396043 before=00000102 word=00000000 after=000000c2 100 00000000 00000000
LOOP_PCM 0008 01200100 01300100 00000000 000
LOOP_PCM 0010 01600100 01700100 00000000 00000000 01000200 M 0018 01200200 01300200 00000000 00000000 01400200 01500200 00000 00000000 00000000 01400300 01500300 00000000 00000000
LOOP_P 0040 01600400 01700400 00000000 00000000 01000500 01100500 000000 01400500 01500500 00000000 00000000
LOOP_PCM 0050 01600500 00 01600600 01700600 00000000 00000000 01000700 01100700 00000000 01100800 00000000 00000000
LOOP_PCM 0078 01200800 01300800 00001500800 00000000 00000000
LOOP_PCM 0080 01600800 01700800 000001200900 01300900 00000000 00000000 01400900 01500900 00000000 00 00000000 00000000
LOOP_PCM 0098 01200a00 01300a00 00000000 0000000000
LOOP_PCM 00b0 01600b00 01700b00 00000000 00000000 010000000 00000000 01400c00 01500c00 00000000 00000000
LOOP_PCM 00c00000 00000000 01400d00 01500d00 00000000 00000000
LOOP_PCM 00d0000 00000000 01000e00 01100e00 00000000 00000000
LOOP_PCM 00d800 00000000
LOOP_PCM 00e0 01600e00 01700e00 00000000 00000000 00000 01400f00 01500f00 00000000 00000000
LOOP_PCM 00f0 01600f00SOUND result=0 codec_stop=0 platform_restore=0 i2c_restore=0 amp_low=1
nsh> [K