
nsh> [Kk7voice asr-model &
k7voice [14:100]
nsh> [KTLS_CHECK PASS workers=2 destructors=2 main_value=123
ASR_INFER BEGIN recognizerASR_INFER chunk=1 elapsed=21.871
ASR_INFER chunk=2 elapsed=23.157
ASR_INFER chunk=3 elapsed=24.463
ASR_INFER chunk=4 elapsed=25.724
ASR_INFER chunk=5 elapsed=26.985
ASR_INFER chunk=6 elapsed=28.130
ASR_INFER chunk=7 elapsed=29.391
ASR_INFER chunk=8 elapsed=30.652
ASR_INFER chunk=9 elapsed=31.913
ASR_INFER chunk=10 elapsed=33.260
ASR_INFER chunk=11 elapsed=34.405
ASR_INFER chunk=12 elapsed=35.687
ASR_INFER chunk=13 elapsed=36.948
ASR_INFER chunk=14 elapsed=38.269
ASR_INFER chunk=15 elapsed=39.529
ASR_INFER chunk=16 elapsed=40.811
ASR_INFER chunk=17 elapsed=42.072
ASR_INFER RESULT seconds=42.074 text=昨天是 monday today day is 礼拜二 the day after tomorrow 是星期三
ASR_STORAGE peak=468101988 live=0 records=1264 failures=0 reason=0
