
nsh> [Kk7voice asr-model &
k7voice [11:100]
nsh> [KTLS_CHECK PASS workers=2 destructors=2 main_value=123
ASR_INFER BEGIN recognizer
ASR_INFER chunk=1 elapsed=22.049
ASR_INFER chunk=2 elapsed=23.335
ASR_INFER chunk=3 elapsed=24.642
ASR_INFER chunk=4 elapsed=25.904
ASR_INFER chunk=5 elapsed=27.165
ASR_INFER chunk=6 elapsed=28.310
ASR_INFER chunk=7 elapsed=29.571
ASR_INFER chunk=8 elapsed=30.832
ASR_INFER chunk=9 elapsed=32.093
ASR_INFER chunk=10 elapsed=33.438
ASR_INFER chunk=11 elapsed=34.582
ASR_INFER chunk=12 elapsed=35.864
ASR_INFER chunk=13 elapsed=37.125
ASR_INFER chunk=14 elapsed=38.447
ASR_INFER chunk=15 elapsed=39.707
ASR_INFER chunk=16 elapsed=40.988
ASR_INFER chunk=17 elapsed=42.249
ASR_INFER RESULT seconds=42.250 text=昨天是 monday today day is 礼拜二 the day after tomorrow 是星期三
ASR_STORAGE peak=468101988 live=0 records=1264 failures=0 reason=0
