SAMPLE 0 monotonic 83287.379962841
PROV registered=1 connected=1 subscribed=1 busy=0 session=3 commands=4 notify_queued=407 errors=0 connects=2 disconnects=1 reads=18 input_bytes=0
PROV last command=3 id=3 session=3 ret=0 notify_ret=0
K7CLOUD radio_generation=1 wifi=1 ipv4_ready=1
K7CLOUD ipv4=10.3.0.214
K7CLOUD platform_gates=unverified cloud_ready=0 network_request=disabled
nsh> [KTRACK q=3642 s=4 dx=0.0 dy=0.0 x=0 y=0 tx=0 age=96661
SAMPLE 1 monotonic 83307.495930807
PROV registered=1 connected=1 subscribed=1 busy=0 session=3 commands=4 notify_queued=407 errors=0 connects=2 disconnects=1 reads=18 input_bytes=0
PROV last command=3 id=3 session=3 ret=0 notify_ret=0
K7CLOUD radio_generation=1 wifi=1 ipv4_ready=1
K7CLOUD ipv4=10.3.0.214
K7CLOUD platform_gates=unverified cloud_ready=0 network_request=disabled
nsh> [KTRACK q=4240 s=4 dx=0.0 dy=0.0 x=0 y=0 tx=0 age=113778
SAMPLE 2 monotonic 83327.609779425
PROV registered=1 connected=1 subscribed=1 busy=0 session=3 commands=4 notify_queued=407 errors=0 conn
PROV last command=3 id=3 session=3 ret=0 notify_ret=0
TRACK q=4842 s=4 dx=0.0 dy=0.0 x=0 y=0 tx=0 age=93507
K7CLOUD radio_generation=1 wifi=1 ipv4_ready=1
K7CLOUD ipv4=10.3.0.214
K7CLOUD platform_gates=unverified cloud_ready=0 network_request=disabled
