pTRACK q=1095 s=4 dx=0.0 dy=0.0 x=0 y=0 tx=0 age=104524
s
  PID GROUP CPU(AFFINITY)   PRI POLICY   TYPE    NPX STATE    EVENT     SIGMASK            STACK    USED FILLED COMMAND
    0     0 000(0x00000001)   0 FIFO     Kthread   - Assigned           0000000000000000 0007952 00010x00000001)   0 FIFO     Kthread   - Running            00000000952 0000096   1.2%  CPU1 IDLE
    2     0 002(0x00000001)   0 FIFO     Kthread   - Assigned           0000000000000000 0007952 0000848  10.6%  CPU2 IDLE
    3     0 003(0x00000001)   0 FIFO     Kthread   - Running            0000000000000000 0007952 0000096   1.2%  CPU3 IDLE
    4    Kthread   - Running            0000000000000000 0007952 0000096   1.2%  CPU4 IDLE
    5     0 005(0x00000001)   0 FIFO     Kthread   - Running            0000000000000000 0007952 0000096   1.2%  CPU5 IDLE
    6     0 006(0x00000001)   0 FIFO     Kthread   - Running            0000000000000000 0007952 0000096   1.2%  CPU6 IDLE
    7     0 007(0x00000001)   0 FIFO     Kthread   - Running            0000000000000000 0007952 0000096   1.2%  CPU7 IDLE
    8     0 ---(0x00000001) 192 RR       Kthread   - Waiting  Semaphore 0000000000000000 0007888 0001280  16.2%  hpwork 0x406aaac0 0x406aab48
    9     0 ---(0x00000001) 100 RR       Kthread   - Waiting  Semaphore 00aa88
   10    10 000(0x00000001         0000000000000000 0007920 0003760  47.4%  nsh_main
   13     0 ---(0x00000001)  95 RR       Kthread   - Waiting  Semaphore 0000000000000000 0003824 0001376  35.9%  skw_bt_tx
   14     0 ---(0x00000001)  90 RR       Kthread   - Waiting  Signal    0000000000000000 0003824 0002592  67.7%  skw_radio_rx
   15     0 ---(0x00000001) 100 RR       Kthread   - Waiting  MQ empty  0000000000000000 0003824 0002320  60.6%  BT_HCI_Tx
   27     0 ---(0x00000001)  85 RR       Kthread   - Waiting  Semaphore 0000000000000000 0007920 0005600  70.7%  k7_provision
   29    29 ---(0x00000001)  90 RR       Task      - Waiting  Semaphore 0000000000000000 0016112 0001104   6.8%  k7_wifi_svc
   30    29 ---(0x00000001)  90 RR       pthread   - Waiting  Semaphore 0000000000000000 0016144 0001248   7.7%  k7_wifi_svc 0x404b25dc 0
   31    29 ---(0x00000001)  90 RR   %  k7_wifi_svc 0x404ae034 0
   48     0 ---(0x00000001) 100 RR 7904 0002160  27.3%  usbhost 0x40b3e030
   51    51 ---(0x00000thread   - Running            0000000000000000 0016144 0002576  15.9%  k7host 0x404915a0 0x40b65ba0
   54     0 ---(0x00000001) 100 RR       Kthread   - Waiting  MQ empty  0000000000000000 0007920 0002784  35.1%  BT_Conn_Tx
nsh> [K
TRACK q=1098 s=4 dx=0.0 dy=0.0 x=0 y=0 tx=0 age=92017
TRACK q=1100 s=4 dx=0.0 dy=0.0 x=0 y=0 tx=0 age=111486
TRACK q=1102 s=4 dx=0.0 dy=0.0 x=0 y=0 tx=0 age=99095
TRACK q=1105 s=4 dx=0.0 dy=0.0 x=0 y=0 tx=0 age=86643
TRACK q=1107 s=4 dx=0.0 dy=0.0 x=0 y=0 tx=0 age=105904
TRACK q=1110 s=4 dx=0.0 dy=0.0 x=0 y=0 tx=0 age=93532
k7rTRACK q=1112 s=4 dx=0.0 dy=0.0 x=0 y=0 tx=0 age=112804
adio provisionTRACK q=1115 s=4 dx=0.0 dy=0.0 x=0 y=0 tx=0 age=100106
-status
PROV registered=1 connected=1 subscribed=1 busy=0 session=3 commands=1 notify_queued=4 errors=0 connects=2 disconnects=1 reads=18 input_bytes=0
PROV last command=2 id=1 session=3 ret=0 notify_ret=0
nsh> [KTRACK q=1118 s=4 dx=0.0 dy=0.0 x=0 y=0 tx=0 age=87336

