k7host voicecam 1800 &
k7host [51:100]
nsh> [KPHOTO PRESET v1.3-xcenter; X=-800..800 Y=-120..975; native pose
TRACK mode=run limit=0 sign=1,-1 initial=0,0
TRACK axes=xy axis_extent_required=1
VOICE SESSION reUVC ISO EPALLOC ret=0
UVC ISO SET_INTERFACE ret=0
TRACK q=1 s=4 dx=0.0 dy=0.0 x=0 y=0 tx=0 age=83275
TRACK q=3 s=4 dx=0.0 dy=0.0 x=0 y=0 tx=0 age=102471
TRACK q=6 s=4 dx=0.0 dy=0.0 x=0 y=0 tx=0 age=89987
TRACK q=8 s=4 dx=0.0 dy=0.0 x=0 y=0 tx=0 age=109288
TRACK q=11 s=4 dx=0.0 dy=0.0 x=0 y=0 tx=0 age=96583
TRACK q=14 s=4 dx=0.0 dy=0.0 x=0 y=0 tx=0 age=83854
TRACK q=16 s=4 dx=0.0 dy=0.0 x=0 y=0 tx=0 age=103122
TRACK q=18 s=4 dx=0.0 dy=0.0 x=0 y=0 tx=0 age=90653
TRACK q=20 s=4 dx=0.0 dy=0.0 x=0 y=0 tx=0 age=109864
TRACK q=23 s=4 dx=0.0 dy=0.0 x=0 y=0 tx=0 age=97096
TRACK q=26 s=4 dx=0.0 dy=0.0 x=0 y=0 tx=0 age=84670
TRACK q=28 s=4 dx=0.0 dy=0.0 x=0 y=0 tx=0 age=103996
TRACK q=31 s=4 dx=0.0 dy=0.0 x=0 y=0 tx=0 age=91156
TRACK q=33 s=4 dx=0.0 dy=0.0 x=0 y=0 tx=0 age=110497
TRACK q=36 s=4 dx=0.0 dy=0.0 x=0 y=0 tx=0 age=97698
TRACK q=39 s=4 dx=0.0 dy=0.0 x=0 y=0 tx=0 age=84991
TRACK q=40 s=4 dx=0.0 dy=0.0 x=0 y=0 tx=0 age=136491
TRACK q=43 s=4 dx=0.0 dy=0.0 x=0 y=0 tx=0 age=91907
TRACK q=45 s=4 dx=0.0 dy=0.0 x=0 y=0 tx=0 age=111395
TRACK q=48 s=4 dx=0.0 dy=0.0 x=0 y=0 tx=0 age=98689
TRACK q=51 s=4 dx=0.0 dy=0.0 x=0 y=0 tx=0 age=85910
TRACK q=53 s=4 dx=0.0 dy=0.0 x=0 y=0 tx=0 age=105210
TRACK q=56 s=4 dx=0.0 dy=0.0 x=0 y=0 tx=0 age=92451
TRACK q=58 s=4 dx=0.0 dy=0.0 x=0 y=0 tx=0 age=111816
TRACK q=61 s=4 dx=0.0 dy=0.0 x=0 y=0 tx=0 age=99342
TRACK q=63 s=4 dx=0.0 dy=0.0 x=0 y=0 tx=0 age=86746
TRACK q=65 s=4 dx=0.0 dy=0.0 x=0 y=0 tx=0 age=105993
TRACK q=68 s=4 dx=0.0 dy=0.0 x=0 y=0 tx=0 age=93436
TRACK q=70 s=4 dx=0.0 dy=0.0 x=0 y=0 tx=0 age=112677
TRACK q=73 s=4 dx=0.0 dy=0.0 x=0 y=0 tx=0 age=100000
TRACK q=76 s=4 dx=0.0 dy=0.0 x=0 y=0 tx=0 age=87200
TRACK q=78 s=4 dx=0.0 dy=0.0 x=0 y=0 tx=0 age=106487
TRACK q=81 s=4 dx=0.0 dy=0.0 x=0 y=0 tx=0 age=93879
TRACK q=83 s=4 dx=0.0 dy=0.0 x=0 y=0 tx=0 age=113099
TRACK q=85 s=4 dx=0.0 dy=0.0 x=0 y=0 tx=0 age=100703
TRACK q=88 s=4 dx=0.0 dy=0.0 x=0 y=0 tx=0 age=88347
TRACK q=90 s=4 dx=0.0 dy=0.0 x=0 y=0 tx=0 age=107921
TRACK q=93 s=4 dx=0.0 dy=0.0 x=0 y=0 tx=0 age=95172
TRACK q=95 s=4 dx=0.0 dy=0.0 x=0 y=0 tx=0 age=114468
TRACK q=98 s=4 dx=0.0 dy=0.0 x=0 y=0 tx=0 age=102033
TRACK q=101 s=4 dx=0.0 dy=0.0 x=0 y=0 tx=0 age=89436
TRACK q=103 s=4 dx=0.0 dy=0.0 x=0 y=0 tx=0 age=108716
TRACK q=106 s=4 dx=0.0 dy=0.0 x=0 y=0 tx=0 age=96322
TRACK q=108 s=4 dx=0.0 dy=0.0 x=0 y=0 tx=0 age=83735
TRACK q=110 s=4 dx=0.0 dy=0.0 x=0 y=0 tx=0 age=103067
TRACK q=113 s=4 dx=0.0 dy=0.0 x=0 y=0 tx=0 age=90335
TRACK q=115 s=4 dx=0.0 dy=0.0 x=0 y=0 tx=0 age=109606
TRACK q=118 s=4 dx=0.0 dy=0.0 x=0 y=0 tx=0 age=97197
TRACK q=121 s=4 dx=0.0 dy=0.0 x=0 y=0 tx=0 age=84599
TRACK q=123 s=4 dx=0.0 dy=0.0 x=0 y=0 tx=0 age=104144
TRACK q=126 s=4 dx=0.0 dy=0.0 x=0 y=0 tx=0 age=91490
TRACK q=128 s=4 dx=0.0 dy=0.0 x=0 y=0 tx=0 age=110816
TRACK q=130 s=4 dx=0.0 dy=0.0 x=0 y=0 tx=0 age=98446
TRACK q=133 s=4 dx=0.0 dy=0.0 x=0 y=0 tx=0 age=85703
TRACK q=135 s=4 dx=0.0 dy=0.0 x=0 y=0 tx=0 age=104998
TRACK q=138 s=4 dx=0.0 dy=0.0 x=0 y=0 tx=0 age=92247
TRACK q=140 s=4 dx=0.0 dy=0.0 x=0 y=0 tx=0 age=111438
TRACK q=143 s=4 dx=0.0 dy=0.0 x=0 y=0 tx=0 age=98713
TRACK q=146 s=4 dx=0.0 dy=0.0 x=0 y=0 tx=0 age=86028
TRACK q=148 s=4 dx=0.0 dy=0.0 x=0 y=0 tx=0 age=105310
TRACK q=150 s=4 dx=0.0 dy=0.0 x=0 y=0 tx=0 age=124603
TRACK q=152 s=4 dx=0.0 dy=0.0 x=0 y=0 tx=0 age=112280
TRACK q=155 s=4 dx=0.0 dy=0.0 x=0 y=0 tx=0 age=99876
TRACK q=158 s=4 dx=0.0 dy=0.0 x=0 y=0 tx=0 age=87209
TRACK q=160 s=4 dx=0.0 dy=0.0 x=0 y=0 tx=0 age=106564
TRACK q=163 s=4 dx=0.0 dy=0.0 x=0 y=0 tx=0 age=93899
TRACK q=165 s=4 dx=0.0 dy=0.0 x=0 y=0 tx=0 age=113166
TRACK q=168 s=4 dx=0.0 dy=0.0 x=0 y=0 tx=0 age=100453
TRACK q=171 s=4 dx=0.0 dy=0.0 x=0 y=0 tx=0 age=87744
TRACK q=172 s=4 dx=0.0 dy=0.0 x=0 y=0 tx=0 age=139026
TRACK q=175 s=4 dx=0.0 dy=0.0 x=0 y=0 tx=0 age=94479
TRACK q=177 s=4 dx=0.0 dy=0.0 x=0 y=0 tx=0 age=113770
TRACK q=180 s=4 dx=0.0 dy=0.0 x=0 y=0 tx=0 age=101423
TRACK q=183 s=4 dx=0.0 dy=0.0 x=0 y=0 tx=0 age=88844
TRACK q=185 s=4 dx=0.0 dy=0.0 x=0 y=0 tx=0 age=108122
TRACK q=188 s=4 dx=0.0 dy=0.0 x=0 y=0 tx=0 age=95410
TRACK q=190 s=4 dx=0.0 dy=0.0 x=0 y=0 tx=0 age=114858
TRACK q=193 s=4 dx=0.0 dy=0.0 x=0 y=0 tx=0 age=102144
TRACK q=195 s=4 dx=0.0 dy=0.0 x=0 y=0 tx=0 age=89612
TRACK q=197 s=4 dx=0.0 dy=0.0 x=0 y=0 tx=0 age=108990
TRACK q=200 s=4 dx=0.0 dy=0.0 x=0 y=0 tx=0 age=96211
TRACK q=203 s=4 dx=0.0 dy=0.0 x=0 y=0 tx=0 age=83406
TRACK q=205 s=4 dx=0.0 dy=0.0 x=0 y=0 tx=0 age=102686
TRACK q=208 s=4 dx=0.0 dy=0.0 x=0 y=0 tx=0 age=90227
TRACK q=210 s=4 dx=0.0 dy=0.0 x=0 y=0 tx=0 age=109763
TRACK q=213 s=4 dx=0.0 dy=0.0 x=0 y=0 tx=0 age=97080
TRACK q=216 s=4 dx=0.0 dy=0.0 x=0 y=0 tx=0 age=84432
TRACK q=217 s=4 dx=0.0 dy=0.0 x=0 y=0 tx=0 age=103849
TRACK q=220 s=4 dx=0.0 dy=0.0 x=0 y=0 tx=0 age=91477
TRACK q=222 s=4 dx=0.0 dy=0.0 x=0 y=0 tx=0 age=110788
TRACK q=225 s=4 dx=0.0 dy=0.0 x=0 y=0 tx=0 age=98028
TRACK q=228 s=4 dx=0.0 dy=0.0 x=0 y=0 tx=0 age=85279
TRACK q=230 s=4 dx=0.0 dy=0.0 x=0 y=0 tx=0 age=104531
TRACK q=233 s=4 dx=0.0 dy=0.0 x=0 y=0 tx=0 age=91838
TRACK q=235 s=4 dx=0.0 dy=0.0 x=0 y=0 tx=0 age=111394
TRACK q=238 s=4 dx=0.0 dy=0.0 x=0 y=0 tx=0 age=98781
TRACK q=240 s=4 dx=0.0 dy=0.0 x=0 y=0 tx=0 age=86273
TRACK q=242 s=4 dx=0.0 dy=0.0 x=0 y=0 tx=0 age=105527
TRACK q=245 s=4 dx=0.0 dy=0.0 x=0 y=0 tx=0 age=92780
TRACK q=247 s=4 dx=0.0 dy=0.0 x=0 y=0 tx=0 age=112020
TRACK q=250 s=4 dx=0.0 dy=0.0 x=0 y=0 tx=0 age=99322
TRACK q=253 s=4 dx=0.0 dy=0.0 x=0 y=0 tx=0 age=86889
TRACK q=255 s=4 dx=0.0 dy=0.0 x=0 y=0 tx=0 age=106169
TRACK q=258 s=4 dx=0.0 dy=0.0 x=0 y=0 tx=0 age=93453
TRACK q=260 s=4 dx=0.0 dy=0.0 x=0 y=0 tx=0 age=112837
TRACK q=262 s=4 dx=0.0 dy=0.0 x=0 y=0 tx=0 age=100522
TRACK q=265 s=4 dx=0.0 dy=0.0 x=0 y=0 tx=0 age=87938
TRACK q=267 s=4 dx=0.0 dy=0.0 x=0 y=0 tx=0 age=107473
TRACK q=270 s=4 dx=0.0 dy=0.0 x=0 y=0 tx=0 age=94724
TRACK q=272 s=4 dx=0.0 dy=0.0 x=0 y=0 tx=0 age=113969
TRACK q=275 s=4 dx=0.0 dy=0.0 x=0 y=0 tx=0 age=101236
TRACK q=278 s=4 dx=0.0 dy=0.0 x=0 y=0 tx=0 age=88572
TRACK q=280 s=4 dx=0.0 dy=0.0 x=0 y=0 tx=0 age=107986
TRACK q=283 s=4 dx=0.0 dy=0.0 x=0 y=0 tx=0 age=95313
TRACK q=284 s=4 dx=0.0 dy=0.0 x=0 y=0 tx=0 age=114763
TRACK q=287 s=4 dx=0.0 dy=0.0 x=0 y=0 tx=0 age=101992
TRACK q=290 s=4 dx=0.0 dy=0.0 x=0 y=0 tx=0 age=89297
TRACK q=292 s=4 dx=0.0 dy=0.0 x=0 y=0 tx=0 age=108871
TRACK q=295 s=4 dx=0.0 dy=0.0 x=0 y=0 tx=0 age=96423
TRACK q=298 s=4 dx=0.0 dy=0.0 x=0 y=0 tx=0 age=83663
TRACK q=300 s=4 dx=0.0 dy=0.0 x=0 y=0 tx=0 age=103053
TRACK q=303 s=4 dx=0.0 dy=0.0 x=0 y=0 tx=0 age=90349
TRACK q=305 s=4 dx=0.0 dy=0.0 x=0 y=0 tx=0 age=109703
TRACK q=307 s=4 dx=0.0 dy=0.0 x=0 y=0 tx=0 age=97182
TRACK q=310 s=4 dx=0.0 dy=0.0 x=0 y=0 tx=0 age=84636
TRACK q=312 s=4 dx=0.0 dy=0.0 x=0 y=0 tx=0 age=103854
TRACK q=315 s=4 dx=0.0 dy=0.0 x=0 y=0 tx=0 age=91289
TRACK q=317 s=4 dx=0.0 dy=0.0 x=0 y=0 tx=0 age=110581
TRACK q=320 s=4 dx=0.0 dy=0.0 x=0 y=0 tx=0 age=97854
TRACK q=323 s=4 dx=0.0 dy=0.0 x=0 y=0 tx=0 age=85275
TRACK q=325 s=4 dx=0.0 dy=0.0 x=0 y=0 tx=0 age=104814
TRACK q=327 s=4 dx=0.0 dy=0.0 x=0 y=0 tx=0 age=124114
TRACK q=329 s=4 dx=0.0 dy=0.0 x=0 y=0 tx=0 age=111529
TRACK q=332 s=4 dx=0.0 dy=0.0 x=0 y=0 tx=0 age=99109
TRACK q=335 s=4 dx=0.0 dy=0.0 x=0 y=0 tx=0 age=86465
TRACK q=337 s=4 dx=0.0 dy=0.0 x=0 y=0 tx=0 age=105716
TRACK q=340 s=4 dx=0.0 dy=0.0 x=0 y=0 tx=0 age=93071
TRACK q=342 s=4 dx=0.0 dy=0.0 x=0 y=0 tx=0 age=112360
TRACK q=345 s=4 dx=0.0 dy=0.0 x=0 y=0 tx=0 age=99970
TRACK q=348 s=4 dx=0.0 dy=0.0 x=0 y=0 tx=0 age=87271
TRACK q=349 s=4 dx=0.0 dy=0.0 x=0 y=0 tx=0 age=138639
TRACK q=352 s=4 dx=0.0 dy=0.0 x=0 y=0 tx=0 age=94058
TRACK q=354 s=4 dx=0.0 dy=0.0 x=0 y=0 tx=0 age=113265
TRACK q=357 s=4 dx=0.0 dy=0.0 x=0 y=0 tx=0 age=100879
TRACK q=360 s=4 dx=0.0 dy=0.0 x=0 y=0 tx=0 age=88230
TRACK q=362 s=4 dx=0.0 dy=0.0 x=0 y=0 tx=0 age=107690
TRACK q=365 s=4 dx=0.0 dy=0.0 x=0 y=0 tx=0 age=95118
TRACK q=367 s=4 dx=0.0 dy=0.0 x=0 y=0 tx=0 age=114362
TRACK q=370 s=4 dx=0.0 dy=0.0 x=0 y=0 tx=0 age=101673
TRACK q=372 s=4 dx=0.0 dy=0.0 x=0 y=0 tx=0 age=89161
TRACK q=374 s=4 dx=0.0 dy=0.0 x=0 y=0 tx=0 age=108511
TRACK q=377 s=4 dx=0.0 dy=0.0 x=0 y=0 tx=0 age=96151
TRACK q=380 s=4 dx=0.0 dy=0.0 x=0 y=0 tx=0 age=83426
TRACK q=382 s=4 dx=0.0 dy=0.0 x=0 y=0 tx=0 age=102811
TRACK q=385 s=4 dx=0.0 dy=0.0 x=0 y=0 tx=0 age=90318
TRACK q=387 s=4 dx=0.0 dy=0.0 x=0 y=0 tx=0 age=109772
TRACK q=390 s=4 dx=0.0 dy=0.0 x=0 y=0 tx=0 age=97164
TRACK q=393 s=4 dx=0.0 dy=0.0 x=0 y=0 tx=0 age=84705
TRACK q=394 s=4 dx=0.0 dy=0.0 x=0 y=0 tx=0 age=104608
TRACK q=397 s=4 dx=0.0 dy=0.0 x=0 y=0 tx=0 age=92224
TRACK q=399 s=4 dx=0.0 dy=0.0 x=0 y=0 tx=0 age=111564
TRACK q=402 s=4 dx=0.0 dy=0.0 x=0 y=0 tx=0 age=98976
TRACK q=405 s=4 dx=0.0 dy=0.0 x=0 y=0 tx=0 age=86295
TRACK q=407 s=4 dx=0.0 dy=0.0 x=0 y=0 tx=0 age=105799
TRACK q=410 s=4 dx=0.0 dy=0.0 x=0 y=0 tx=0 age=93410
TRACK q=412 s=4 dx=0.0 dy=0.0 x=0 y=0 tx=0 age=112789
TRACK q=415 s=4 dx=0.0 dy=0.0 x=0 y=0 tx=0 age=100044
TRACK q=417 s=4 dx=0.0 dy=0.0 x=0 y=0 tx=0 age=87762
TRACK q=419 s=4 dx=0.0 dy=0.0 x=0 y=0 tx=0 age=107215
TRACK q=422 s=4 dx=0.0 dy=0.0 x=0 y=0 tx=0 age=94446
TRACK q=424 s=4 dx=0.0 dy=0.0 x=0 y=0 tx=0 age=113684
TRACK q=427 s=4 dx=0.0 dy=0.0 x=0 y=0 tx=0 age=100947
TRACK q=430 s=4 dx=0.0 dy=0.0 x=0 y=0 tx=0 age=88229
TRACK q=432 s=4 dx=0.0 dy=0.0 x=0 y=0 tx=0 age=107491
TRACK q=435 s=4 dx=0.0 dy=0.0 x=0 y=0 tx=0 age=94792

