=> crc32 40c00800 54b0310
crc32 for 40c00800 ... 460b0b0f ==> e80e6d84
=> crc32 41c00800 44b0310
crc32 for 41c00800 ... 460b0b0f ==> 2af64aa7
=> cp.b 41c00800 80000000 400000
=> cp.b 42000800 80400000 400000
=> cp.b 42400800 80800000 400000
=> cp.b 42800800 80c00000 400000
=> cp.b 42c00800 81000000 400000
=> cp.b 43000800 81400000 400000
=> cp.b 43400800 81800000 400000
=> cp.b 43800800 81c00000 400000
=> cp.b 43c00800 82000000 400000
=> cp.b 44000800 82400000 400000
=> cp.b 44400800 82800000 400000
=> cp.b 44800800 82c00000 400000
=> cp.b 44c00800 83000000 400000
=> cp.b 45000800 83400000 400000
=> cp.b 45400800 83800000 400000
=> cp.b 45800800 83c00000 400000
=> cp.b 45c00800 84000000 400000
=> cp.b 46000800 84400000 b0310
=> crc32 80000000 44b0310
crc32 for 80000000 ... 844b030f ==> 2af64aa7
=> crc32 40c00800 e01540
crc32 for 40c00800 ... 41a01d3f ==> 6aae8ca2
=> cp.b 40c00800 40400000 400000
=> cp.b 41000800 40800000 400000
=> cp.b 41400800 40c00000 400000
=> cp.b 41800800 41000000 201540
=> crc32 40400000 e01540
crc32 for 40400000 ... 4120153f ==> 6aae8ca2
=> md.l 48300000 1
48300000: edfe0dd0                               ....
=> booti 40400000 - 48300000
Fdt Ramdisk skip relocation
## Flattened Device Tree blob at 0x48300000
   Booting using the fdt blob at 0x48300000
   Using Device Tree in place at 0000000048300000, end 0000000048326532
No resource file: logo_kernel.bmp
VP0 fail to load kernel logo
## reserved-memory:
  ramoops@40110000: addr=40110000 size=e0000
Adding bank: 0x40200000 - 0x48400000 (size: 0x08200000)
Addi000)
Adding bank: 0x100000000 - 0x140000000 (size: 0x40000000)Total: 66348.52/66700.577 ms

Starting kernel ...

- Ready to Boot Primary CPU
RK3576 HCR_EL2=0000000008000032
RK3576 SCTLR_EL1=0000000030d00800
- Boot from EL2
- Boot from EL1
- Boot to C runtime for OS Initialize
[CPU0] arm64_chip_boot: RK3576: MMU enabled
[CPU0] rk3576_uart6_initialize: UART6 M0: 115200 8N1, internal loopback PASS, IRQ114 ttyS1
I/TC: Secondary CPU 1 initializing
I/TC: Secondary CPU 1 switching to normal world boot

NuI/TC: Secondary CPU 4 iniTC: Secondary CPU 2 initializing
y I/TC: Secondary CPU 2 switch normal world boot
-t o ReBoaI/TC: Secondary CPU 5 initializingot
e dcByoo ott nodSe  BcCooPonI/TC: Secondary CPU 3 initializiworld boot
3do5
ynR7 6Kt3o d  H57CBCPRo6 Uo_EHt CL
S2R_=RecEKg to normal world boot
0R_0t00EKL00o3 250070B=0206o00 o0t0
H00itching to normal world boot
y 5007 00 S6C0t0CT0o0P 0 0USCL0B0
0R0TooR_02LER-K0t03L
  _ESR05R7e0LK1e30=a1c600 5od=H00yn07dC60f 0003 r5H8C070Eo00md0L6R 0_2 00E0ES
-C
8L0L20T20 0B0L=0
o0R- Boot from EL1
- Boot from EL1
- Boot from EL1
- Boot from EL1
- Boot from EL1
- Boot from EL1
- Boot from EL1
- Boot to C runtime for OS Initialize
- Boot to C runtime for OS Initialize
- Boot to C runtime for OS Initialize
- Boot to C runtime for OS Initialize
- Boot to C runtime for OS Initialize
- Boot to C runtime- f oBoro tO S tIo nCit riaulntiizeme
 for OS Initialize
