{"result": "PASS", "source_files": 468, "changes": 12, "applied": true}
-- Found Python3: /usr/bin/python3.10 (found version "3.10.12") found components: Interpreter 
-- Initializing NuttX
Loaded configuration '/home/swl/openvela/cmake_out/velavision_smp_diag_20260910/.config.compressed'
Minimal configuration saved to '/home/swl/openvela/cmake_out/velavision_smp_diag_20260910/defconfig.tmp'
  Select HOST_LINUX=y
--   CMake:  3.23.0
--   Ninja:  1.12.1
--   Board:  kickpi_k7
--   Config: velavision_smp_diag_local
--   Appdir: /home/swl/openvela/apps
-- The C compiler identification is GNU 11.4.0
-- Detecting C compiler ABI info
-- Detecting C compiler ABI info - done
-- Check for working C compiler: /home/swl/openvela/prebuilts/tools/linux/x86_64/cc - skipped
-- Detecting C compile features
-- Detecting C compile features - done
-- NuttX Host Tools
-- Configuring done
-- Generating done
-- Build files have been written to: /home/swl/openvela/cmake_out/velavision_smp_diag_20260910/bin_host
-- The C compiler identification is GNU 13.4.0
-- The CXX compiler identification is GNU 13.4.0
-- The ASM compiler identification is GNU
-- Found assembler: /home/swl/openvela/prebuilts/gcc/linux-x86_64/aarch64-none-elf/bin/aarch64-none-elf-gcc
-- Detecting C compiler ABI info
-- Detecting C compiler ABI info - done
-- Check for working C compiler: /home/swl/openvela/prebuilts/gcc/linux-x86_64/aarch64-none-elf/bin/aarch64-none-elf-gcc - skipped
-- Detecting C compile features
-- Detecting C compile features - done
-- Detecting CXX compiler ABI info
-- Detecting CXX compiler ABI info - done
-- Check for working CXX compiler: /home/swl/openvela/prebuilts/gcc/linux-x86_64/aarch64-none-elf/bin/aarch64-none-elf-g++ - skipped
-- Detecting CXX compile features
-- Detecting CXX compile features - done
-- Configuring done
-- Generating done
-- Build files have been written to: /home/swl/openvela/cmake_out/velavision_smp_diag_20260910
[1/1126] cd /home/swl/openvela/cmake_out/velavision_smp_diag_20260910/libs/libc/misc && /home/swl/openvela/prebuilts/tools/cmake/bin/cmake -E touch /home/swl/openvela/nuttx/libs/libc/misc/lib_utsname.c
[2/1126] cd /home/swl/openvela/nuttx && /home/swl/openvela/prebuilts/tools/cmake/bin/cmake -DKCONFIG_CONFIG=/home/swl/openvela/nuttx/boards/arm64/rk3576/kickpi_k7/configs/velavision_smp_diag_local/defconfig -DNUTTX_DIR=/home/swl/openvela/nuttx -DCMAKE_BINARY_DIR=/home/swl/openvela/cmake_out/velavision_smp_diag_20260910 -P /home/swl/openvela/nuttx/cmake/nuttx_generate_dts.cmake
[3/1126] Generating bin output directories
[4/1126] Generating dramboot.ld.tmp
[5/1126] Building ASM object arch/CMakeFiles/arch.dir/arm64/src/common/arm64_vector_table.S.o
[6/1126] Building ASM object arch/CMakeFiles/arch.dir/arm64/src/common/arm64_vectors.S.o
[7/1126] Building ASM object arch/CMakeFiles/arch.dir/arm64/src/common/arm64_fork_func.S.o
[8/1126] Building C object arch/CMakeFiles/arch.dir/arm64/src/common/arm64_boot.c.o
[9/1126] Building C object arch/CMakeFiles/arch.dir/arm64/src/common/arm64_nputs.c.o
[10/1126] Building C object arch/CMakeFiles/arch.dir/arm64/src/common/arm64_initialstate.c.o
[11/1126] Building C object arch/CMakeFiles/arch.dir/arm64/src/common/arm64_initialize.c.o
[12/1126] Building C object arch/CMakeFiles/arch.dir/arm64/src/common/arm64_createstack.c.o
[13/1126] Building C object arch/CMakeFiles/arch.dir/arm64/src/common/arm64_releasestack.c.o
[14/1126] Building C object arch/CMakeFiles/arch.dir/arm64/src/common/arm64_stackframe.c.o
[15/1126] Building C object arch/CMakeFiles/arch.dir/arm64/src/common/arm64_usestack.c.o
[16/1126] Building C object arch/CMakeFiles/arch.dir/arm64/src/common/arm64_getintstack.c.o
[17/1126] Building C object arch/CMakeFiles/arch.dir/arm64/src/common/arm64_exit.c.o
[18/1126] Building C object arch/CMakeFiles/arch.dir/arm64/src/common/arm64_fork.c.o
[19/1126] Building C object arch/CMakeFiles/arch.dir/arm64/src/common/arm64_registerdump.c.o
[20/1126] Building C object arch/CMakeFiles/arch.dir/arm64/src/common/arm64_perf.c.o
[21/1126] Building C object arch/CMakeFiles/arch.dir/arm64/src/common/arm64_tcbinfo.c.o
[22/1126] Building C object arch/CMakeFiles/arch.dir/arm64/src/common/arm64_cpuidlestack.c.o
[23/1126] Building C object arch/CMakeFiles/arch.dir/arm64/src/common/arm64_schedulesigaction.c.o
[24/1126] Building C object arch/CMakeFiles/arch.dir/arm64/src/common/arm64_arch_timer.c.o
[25/1126] Building C object arch/CMakeFiles/arch.dir/arm64/src/common/arm64_sigdeliver.c.o
[26/1126] Building C object arch/CMakeFiles/arch.dir/arm64/src/common/arm64_doirq.c.o
[27/1126] Building C object arch/CMakeFiles/arch.dir/arm64/src/common/arm64_cache.c.o
[28/1126] Building C object arch/CMakeFiles/arch.dir/arm64/src/common/arm64_fatal.c.o
[29/1126] Building C object arch/CMakeFiles/arch.dir/arm64/src/common/arm64_syscall.c.o
[30/1126] Building C object arch/CMakeFiles/arch.dir/arm64/src/common/arm64_idle.c.o
[31/1126] Building C object arch/CMakeFiles/arch.dir/arm64/src/common/arm64_allocateheap.c.o
[32/1126] Building ASM object arch/CMakeFiles/arch.dir/arm64/src/common/arm64_smccc.S.o
[33/1126] Building C object arch/CMakeFiles/arch.dir/arm64/src/common/arm64_smpcall.c.o
FAILED: arch/CMakeFiles/arch.dir/arm64/src/common/arm64_smpcall.c.o 
/home/swl/openvela/prebuilts/gcc/linux-x86_64/aarch64-none-elf/bin/aarch64-none-elf-gcc -D__KERNEL__ -D__NuttX__ -I/home/swl/openvela/nuttx/arch/arm64/src/rk3576 -I/home/swl/openvela/nuttx/arch/arm64/src/common -I/home/swl/openvela/apps/frameworks/security/include -I/home/swl/openvela/nuttx/sched -isystem /home/swl/openvela/nuttx/include -isystem /home/swl/openvela/cmake_out/velavision_smp_diag_20260910/include -march=armv8-a -mcpu=cortex-a53 -Os -fno-strict-aliasing -fno-omit-frame-pointer -D_LDBL_EQ_DBL -fno-common -Wall -Wshadow -Wundef -Wno-attributes -Wno-unknown-pragmas -Werror -Wstrict-prototypes -Wno-psabi -ffunction-sections -fdata-sections -g3 -fdiagnostics-color=always -fmacro-prefix-map=/home/swl/openvela/nuttx= -fmacro-prefix-map=/home/swl/openvela/apps= -fmacro-prefix-map=/home/swl/openvela/nuttx/boards/arm64/rk3576/kickpi_k7= -fmacro-prefix-map=/home/swl/openvela/nuttx/arch/arm64/src/rk3576= -MD -MT arch/CMakeFiles/arch.dir/arm64/src/common/arm64_smpcall.c.o -MF arch/CMakeFiles/arch.dir/arm64/src/common/arm64_smpcall.c.o.d -o arch/CMakeFiles/arch.dir/arm64/src/common/arm64_smpcall.c.o -c /home/swl/openvela/nuttx/arch/arm64/src/common/arm64_smpcall.c
/home/swl/openvela/nuttx/arch/arm64/src/common/arm64_smpcall.c: In function 'up_send_smp_sched':
/home/swl/openvela/nuttx/arch/arm64/src/common/arm64_smpcall.c:99:3: error: implicit declaration of function 'up_trigger_irq' [-Werror=implicit-function-declaration]
   99 |   up_trigger_irq(GIC_SMP_SCHED, (1 << cpu));
      |   ^~~~~~~~~~~~~~
cc1: all warnings being treated as errors
[34/1126] Building C object arch/CMakeFiles/arch.dir/arm64/src/common/arm64_gicv2.c.o
[35/1126] Building C object arch/CMakeFiles/arch.dir/arm64/src/common/arm64_cpustart.c.o
[36/1126] Building C object arch/CMakeFiles/arch.dir/arm64/src/common/arm64_cpu_psci.c.o
[37/1126] Building C object arch/CMakeFiles/arch.dir/arm64/src/common/arm64_hwdebug.c.o
[38/1126] Building C object arch/CMakeFiles/arch.dir/arm64/src/common/arm64_mmu.c.o
ninja: build stopped: subcommand failed.
