k7voice scan
VOICE native_network=1 asr=0 tts=0 speech_provisioning=0
VOICE scan accepted=1 id=1 error=0
RADIO Wi-Fi RX type=1 id=2 seq=1 len=522
RADIO Wi-Fi cmd=2 seq=1 ack=1 status=0 response=512 ret=0
RADIO Wi-Fi version protocoRADIO Wi-Fi RX type=1 id=1 seq=2 len=244
RADIO Wi-Fi cmd=1 seq=2 ack=1 status=0 response=234 ret=0
RADIO Wi-Fi chip-info bytes10 90 03 fe ff fe ff 0a 00 00 00 00 00 00 00 00 00 00 00 00 00 00 31 3a 33 36 3a 31 39 00 00 00 00 00 00 00 00 00 00 00 00 00 0072 65 76 33 36 34 30 33 00 00 00 00 00 00 00 00 72 65 76 33 36 300 00 00 00 00 00 00 72 65 76 33 36 34 32 36 00 00 00 00 00 00 00 00 7a 0b 03 00 00 03 00 00 00 00 00 00 00 00 00 00 00 00 00 00 00 00 00 00 00 00 00 00 00 00 00 00 00 00 00 00 00 00 00 00 00 00 00 00 00 00 00 00 00 00 00 00RADIO Wi-Fi RX type=1 id=50 seq=3 len=10
RADIO Wi-Fi cmd=50 seq=3 ack=1 status=0 response=0 reti-Fi calibration seq=0 bytes=512 end=0 ret=0
RADIO Wi-Fi RX type=1 id=50 seq=4 len=10
RADIO Wi-Fi cmd=50 seq=4 ack=1 status=0 response=0 ret=0
RADIO Wi-Fi calibration seq=1 bytes=512 end=0 ret=0
RADIO Wi-Fi RX type=1 id=50 seq=5 len=10
RADIO Wi-Fi cmd=50 seq=5 ack=1 status=0 respons-Fi calibration seq=2 bytes=512 end=0 ret=0
RADIO Wi-Fi RX type=1 id=50 seq=6 len=10
RADIO Wi-Fi cmd=50 seq=6 ack=1 status=0 r-Fi calibration seq=3 bytes=512 end=0 ret=0
RADIO Wi-Fi RX type=1 id=50 seq=7 len=10
RADIO Wi-Fi cmd=50 seq=7 ack=1 status=0 response=0 ret=0
RADIO Wi-Fi calibration seq=4 bytes=324 end=1 ret=0
RADIO Wi-Fi RX type=1 id=3 seq=8 len=10
RADIO Wi-Fi cmd=3 seq=8 ack=1 status=0 response=0 ret=0
RADIO Wi-Fi RX type=1 id=5 seq=9 len=10
RADIO Wi-Fi cmd=5 seq=9 ack=1 status=0 response=0 ret=0
RADIO Wi-Fi RX type=2 id=11 seq=1 len=348
RADIO Wi-Fi AP 1 band=0 channel=1 RSSI=-68 SSID=Lansee_vistor
RADIO Wi-Fi RX type=2 id=11 seq=2 len=346
RADIO Wi-Fi AP 2 band=0 channel=1 RSSI=-66 SSID=Lansee_auto
RADIO Wi-Fi RX type=2 id=11 seq=3 len=341
RADIO Wi-Fi AP 3 band=0 channel=1 Rnnel=1 RSSI=-86 SSID=Lansee_auto
RADIO Wi-Fi RX type=2 id=11 seRADIO Wi-Fi RX type=2 id=11 seq=6 len=348
RADIO Wi-Fi AP 6 band=0 channel=1 RSSI=-87 SSID=Lansee_vistor
RADIO Wi-Fi RX type=2 id=11 seq=7 len=348
RADIO Wi-Fi AP 7 band=0 channel=1 RSSI=-50 SSID=Lansee_vistor
RADIO Wi-Fi RX type=2 id=11 seq=8 len=346
RADIO Wi-Fi AP 8 band=0 channel=1 RSSI=-49 SSID=Lansee_auto
RADIO Wi-Fi RX AP 9 band=0 channel=1 RSSI=-50 SSID=Lansee
RADIO Wi-Fi RX type=2 id=11 seq=10 len=342
RADIO Wi-Fi RX type=2 id=11 seq=11 len=342
RADIO Wi-Fi RX type=2 id=11 seq=12 len=340
RADIO Wi-Fi RX type=2 id=11 seq=13 len=340
RADIO Wi-Fi RX type=2 id=11 seq=14 len=342
RADIO Wi-Fi RX type=2 id=11 seq=15 len=340
RADIO Wi-Fi RX type=2 id=11 seq=16 len=342
RADIO Wi-Fi RX type=2 id=11 seq=17 len=340
RADIO Wi-Fi RX type=2 id=11 seq=18 len=335
RADIO Wi-Fi RX type=2 id=11 seq=19 len=341
RADIO Wi-Fi RX type=2 id=11 seq=20 len=342
RADIO Wi-Fi RX type=2 id=11 seq=21 len=340
RADIO Wi-Fi RX type=2 id=11 seq=22 len=335
RADIO Wi-Fi RX type=2 id=11 seq=23 len=342
RADIO Wi-Fi RX type=2 id=11 seq=24 len=340
RADIO Wi-Fi RX type=2 id=11 seq=25 len=335
RADIO Wi-Fi RX type=2 id=11 seq=26 len=342
RADIO Wi-Fi RX type=2 id=11 seq=27 len=342
RADIO Wi-Fi RX type=2 id=11 seq=28 len=340
RADIO Wi-Fi RX type=2 id=11 seq=29 len=335
RADIO Wi-Fi RX type=2 id=11 seq=30 len=342
RADIO Wi-Fi RX type=2 id=11 seq=31 len=340
RADIO Wi-Fi RX type=2 id=11 seq=32 len=335
RADIO Wi-Fi RX type=2 id=11 seq=33 len=335
RADIO Wi-Fi RX type=2 id=11 seq=34 len=335
RADIO Wi-Fi RX type=2 id=11 seq=35 len=342
RADIO Wi-Fi RX type=2 id=11 seq=36 len=340
RADIO Wi-Fi RX type=2 id=11 seq=37 len=335
RADIO Wi-Fi RX type=2 id=11 seq=38 len=342
RADIO Wi-Fi RX type=2 id=11 seq=39 len=342
RADIO Wi-Fi RX type=2 id=11 seq=40 len=340
RADIO Wi-Fi RX type=2 id=11 seq=41 len=342
RADIO Wi-Fi RX type=2 id=11 seq=42 len=340
RADIO Wi-Fi RX type=2 id=11 seq=43 len=335
RADIO Wi-Fi RX type=2 id=11 seq=44 len=335
RADIO Wi-Fi RX type=2 id=11 seq=45 len=342
RADIO Wi-Fi RX type=2 id=11 seq=46 len=340
RADIO Wi-Fi RX type=2 id=11 seq=47 len=335
RADIO Wi-Fi RX type=2 id=11 seq=48 len=335
RADIO Wi-Fi RX type=2 id=11 seq=49 len=342
RADIO Wi-Fi RX type=2 id=11 seq=50 len=340
RADIO Wi-Fi RX type=2 id=11 seq=51 len=335
RADIO Wi-Fi RX type=2 id=11 seq=52 len=342
RADIO Wi-Fi RX type=2 id=11 seq=53 len=341
RADIO Wi-Fi AP 10 band=0 channel=5 RSSI=-87 SSID=Lansee
RADIO Wi-Fi RX type=2 id=11 seq=54 len=348
RADIO Wi-Fi AP 11 band=0 channel=5 RSSI=-68 SSID=Lansee_vistor
RADIO Wi-Fi RX type=2 id=11 seq=55 len=346
RADIO Wi-Fi AP 12 band=0 channel=5 RSSI=RADIO Wi-Fi RX type=2 id=11 seq=56 len=341
RADIO Wi-Fi AP 13 band=0 channel=5 RSSI=-68 SSID=Lansee
RADIO Wi-Fi RX type=2 id=11 seq=57 len=348
RADIO Wi-Fi AP 14 band=0 channel=5 RSSI=-76 SSID=Lansee_vistor
RADIO Wi-Fi RX type=2 id=11 seq=58 len=346
RADIO Wi-Fi AP 15 band=0 channel=5 RSSI=-76 SSID=Lansee_auto
RADIO Wi-Fnd=0 channel=5 RSSI=-78 SSID=Lansee
RADIO Wi-Fi RX type=2 id=11 seq=60 len=348
RADIO Wi-Fi AP 17 band=0 channel=5 RSSI=-76 SSID=Lansee_vistor
RADIO Wi-Fi RX type=2 id=11 seq=61 len=341
RADIO Wi-Fi AP 18 band=0 channel=5 RSSI=-76 SSID=Lansee
RADIO Wi-Fi RX type=2 id=11 seq=62 len=342
RADIO Wi-Fi RX type=2 id=11 seq=63 len=340
RADIO Wi-Fi RX type=2 id=11 seq=64 len=342
RADIO Wi-Fi RX type=2 id=11 seq=65 len=340
RADIO Wi-Fi RX type=2 id=11 seq=66 len=335
RADIO Wi-Fi RX type=2 id=11 seq=67 len=342
RADIO Wi-Fi RX type=2 id=11 seq=68 len=340
RADIO Wi-Fi RX type=2 id=11 seq=69 len=335
RADIO Wi-Fi RX type=2 id=11 seq=70 len=342
RADIO Wi-Fi RX type=2 id=11 seq=71 len=340
RADIO Wi-Fi RX type=2 id=11 seq=72 len=335
RADIO Wi-Fi RX type=2 id=11 seq=73 len=335
RADIO Wi-Fi RX type=2 id=11 seq=74 len=342
RADIO Wi-Fi RX type=2 id=11 seq=75 len=340
RADIO Wi-Fi RX type=2 id=11 seq=76 len=335
RADIO Wi-Fi RX type=2 id=11 seq=77 len=342
RADIO Wi-Fi RX type=2 id=11 seq=78 len=340
RADIO Wi-Fi RX type=2 id=11 seq=79 len=342
RADIO Wi-Fi RX type=2 id=11 seq=80 len=348
RADIO Wi-Fi RX type=2 id=11 seq=81 len=3RADIO Wi-Fi RX type=2 id=11 seq=84 len=335
RADIO Wi-Fi RX type=2 id=11 seq=85 len=342
RADIO Wi-Fi RX type=2 id=11 seq=86 len=340
RADIO Wi-Fi AP 19 band=0 channel=5 RSSI=-75 SSID=Lansee_autoRADIO Wi-Fi RX type=2 id=11 seq=88 len=348
RADIO Wi-Fi AP 20 band=0 channel=9 RSSI=-81 SSID=Lansee_vistor
RADIO Wi-Fi RX type=2 id=11 seq=89 len=346
RADIO Wi-Fi AP 21 band=0 channel=9 RSSI=-80 SSID=Lansee_auto
RADIO Wi-Fi RX type=2 id=11 seq=90 len=341RADIO Wi-Fi AP 22 band=0 channel=9 RSSI=-79 SSID=Lansee
RADIO Wi-Fi RX type=2 id=11 seq=91 len=348
RADIO Wi-Fi AP 23 band=0 channel=9 RSSI=-89 SSID=Lansee_vistor
RADIO Wi-Fi RX type=2 id=11 seq=92 len=346
RADIO Wi-Fi AP 24 band=0 channel=9 RSSI=-90 SSID=Lansee_auto
RADIO Wi-Fi RX type=2 id=11 seq=93 len=342
RADIO Wi-Fi AP 25 band=0 channel=9 RSSI=-68 SSID=Lansee_vistor
RADIO Wi-Fi RX type=2 id=11 seq=94 len=342
RADIO Wi-Fi RX type=2 id=11 seq=95 len=340
RADIO Wi-Fi AP 26 band=0 channel=9 RSSI=-67 SSID=Lansee_autoRADIO Wi-Fi RX type=2 id=11 seq=96 len=340
RADIO Wi-Fi AP 27 baRADIO Wi-Fi RX type=2 id=11 seq=97 len=335
RADIO Wi-Fi RX type=2 id=11 seq=98 len=340
RADIO Wi-Fi RX type=2 id=11 seq=99 len=340
RADIO Wi-Fi RX type=2 id=11 seq=100 len=335
RADIO Wi-Fi AP 28 band=0 channel=9 RSSI=-72 SSIRADIO Wi-Fi RX type=2 id=11 seq=101 len=335
RADIO Wi-Fi AP 29 band=0 channel=9 RSSI=-67 SSID=LaRADIO Wi-Fi RX type=2 id=11 seq=102 len=348
RADIO Wi-Fi AP 30 bnd=0 channel=9 RSSI=-73 SSID=LanRADIO Wi-Fi RX type=2 id=11 seq=104 len=341
RADIO Wi-Fi RX type=2 id=11 seq=105 len=342
RADIO Wi-Fi RX type=2 id=11 seq=106 len=342
RADIO Wi-Fi RX type=2 id=11 seq=107 len=340
RADIO Wi-Fi RX type=2 id=11 seq=108 len=342
RADIO Wi-Fi RX type=2 id=11 seq=109 len=340
RADIO Wi-Fi RX type=2 id=11 seq=110 len=335
RADIO Wi-Fi RX type=2 id=11 seq=111 len=335
RADIO Wi-Fi RX type=2 id=11 seq=112 len=340
RADIO Wi-Fi RX type=2 id=11 seq=113 len=335
RADIO Wi-Fi RX type=2 id=11 seq=114 len=335
RADIO Wi-Fi RX type=2 id=11 seq=115 len=348
RADIO Wi-Fi RX type=2 id=11 seq=116 len=346
RADIO Wi-Fi RX type=2 id=11 seq=117 len=341
RADIO Wi-Fi RX type=2 id=11 seq=118 len=346
RADIO Wi-Fi AP 31 band=0 channel=9 RSSI=-79 RADIO Wi-Fi RX type=2 id=11 seq=119 len=341
RADIO Wi-Fi AP 32 bRADIO Wi-Fi RX type=2 id=11 seq=120 len=348
RADIO Wi-Fi RX type=2 id=11 seq=121 len=342
RADIO Wi-Fi AP 33 band=0 channel=9 RSSI=-80 SSID=Lansee_vistor
RADIO Wi-Fi RX type=2 id=11 seq=122 len=342
RADIO Wi-Fi RX type=2 id=11 seq=123 len=340
RADIO Wi-Fi RX type=2 id=11 seq=124 len=342
RADIO Wi-Fi RX type=2 id=11 seq=125 len=335
RADIO Wi-Fi RX type=2 id=11 seq=126 len=342
RADIO Wi-Fi RX type=2 id=11 seq=127 len=340
RADIO Wi-Fi RX type=2 id=11 seq=128 len=335
RADIO Wi-Fi RX type=2 id=11 seq=129 len=342
RADIO Wi-Fi RX type=2 id=11 seq=130 len=340
RADIO Wi-Fi RX type=2 id=11 seq=131 len=335
RADIO Wi-Fi RX type=2 id=11 seq=132 len=342
RADIO Wi-Fi RX type=2 id=11 seq=133 len=340
RADIO Wi-Fi RX type=2 id=11 seq=134 len=342
RADIO Wi-Fi RX type=2 id=11 seq=135 len=340
RADIO Wi-Fi RX type=2 id=11 seq=136 len=335
RADIO Wi-Fi RX type=2 id=11 seq=137 len=342
RADIO Wi-Fi RX type=2 id=11 seq=138 len=340
RADIO Wi-Fi RX type=2 id=11 seq=139 len=335
RADIO Wi-Fi RX type=2 id=11 seq=140 len=342
RADIO Wi-Fi RX type=2 id=11 seq=141 len=335
RADIO Wi-Fi RX type=2 id=11 seq=142 len=342
RADIO Wi-Fi RX type=2 id=11 seq=143 len=340
RADIO Wi-Fi RX type=2 id=11 seq=144 len=342
RADIO Wi-Fi RX type=2 id=11 seRADIO Wi-Fi RX type=2 id=11 seq=146 len=335
RADIO Wi-Fi RX type=2 id=11 seq=147 len=340
RADIO Wi-Fi RX type=2 id=11 seq=148 len=335
RADIO Wi-Fi RX type=2 id=11 seq=149 len=342
RADIO Wi-Fi RX type=2 id=11 seq=150 len=340
RADIO Wi-Fi RX type=2 id=11 seq=151 len=335
RADIO Wi-Fi RX type=2 id=11 seq=152 len=342
RADIO Wi-Fi RX type=2 id=11 seq=153 len=340
RADIO Wi-Fi RX type=2 id=11 seq=154 len=340
RADIO Wi-Fi RX type=2 id=11 seq=155 len=335
RADIO Wi-Fi RX type=2 id=11 seq=156 len=266
RADIO Wi-Fi AP 34 band=0 channel=10 RSSI=-85 SSID=REDMI K80
RADIO Wi-Fi RX type=2 id=11 seq=157 len=272
RADIO Wi-Fi RX type=2 id=11 seq=158 len=173
RADIO Wi-Fi AP 35 band=0 channel=11 RSSI=-87 SSID=T316
RADIO Wi-Fi RX type=2 id=11 seq=159 len=163
RADIO Wi-Fi RX type=2 id=11 seq=160 len=266
RADIO Wi-Fi RX type=2 id=11 seq=161 len=163
RADIO Wi-Fi RX type=2 id=11 seq=162 len=266
RADIO Wi-Fi RX type=2 id=11 seq=163 len=163
RADIO Wi-Fi RX type=2 id=11 seq=164 len=163
RADIO Wi-Fi RX type=2 id=11 seq=165 len=266
RADIO Wi-Fi RX type=2 id=11 seq=166 len=266
RADIO Wi-Fi RX type=2 id=11 seq=167 len=272
RADIO Wi-Fi RX type=2 id=11 seq=168 len=173
RADIO Wi-Fi RX type=2 id=11 seq=169 len=346
RADIO Wi-Fi AP 36 band=0 channel=13 RSSI=-89 SSID=Lansee_auto
RADIO Wi-Fi RX type=RADIO Wi-Fi RX type=2 id=11 seq=171 len=348
RADIO Wi-Fi AP 38 band=0 channel=13 RSSI=-60 SSID=Lansee_vistor
RADIO Wi-Fi RX type=2 id=11 seq=172 len=346
RADIO Wi-Fi AP 39 band=0 channel=13 RRADIO Wi-Fi RX type=2 id=11 seq=173 len=341
RADIO Wi-Fi AP 40 band=0 channel=13 RSSI=-59 SSID=Lansee
RADIO Wi-Fi RX type=2 id=11 seq=174 len=348
RADIO Wi-Fi AP 41 band=0 channel=13 RSSI=-79 SSID=Lansee_vistor
RADIO Wi-Fi RX type=2 id=11 seq=175 len=346
RADIO Wi-Fi AP 42 band=0 channel=13 RSSI=-79 SSID=Lansee_auto
RADIO Wi-Fi RX type=2 id=11 seq=176 len=341
RADIO Wi-Fi AP 43 band=0 channel=13 RSSI=-78 SSID=LanseeRADIO Wi-Fi RX type=2 id=11 seq=177 len=348
RADIO Wi-Fi AP 44 band=0 channel=13 RSSI=-70 SSID=Lansee_vistor
RADIO Wi-Fi RX type=2 id=11 seq=178 len=346
RADIO Wi-Fi AP 45 band=0 channel=13 RSSI=-68 SSID=Lansee_auto
RADIO Wi-Fi RX type=2 id=11 seq=179 len=341
RADIO Wi-Fi AP 46 band=0 channel=13 RSSI=-68 SSID=LanseeRADIO Wi-Fi RX type=2 id=11 seq=180 len=342
RADIO Wi-Fi RX type=2 id=11 seq=181 len=342
RADIO Wi-Fi RX type=2 id=11 seq=182 len=340
RADIO Wi-Fi RX type=2 id=RADIO Wi-Fi RX type=2 id=11 seq=184 len=340
RADIO Wi-Fi RX type=2 id=11 seq=185 len=335
RADIO Wi-Fi RX type=2 id=11 seq=186 len=342
RADIO Wi-Fi RX type=2 id=11 seq=187 len=340
RADIO Wi-Fi seq=189 len=342
RADIO Wi-Fi RX type=2 id=11 seq=190 len=340
RADIO Wi-Fi RX type=2 id=11 seq=191 len=335
RADIO Wi-Fi RX type=2RADIO Wi-Fi RX type=2 id=11 seq=193 len=342
RADIO Wi-Fi RX type=2 id=11 seq=194 len=335
RADIO Wi-Fi RX type=2 id=11 seq=195 len=342
RADIO Wi-Fi RX type=2 id=11 seq=196 len=340
RADIO Wi-Fi RX type=2 id=11 seq=197 len=335
RADIO Wi-Fi RX type=2 id=11 seq=198 len=340
RADIO Wi-Fi RX type=2 id=11 seq=199 len=340
RADIO Wi-Fi RX type=2 id=11 seq=200 len=335
RADIO Wi-Fi RX type=2 id=11 seq=201 len=342
RADIO Wi-Fien=335
RADIO Wi-Fi RX type=2 id=11 seq=204 len=342
RADIO Wi-Fi RX type=2 id=11 seq=205 len=340
RADIO Wi-Fi RX type=2 id=11 seRADIO Wi-Fi RX type=2 id=11 seq=208 len=340
RADIO Wi-Fi RX type=2 id=11 seq=209 len=335
RADIO Wi-Fi RX type=2 id=11 seq=210 len=342
RADIO Wi-Fi RX type=2 id=11 seq=211 len=348
RADIO Wi-Fi AP 47 band=0 channel=13 RSSI=-87 SSID=Lansee_vistor
RADIO Wi-FiRADIO Wi-Fi RX type=2 id=11 seq=213 len=346
RADIO Wi-Fi RX type2 id=11 seq=216 len=342
RADIO Wi-Fi RX type=2 id=11 seq=217 len=340
RADIO Wi-Fi RX type=2 id=11 seq=218 len=335
RADIO Wi-Fi RX type=2 id=11 seq=219 len=335
RADIO Wi-Fi RX type=2 id=11 seq=220 len=335
RADIO Wi-Fi RX type=2 id=11 seq=221 len=342
RADIO Wi-Fi RX type=2 id=11 seq=222 len=340
RADIO Wi-Fi RX type=2 id=11 seq=223 len=335
RADIO Wi-Fi RX type=2 id=11 seq=224 len=340
RADIO Wi-Fi RX type=2 id=11 seq=225 len=342
RADIO Wi-Fi AP 48 band=0 channel=13 RSSI=-90 SSID=Lansee_vistor
RADIO Wi-Fi RX type=2 id=11 seq=226 len=358
RADIO Wi-Fi AP 49 band=1 channel=36 RSSI=-63 SSID=Lansee_vistor
RADIO Wi-Fi RX type=2 id=11 seq=227 len=351
RADIO Wi-Fi AP 50 band=1 channel=36 RRADIO Wi-Fi RX type=2 id=11 seq=228 len=358
RADIO Wi-Fi AP 51 band=1 channel=36 RSSI=-85 SSID=Lansee_vistor
RADIO Wi-Fi RX typRADIO Wi-Fi RX type=2 id=11 seq=230 len=352
RADIO Wi-Fi RX type=2 id=11 seq=231 len=352
RADIO Wi-Fi RX type=2 id=11 seq=232 len=345
RADIO Wi-Fi RX type=2 id=11 seq=233 len=345
RADIO Wi-Fi RX type=2 id=11 seq=234 len=352
RADIO Wi-Fi RX type=2 id=11 seq=235 len=345
RADIO Wi-Fi RX type=2 id=11 seq=236 len=352
RADIO Wi-Fi RX type=2 id=11 seq=237 len=352
RADIO Wi-Fi RX type=2 idRADIO Wi-Fi RX type=2 id=11 seq=240 len=352
RADIO Wi-Fi RX type=2 id=11 seq=241 len=352
RADIO Wi-Fi RX type=2 id=11 seq=242 len=345
RADIO Wi-Fi RX type=2 id=11 seq=243 len=345
RADIO Wi-Fi RX type=2 id=11 seq=244 len=352
RADIO Wi-Fi RX type=2 id=11 seq=245 len=345
RADIO Wi-Fi RX type=2 id=11 seq=246 len=352
RADIO Wi-Fi RX typq=248 len=352
RADIO Wi-Fi RX type=2 id=11 seq=249 len=345
RADIO Wi-Fi RX type=2 id=11 seq=250 len=352
RADIO Wi-Fi RX type=2 id=11 seq=251 len=345
RADIO Wi-Fi RX type=2 id=11 seq=252 len=352
RADIO Wi-Fi RX type=2 id=11 seq=253 len=345
RADIO Wi-Fi RX type=2 id=11 seq=254 leRADIO Wi-Fi RX type=2 id=11 seq=255 len=352
RADIO Wi-Fi RX type=2 id=11 seq=256 len=345
RADIO RADIO Wi-Fi RX type=2 id=11 seq=259 len=345
RADIO Wi-Fi RX type=2 id=11 seq=260 len=358
RADIO Wi-Fi AP 53 band=1 channel=44 RSSI=-74 SSID=Lansee_vistor
RADIO Wi-Fi RX type=2 id=11 seq=261 len=351
RADIO Wi-Fi AP 54 band=1 channel=44 RSSI=-74 SSID=Lansee
RADIO Wi-Fi RX type=2 id=11 seq=262 len=358
RADIO Wi-Fi AP 55 band=1 channel=44 RSSI=-92 SSID=Lansee_vistor
RADIO Wi-Fi RX type=2 id=11 seq=263 len=351
RADIO Wi-Fi AP 56 band=1 channel=44 RSSI=-93 SSID=Lansee
RADIO Wi-Fi RX type=2 id=11 seq=264 len=358
RADIO Wi-Fi AP 57 band=1 channel=44 RSSI=-81 SSID=Lansee_vistor
RADIO Wi-Fi RX type=2 id=11 seq=265 len=351
RADIO Wi-Fi AP 58 band=1 channel=44 RSSI=-81 SSID=Lansee
RADIO Wi-Fi RX type=2 id=11 seq=266 len=358
RADIO Wi-Fi AP 59 band=1 channel=44 RSSI=-80 SSID=Lansee_vistor
RADIO Wi-Fi RX type=2 id=11 seq=267 len=351
RADIO Wi-Fi AP 60 band=1 channel=44 RSSI=-80 SSID=Lansee
RADIO Wi-Fi RX type=2 id=11 seq=268 len=358
RADIO Wi-Fi AP 61 band=1 channel=44 RSSI=-74 SSID=Lansee_vistor
RADIO Wi-Fi RX type=2 id=11 seq=269 len=351
RADIO Wi-Fi AP 62 band=1 channel=44 RSSI=-74 SSID=Lansee
RADIO Wi-Fi RX type=2 id=11 seq=270 len=358
RADIO Wi-Fi AP 63 band=1 channel=44 RSSI=-56 SSID=Lansee_vistor
RADIO Wi-Fi RX type=2 id=11 seq=271 len=351
RADIO Wi-Fi AP 64 band=1 channel=44 RSSI=-56 SSID=Lansee
RADIO Wi-Fi RX type=2 id=11 seq=272 len=358
RADIO Wi-Fi RX type=2 id=11 seq=273 len=351
RADIO Wi-Fi RX type=2 id=11 seq=274 len=358
RADIO Wi-Fi RX type=2 id=11 seq=275 len=351
RADIO Wi-Fi RX type=2 id=11 seq=276 len=352
RADIO Wi-Fi RX type=2 id=11 seq=277 len=352
RADIO Wi-Fi RX type=2 id=11 seq=278 len=345
RADIO Wi-Fi RX type=2 id=11 seq=279 len=352
RADIO Wi-Fi RX type=2 id=11 seq=280 len=345
RADIO Wi-Fi RX type=2 id=11 seq=281 len=345
RADIO Wi-Fi RX type=2 id=11 seq=282 len=352
RADIO Wi-Fi RX type=2 id=11 seq=283 len=345
RADIO Wi-Fi RX type=2 id=11 seq=284 len=352
RADIO Wi-Fi RX type=2 id=11 seq=285 len=345
RADIO Wi-Fi RX type=2 id=11 seq=286 len=345
RADIO Wi-Fi RX type=2 id=11 seq=287 len=352
RADIO Wi-Fi RX type=2 id=11 seq=288 len=352
RADIO Wi-Fi RX type=2 id=11 seq=289 len=345
RADIO Wi-Fi RX type=2 id=11 seq=290 len=345
RADIO Wi-Fi RX type=2 id=11 seq=291 len=345
RADIO Wi-Fi RX type=2 id=11 seq=292 len=352
RADIO Wi-Fi RX type=2 id=11 seq=293 len=345
RADIO Wi-Fi RX type=2 id=11 seq=294 len=345
RADIO Wi-Fi RX type=2 id=11 seq=295 len=352
RADIO Wi-Fi RX type=2 id=11 seq=296 len=352
RADIO Wi-Fi RX type=2 id=11 seq=297 len=345
RADIO Wi-Fi RX type=2 id=11 seq=298 len=345
RADIO Wi-Fi RX type=2 id=11 seq=299 len=352
RADIO Wi-Fi RX type=2 id=11 seq=300 len=345
RADIO Wi-Fi RX type=2 id=11 seq=301 len=345
RADIO Wi-Fi RX type=2 id=11 seq=302 len=352
RADIO Wi-Fi RX type=2 id=11 seq=303 len=352
RADIO Wi-Fi RX type=2 id=11 seq=304 len=345
RADIO Wi-Fi RX type=2 id=11 seq=305 len=345
RADIO Wi-Fi RX type=2 id=11 seq=306 len=352
RADIO Wi-Fi RX type=2 id=11 seq=307 len=352
RADIO Wi-Fi RX type=2 id=11 seq=308 len=350
RADIO Wi-Fi RX type=2 id=11 seq=309 len=350
RADIO Wi-Fi RX type=2 id=11 seq=310 len=343
RADIO Wi-Fi RX type=2 id=11 seq=311 len=350
RADIO Wi-Fi RX type=2 id=11 seq=312 len=343
RADIO Wi-Fi RX type=2 id=11 seq=313 len=350
RADIO Wi-Fi RX type=2 id=11 seq=314 len=343
RADIO Wi-Fi RX type=2 id=11 seq=315 len=350
RADIO Wi-Fi RX type=2 id=11 seq=316 len=343
RADIO Wi-Fi RX type=2 id=11 seq=317 len=337
RADIO Wi-Fi RX type=2 id=11 seq=318 len=344
RADIO Wi-Fi RX type=2 id=11 seq=319 len=337
RADIO Wi-Fi RX type=2 id=11 seq=320 len=344
RADIO Wi-Fi RX type=2 id=11 seq=321 len=344
RADIO Wi-Fi RX type=2 id=11 seq=322 len=337
RADIO Wi-Fi RX type=2 id=11 seq=323 le id=11 seq=324 len=344
RADIO Wi-Fi RX type=2 id=11 seq=325 len=RADIO Wi-Fi RX type=2 id=11 seq=327 len=344
RADIO Wi-Fi RX typeRADIO Wi-Fi RX type=2 id=11 seq=331 len=344
RADIO Wi-Fi RX typeid=11 seq=332 len=344
RADIO Wi-Fi RX type=2 id=11 seq=333 len=3O Wi-Fi RX type=2 id=11 seq=334 len=337
RADIO Wi-Fi RX type=2 id=11 seq=335 len=337
RADIO Wi-Fi RX type=2 id=11 seq=336 len=344
RADIO Wi-Fi RX type=2 id=11 s-Fi RX type=2 id=11 seq=338 len=337
RADIO Wi-Fi RX type=2 id=11 seq=339 len=337
RADIO Wi-Fi RX type=2 id=11 seq=340 len=350
RADIO Wi-Fi RX type=2 id=11 seq=341 len=343
RADIO Wi-Fi RX type=2 id=11 seq=342 len=344
RADIO Wi-Fi RX type=2 id=11 seq=343 len=344
RADIO Wi-Fi RX type=2 id=11 seq=344 len=337
RADIO Wi-Fi RX type=2 id=11 seq=345 len=344
RADIO Wi-Fi RX type=2 id=11 seq=346 len=344
RADIO Wi-Fi RX type=2 id=11 seq=347 len=344
RADIO Wi-Fi RX type=2 id=11 seq=348 len=337
RADIO Wi-Fi RX type=2 id=11 seq=349 lRADIO Wi-Fi RX type=2 id=11 seq=350 len=344
RADIO Wi-Fi RX type=2 id=11 seq=351 len=344
RADIO Wi-Fi RX type=2 id=11 seq=352 len=337
RADIO Wi-Fi RX type=2 id=RADIO Wi-Fi RX type=2 id=11 seq=354 len=344
RADIO Wi-Fi RX type=2 id=11 seq=355 len=344
RADIO Wi-Fi RX type=2 id=11 seq=356 len=337
RADIO Wi-Fi RX type=2 id=11 seq=357 len=337
RADIO Wi-Fi RX type=2 id=11 seq=358 len=350
RADIO Wi-Fi RX type=2 id=11 seq=359 len=343
RADIO Wi-Fi RX type=2 id=11 seq=360 len=350
RADIO Wi-Fi RX type=2 id=11 seq=361 len=343
RADIO Wi-Fi RX type=2 id=11 seq=362 len=350
RADIO Wi-Fi RX type=2 id=11 seq=363 len=343
RADIO Wi-Fi RX type=2 id=11 seq=364 len=350
RADIO Wi-Fi RX type=2 id=11 seq=365 len=343
RADIO Wi-Fi RX type=2 id=11 seq=366 len=350
RADIO Wi-Fi RX type=2 id=11 seq=367 len=344
RADIO Wi-Fi RX type=2 id=11 seq=368 len=350
RADIO Wi-Fi RX type=2 id=11 seq=369 len=343
RADIO Wi-Fi RX type=2 id=11 seq=370 len=350
RADIO Wi-Fi RX type=2 id=11 seq=371 len=343
RADIO Wi-Fi RX type=2 id=11 seq=372 len=343
RADIO Wi-Fi RX type=2 id=11 seq=373 len=344
RADIO Wi-Fi RX type=2 id=11 seq=374 len=344
RADIO Wi-Fi RX type=2 id=11 seq=375 len=344
RADIO Wi-Fi RX type=2 id=11 seq=376 len=337
RADIO Wi-Fi RX type=2 id=11 seq=377 len=337
RADIO Wi-Fi RX type=2 id=11 seq=378 len=337
RADIO Wi-Fi RX type=2 id=11 seq=379 len=344
RADIO Wi-Fi RX type=2 id=11 seq=380 len=337
RADIO Wi-Fi RX type=2 id=11 seq=381 len=337
RADIO Wi-Fi RX type=2 id=11 seq=382 len=344
RADIO Wi-Fi RX type=2 id=11 seq=383 len=337
RADIO Wi-Fi RX type=2 id=11 seq=384 len=337
RADIO Wi-Fi RX type=2 id=11 seq=385 len=344
RADIO Wi-Fi RX type=2 id=11 seq=386 len=344
RADIO Wi-Fi RX type=2 id=11 seq=387 len=337
RADIO Wi-Fi RX type=2 id=11 seq=388 len=344
RADIO Wi-Fi RX type=2 id=11 seq=389 len=337
RADIO Wi-Fi RX type=2 id=11 seq=390 len=344
RADIO Wi-Fi RX type=2 id=11 seq=391 len=337
RADIO Wi-Fi RX type=2 id=11 seq=392 len=344
RADIO Wi-Fi RX type=2 id=11 seq=393 len=337
RADIO Wi id=11 seq=394 len=344
RADIO Wi-Fi RX type=2 id=11 seq=395 len=RADIO Wi-Fi RX type=2 id=11 seq=396 len=337
RADIO Wi-Fi RX typeRADIO Wi-Fi RX type=2 id=11 seq=398 len=337
RADIO Wi-Fi RX type=2 id=11 seq=399 len=344
RADIO Wi-Fi RX type=2 id=11 seq=400 len=337
RADIO Wi-Fi RX type=2 id=11 seq=401 len=350
RADIO Wi-Fi RX type=2 id=11 seq=402 len=344
RADIO Wi-Fi RX type=2 id=11 seq=403 len=344
RADIO Wi-Fi RX type=2 id=11 seq=404 len=337
RADIO Wi-Fi RX type=2 id=11 seq=405 len=337
RADIO Wi-Fi RX type=2 id=11 seq=406 len=344
RADIO Wi-Fi RX type=2 id=11 seq=407 len=344
RADIO Wi-Fi RX type=2 id=11 seq=408 len=344
RADIO Wi-Fi RX type=2 id=11 seq=409 len=337
RADIO Wi-Fi RX type=2 id=11 seq=410 len=337
RADIO Wi-Fi RX type=2 id=11 seq=411 len=337
RADIO Wi-Fi RX type=2 id=11 seq=412 len=344
RADIO Wi-Fi RX type=2 id=11 seq=413 len=344
RADIO Wi-Fi RX type=2 id=11 seq=414 len=337
RADIO Wi-Fi RX type=2 id=11 seq=415 len=337
RADIO Wi-Fi RX type=2 id=11 seq=416 len=337
RADIO Wi-Fi RX type=2 id=0 seq=417 len=8
RADIO Wi-Fi RX type=1 id=4 seq=10 len=10
RADIO Wi-Fi cmd=4 seq=10 ack=1 status=0 response=0 ret=0
RADIO Wi-Fi passivVOICE scan_done id=1 count=64
VOICE AP ssid_hex=4c616e7365655f766973746f72
VOICE AP ssid_hex=4c616e7365655f6175746f
VOICE AP ssid_hex=4c616e736565
VOICE AP e7365655f766973746f72
VOICE AP ssid_hex=4c616e7365655f6175746f7365655f766973746f72
VOICE AP ssid_hex=4c616e7365655f6175746f
655f766973746f72
VOICE AP ssid_hex=4c616e7365655f6175746f
VOICE AP ssid_hex=4c616e736565
VOIC973746f72
VOICE AP ssid_hex=4c616e736565
VOICE AP ssid_hex=4c64c616e7365655f766973746f72
VOICE AP ssid_hex=4c616e7365655f6175746f72
VOICE AP ssid_hex=4c616e7365655f6175746f
VOICE AP ssid_=4c616e7365655f6175746f
VOICE AP ssid_hex=4c616e736565
VOICE AP ssid_hex=4c616e736565
VOICE A2
VOICE AP ssid_hex=4c616e7365655f6175746f
VOICE AP ssid_hex=4175746f
VOICE AP ssid_hex=4c616e736565
VOICE AP ssid_hex=4c616e7365655f766973746f72
VOICE AP ssid_hex=4c616e7365655f6175746f
VOICE AP ssid_hex=4c616e736565
VOICE AP ssid_hex=4c616e7365655f766973746f72
VOICE AP ssid_hex=4c616e7365655f6175746f
VOICE A655f766973746f72
VOICE AP ssid_hex=4c616e7365655f6175746f
VOIC6973746f72
VOICE AP ssid_hex=4c616e736565
VOICE AP ssid_hex=4c16e736565
VOICE AP ssid_hex=4c616e7365655f766973746f72
VOICE A