k7cloud asr-live 10.3.1.125
RADIO Wi-Fi RX type=1 id=15 seq=518 len=10
RADIO Wi-Fi cmd=15 seq=518 ack=1 status=0 response=0 ret=0
RADIO Wi-Fi RX type=1 id=15 seq=519 len=10
RADIO Wi-Fi cmd=15 seq=519 ack=1 status=0 response=0 ret=0
RADIO Wi-Fi RX type=1 id=15 seq=520 len=10
RADIO Wi-Fi cmd=15 seq=520 ack=1 status=0 response=0 ret=0
AUDIO_IO reset12=00000000 gate11=00000000 gate12=00000000 gate18=00000000 mux=00000000 source=00000000
AUDIO_IO con=00060300 ien=00000000 gpio_version=010219c8 gpio_input=034d3050
SOUND platform_result=0 version=23073576 repair=fdffffff ack=00000001 idle=00000001
SOUND mclkout before=0000001f after=0000001d
RADIO Wi-Fi RX type=1 id=15 seq=521 len=10
RADIO Wi-Fi cmd=15 seq=521 ack=1 status=0 response=0 ret=0
SOUND codec_prepare=0 state=2
SOUND adc_variant=24 settle_ms=1000
SOUND playback_gain_db=0 dac_attenuation_db=24 maximum=0
RADIO Wi-Fi RX type=1 id=15 seq=522 len=10
RADIO Wi-Fi cmd=15 seq=522 ack=1 status=0 response=0 ret=0
RADIO Wi-Fi RX type=1 id=15 seq=523 len=10
RADIO Wi-Fi cmd=15 seq=523 ack=1 status=0 response=0 ret=0
RADIO Wi-Fi RX type=1 id=15 seq=524 len=10
RADIO Wi-Fi cmd=15 seq=524 ack=1 status=0 response=0 ret=0
RADIO Wi-Fi RX type=1 id=15 seq=525 len=10
RADIO Wi-Fi cmd=15 seq=525 ack=1 status=0 response=0 ret=0
RADIO Wi-Fi RX type=1 id=15 seq=526 len=10
RADIO Wi-Fi cmd=15 seq=526 ack=1 status=0 response=0 ret=0
RADIO Wi-Fi RX type=1 id=15 seq=527 len=10
RADIO Wi-Fi cmd=15 seq=527 ack=1 status=0 response=0 ret=0
RADIO Wi-Fi RX type=1 id=15 seq=528 len=10
RADIO Wi-Fi cmd=15 seq=528 ack=1 status=0 response=0 ret=0
RADIO Wi-Fi RX type=1 id=15 seq=529 len=10
RADIO Wi-Fi cmd=15 seq=529 ack=1 status=0 response=0 ret=0
RADIO Wi-Fi RX type=1 id=15 seq=530 len=10
RADIO Wi-Fi cmd=15 seq=530 ack=1 status=0 response=0 ret=0
RADIO Wi-Fi RX type=1 id=15 seq=531 len=10
RADIO Wi-Fi cmd=15 seq=531 ack=1 status=0 response=0 ret=0
RADIO Wi-Fi RX type=1 id=15 seq=532 len=10
RADIO Wi-Fi cmd=15 seq=532 ack=1 status=0 response=0 ret=0
RADIO Wi-Fi RX type=1 id=15 seq=533 len=10
RADIO Wi-Fi cmd=15 seq=533 ack=1 status=0 response=0 ret=0
RADIO Wi-Fi RX type=1 id=15 seq=534 len=10
RADIO Wi-Fi cmd=15 seq=534 ack=1 status=0 response=0 ret=0
RADIO Wi-Fi RX type=1 id=15 seq=535 len=10
RADIO Wi-Fi cmd=15 seq=535 ack=1 status=0 response=0 ret=0
RADIO Wi-Fi RX type=1 id=15 seq=536 len=10
RADIO Wi-Fi cmd=15 seq=536 ack=1 status=0 response=0 ret=0
RADIO Wi-Fi RX type=1 id=15 seq=537 len=10
RADIO Wi-Fi cmd=15 seq=537 ack=1 status=0 response=0 ret=0
RADIO Wi-Fi RX type=1 id=15 seq=538 len=10
RADIO Wi-Fi cmd=15 seq=538 ack=1 status=0 response=0 ret=0
RADIO Wi-Fi RX type=1 id=15 seq=539 len=10
RADIO Wi-Fi cmd=15 seq=539 ack=1 status=0 response=0 ret=0
RADIO Wi-Fi RX type=1 id=15 seq=540 len=10
RADIO Wi-Fi cmd=15 seq=540 ack=1 status=0 response=0 ret=0
RADIO Wi-Fi RX type=1 id=15 seq=541 len=10
RADIO Wi-Fi cmd=15 seq=541 ack=1 status=0 response=0 ret=0
RADIO Wi-Fi RX type=1 id=15 seq=542 len=10
RADIO Wi-Fi cmd=15 seq=542 ack=1 status=0 response=0 ret=0
RADIO Wi-Fi RX type=1 id=15 seq=543 len=10
RADIO Wi-Fi cmd=15 seq=543 ack=1 status=0 response=0 ret=0
RADIO Wi-Fi RX type=1 id=15 seq=544 len=10
RADIO Wi-Fi cmd=15 seq=544 ack=1 status=0 response=0 ret=0
RADIO Wi-Fi RX type=1 id=15 seq=545 len=10
RADIO Wi-Fi cmd=15 seq=545 ack=1 status=0 response=0 ret=0
RADIO Wi-Fi RX type=1 id=15 seq=546 len=10
RADIO Wi-Fi cmd=15 seq=546 ack=1 status=0 response=0 ret=0
RADIO Wi-Fi RX type=1 id=15 seq=547 len=10
RADIO Wi-Fi cmd=15 seq=547 ack=1 status=0 response=0 ret=0
RADIO Wi-Fi RX type=1 id=15 seq=548 len=10
RADIO Wi-Fi cmd=15 seq=548 ack=1 status=0 response=0 ret=0
RADIO Wi-Fi RX type=1 id=15 seq=549 len=10
RADIO Wi-Fi cmd=15 seq=549 ack=1 status=0 response=0 ret=0
RADIO Wi-Fi RX type=1 id=15 seq=550 len=10
RADIO Wi-Fi cmd=15 seq=550 ack=1 status=0 response=0 ret=0
RADIO Wi-Fi RX type=1 id=15 seq=551 len=10
RADIO Wi-Fi cmd=15 seq=551 ack=1 status=0 response=0 ret=0
RADIO Wi-Fi RX type=1 id=15 seq=552 len=10
RADIO Wi-Fi cmd=15 seq=552 ack=1 status=0 response=0 ret=0
RADIO Wi-Fi RX type=1 id=15 seq=553 len=10
RADIO Wi-Fi cmd=15 seq=553 ack=1 status=0 response=0 ret=0
RADIO Wi-Fi RX type=1 id=15 seq=554 len=10
RADIO Wi-Fi cmd=15 seq=554 ack=1 status=0 response=0 ret=0
RADIO Wi-Fi RX type=1 id=15 seq=555 len=10
RADIO Wi-Fi cmd=15 seq=555 ack=1 status=0 response=0 ret=0
RADIO Wi-Fi RX type=1 id=15 seq=556 len=10
RADIO Wi-Fi cmd=15 seq=556 ack=1 status=0 response=0 ret=0
RADIO Wi-Fi RX type=1 id=15 seq=557 len=10
RADIO Wi-Fi cmd=15 seq=557 ack=1 status=0 response=0 ret=0
RADIO Wi-Fi RX type=1 id=15 seq=558 len=10
RADIO Wi-Fi cmd=15 seq=558 ack=1 status=0 response=0 ret=0
RADIO Wi-Fi RX type=1 id=15 seq=559 len=10
RADIO Wi-Fi cmd=15 seq=559 ack=1 status=0 response=0 ret=0
RADIO Wi-Fi RX type=1 id=15 seq=560 len=10
RADIO Wi-Fi cmd=15 seq=560 ack=1 status=0 response=0 ret=0
RADIO Wi-Fi RX type=1 id=15 seq=561 len=10
RADIO Wi-Fi cmd=15 seq=561 ack=1 status=0 response=0 ret=0
RADIO Wi-Fi RX type=1 id=15 seq=562 len=10
RADIO Wi-Fi cmd=15 seq=562 ack=1 status=0 response=0 ret=0
RADIO Wi-Fi RX type=1 id=15 seq=563 len=10
RADIO Wi-Fi cmd=15 seq=563 ack=1 status=0 response=0 ret=0
RADIO Wi-Fi RX type=1 id=15 seq=564 len=10
RADIO Wi-Fi cmd=15 seq=564 ack=1 status=0 response=0 ret=0
RADIO Wi-Fi RX type=1 id=15 seq=565 len=10
RADIO Wi-Fi cmd=15 seq=565 ack=1 status=0 response=0 ret=0
RADIO Wi-Fi RX type=1 id=15 seq=566 len=10
RADIO Wi-Fi cmd=15 seq=566 ack=1 status=0 response=0 ret=0
RADIO Wi-Fi RX type=1 id=15 seq=567 len=10
RADIO Wi-Fi cmd=15 seq=567 ack=1 status=0 response=0 ret=0
RADIO Wi-Fi RX type=1 id=15 seq=568 len=10
RADIO Wi-Fi cmd=15 seq=568 ack=1 status=0 response=0 ret=0
RADIO Wi-Fi RX type=1 id=15 seq=569 len=10
RADIO Wi-Fi cmd=15 seq=569 ack=1 status=0 response=0 ret=0
RADIO Wi-Fi RX type=1 id=15 seq=570 len=10
RADIO Wi-Fi cmd=15 seq=570 ack=1 status=0 response=0 ret=0
RADIO Wi-Fi RX type=1 id=15 seq=571 len=10
RADIO Wi-Fi cmd=15 seq=571 ack=1 status=0 response=0 ret=0
RADIO Wi-Fi RX type=1 id=15 seq=572 len=10
RADIO Wi-Fi cmd=15 seq=572 ack=1 status=0 response=0 ret=0
RADIO Wi-Fi RX type=1 id=15 seq=573 len=10
RADIO Wi-Fi cmd=15 seq=573 ack=1 status=0 response=0 ret=0
RADIO Wi-Fi RX type=1 id=15 seq=574 len=10
RADIO Wi-Fi cmd=15 seq=574 ack=1 status=0 response=0 ret=0
RADIO Wi-Fi RX type=1 id=15 seq=575 len=10
RADIO Wi-Fi cmd=15 seq=575 ack=1 status=0 response=0 ret=0
RADIO Wi-Fi RX type=1 id=15 seq=576 len=10
RADIO Wi-Fi cmd=15 seq=576 ack=1 status=0 response=0 ret=0
RADIO Wi-Fi RX type=1 id=15 seq=577 len=10
RADIO Wi-Fi cmd=15 seq=577 ack=1 status=0 response=0 ret=0
RADIO Wi-Fi RX type=1 id=15 seq=578 len=10
RADIO Wi-Fi cmd=15 seq=578 ack=1 status=0 response=0 ret=0
RADIO Wi-Fi RX type=1 id=15 seq=579 len=10
RADIO Wi-Fi cmd=15 seq=579 ack=1 status=0 response=0 ret=0
RADIO Wi-Fi RX type=1 id=15 seq=580 len=10
RADIO Wi-Fi cmd=15 seq=580 ack=1 status=0 response=0 ret=0
RADIO Wi-Fi RX type=1 id=15 seq=581 len=10
RADIO Wi-Fi cmd=15 seq=581 ack=1 status=0 response=0 ret=0
RADIO Wi-Fi RX type=1 id=15 seq=582 len=10
RADIO Wi-Fi cmd=15 seq=582 ack=1 status=0 response=0 ret=0
RADIO Wi-Fi RX type=1 id=15 seq=583 len=10
RADIO Wi-Fi cmd=15 seq=583 ack=1 status=0 response=0 ret=0
RADIO Wi-Fi RX type=1 id=15 seq=584 len=10
RADIO Wi-Fi cmd=15 seq=584 ack=1 status=0 response=0 ret=0
RADIO Wi-Fi RX type=1 id=15 seq=585 len=10
RADIO Wi-Fi cmd=15 seq=585 ack=1 status=0 response=0 ret=0
RADIO Wi-Fi RX type=1 id=15 seq=586 len=10
RADIO Wi-Fi cmd=15 seq=586 ack=1 status=0 response=0 ret=0
RADIO Wi-Fi RX type=1 id=15 seq=587 len=10
RADIO Wi-Fi cmd=15 seq=587 ack=1 status=0 response=0 ret=0
RADIO Wi-Fi RX type=1 id=15 seq=588 len=10
RADIO Wi-Fi cmd=15 seq=588 ack=1 status=0 response=0 ret=0
RADIO Wi-Fi RX type=1 id=15 seq=589 len=10
RADIO Wi-Fi cmd=15 seq=589 ack=1 status=0 response=0 ret=0
RADIO Wi-Fi RX type=1 id=15 seq=590 len=10
RADIO Wi-Fi cmd=15 seq=590 ack=1 status=0 response=0 ret=0
RADIO Wi-Fi RX type=1 id=15 seq=591 len=10
RADIO Wi-Fi cmd=15 seq=591 ack=1 status=0 response=0 ret=0
RADIO Wi-Fi RX type=1 id=15 seq=592 len=10
RADIO Wi-Fi cmd=15 seq=592 ack=1 status=0 response=0 ret=0
RADIO Wi-Fi RX type=1 id=15 seq=593 len=10
RADIO Wi-Fi cmd=15 seq=593 ack=1 status=0 response=0 ret=0
RADIO Wi-Fi RX type=1 id=15 seq=594 len=10
RADIO Wi-Fi cmd=15 seq=594 ack=1 status=0 response=0 ret=0
RADIO Wi-Fi RX type=1 id=15 seq=595 len=10
RADIO Wi-Fi cmd=15 seq=595 ack=1 status=0 response=0 ret=0
RADIO Wi-Fi RX type=1 id=15 seq=596 len=10
RADIO Wi-Fi cmd=15 seq=596 ack=1 status=0 response=0 ret=0
RADIO Wi-Fi RX type=1 id=15 seq=597 len=10
RADIO Wi-Fi cmd=15 seq=597 ack=1 status=0 response=0 ret=0
RADIO Wi-Fi RX type=1 id=15 seq=598 len=10
RADIO Wi-Fi cmd=15 seq=598 ack=1 status=0 response=0 ret=0
RADIO Wi-Fi RX type=1 id=15 seq=599 len=10
RADIO Wi-Fi cmd=15 seq=599 ack=1 status=0 response=0 ret=0
RADIO Wi-Fi RX type=1 id=15 seq=600 len=10
RADIO Wi-Fi cmd=15 seq=600 ack=1 status=0 response=0 ret=0
RADIO Wi-Fi RX type=1 id=15 seq=601 len=10
RADIO Wi-Fi cmd=15 seq=601 ack=1 status=0 response=0 ret=0
RADIO Wi-Fi RX type=1 id=15 seq=602 len=10
RADIO Wi-Fi cmd=15 seq=602 ack=1 status=0 response=0 ret=0
RADIO Wi-Fi RX type=1 id=15 seq=603 len=10
RADIO Wi-Fi cmd=15 seq=603 ack=1 status=0 response=0 ret=0
RADIO Wi-Fi RX type=1 id=15 seq=604 len=10
RADIO Wi-Fi cmd=15 seq=604 ack=1 status=0 response=0 ret=0
RADIO Wi-Fi RX type=1 id=15 seq=605 len=10
RADIO Wi-Fi cmd=15 seq=605 ack=1 status=0 response=0 ret=0
RADIO Wi-Fi RX type=1 id=15 seq=606 len=10
RADIO Wi-Fi cmd=15 seq=606 ack=1 status=0 response=0 ret=0
RADIO Wi-Fi RX type=1 id=15 seq=607 len=10
RADIO Wi-Fi cmd=15 seq=607 ack=1 status=0 response=0 ret=0
RADIO Wi-Fi RX type=1 id=15 seq=608 len=10
RADIO Wi-Fi cmd=15 seq=608 ack=1 status=0 response=0 ret=0
RADIO Wi-Fi RX type=1 id=15 seq=609 len=10
RADIO Wi-Fi cmd=15 seq=609 ack=1 status=0 response=0 ret=0
RADIO Wi-Fi RX type=1 id=15 seq=610 len=10
RADIO Wi-Fi cmd=15 seq=610 ack=1 status=0 response=0 ret=0
RADIO Wi-Fi RX type=1 id=15 seq=611 len=10
RADIO Wi-Fi cmd=15 seq=611 ack=1 status=0 response=0 ret=0
RADIO Wi-Fi RX type=1 id=15 seq=612 len=10
RADIO Wi-Fi cmd=15 seq=612 ack=1 status=0 response=0 ret=0
RADIO Wi-Fi RX type=1 id=15 seq=613 len=10
RADIO Wi-Fi cmd=15 seq=613 ack=1 status=0 response=0 ret=0
RADIO Wi-Fi RX type=1 id=15 seq=614 len=10
RADIO Wi-Fi cmd=15 seq=614 ack=1 status=0 response=0 ret=0
RADIO Wi-Fi RX type=1 id=15 seq=615 len=10
RADIO Wi-Fi cmd=15 seq=615 ack=1 status=0 response=0 ret=0
RADIO Wi-Fi RX type=1 id=15 seq=616 len=10
RADIO Wi-Fi cmd=15 seq=616 ack=1 status=0 response=0 ret=0
RADIO Wi-Fi RX type=1 id=15 seq=617 len=10
RADIO Wi-Fi cmd=15 seq=617 ack=1 status=0 response=0 ret=0
RADIO Wi-Fi RX type=1 id=15 seq=618 len=10
RADIO Wi-Fi cmd=15 seq=618 ack=1 status=0 response=0 ret=0
RADIO Wi-Fi RX type=1 id=15 seq=619 len=10
RADIO Wi-Fi cmd=15 seq=619 ack=1 status=0 response=0 ret=0
RADIO Wi-Fi RX type=1 id=15 seq=620 len=10
RADIO Wi-Fi cmd=15 seq=620 ack=1 status=0 response=0 ret=0
RADIO Wi-Fi RX type=1 id=15 seq=621 len=10
RADIO Wi-Fi cmd=15 seq=621 ack=1 status=0 response=0 ret=0
RADIO Wi-Fi RX type=1 id=15 seq=622 len=10
RADIO Wi-Fi cmd=15 seq=622 ack=1 status=0 response=0 ret=0
RADIO Wi-Fi RX type=1 id=15 seq=623 len=10
RADIO Wi-Fi cmd=15 seq=623 ack=1 status=0 response=0 ret=0
RADIO Wi-Fi RX type=1 id=15 seq=624 len=10
RADIO Wi-Fi cmd=15 seq=624 ack=1 status=0 response=0 ret=0
RADIO Wi-Fi RX type=1 id=15 seq=625 len=10
RADIO Wi-Fi cmd=15 seq=625 ack=1 status=0 response=0 ret=0
RADIO Wi-Fi RX type=1 id=15 seq=626 len=10
RADIO Wi-Fi cmd=15 seq=626 ack=1 status=0 response=0 ret=0
RADIO Wi-Fi RX type=1 id=15 seq=627 len=10
RADIO Wi-Fi cmd=15 seq=627 ack=1 status=0 response=0 ret=0
RADIO Wi-Fi RX type=1 id=15 seq=628 len=10
RADIO Wi-Fi cmd=15 seq=628 ack=1 status=0 response=0 ret=0
RADIO Wi-Fi RX type=1 id=15 seq=629 len=10
RADIO Wi-Fi cmd=15 seq=629 ack=1 status=0 response=0 ret=0
RADIO Wi-Fi RX type=1 id=15 seq=630 len=10
RADIO Wi-Fi cmd=15 seq=630 ack=1 status=0 response=0 ret=0
RADIO Wi-Fi RX type=1 id=15 seq=631 len=10
RADIO Wi-Fi cmd=15 seq=631 ack=1 status=0 response=0 ret=0
RADIO Wi-Fi RX type=1 id=15 seq=632 len=10
RADIO Wi-Fi cmd=15 seq=632 ack=1 status=0 response=0 ret=0
RADIO Wi-Fi RX type=1 id=15 seq=633 len=10
RADIO Wi-Fi cmd=15 seq=633 ack=1 status=0 response=0 ret=0
RADIO Wi-Fi RX type=1 id=15 seq=634 len=10
RADIO Wi-Fi cmd=15 seq=634 ack=1 status=0 response=0 ret=0
RADIO Wi-Fi RX type=1 id=15 seq=635 len=10
RADIO Wi-Fi cmd=15 seq=635 ack=1 status=0 response=0 ret=0
RADIO Wi-Fi RX type=1 id=15 seq=636 len=10
RADIO Wi-Fi cmd=15 seq=636 ack=1 status=0 response=0 ret=0
RADIO Wi-Fi RX type=1 id=15 seq=637 len=10
RADIO Wi-Fi cmd=15 seq=637 ack=1 status=0 response=0 ret=0
RADIO Wi-Fi RX type=1 id=15 seq=638 len=10
RADIO Wi-Fi cmd=15 seq=638 ack=1 status=0 response=0 ret=0
RADIO Wi-Fi RX type=1 id=15 seq=639 len=10
RADIO Wi-Fi cmd=15 seq=639 ack=1 status=0 response=0 ret=0
RADIO Wi-Fi RX type=1 id=15 seq=640 len=10
RADIO Wi-Fi cmd=15 seq=640 ack=1 status=0 response=0 ret=0
RADIO Wi-Fi RX type=1 id=15 seq=641 len=10
RADIO Wi-Fi cmd=15 seq=641 ack=1 status=0 response=0 ret=0
K7CLOUD asr partial_received=1
RADIO Wi-Fi RX type=1 id=15 seq=642 len=10
RADIO Wi-Fi cmd=15 seq=642 ack=1 status=0 response=0 ret=0
RADIO Wi-Fi RX type=1 id=15 seq=643 len=10
RADIO Wi-Fi cmd=15 seq=643 ack=1 status=0 response=0 ret=0
RADIO Wi-Fi RX type=1 id=15 seq=644 len=10
RADIO Wi-Fi cmd=15 seq=644 ack=1 status=0 response=0 ret=0
RADIO Wi-Fi RX type=1 id=15 seq=645 len=10
RADIO Wi-Fi cmd=15 seq=645 ack=1 status=0 response=0 ret=0
RADIO Wi-Fi RX type=1 id=15 seq=646 len=10
RADIO Wi-Fi cmd=15 seq=646 ack=1 status=0 response=0 ret=0
RADIO Wi-Fi RX type=1 id=15 seq=647 len=10
RADIO Wi-Fi cmd=15 seq=647 ack=1 status=0 response=0 ret=0
RADIO Wi-Fi RX type=1 id=15 seq=648 len=10
RADIO Wi-Fi cmd=15 seq=648 ack=1 status=0 response=0 ret=0
RADIO Wi-Fi RX type=1 id=15 seq=649 len=10
RADIO Wi-Fi cmd=15 seq=649 ack=1 status=0 response=0 ret=0
RADIO Wi-Fi RX type=1 id=15 seq=650 len=10
RADIO Wi-Fi cmd=15 seq=650 ack=1 status=0 response=0 ret=0
RADIO Wi-Fi RX type=1 id=15 seq=651 len=10
RADIO Wi-Fi cmd=15 seq=651 ack=1 status=0 response=0 ret=0
RADIO Wi-Fi RX type=1 id=15 seq=652 len=10
RADIO Wi-Fi cmd=15 seq=652 ack=1 status=0 response=0 ret=0
RADIO Wi-Fi RX type=1 id=15 seq=653 len=10
RADIO Wi-Fi cmd=15 seq=653 ack=1 status=0 response=0 ret=0
K7CLOUD asr partial_received=1
RADIO Wi-Fi RX type=1 id=15 seq=654 len=10
RADIO Wi-Fi cmd=15 seq=654 ack=1 status=0 response=0 ret=0
RADIO Wi-Fi RX type=1 id=15 seq=655 len=10
RADIO Wi-Fi cmd=15 seq=655 ack=1 status=0 response=0 ret=0
RADIO Wi-Fi RX type=1 id=15 seq=656 len=10
RADIO Wi-Fi cmd=15 seq=656 ack=1 status=0 response=0 ret=0
RADIO Wi-Fi RX type=1 id=15 seq=657 len=10
RADIO Wi-Fi cmd=15 seq=657 ack=1 status=0 response=0 ret=0
RADIO Wi-Fi RX type=1 id=15 seq=658 len=10
RADIO Wi-Fi cmd=15 seq=658 ack=1 status=0 response=0 ret=0
RADIO Wi-Fi RX type=1 id=15 seq=659 len=10
RADIO Wi-Fi cmd=15 seq=659 ack=1 status=0 response=0 ret=0
RADIO Wi-Fi RX type=1 id=15 seq=660 len=10
RADIO Wi-Fi cmd=15 seq=660 ack=1 status=0 response=0 ret=0
RADIO Wi-Fi RX type=1 id=15 seq=661 len=10
RADIO Wi-Fi cmd=15 seq=661 ack=1 status=0 response=0 ret=0
RADIO Wi-Fi RX type=1 id=15 seq=662 len=10
RADIO Wi-Fi cmd=15 seq=662 ack=1 status=0 response=0 ret=0
RADIO Wi-Fi RX type=1 id=15 seq=663 len=10
RADIO Wi-Fi cmd=15 seq=663 ack=1 status=0 response=0 ret=0
RADIO Wi-Fi RX type=1 id=15 seq=664 len=10
RADIO Wi-Fi cmd=15 seq=664 ack=1 status=0 response=0 ret=0
RADIO Wi-Fi RX type=1 id=15 seq=665 len=10
RADIO Wi-Fi cmd=15 seq=665 ack=1 status=0 response=0 ret=0
RADIO Wi-Fi RX type=1 id=15 seq=666 len=10
RADIO Wi-Fi cmd=15 seq=666 ack=1 status=0 response=0 ret=0
RADIO Wi-Fi RX type=1 id=15 seq=667 len=10
RADIO Wi-Fi cmd=15 seq=667 ack=1 status=0 response=0 ret=0
RADIO Wi-Fi RX type=1 id=15 seq=668 len=10
RADIO Wi-Fi cmd=15 seq=668 ack=1 status=0 response=0 ret=0
K7CLOUD asr partial_received=1
RADIO Wi-Fi RX type=1 id=15 seq=669 len=10
RADIO Wi-Fi cmd=15 seq=669 ack=1 status=0 response=0 ret=0
RADIO Wi-Fi RX type=1 id=15 seq=670 len=10
RADIO Wi-Fi cmd=15 seq=670 ack=1 status=0 response=0 ret=0
RADIO Wi-Fi RX type=1 id=15 seq=671 len=10
RADIO Wi-Fi cmd=15 seq=671 ack=1 status=0 response=0 ret=0
RADIO Wi-Fi RX type=1 id=15 seq=672 len=10
RADIO Wi-Fi cmd=15 seq=672 ack=1 status=0 response=0 ret=0
RADIO Wi-Fi RX type=1 id=15 seq=673 len=10
RADIO Wi-Fi cmd=15 seq=673 ack=1 status=0 response=0 ret=0
RADIO Wi-Fi RX type=1 id=15 seq=674 len=10
RADIO Wi-Fi cmd=15 seq=674 ack=1 status=0 response=0 ret=0
RADIO Wi-Fi RX type=1 id=15 seq=675 len=10
RADIO Wi-Fi cmd=15 seq=675 ack=1 status=0 response=0 ret=0
RADIO Wi-Fi RX type=1 id=15 seq=676 len=10
RADIO Wi-Fi cmd=15 seq=676 ack=1 status=0 response=0 ret=0
RADIO Wi-Fi RX type=1 id=15 seq=677 len=10
RADIO Wi-Fi cmd=15 seq=677 ack=1 status=0 response=0 ret=0
RADIO Wi-Fi RX type=1 id=15 seq=678 len=10
RADIO Wi-Fi cmd=15 seq=678 ack=1 status=0 response=0 ret=0
RADIO Wi-Fi RX type=1 id=15 seq=679 len=10
RADIO Wi-Fi cmd=15 seq=679 ack=1 status=0 response=0 ret=0
RADIO Wi-Fi RX type=1 id=15 seq=680 len=10
RADIO Wi-Fi cmd=15 seq=680 ack=1 status=0 response=0 ret=0
RADIO Wi-Fi RX type=1 id=15 seq=681 len=10
RADIO Wi-Fi cmd=15 seq=681 ack=1 status=0 response=0 ret=0
RADIO Wi-Fi RX type=1 id=15 seq=682 len=10
RADIO Wi-Fi cmd=15 seq=682 ack=1 status=0 response=0 ret=0
RADIO Wi-Fi RX type=1 id=15 seq=683 len=10
RADIO Wi-Fi cmd=15 seq=683 ack=1 status=0 response=0 ret=0
RADIO Wi-Fi RX type=1 id=15 seq=684 len=10
RADIO Wi-Fi cmd=15 seq=684 ack=1 status=0 response=0 ret=0
RADIO Wi-Fi RX type=1 id=15 seq=685 len=10
RADIO Wi-Fi cmd=15 seq=685 ack=1 status=0 response=0 ret=0
RADIO Wi-Fi RX type=1 id=15 seq=686 len=10
RADIO Wi-Fi cmd=15 seq=686 ack=1 status=0 response=0 ret=0
RADIO Wi-Fi RX type=1 id=15 seq=687 len=10
RADIO Wi-Fi cmd=15 seq=687 ack=1 status=0 response=0 ret=0
RADIO Wi-Fi RX type=1 id=15 seq=688 len=10
RADIO Wi-Fi cmd=15 seq=688 ack=1 status=0 response=0 ret=0
RADIO Wi-Fi RX type=1 id=15 seq=689 len=10
RADIO Wi-Fi cmd=15 seq=689 ack=1 status=0 response=0 ret=0
RADIO Wi-Fi RX type=1 id=15 seq=690 len=10
RADIO Wi-Fi cmd=15 seq=690 ack=1 status=0 response=0 ret=0
RADIO Wi-Fi RX type=1 id=15 seq=691 len=10
RADIO Wi-Fi cmd=15 seq=691 ack=1 status=0 response=0 ret=0
RADIO Wi-Fi RX type=1 id=15 seq=692 len=10
RADIO Wi-Fi cmd=15 seq=692 ack=1 status=0 response=0 ret=0
RADIO Wi-Fi RX type=1 id=15 seq=693 len=10
RADIO Wi-Fi cmd=15 seq=693 ack=1 status=0 response=0 ret=0
RADIO Wi-Fi RX type=1 id=15 seq=694 len=10
RADIO Wi-Fi cmd=15 seq=694 ack=1 status=0 response=0 ret=0
RADIO Wi-Fi RX type=1 id=15 seq=695 len=10
RADIO Wi-Fi cmd=15 seq=695 ack=1 status=0 response=0 ret=0
RADIO Wi-Fi RX type=1 id=15 seq=696 len=10
RADIO Wi-Fi cmd=15 seq=696 ack=1 status=0 response=0 ret=0
RADIO Wi-Fi RX type=1 id=15 seq=697 len=10
RADIO Wi-Fi cmd=15 seq=697 ack=1 status=0 response=0 ret=0
RADIO Wi-Fi RX type=1 id=15 seq=698 len=10
RADIO Wi-Fi cmd=15 seq=698 ack=1 status=0 response=0 ret=0
RADIO Wi-Fi RX type=1 id=15 seq=699 len=10
RADIO Wi-Fi cmd=15 seq=699 ack=1 status=0 response=0 ret=0
RADIO Wi-Fi RX type=1 id=15 seq=700 len=10
RADIO Wi-Fi cmd=15 seq=700 ack=1 status=0 response=0 ret=0
RADIO Wi-Fi RX type=1 id=15 seq=701 len=10
RADIO Wi-Fi cmd=15 seq=701 ack=1 status=0 response=0 ret=0
RADIO Wi-Fi RX type=1 id=15 seq=702 len=10
RADIO Wi-Fi cmd=15 seq=702 ack=1 status=0 response=0 ret=0
RADIO Wi-Fi RX type=1 id=15 seq=703 len=10
RADIO Wi-Fi cmd=15 seq=703 ack=1 status=0 response=0 ret=0
RADIO Wi-Fi RX type=1 id=15 seq=704 len=10
RADIO Wi-Fi cmd=15 seq=704 ack=1 status=0 response=0 ret=0
RADIO Wi-Fi RX type=1 id=15 seq=705 len=10
RADIO Wi-Fi cmd=15 seq=705 ack=1 status=0 response=0 ret=0
RADIO Wi-Fi RX type=1 id=15 seq=706 len=10
RADIO Wi-Fi cmd=15 seq=706 ack=1 status=0 response=0 ret=0
RADIO Wi-Fi RX type=1 id=15 seq=707 len=10
RADIO Wi-Fi cmd=15 seq=707 ack=1 status=0 response=0 ret=0
K7CLOUD asr partial_received=1
RADIO Wi-Fi RX type=1 id=15 seq=708 len=10
RADIO Wi-Fi cmd=15 seq=708 ack=1 status=0 response=0 ret=0
RADIO Wi-Fi RX type=1 id=15 seq=709 len=10
RADIO Wi-Fi cmd=15 seq=709 ack=1 status=0 response=0 ret=0
RADIO Wi-Fi RX type=1 id=15 seq=710 len=10
RADIO Wi-Fi cmd=15 seq=710 ack=1 status=0 response=0 ret=0
RADIO Wi-Fi RX type=1 id=15 seq=711 len=10
RADIO Wi-Fi cmd=15 seq=711 ack=1 status=0 response=0 ret=0
RADIO Wi-Fi RX type=1 id=15 seq=712 len=10
RADIO Wi-Fi cmd=15 seq=712 ack=1 status=0 response=0 ret=0
RADIO Wi-Fi RX type=1 id=15 seq=713 len=10
RADIO Wi-Fi cmd=15 seq=713 ack=1 status=0 response=0 ret=0
RADIO Wi-Fi RX type=1 id=15 seq=714 len=10
RADIO Wi-Fi cmd=15 seq=714 ack=1 status=0 response=0 ret=0
RADIO Wi-Fi RX type=1 id=15 seq=715 len=10
RADIO Wi-Fi cmd=15 seq=715 ack=1 status=0 response=0 ret=0
RADIO Wi-Fi RX type=1 id=15 seq=716 len=10
RADIO Wi-Fi cmd=15 seq=716 ack=1 status=0 response=0 ret=0
RADIO Wi-Fi RX type=1 id=15 seq=717 len=10
RADIO Wi-Fi cmd=15 seq=717 ack=1 status=0 response=0 ret=0
RADIO Wi-Fi RX type=1 id=15 seq=718 len=10
RADIO Wi-Fi cmd=15 seq=718 ack=1 status=0 response=0 ret=0
RADIO Wi-Fi RX type=1 id=15 seq=719 len=10
RADIO Wi-Fi cmd=15 seq=719 ack=1 status=0 response=0 ret=0
RADIO Wi-Fi RX type=1 id=15 seq=720 len=10
RADIO Wi-Fi cmd=15 seq=720 ack=1 status=0 response=0 ret=0
RADIO Wi-Fi RX type=1 id=15 seq=721 len=10
RADIO Wi-Fi cmd=15 seq=721 ack=1 status=0 response=0 ret=0
RADIO Wi-Fi RX type=1 id=15 seq=722 len=10
RADIO Wi-Fi cmd=15 seq=722 ack=1 status=0 response=0 ret=0
RADIO Wi-Fi RX type=1 id=15 seq=723 len=10
RADIO Wi-Fi cmd=15 seq=723 ack=1 status=0 response=0 ret=0
RADIO Wi-Fi RX type=1 id=15 seq=724 len=10
RADIO Wi-Fi cmd=15 seq=724 ack=1 status=0 response=0 ret=0
RADIO Wi-Fi RX type=1 id=15 seq=725 len=10
RADIO Wi-Fi cmd=15 seq=725 ack=1 status=0 response=0 ret=0
RADIO Wi-Fi RX type=1 id=15 seq=726 len=10
RADIO Wi-Fi cmd=15 seq=726 ack=1 status=0 response=0 ret=0
RADIO Wi-Fi RX type=1 id=15 seq=727 len=10
RADIO Wi-Fi cmd=15 seq=727 ack=1 status=0 response=0 ret=0
RADIO Wi-Fi RX type=1 id=15 seq=728 len=10
RADIO Wi-Fi cmd=15 seq=728 ack=1 status=0 response=0 ret=0
RADIO Wi-Fi RX type=1 id=15 seq=729 len=10
RADIO Wi-Fi cmd=15 seq=729 ack=1 status=0 response=0 ret=0
RADIO Wi-Fi RX type=1 id=15 seq=730 len=10
RADIO Wi-Fi cmd=15 seq=730 ack=1 status=0 response=0 ret=0
RADIO Wi-Fi RX type=1 id=15 seq=731 len=10
RADIO Wi-Fi cmd=15 seq=731 ack=1 status=0 response=0 ret=0
RADIO Wi-Fi RX type=1 id=15 seq=732 len=10
RADIO Wi-Fi cmd=15 seq=732 ack=1 status=0 response=0 ret=0
RADIO Wi-Fi RX type=1 id=15 seq=733 len=10
RADIO Wi-Fi cmd=15 seq=733 ack=1 status=0 response=0 ret=0
RADIO Wi-Fi RX type=1 id=15 seq=734 len=10
RADIO Wi-Fi cmd=15 seq=734 ack=1 status=0 response=0 ret=0
RADIO Wi-Fi RX type=1 id=15 seq=735 len=10
RADIO Wi-Fi cmd=15 seq=735 ack=1 status=0 response=0 ret=0
SOUND experiment clear=0 reset=0 clockwait20=0
SOUND slot_mask offset=3c value=00000000
SOUND slot_mask offset=40 value=00000000
SOUND slot_mask offset=44 value=00000000
SOUND slot_mask offset=48 value=00000000
SOUND slot_mask offset=4c value=00000000
SOUND slot_mask offset=50 value=00000000
SOUND slot_mask offs0
SOUND pio=0 frames=48000 polls=2291440 stop=0 held=0 max_fifo1679739 end=46264679791 started=1 count=32
SOUND trace_init index=0 value=00000000 rc=0
SOUND trace_init index=1 value=00000002 rc=0
SOUND trace_init index=2 value=00700fff rc=0
SOUND trace_init index=3 value=000000e4 rc=0
SOUND trace_init index=4 value=00000000 rc=0
RADIO Wi-Fi RX type=1 id=15 seq=736 len=10
SOUND trace_init index=5 value=0000000b rc=0
RADIO Wi-Fi cmd=15 seq=736 ack=1 status=0 response=0 ret=0
SOUND trace_word index=0 us=46261679817 before=00041041 word=ffffffff after=00041040 rc=0,0,0
SOUND trace_word index=1 us=46261679819 before=00041040 word=00000000 after=00041040 rc=0,0,0
SOUND trace_word index=2 us=46261679820 before=00041040 word=ffffffff after=00041000 rc=0,0,0
SOUND trace_word index=3 us=46261679822 before=00041000 word=00000000 after=00041000 rc=0,0,0
SOUND trace_word index=4 us=46261679824 before=00041000 word=ffffffff after=00040000 rc=0,0,0
SOUND trace_word index=5 us=46261679825 before=00040000 word=00000000 after=00040000 rc=0,0,0
SOUND trace_word index=6 us=46261679827 before=00040000 word=ffffffff after=00000000 rc=0,0,0
SOUND trace_word index=7 us=46261679829 before=00000000 word=00000000 after=00000000 rc=0,0,0
SOUND trace_word index=8 us=46261679847 before=00041041 word=ffffffff after=00041040 rc=0,0,0
SOUND trace_word index=9 us=46261679849 before=00041040 word=00000000 after=00041040 rc=0,0,0
SOUND trace_word index=10 us=46261679851 before=00041040 word=ffffffff after=00041000 rc=0,0,0
SOUND trace_word index=11 us=46261679852 before=00041000 word=00000000 after=00041000 rc=0,0,0
SOUND trace_word index=12 us=46261679854 before=00041000 word=ffffffff after=00040000 rc=0,0,0
SOUND trace_word index=13 us=46261679856 before=00040000 word=00000000 after=00040000 rc=0,0,0
SOUND trace_word index=14 us=46261679857 before=00040000 word=ffffffff after=00000000 rc=0,0,0
SOUND trace_word index=15 us=46261679859 before=00000000 word=00000000 after=00000000 rc=0,0,0
SOUND trace_word index=16 us=46261679879 before=00041041 word=ffffffff after=00041040 rc=0,0,0
SOUND trace_word index=17 us=46261679881 before=00041040 word=00000000 after=00041040 rc=0,0,0
SOUND trace_word index=18 us=46261679882 before=00041040 word=ffffffff after=00041000 rc=0,0,0
SOUND trace_word index=19 us=46261679884 before=00041000 word=00000000 after=00041000 rc=0,0,0
SOUND trace_word index=20 us=46261679885 before=00041000 word=ffffffff after=00040000 rc=0,0,0
SOUND trace_word index=21 us=46261679887 before=00040000 word=00000000 after=00040000 rc=0,0,0
SOUND trace_word index=22 us=46261679889 before=00040000 word=ffffffff after=00000000 rc=0,0,0
SOUND trace_word index=23 us=46261679890 before=00000000 word=00000000 after=00000000 rc=0,0,0
SOUND trace_word index=24 us=46261679910 before=00041041 word=ffffffff after=00041040 rc=0,0,0
SOUND trace_word index=25 us=46261679912 before=00041040 word=00000000 after=00041040 rc=0,0,0
SOUND trace_word index=26 us=46261679913 before=00041040 word=ffffD trace_word index=28 us=46261679917 before=00041000 word=ffffffex=30 us=46261679920 before=00040000 word=ffffffff after=00000000 rc=0,0,0
SOUND trace_word index=31 us=46261679922 before=0000D codec reg=01 value=60
SOUND codec reg=02 value=00
SOUND code reg=05 value=00
SOUND codec reg=06 value=00
SOUND codec reg=0=0 response=0 ret=0
SOUND codec reg=0a value=f0
SOUND codec reg=0b value=82
SOUND codec reg=0c value=10
SOUND codec reg=0d value=02
SOUND codec reg=0f value=20
SOUND codec reg=17 value=20
SOUND codec reg=18 value=02
SOUND codec reg=19 value=06
SOUND codec reg=1a value=30
SOUND codec reg=1b value=30
SOUND codec reg=27 value=b8
SOUND codec reg=2a value=b8
SOUND codec reg=2b value=80
SOUND codec reg=30 value=14
SOUND codec reg=31 value=14
SOUND input pull=00005515 schmitt=000000ff path=000000e4 gpio_high=50195 transitions=0 samples=50195
SOUND pad ticks=480011 max_gap=14 counter_hz=24000000 complete=1
SOUND pad channel=0 high=24703 changes=36939
SOUND pad channel=1 high=25059 changes=40958
SOUND pad channel=2 high=25140 changes=640
SOUND pad channel=3 high=50195 changes=0
SOUND pcm left_min=-475706624 6 right_nonzero=48000
SOUND result=0 codec_stop=0 platform_restore=0 i2c_restore=0 amp_low=1
RADIO Wi-Fi RX type=1 id=15 seq=738 len=10
RADIO Wi-Fi cmd=15 seq=738 ack=1 status=0 response=0 ret=0
K7CLOUD asr partial_received=1
RADIO Wi-Fi RX type=1 id=15 seq=739 len=10
RADIO Wi-Fi cmd=15 seq=739 ack=1 status=0 response=0 ret=0
K7CLOUD asr final_received=1
RADIO Wi-Fi RX type=1 id=15 seq=740 len=10
RADIO Wi-Fi cmd=15 seq=740 ack=1 status=0 response=0 ret=0
K7CLOUD asr result=0 frames_sent=150 completed=1
nsh> [KRADIO Wi-Fi RX type=1 id=15 seq=741 len=10
RADIO Wi-Fi cmd=15 seq=741 ack=1 status=0 response=0 ret=0

ECHO_TIMING {"command": "asr-live", "command_ms": 5318, "elapsed_ms": 5318, "passed": true}
kRADIO Wi-Fi RX type=1 id=15 seq=742 len=10
RADIO Wi-Fi cmd=15 seq=742 ack=1 status=0 response=0 ret=0
7cloud tts-test 10.3.1.125
RADIO Wi-Fi RX type=1 id=15 seq=743 len=10
RADIO Wi-Fi cmd=15 seq=743 ack=1 status=0 response=0 ret=0
RADIO Wi-Fi RX type=1 id=15 seq=744 len=10
RADIO Wi-Fi cmd=15 seq=744 ack=1 status=0 response=0 ret=0
RADIO Wi-Fi RX type=1 id=15 seq=745 len=10
RADIO Wi-Fi cmd=15 seq=745 ack=1 status=0 response=0 ret=0
RADIO Wi-Fi RX type=1 id=15 seq=746 len=10
RADIO Wi-Fi cmd=15 seq=746 ack=1 status=0 response=0 ret=0
RADIO Wi-Fi RX type=1 id=15 seq=747 len=10
RADIO Wi-Fi cmd=15 seq=747 ack=1 status=0 response=0 ret=0
RADIO Wi-Fi RX type=1 id=15 seq=748 len=10
RADIO Wi-Fi cmd=15 seq=748 ack=1 status=0 response=0 ret=0
RADIO Wi-Fi RX type=1 id=15 seq=749 len=10
RADIO Wi-Fi cmd=15 seq=749 ack=1 status=0 response=0 ret=0
RADIO Wi-Fi RX type=1 id=15 seq=750 len=10
RADIO Wi-Fi cmd=15 seq=750 ack=1 status=0 response=0 ret=0
RADIO Wi-Fi RX type=1 id=15 seq=751 len=10
RADIO Wi-Fi cmd=15 seq=751 ack=1 status=0 response=0 ret=0
RADIO Wi-Fi RX type=1 id=15 seq=752 len=10
RADIO Wi-Fi cmd=15 seq=752 ack=1 status=0 response=0 ret=0
RADIO Wi-Fi RX type=1 id=15 seq=753 len=10
RADIO Wi-Fi cmd=15 seq=753 ack=1 status=0 response=0 ret=0
RADIO Wi-Fi RX type=1 id=15 seq=754 len=10
RADIO Wi-Fi cmd=15 seq=754 ack=1 status=0 response=0 ret=0
RADIO Wi-Fi RX type=1 id=15 seq=755 len=10
RADIO Wi-Fi cmd=15 seq=755 ack=1 status=0 response=0 ret=0
RADIO Wi-Fi RX type=1 id=15 seq=756 len=10
RADIO Wi-Fi cmd=15 seq=756 ack=1 status=0 response=0 ret=0
RADIO Wi-Fi RX type=1 id=15 seq=757 len=10
RADIO Wi-Fi cmd=15 seq=757 ack=1 status=0 response=0 ret=0
RADIO Wi-Fi RX type=1 id=15 seq=758 len=10
RADIO Wi-Fi cmd=15 seq=758 ack=1 status=0 response=0 ret=0
RADIO Wi-Fi RX type=1 id=15 seq=759 len=10
RADIO Wi-Fi cmd=15 seq=759 ack=1 status=0 response=0 ret=0
RADIO Wi-Fi RX type=1 id=15 seq=760 len=10
RADIO Wi-Fi cmd=15 seq=760 ack=1 status=0 response=0 ret=0
RADIO Wi-Fi RX type=1 id=15 seq=761 len=10
RADIO Wi-Fi cmd=15 seq=761 ack=1 status=0 response=0 ret=0
RADIO Wi-Fi RX type=1 id=15 seq=762 len=10
RADIO Wi-Fi cmd=15 seq=762 ack=1 status=0 response=0 ret=0
RADIO Wi-Fi RX type=1 id=15 seq=763 len=10
RADIO Wi-Fi cmd=15 seq=763 ack=1 status=0 response=0 ret=0
RADIO Wi-Fi RX type=1 id=15 seq=764 len=10
RADIO Wi-Fi cmd=15 seq=764 ack=1 status=0 response=0 ret=0
RADIO Wi-Fi RX type=1 id=15 seq=765 len=10
RADIO Wi-Fi cmd=15 seq=765 ack=1 status=0 response=0 ret=0
RADIO Wi-Fi RX type=1 id=15 seq=766 len=10
RADIO Wi-Fi cmd=15 seq=766 ack=1 status=0 response=0 ret=0
RADIO Wi-Fi RX type=1 id=15 seq=767 len=10
RADIO Wi-Fi cmd=15 seq=767 ack=1 status=0 response=0 ret=0
RADIO Wi-Fi RX type=1 id=15 seq=768 len=10
RADIO Wi-Fi cmd=15 seq=768 ack=1 status=0 response=0 ret=0
RADIO Wi-Fi RX type=1 id=15 seq=769 len=10
RADIO Wi-Fi cmd=15 seq=769 ack=1 status=0 response=0 ret=0
RADIO Wi-Fi RX type=1 id=15 seq=770 len=10
RADIO Wi-Fi cmd=15 seq=770 ack=1 status=0 response=0 ret=0
RADIO Wi-Fi RX type=1 id=15 seq=771 len=10
RADIO Wi-Fi cmd=15 seq=771 ack=1 status=0 response=0 ret=0
RADIO Wi-Fi RX type=1 id=15 seq=772 len=10
RADIO Wi-Fi cmd=15 seq=772 ack=1 status=0 response=0 ret=0
RADIO Wi-Fi RX type=1 id=15 seq=773 len=10
RADIO Wi-Fi cmd=15 seq=773 ack=1 status=0 response=0 ret=0
RADIO Wi-Fi RX type=1 id=15 seq=774 len=10
RADIO Wi-Fi cmd=15 seq=774 ack=1 status=0 response=0 ret=0
RADIO Wi-Fi RX type=1 id=15 seq=775 len=10
RADIO Wi-Fi cmd=15 seq=775 ack=1 status=0 response=0 ret=0
RADIO Wi-Fi RX type=1 id=15 seq=776 len=10
RADIO Wi-Fi cmd=15 seq=776 ack=1 status=0 response=0 ret=0
RADIO Wi-Fi RX type=1 id=15 seq=777 len=10
RADIO Wi-Fi cmd=15 seq=777 ack=1 status=0 response=0 ret=0
RADIO Wi-Fi RX type=1 id=15 seq=778 len=10
RADIO Wi-Fi cmd=15 seq=778 ack=1 status=0 response=0 ret=0
RADIO Wi-Fi RX type=1 id=15 seq=779 len=10
RADIO Wi-Fi cmd=15 seq=779 ack=1 status=0 response=0 ret=0
RADIO Wi-Fi RX type=1 id=15 seq=780 len=10
RADIO Wi-Fi cmd=15 seq=780 ack=1 status=0 response=0 ret=0
RADIO Wi-Fi RX type=1 id=15 seq=781 len=10
RADIO Wi-Fi cmd=15 seq=781 ack=1 status=0 response=0 ret=0
RADIO Wi-Fi RX type=1 id=15 seq=782 len=10
RADIO Wi-Fi cmd=15 seq=782 ack=1 status=0 response=0 ret=0
RADIO Wi-Fi RX type=1 id=15 seq=783 len=10
RADIO Wi-Fi cmd=15 seq=783 ack=1 status=0 response=0 ret=0
RADIO Wi-Fi RX type=1 id=15 seq=784 len=10
RADIO Wi-Fi cmd=15 seq=784 ack=1 status=0 response=0 ret=0
RADIO Wi-Fi RX type=1 id=15 seq=785 len=10
RADIO Wi-Fi cmd=15 seq=785 ack=1 status=0 response=0 ret=0
RADIO Wi-Fi RX type=1 id=15 seq=786 len=10
RADIO Wi-Fi cmd=15 seq=786 ack=1 status=0 response=0 ret=0
RADIO Wi-Fi RX type=1 id=15 seq=787 len=10
RADIO Wi-Fi cmd=15 seq=787 ack=1 status=0 response=0 ret=0
RADIO Wi-Fi RX type=1 id=15 seq=788 len=10
RADIO Wi-Fi cmd=15 seq=788 ack=1 status=0 response=0 ret=0
RADIO Wi-Fi RX type=1 id=15 seq=789 len=10
RADIO Wi-Fi cmd=15 seq=789 ack=1 status=0 response=0 ret=0
RADIO Wi-Fi RX type=1 id=15 seq=790 len=10
RADIO Wi-Fi cmd=15 seq=790 ack=1 status=0 response=0 ret=0
RADIO Wi-Fi RX type=1 id=15 seq=791 len=10
RADIO Wi-Fi cmd=15 seq=791 ack=1 status=0 response=0 ret=0
RADIO Wi-Fi RX type=1 id=15 seq=792 len=10
RADIO Wi-Fi cmd=15 seq=792 ack=1 status=0 response=0 ret=0
RADIO Wi-Fi RX type=1 id=15 seq=793 len=10
RADIO Wi-Fi cmd=15 seq=793 ack=1 status=0 response=0 ret=0
RADIO Wi-Fi RX type=1 id=15 seq=794 len=10
RADIO Wi-Fi cmd=15 seq=794 ack=1 status=0 response=0 ret=0
RADIO Wi-Fi RX type=1 id=15 seq=795 len=10
RADIO Wi-Fi cmd=15 seq=795 ack=1 status=0 response=0 ret=0
RADIO Wi-Fi RX type=1 id=15 seq=796 len=10
RADIO Wi-Fi cmd=15 seq=796 ack=1 status=0 response=0 ret=0
RADIO Wi-Fi RX type=1 id=15 seq=797 len=10
RADIO Wi-Fi cmd=15 seq=797 ack=1 status=0 response=0 ret=0
RADIO Wi-Fi RX type=1 id=15 seq=798 len=10
RADIO Wi-Fi cmd=15 seq=798 ack=1 status=0 response=0 ret=0
RADIO Wi-Fi RX type=1 id=15 seq=799 len=10
RADIO Wi-Fi cmd=15 seq=799 ack=1 status=0 response=0 ret=0
RADIO Wi-Fi RX type=1 id=15 seq=800 len=10
RADIO Wi-Fi cmd=15 seq=800 ack=1 status=0 response=0 ret=0
RADIO Wi-Fi RX type=1 id=15 seq=801 len=10
RADIO Wi-Fi cmd=15 seq=801 ack=1 status=0 response=0 ret=0
RADIO Wi-Fi RX type=1 id=15 seq=802 len=10
RADIO Wi-Fi cmd=15 seq=802 ack=1 status=0 response=0 ret=0
RADIO Wi-Fi RX type=1 id=15 seq=803 len=10
RADIO Wi-Fi cmd=15 seq=803 ack=1 status=0 response=0 ret=0
RADIO Wi-Fi RX type=1 id=15 seq=804 len=10
RADIO Wi-Fi cmd=15 seq=804 ack=1 status=0 response=0 ret=0
RADIO Wi-Fi RX type=1 id=15 seq=805 len=10
RADIO Wi-Fi cmd=15 seq=805 ack=1 status=0 response=0 ret=0
RADIO Wi-Fi RX type=1 id=15 seq=806 len=10
RADIO Wi-Fi cmd=15 seq=806 ack=1 status=0 response=0 ret=0
RADIO Wi-Fi RX type=1 id=15 seq=807 len=10
RADIO Wi-Fi cmd=15 seq=807 ack=1 status=0 response=0 ret=0
RADIO Wi-Fi RX type=1 id=15 seq=808 len=10
RADIO Wi-Fi cmd=15 seq=808 ack=1 status=0 response=0 ret=0
RADIO Wi-Fi RX type=1 id=15 seq=809 len=10
RADIO Wi-Fi cmd=15 seq=809 ack=1 status=0 response=0 ret=0
RADIO Wi-Fi RX type=1 id=15 seq=810 len=10
RADIO Wi-Fi cmd=15 seq=810 ack=1 status=0 response=0 ret=0
RADIO Wi-Fi RX type=1 id=15 seq=811 len=10
RADIO Wi-Fi cmd=15 seq=811 ack=1 status=0 response=0 ret=0
RADIO Wi-Fi RX type=1 id=15 seq=812 len=10
RADIO Wi-Fi cmd=15 seq=812 ack=1 status=0 response=0 ret=0
RADIO Wi-Fi RX type=1 id=15 seq=813 len=10
RADIO Wi-Fi cmd=15 seq=813 ack=1 status=0 response=0 ret=0
RADIO Wi-Fi RX type=1 id=15 seq=814 len=10
RADIO Wi-Fi cmd=15 seq=814 ack=1 status=0 response=0 ret=0
RADIO Wi-Fi RX type=1 id=15 seq=815 len=10
RADIO Wi-Fi cmd=15 seq=815 ack=1 status=0 response=0 ret=0
RADIO Wi-Fi RX type=1 id=15 seq=816 len=10
RADIO Wi-Fi cmd=15 seq=816 ack=1 status=0 response=0 ret=0
RADIO Wi-Fi RX type=1 id=15 seq=817 len=10
RADIO Wi-Fi cmd=15 seq=817 ack=1 status=0 response=0 ret=0
RADIO Wi-Fi RX type=1 id=15 seq=818 len=10
RADIO Wi-Fi cmd=15 seq=818 ack=1 status=0 response=0 ret=0
RADIO Wi-Fi RX type=1 id=15 seq=819 len=10
RADIO Wi-Fi cmd=15 seq=819 ack=1 status=0 response=0 ret=0
RADIO Wi-Fi RX type=1 id=15 seq=820 len=10
RADIO Wi-Fi cmd=15 seq=820 ack=1 status=0 response=0 ret=0
RADIO Wi-Fi RX type=1 id=15 seq=821 len=10
RADIO Wi-Fi cmd=15 seq=821 ack=1 status=0 response=0 ret=0
RADIO Wi-Fi RX type=1 id=15 seq=822 len=10
RADIO Wi-Fi cmd=15 seq=822 ack=1 status=0 response=0 ret=0
RADIO Wi-Fi RX type=1 id=15 seq=823 len=10
RADIO Wi-Fi cmd=15 seq=823 ack=1 status=0 response=0 ret=0
RADIO Wi-Fi RX type=1 id=15 seq=824 len=10
RADIO Wi-Fi cmd=15 seq=824 ack=1 status=0 response=0 ret=0
RADIO Wi-Fi RX type=1 id=15 seq=825 len=10
RADIO Wi-Fi cmd=15 seq=825 ack=1 status=0 response=0 ret=0
RADIO Wi-Fi RX type=1 id=15 seq=826 len=10
RADIO Wi-Fi cmd=15 seq=826 ack=1 status=0 response=0 ret=0
RADIO Wi-Fi RX type=1 id=15 seq=827 len=10
RADIO Wi-Fi cmd=15 seq=827 ack=1 status=0 response=0 ret=0
RADIO Wi-Fi RX type=1 id=15 seq=828 len=10
RADIO Wi-Fi cmd=15 seq=828 ack=1 status=0 response=0 ret=0
RADIO Wi-Fi RX type=1 id=15 seq=829 len=10
RADIO Wi-Fi cmd=15 seq=829 ack=1 status=0 response=0 ret=0
RADIO Wi-Fi RX type=1 id=15 seq=830 len=10
RADIO Wi-Fi cmd=15 seq=830 ack=1 status=0 response=0 ret=0
RADIO Wi-Fi RX type=1 id=15 seq=831 len=10
RADIO Wi-Fi cmd=15 seq=831 ack=1 status=0 response=0 ret=0
RADIO Wi-Fi RX type=1 id=15 seq=832 len=10
RADIO Wi-Fi cmd=15 seq=832 ack=1 status=0 response=0 ret=0
RADIO Wi-Fi RX type=1 id=15 seq=833 len=10
RADIO Wi-Fi cmd=15 seq=833 ack=1 status=0 response=0 ret=0
RADIO Wi-Fi RX type=1 id=15 seq=834 len=10
RADIO Wi-Fi cmd=15 seq=834 ack=1 status=0 response=0 ret=0
RADIO Wi-Fi RX type=1 id=15 seq=835 len=10
RADIO Wi-Fi cmd=15 seq=835 ack=1 status=0 response=0 ret=0
RADIO Wi-Fi RX type=1 id=15 seq=836 len=10
RADIO Wi-Fi cmd=15 seq=836 ack=1 status=0 response=0 ret=0
RADIO Wi-Fi RX type=1 id=15 seq=837 len=10
RADIO Wi-Fi cmd=15 seq=837 ack=1 status=0 response=0 ret=0
RADIO Wi-Fi RX type=1 id=15 seq=838 len=10
RADIO Wi-Fi cmd=15 seq=838 ack=1 status=0 response=0 ret=0
RADIO Wi-Fi RX type=1 id=15 seq=839 len=10
RADIO Wi-Fi cmd=15 seq=839 ack=1 status=0 response=0 ret=0
RADIO Wi-Fi RX type=1 id=15 seq=840 len=10
RADIO Wi-Fi cmd=15 seq=840 ack=1 status=0 response=0 ret=0
RADIO Wi-Fi RX type=1 id=15 seq=841 len=10
RADIO Wi-Fi cmd=15 seq=841 ack=1 status=0 response=0 ret=0
RADIO Wi-Fi RX type=1 id=15 seq=842 len=10
RADIO Wi-Fi cmd=15 seq=842 ack=1 status=0 response=0 ret=0
RADIO Wi-Fi RX type=1 id=15 seq=843 len=10
RADIO Wi-Fi cmd=15 seq=843 ack=1 status=0 response=0 ret=0
RADIO Wi-Fi RX type=1 id=15 seq=844 len=10
RADIO Wi-Fi cmd=15 seq=844 ack=1 status=0 response=0 ret=0
RADIO Wi-Fi RX type=1 id=15 seq=845 len=10
RADIO Wi-Fi cmd=15 seq=845 ack=1 status=0 response=0 ret=0
RADIO Wi-Fi RX type=1 id=15 seq=846 len=10
RADIO Wi-Fi cmd=15 seq=846 ack=1 status=0 response=0 ret=0
RADIO Wi-Fi RX type=1 id=15 seq=847 len=10
RADIO Wi-Fi cmd=15 seq=847 ack=1 status=0 response=0 ret=0
RADIO Wi-Fi RX type=1 id=15 seq=848 len=10
RADIO Wi-Fi cmd=15 seq=848 ack=1 status=0 response=0 ret=0
RADIO Wi-Fi RX type=1 id=15 seq=849 len=10
RADIO Wi-Fi cmd=15 seq=849 ack=1 status=0 response=0 ret=0
RADIO Wi-Fi RX type=1 id=15 seq=850 len=10
RADIO Wi-Fi cmd=15 seq=850 ack=1 status=0 response=0 ret=0
RADIO Wi-Fi RX type=1 id=15 seq=851 len=10
RADIO Wi-Fi cmd=15 seq=851 ack=1 status=0 response=0 ret=0
RADIO Wi-Fi RX type=1 id=15 seq=852 len=10
RADIO Wi-Fi cmd=15 seq=852 ack=1 status=0 response=0 ret=0
RADIO Wi-Fi RX type=1 id=15 seq=853 len=10
RADIO Wi-Fi cmd=15 seq=853 ack=1 status=0 response=0 ret=0
RADIO Wi-Fi RX type=1 id=15 seq=854 len=10
RADIO Wi-Fi cmd=15 seq=854 ack=1 status=0 response=0 ret=0
RADIO Wi-Fi RX type=1 id=15 seq=855 len=10
RADIO Wi-Fi cmd=15 seq=855 ack=1 status=0 response=0 ret=0
RADIO Wi-Fi RX type=1 id=15 seq=856 len=10
RADIO Wi-Fi cmd=15 seq=856 ack=1 status=0 response=0 ret=0
RADIO Wi-Fi RX type=1 id=15 seq=857 len=10
RADIO Wi-Fi cmd=15 seq=857 ack=1 status=0 response=0 ret=0
RADIO Wi-Fi RX type=1 id=15 seq=858 len=10
RADIO Wi-Fi cmd=15 seq=858 ack=1 status=0 response=0 ret=0
RADIO Wi-Fi RX type=1 id=15 seq=859 len=10
RADIO Wi-Fi cmd=15 seq=859 ack=1 status=0 response=0 ret=0
AUDIO_IO reset12=00000000 gate11=00000000 gate12=00000000 gate18=00000000 mux=00000000 source=00000000
AUDIO_IO con=00060300 ien=00000000 gpio_version=010219c8 gpio_input=014d3050
SOUND platform_result=0 version=23073576 repair=fdffffff ack=00000001 idle=00000001
SOUND mclkout before=0000001f after=0000001d
RADIO Wi-Fi RX type=1 id=15 seq=860 len=10
RADIO Wi-Fi cmd=15 seq=860 ack=1 status=0 response=0 ret=0
SOUND codec_prepare=0 state=2
SOUND adc_variant=0 settle_ms=0
SOUND playback_gain_db=24 dac_attenuation_db=0 maximum=0
SOUND experiment clear=0 reset=0 clockwait20=0
SOUND slot_mask offset=3c value=00000000
SOUND slot_mask offset=40 value=000000lue=00000000
SOUND slot_mask offset=4c value=00000000
SOUND sl=58 value=00000000
SOUND pio=0 frames=32000 polls=1745357 stop=st=00104104 last=00000000 TXCR=00400fff RXCR=00700fff FSCR=0101f03f CKR=00000018
SOUND codec reg=00 value=36
SOUND codec reg=01 value=60
SOUND codec reg=02 value=00
SOUND codec reg=03 value=00
SOUND codec reg=04 value=0c
SOUND codec reg=05 value=00
SOUND codec reg=06 value=00
SOUND codec reg=07 value=7c
SOUND codec reg=08 value=00
SOUND codlue=f0
SOUND codec reg=0b value=82
SOUND codec reg=0c value=10OUND codec reg=1a value=00
SOUND codec reg=1b value=00
SOUND codec reg=27 value=b8
SOUND codec reg=2a value=b8
SOUND codec reg=2b value=80
SOUND codec reg=30 value=14
SOUND codec reg=31 value=14
SOUND input pull=00005515 schmitt=000000ff path=000000e4 gpio_high=50152 transitions=0 samples=50152
SOUND pad ticks=480004 max_gap=35 counter_hz=24000000 complete=1
SOUND pad channel=0 high=24630 changes=36905
SOUND pad channel=1 high=24915 changes=40919
SOUND pad channel=2 high=25130 changes=640
SOUND pad channel=3 high=50152 changes=0
SOUND result=0 codec_stop=0 platform_restore=0 i2c_restore=0 amp_low=1
K7CLOUD tts result=0 pcm_bytes=64000
nsh> [KRADIO Wi-Fi RX type=1 id=15 seq=861 len=10
RADIO Wi-Fi cmd=15 seq=861 ack=1 status=0 response=0 ret=0

ECHO_TIMING {"command": "tts-test", "command_ms": 5103, "elapsed_ms": 10421, "passed": true}
