k7cloud asr-live 10.3.1.125
RADIO Wi-Fi RX type=1 id=15 seq=901 len=10
RADIO Wi-Fi cmd=15 seq=901 ack=1 status=0 response=0 ret=0
RADIO Wi-Fi RX type=1 id=15 seq=902 len=10
RADIO Wi-Fi cmd=15 seq=902 ack=1 status=0 response=0 ret=0
RADIO Wi-Fi RX type=1 id=15 seq=903 len=10
RADIO Wi-Fi cmd=15 seq=903 ack=1 status=0 response=0 ret=0
AUDIO_IO reset12=00000000 gate11=00000000 gate12=00000000 gate18=00000000 mux=00000000 source=00000000
AUDIO_IO con=00060300 ieplatform_result=0 version=23073576 repair=fdffffff ack=00000001 atus=0 response=0 ret=0
SOUND codec_prepare=0 state=2
SOUND adc_variant=24 settle_ms=1000
SOUND playback_gain_db=0 dac_attenuation_db=24 maximum=0
RADIO Wi-Fi RX type=1 id=15 seq=905 len=10
RADIO Wi-Fi cmd=15 seq=905 ack=1 status=0 response=0 ret=0
RADIO Wi-Fi RX type=1 id=15 seq=906 len=10
RADIO Wi-Fi cmd=15 seq=906 ack=1 status=0 response=0 ret=0
RADIO Wi-Fi RX type=1 id=15 seq=907 len=10
RADIO Wi-Fi cmd=15 seq=907 ack=1 status=0 response=0 ret=0
RADIO Wi-Fi RX type=1 id=15 seq=908 len=10
RADIO Wi-Fi cmd=15 seq=908 ack=1 status=0 response=0 ret=0
RADIO Wi-Fi RX type=1 id=15 seq=909 len=10
RADIO Wi-Fi cmd=15 seq=909 ack=1 status=0 response=0 ret=0
RADIO Wi-Fi RX type=1 id=15 seq=910 len=10
RADIO Wi-Fi cmd=15 seq=910 ack=1 status=0 response=0 ret=0
RADIO Wi-Fi RX type=1 id=15 seq=911 len=10
RADIO Wi-Fi cmd=15 seq=911 ack=1 status=0 response=0 ret=0
RADIO Wi-Fi RX type=1 id=15 seq=912 len=10
RADIO Wi-Fi cmd=15 seq=912 ack=1 status=0 response=0 ret=0
RADIO Wi-Fi RX type=1 id=15 seq=913 len=10
RADIO Wi-Fi cmd=15 seq=913 ack=1 status=0 response=0 ret=0
RADIO Wi-Fi RX type=1 id=15 seq=914 len=10
RADIO Wi-Fi cmd=15 seq=914 ack=1 status=0 response=0 ret=0
RADIO Wi-Fi RX type=1 id=15 seq=915 len=10
RADIO Wi-Fi cmd=15 seq=915 ack=1 status=0 response=0 ret=0
RADIO Wi-Fi RX type=1 id=15 seq=916 len=10
RADIO Wi-Fi cmd=15 seq=916 ack=1 status=0 response=0 ret=0
RADIO Wi-Fi RX type=1 id=15 seq=917 len=10
RADIO Wi-Fi cmd=15 seq=917 ack=1 status=0 response=0 ret=0
RADIO Wi-Fi RX type=1 id=15 seq=918 len=10
RADIO Wi-Fi cmd=15 seq=918 ack=1 status=0 response=0 ret=0
RADIO Wi-Fi RX type=1 id=15 seq=919 len=10
RADIO Wi-Fi cmd=15 seq=919 ack=1 status=0 response=0 ret=0
RADIO Wi-Fi RX type=1 id=15 seq=920 len=10
RADIO Wi-Fi cmd=15 seq=920 ack=1 status=0 response=0 ret=0
RADIO Wi-Fi RX type=1 id=15 seq=921 len=10
RADIO Wi-Fi cmd=15 seq=921 ack=1 status=0 response=0 ret=0
RADIO Wi-Fi RX type=1 id=15 seq=922 len=10
RADIO Wi-Fi cmd=15 seq=922 ack=1 status=0 response=0 ret=0
RADIO Wi-Fi RX type=1 id=15 seq=923 len=10
RADIO Wi-Fi cmd=15 seq=923 ack=1 status=0 response=0 ret=0
RADIO Wi-Fi RX type=1 id=15 seq=924 len=10
RADIO Wi-Fi cmd=15 seq=924 ack=1 status=0 response=0 ret=0
RADIO Wi-Fi RX type=1 id=15 seq=925 len=10
RADIO Wi-Fi cmd=15 seq=925 ack=1 status=0 response=0 ret=0
RADIO Wi-Fi RX type=1 id=15 seq=926 len=10
RADIO Wi-Fi cmd=15 seq=926 ack=1 status=0 response=0 ret=0
RADIO Wi-Fi RX type=1 id=15 seq=927 len=10
RADIO Wi-Fi cmd=15 seq=927 ack=1 status=0 response=0 ret=0
RADIO Wi-Fi RX type=1 id=15 seq=928 len=10
RADIO Wi-Fi cmd=15 seq=928 ack=1 status=0 response=0 ret=0
RADIO Wi-Fi RX type=1 id=15 seq=929 len=10
RADIO Wi-Fi cmd=15 seq=929 ack=1 status=0 response=0 ret=0
RADIO Wi-Fi RX type=1 id=15 seq=930 len=10
RADIO Wi-Fi cmd=15 seq=930 ack=1 status=0 response=0 ret=0
RADIO Wi-Fi RX type=1 id=15 seq=931 len=10
RADIO Wi-Fi cmd=15 seq=931 ack=1 status=0 response=0 ret=0
RADIO Wi-Fi RX type=1 id=15 seq=932 len=10
RADIO Wi-Fi cmd=15 seq=932 ack=1 status=0 response=0 ret=0
RADIO Wi-Fi RX type=1 id=15 seq=933 len=10
RADIO Wi-Fi cmd=15 seq=933 ack=1 status=0 response=0 ret=0
RADIO Wi-Fi RX type=1 id=15 seq=934 len=10
RADIO Wi-Fi cmd=15 seq=934 ack=1 status=0 response=0 ret=0
RADIO Wi-Fi RX type=1 id=15 seq=935 len=10
RADIO Wi-Fi cmd=15 seq=935 ack=1 status=0 response=0 ret=0
RADIO Wi-Fi RX type=1 id=15 seq=936 len=10
RADIO Wi-Fi cmd=15 seq=936 ack=1 status=0 response=0 ret=0
RADIO Wi-Fi RX type=1 id=15 seq=937 len=10
RADIO Wi-Fi cmd=15 seq=937 ack=1 status=0 response=0 ret=0
RADIO Wi-Fi RX type=1 id=15 seq=938 len=10
RADIO Wi-Fi cmd=15 seq=938 ack=1 status=0 response=0 ret=0
RADIO Wi-Fi RX type=1 id=15 seq=939 len=10
RADIO Wi-Fi cmd=15 seq=939 ack=1 status=0 response=0 ret=0
RADIO Wi-Fi RX type=1 id=15 seq=940 len=10
RADIO Wi-Fi cmd=15 seq=940 ack=1 status=0 response=0 ret=0
RADIO Wi-Fi RX type=1 id=15 seq=941 len=10
RADIO Wi-Fi cmd=15 seq=941 ack=1 status=0 response=0 ret=0
RADIO Wi-Fi RX type=1 id=15 seq=942 len=10
RADIO Wi-Fi cmd=15 seq=942 ack=1 status=0 response=0 ret=0
RADIO Wi-Fi RX type=1 id=15 seq=943 len=10
RADIO Wi-Fi cmd=15 seq=943 ack=1 status=0 response=0 ret=0
RADIO Wi-Fi RX type=1 id=15 seq=944 len=10
RADIO Wi-Fi cmd=15 seq=944 ack=1 status=0 response=0 ret=0
RADIO Wi-Fi RX type=1 id=15 seq=945 len=10
RADIO Wi-Fi cmd=15 seq=945 ack=1 status=0 response=0 ret=0
RADIO Wi-Fi RX type=1 id=15 seq=946 len=10
RADIO Wi-Fi cmd=15 seq=946 ack=1 status=0 response=0 ret=0
RADIO Wi-Fi RX type=1 id=15 seq=947 len=10
RADIO Wi-Fi cmd=15 seq=947 ack=1 status=0 response=0 ret=0
RADIO Wi-Fi RX type=1 id=15 seq=948 len=10
RADIO Wi-Fi cmd=15 seq=948 ack=1 status=0 response=0 ret=0
RADIO Wi-Fi RX type=1 id=15 seq=949 len=10
RADIO Wi-Fi cmd=15 seq=949 ack=1 status=0 response=0 ret=0
RADIO Wi-Fi RX type=1 id=15 seq=950 len=10
RADIO Wi-Fi cmd=15 seq=950 ack=1 status=0 response=0 ret=0
RADIO Wi-Fi RX type=1 id=15 seq=951 len=10
RADIO Wi-Fi cmd=15 seq=951 ack=1 status=0 response=0 ret=0
RADIO Wi-Fi RX type=1 id=15 seq=952 len=10
RADIO Wi-Fi cmd=15 seq=952 ack=1 status=0 response=0 ret=0
RADIO Wi-Fi RX type=1 id=15 seq=953 len=10
RADIO Wi-Fi cmd=15 seq=953 ack=1 status=0 response=0 ret=0
RADIO Wi-Fi RX type=1 id=15 seq=954 len=10
RADIO Wi-Fi cmd=15 seq=954 ack=1 status=0 response=0 ret=0
RADIO Wi-Fi RX type=1 id=15 seq=955 len=10
RADIO Wi-Fi cmd=15 seq=955 ack=1 status=0 response=0 ret=0
RADIO Wi-Fi RX type=1 id=15 seq=956 len=10
RADIO Wi-Fi cmd=15 seq=956 ack=1 status=0 response=0 ret=0
RADIO Wi-Fi RX type=1 id=15 seq=957 len=10
RADIO Wi-Fi cmd=15 seq=957 ack=1 status=0 response=0 ret=0
RADIO Wi-Fi RX type=1 id=15 seq=958 len=10
RADIO Wi-Fi cmd=15 seq=958 ack=1 status=0 response=0 ret=0
RADIO Wi-Fi RX type=1 id=15 seq=959 len=10
RADIO Wi-Fi cmd=15 seq=959 ack=1 status=0 response=0 ret=0
RADIO Wi-Fi RX type=1 id=15 seq=960 len=10
RADIO Wi-Fi cmd=15 seq=960 ack=1 status=0 response=0 ret=0
RADIO Wi-Fi RX type=1 id=15 seq=961 len=10
RADIO Wi-Fi cmd=15 seq=961 ack=1 status=0 response=0 ret=0
RADIO Wi-Fi RX type=1 id=15 seq=962 len=10
RADIO Wi-Fi cmd=15 seq=962 ack=1 status=0 response=0 ret=0
RADIO Wi-Fi RX type=1 id=15 seq=963 len=10
RADIO Wi-Fi cmd=15 seq=963 ack=1 status=0 response=0 ret=0
RADIO Wi-Fi RX type=1 id=15 seq=964 len=10
RADIO Wi-Fi cmd=15 seq=964 ack=1 status=0 response=0 ret=0
RADIO Wi-Fi RX type=1 id=15 seq=965 len=10
RADIO Wi-Fi cmd=15 seq=965 ack=1 status=0 response=0 ret=0
RADIO Wi-Fi RX type=1 id=15 seq=966 len=10
RADIO Wi-Fi cmd=15 seq=966 ack=1 status=0 response=0 ret=0
RADIO Wi-Fi RX type=1 id=15 seq=967 len=10
RADIO Wi-Fi cmd=15 seq=967 ack=1 status=0 response=0 ret=0
RADIO Wi-Fi RX type=1 id=15 seq=968 len=10
RADIO Wi-Fi cmd=15 seq=968 ack=1 status=0 response=0 ret=0
RADIO Wi-Fi RX type=1 id=15 seq=969 len=10
RADIO Wi-Fi cmd=15 seq=969 ack=1 status=0 response=0 ret=0
RADIO Wi-Fi RX type=1 id=15 seq=970 len=10
RADIO Wi-Fi cmd=15 seq=970 ack=1 status=0 response=0 ret=0
RADIO Wi-Fi RX type=1 id=15 seq=971 len=10
RADIO Wi-Fi cmd=15 seq=971 ack=1 status=0 response=0 ret=0
RADIO Wi-Fi RX type=1 id=15 seq=972 len=10
RADIO Wi-Fi cmd=15 seq=972 ack=1 status=0 response=0 ret=0
RADIO Wi-Fi RX type=1 id=15 seq=973 len=10
RADIO Wi-Fi cmd=15 seq=973 ack=1 status=0 response=0 ret=0
RADIO Wi-Fi RX type=1 id=15 seq=974 len=10
RADIO Wi-Fi cmd=15 seq=974 ack=1 status=0 response=0 ret=0
RADIO Wi-Fi RX type=1 id=15 seq=975 len=10
RADIO Wi-Fi cmd=15 seq=975 ack=1 status=0 response=0 ret=0
RADIO Wi-Fi RX type=1 id=15 seq=976 len=10
RADIO Wi-Fi cmd=15 seq=976 ack=1 status=0 response=0 ret=0
RADIO Wi-Fi RX type=1 id=15 seq=977 len=10
RADIO Wi-Fi cmd=15 seq=977 ack=1 status=0 response=0 ret=0
RADIO Wi-Fi RX type=1 id=15 seq=978 len=10
RADIO Wi-Fi cmd=15 seq=978 ack=1 status=0 response=0 ret=0
RADIO Wi-Fi RX type=1 id=15 seq=979 len=10
RADIO Wi-Fi cmd=15 seq=979 ack=1 status=0 response=0 ret=0
RADIO Wi-Fi RX type=1 id=15 seq=980 len=10
RADIO Wi-Fi cmd=15 seq=980 ack=1 status=0 response=0 ret=0
RADIO Wi-Fi RX type=1 id=15 seq=981 len=10
RADIO Wi-Fi cmd=15 seq=981 ack=1 status=0 response=0 ret=0
RADIO Wi-Fi RX type=1 id=15 seq=982 len=10
RADIO Wi-Fi cmd=15 seq=982 ack=1 status=0 response=0 ret=0
RADIO Wi-Fi RX type=1 id=15 seq=983 len=10
RADIO Wi-Fi cmd=15 seq=983 ack=1 status=0 response=0 ret=0
RADIO Wi-Fi RX type=1 id=15 seq=984 len=10
RADIO Wi-Fi cmd=15 seq=984 ack=1 status=0 response=0 ret=0
RADIO Wi-Fi RX type=1 id=15 seq=985 len=10
RADIO Wi-Fi cmd=15 seq=985 ack=1 status=0 response=0 ret=0
RADIO Wi-Fi RX type=1 id=15 seq=986 len=10
RADIO Wi-Fi cmd=15 seq=986 ack=1 status=0 response=0 ret=0
RADIO Wi-Fi RX type=1 id=15 seq=987 len=10
RADIO Wi-Fi cmd=15 seq=987 ack=1 status=0 response=0 ret=0
RADIO Wi-Fi RX type=1 id=15 seq=988 len=10
RADIO Wi-Fi cmd=15 seq=988 ack=1 status=0 response=0 ret=0
RADIO Wi-Fi RX type=1 id=15 seq=989 len=10
RADIO Wi-Fi cmd=15 seq=989 ack=1 status=0 response=0 ret=0
RADIO Wi-Fi RX type=1 id=15 seq=990 len=10
RADIO Wi-Fi cmd=15 seq=990 ack=1 status=0 response=0 ret=0
RADIO Wi-Fi RX type=1 id=15 seq=991 len=10
RADIO Wi-Fi cmd=15 seq=991 ack=1 status=0 response=0 ret=0
RADIO Wi-Fi RX type=1 id=15 seq=992 len=10
RADIO Wi-Fi cmd=15 seq=992 ack=1 status=0 response=0 ret=0
RADIO Wi-Fi RX type=1 id=15 seq=993 len=10
RADIO Wi-Fi cmd=15 seq=993 ack=1 status=0 response=0 ret=0
RADIO Wi-Fi RX type=1 id=15 seq=994 len=10
RADIO Wi-Fi cmd=15 seq=994 ack=1 status=0 response=0 ret=0
RADIO Wi-Fi RX type=1 id=15 seq=995 len=10
RADIO Wi-Fi cmd=15 seq=995 ack=1 status=0 response=0 ret=0
RADIO Wi-Fi RX type=1 id=15 seq=996 len=10
RADIO Wi-Fi cmd=15 seq=996 ack=1 status=0 response=0 ret=0
RADIO Wi-Fi RX type=1 id=15 seq=997 len=10
RADIO Wi-Fi cmd=15 seq=997 ack=1 status=0 response=0 ret=0
RADIO Wi-Fi RX type=1 id=15 seq=998 len=10
RADIO Wi-Fi cmd=15 seq=998 ack=1 status=0 response=0 ret=0
RADIO Wi-Fi RX type=1 id=15 seq=999 len=10
RADIO Wi-Fi cmd=15 seq=999 ack=1 status=0 response=0 ret=0
RADIO Wi-Fi RX type=1 id=15 seq=1000 len=10
RADIO Wi-Fi cmd=15 seq=1000 ack=1 status=0 response=0 ret=0
RADIO Wi-Fi RX type=1 id=15 seq=1001 len=10
RADIO Wi-Fi cmd=15 seq=1001 ack=1 status=0 response=0 ret=0
RADIO Wi-Fi RX type=1 id=15 seq=1002 len=10
RADIO Wi-Fi cmd=15 seq=1002 ack=1 status=0 response=0 ret=0
RADIO Wi-Fi RX type=1 id=15 seq=1003 len=10
RADIO Wi-Fi cmd=15 seq=1003 ack=1 status=0 response=0 ret=0
RADIO Wi-Fi RX type=1 id=15 seq=1004 len=10
RADIO Wi-Fi cmd=15 seq=1004 ack=1 status=0 response=0 ret=0
RADIO Wi-Fi RX type=1 id=15 seq=1005 len=10
RADIO Wi-Fi cmd=15 seq=1005 ack=1 status=0 response=0 ret=0
RADIO Wi-Fi RX type=1 id=15 seq=1006 len=10
RADIO Wi-Fi cmd=15 seq=1006 ack=1 status=0 response=0 ret=0
RADIO Wi-Fi RX type=1 id=15 seq=1007 len=10
RADIO Wi-Fi cmd=15 seq=1007 ack=1 status=0 response=0 ret=0
RADIO Wi-Fi RX type=1 id=15 seq=1008 len=10
RADIO Wi-Fi cmd=15 seq=1008 ack=1 status=0 response=0 ret=0
RADIO Wi-Fi RX type=1 id=15 seq=1009 len=10
RADIO Wi-Fi cmd=15 seq=1009 ack=1 status=0 response=0 ret=0
RADIO Wi-Fi RX type=1 id=15 seq=1010 len=10
RADIO Wi-Fi cmd=15 seq=1010 ack=1 status=0 response=0 ret=0
RADIO Wi-Fi RX type=1 id=15 seq=1011 len=10
RADIO Wi-Fi cmd=15 seq=1011 ack=1 status=0 response=0 ret=0
RADIO Wi-Fi RX type=1 id=15 seq=1012 len=10
RADIO Wi-Fi cmd=15 seq=1012 ack=1 status=0 response=0 ret=0
RADIO Wi-Fi RX type=1 id=15 seq=1013 len=10
RADIO Wi-Fi cmd=15 seq=1013 ack=1 status=0 response=0 ret=0
RADIO Wi-Fi RX type=1 id=15 seq=1014 len=10
RADIO Wi-Fi cmd=15 seq=1014 ack=1 status=0 response=0 ret=0
RADIO Wi-Fi RX type=1 id=15 seq=1015 len=10
RADIO Wi-Fi cmd=15 seq=1015 ack=1 status=0 response=0 ret=0
RADIO Wi-Fi RX type=1 id=15 seq=1016 len=10
RADIO Wi-Fi cmd=15 seq=1016 ack=1 status=0 response=0 ret=0
RADIO Wi-Fi RX type=1 id=15 seq=1017 len=10
RADIO Wi-Fi cmd=15 seq=1017 ack=1 status=0 response=0 ret=0
RADIO Wi-Fi RX type=1 id=15 seq=1018 len=10
RADIO Wi-Fi cmd=15 seq=1018 ack=1 status=0 response=0 ret=0
RADIO Wi-Fi RX type=1 id=15 seq=1019 len=10
RADIO Wi-Fi cmd=15 seq=1019 ack=1 status=0 response=0 ret=0
RADIO Wi-Fi RX type=1 id=15 seq=1020 len=10
RADIO Wi-Fi cmd=15 seq=1020 ack=1 status=0 response=0 ret=0
RADIO Wi-Fi RX type=1 id=15 seq=1021 len=10
RADIO Wi-Fi cmd=15 seq=1021 ack=1 status=0 response=0 ret=0
RADIO Wi-Fi RX type=1 id=15 seq=1022 len=10
RADIO Wi-Fi cmd=15 seq=1022 ack=1 status=0 response=0 ret=0
RADIO Wi-Fi RX type=1 id=15 seq=1023 len=10
RADIO Wi-Fi cmd=15 seq=1023 ack=1 status=0 response=0 ret=0
RADIO Wi-Fi RX type=1 id=15 seq=1024 len=10
RADIO Wi-Fi cmd=15 seq=1024 ack=1 status=0 response=0 ret=0
RADIO Wi-Fi RX type=1 id=15 seq=1025 len=10
RADIO Wi-Fi cmd=15 seq=1025 ack=1 status=0 response=0 ret=0
RADIO Wi-Fi RX type=1 id=15 seq=1026 len=10
RADIO Wi-Fi cmd=15 seq=1026 ack=1 status=0 response=0 ret=0
RADIO Wi-Fi RX type=1 id=15 seq=1027 len=10
RADIO Wi-Fi cmd=15 seq=1027 ack=1 status=0 response=0 ret=0
RADIO Wi-Fi RX type=1 id=15 seq=1028 len=10
RADIO Wi-Fi cmd=15 seq=1028 ack=1 status=0 response=0 ret=0
RADIO Wi-Fi RX type=1 id=15 seq=1029 len=10
RADIO Wi-Fi cmd=15 seq=1029 ack=1 status=0 response=0 ret=0
RADIO Wi-Fi RX type=1 id=15 seq=1030 len=10
RADIO Wi-Fi cmd=15 seq=1030 ack=1 status=0 response=0 ret=0
RADIO Wi-Fi RX type=1 id=15 seq=1031 len=10
RADIO Wi-Fi cmd=15 seq=1031 ack=1 status=0 response=0 ret=0
RADIO Wi-Fi RX type=1 id=15 seq=1032 len=10
RADIO Wi-Fi cmd=15 seq=1032 ack=1 status=0 response=0 ret=0
RADIO Wi-Fi RX type=1 id=15 seq=1033 len=10
RADIO Wi-Fi cmd=15 seq=1033 ack=1 status=0 response=0 ret=0
RADIO Wi-Fi RX type=1 id=15 seq=1034 len=10
RADIO Wi-Fi cmd=15 seq=1034 ack=1 status=0 response=0 ret=0
RADIO Wi-Fi RX type=1 id=15 seq=1035 len=10
RADIO Wi-Fi cmd=15 seq=1035 ack=1 status=0 response=0 ret=0
RADIO Wi-Fi RX type=1 id=15 seq=1036 len=10
RADIO Wi-Fi cmd=15 seq=1036 ack=1 status=0 response=0 ret=0
RADIO Wi-Fi RX type=1 id=15 seq=1037 len=10
RADIO Wi-Fi cmd=15 seq=1037 ack=1 status=0 response=0 ret=0
RADIO Wi-Fi RX type=1 id=15 seq=1038 len=10
RADIO Wi-Fi cmd=15 seq=1038 ack=1 status=0 response=0 ret=0
RADIO Wi-Fi RX type=1 id=15 seq=1039 len=10
RADIO Wi-Fi cmd=15 seq=1039 ack=1 status=0 response=0 ret=0
RADIO Wi-Fi RX type=1 id=15 seq=1040 len=10
RADIO Wi-Fi cmd=15 seq=1040 ack=1 status=0 response=0 ret=0
RADIO Wi-Fi RX type=1 id=15 seq=1041 len=10
RADIO Wi-Fi cmd=15 seq=1041 ack=1 status=0 response=0 ret=0
RADIO Wi-Fi RX type=1 id=15 seq=1042 len=10
RADIO Wi-Fi cmd=15 seq=1042 ack=1 status=0 response=0 ret=0
RADIO Wi-Fi RX type=1 id=15 seq=1043 len=10
RADIO Wi-Fi cmd=15 seq=1043 ack=1 status=0 response=0 ret=0
RADIO Wi-Fi RX type=1 id=15 seq=1044 len=10
RADIO Wi-Fi cmd=15 seq=1044 ack=1 status=0 response=0 ret=0
RADIO Wi-Fi RX type=1 id=15 seq=1045 len=10
RADIO Wi-Fi cmd=15 seq=1045 ack=1 status=0 response=0 ret=0
RADIO Wi-Fi RX type=1 id=15 seq=1046 len=10
RADIO Wi-Fi cmd=15 seq=1046 ack=1 status=0 response=0 ret=0
RADIO Wi-Fi RX type=1 id=15 seq=1047 len=10
RADIO Wi-Fi cmd=15 seq=1047 ack=1 status=0 response=0 ret=0
RADIO Wi-Fi RX type=1 id=15 seq=1048 len=10
RADIO Wi-Fi cmd=15 seq=1048 ack=1 status=0 response=0 ret=0
RADIO Wi-Fi RX type=1 id=15 seq=1049 len=10
RADIO Wi-Fi cmd=15 seq=1049 ack=1 status=0 response=0 ret=0
RADIO Wi-Fi RX type=1 id=15 seq=1050 len=10
RADIO Wi-Fi cmd=15 seq=1050 ack=1 status=0 response=0 ret=0
RADIO Wi-Fi RX type=1 id=15 seq=1051 len=10
RADIO Wi-Fi cmd=15 seq=1051 ack=1 status=0 response=0 ret=0
RADIO Wi-Fi RX type=1 id=15 seq=1052 len=10
RADIO Wi-Fi cmd=15 seq=1052 ack=1 status=0 response=0 ret=0
RADIO Wi-Fi RX type=1 id=15 seq=1053 len=10
RADIO Wi-Fi cmd=15 seq=1053 ack=1 status=0 response=0 ret=0
RADIO Wi-Fi RX type=1 id=15 seq=1054 len=10
RADIO Wi-Fi cmd=15 seq=1054 ack=1 status=0 response=0 ret=0
RADIO Wi-Fi RX type=1 id=15 seq=1055 len=10
RADIO Wi-Fi cmd=15 seq=1055 ack=1 status=0 response=0 ret=0
RADIO Wi-Fi RX type=1 id=15 seq=1056 len=10
RADIO Wi-Fi cmd=15 seq=1056 ack=1 status=0 response=0 ret=0
RADIO Wi-Fi RX type=1 id=15 seq=1057 len=10
RADIO Wi-Fi cmd=15 seq=1057 ack=1 status=0 response=0 ret=0
RADIO Wi-Fi RX type=1 id=15 seq=1058 len=10
RADIO Wi-Fi cmd=15 seq=1058 ack=1 status=0 response=0 ret=0
RADIO Wi-Fi RX type=1 id=15 seq=1059 len=10
RADIO Wi-Fi cmd=15 seq=1059 ack=1 status=0 response=0 ret=0
RADIO Wi-Fi RX type=1 id=15 seq=1060 len=10
RADIO Wi-Fi cmd=15 seq=1060 ack=1 status=0 response=0 ret=0
RADIO Wi-Fi RX type=1 id=15 seq=1061 len=10
RADIO Wi-Fi cmd=15 seq=1061 ack=1 status=0 response=0 ret=0
RADIO Wi-Fi RX type=1 id=15 seq=1062 len=10
RADIO Wi-Fi cmd=15 seq=1062 ack=1 status=0 response=0 ret=0
RADIO Wi-Fi RX type=1 id=15 seq=1063 len=10
RADIO Wi-Fi cmd=15 seq=1063 ack=1 status=0 response=0 ret=0
RADIO Wi-Fi RX type=1 id=15 seq=1064 len=10
RADIO Wi-Fi cmd=15 seq=1064 ack=1 status=0 response=0 ret=0
RADIO Wi-Fi RX type=1 id=15 seq=1065 len=10
RADIO Wi-Fi cmd=15 seq=1065 ack=1 status=0 response=0 ret=0
RADIO Wi-Fi RX type=1 id=15 seq=1066 len=10
RADIO Wi-Fi cmd=15 seq=1066 ack=1 status=0 response=0 ret=0
RADIO Wi-Fi RX type=1 id=15 seq=1067 len=10
RADIO Wi-Fi cmd=15 seq=1067 ack=1 status=0 response=0 ret=0
RADIO Wi-Fi RX type=1 id=15 seq=1068 len=10
RADIO Wi-Fi cmd=15 seq=1068 ack=1 status=0 response=0 ret=0
RADIO Wi-Fi RX type=1 id=15 seq=1069 len=10
RADIO Wi-Fi cmd=15 seq=1069 ack=1 status=0 response=0 ret=0
RADIO Wi-Fi RX type=1 id=15 seq=1070 len=10
RADIO Wi-Fi cmd=15 seq=1070 ack=1 status=0 response=0 ret=0
RADIO Wi-Fi RX type=1 id=15 seq=1071 len=10
RADIO Wi-Fi cmd=15 seq=1071 ack=1 status=0 response=0 ret=0
RADIO Wi-Fi RX type=1 id=15 seq=1072 len=10
RADIO Wi-Fi cmd=15 seq=1072 ack=1 status=0 response=0 ret=0
RADIO Wi-Fi RX type=1 id=15 seq=1073 len=10
RADIO Wi-Fi cmd=15 seq=1073 ack=1 status=0 response=0 ret=0
RADIO Wi-Fi RX type=1 id=15 seq=1074 len=10
RADIO Wi-Fi cmd=15 seq=1074 ack=1 status=0 response=0 ret=0
RADIO Wi-Fi RX type=1 id=15 seq=1075 len=10
RADIO Wi-Fi cmd=15 seq=1075 ack=1 status=0 response=0 ret=0
RADIO Wi-Fi RX type=1 id=15 seq=1076 len=10
RADIO Wi-Fi cmd=15 seq=1076 ack=1 status=0 response=0 ret=0
RADIO Wi-Fi RX type=1 id=15 seq=1077 len=10
RADIO Wi-Fi cmd=15 seq=1077 ack=1 status=0 response=0 ret=0
RADIO Wi-Fi RX type=1 id=15 seq=1078 len=10
RADIO Wi-Fi cmd=15 seq=1078 ack=1 status=0 response=0 ret=0
RADIO Wi-Fi RX type=1 id=15 seq=1079 len=10
RADIO Wi-Fi cmd=15 seq=1079 ack=1 status=0 response=0 ret=0
RADIO Wi-Fi RX type=1 id=15 seq=1080 len=10
RADIO Wi-Fi cmd=15 seq=1080 ack=1 status=0 response=0 ret=0
RADIO Wi-Fi RX type=1 id=15 seq=1081 len=10
RADIO Wi-Fi cmd=15 seq=1081 ack=1 status=0 response=0 ret=0
RADIO Wi-Fi RX type=1 id=15 seq=1082 len=10
RADIO Wi-Fi cmd=15 seq=1082 ack=1 status=0 response=0 ret=0
RADIO Wi-Fi RX type=1 id=15 seq=1083 len=10
RADIO Wi-Fi cmd=15 seq=1083 ack=1 status=0 response=0 ret=0
RADIO Wi-Fi RX type=1 id=15 seq=1084 len=10
RADIO Wi-Fi cmd=15 seq=1084 ack=1 status=0 response=0 ret=0
RADIO Wi-Fi RX type=1 id=15 seq=1085 len=10
RADIO Wi-Fi cmd=15 seq=1085 ack=1 status=0 response=0 ret=0
RADIO Wi-Fi RX type=1 id=15 seq=1086 len=10
RADIO Wi-Fi cmd=15 seq=1086 ack=1 status=0 response=0 ret=0
RADIO Wi-Fi RX type=1 id=15 seq=1087 len=10
RADIO Wi-Fi cmd=15 seq=1087 ack=1 status=0 response=0 ret=0
RADIO Wi-Fi RX type=1 id=15 seq=1088 len=10
RADIO Wi-Fi cmd=15 seq=1088 ack=1 status=0 response=0 ret=0
RADIO Wi-Fi RX type=1 id=15 seq=1089 len=10
RADIO Wi-Fi cmd=15 seq=1089 ack=1 status=0 response=0 ret=0
RADIO Wi-Fi RX type=1 id=15 seq=1090 len=10
RADIO Wi-Fi cmd=15 seq=1090 ack=1 status=0 response=0 ret=0
RADIO Wi-Fi RX type=1 id=15 seq=1091 len=10
RADIO Wi-Fi cmd=15 seq=1091 ack=1 status=0 response=0 ret=0
RADIO Wi-Fi RX type=1 id=15 seq=1092 len=10
RADIO Wi-Fi cmd=15 seq=1092 ack=1 status=0 response=0 ret=0
RADIO Wi-Fi RX type=1 id=15 seq=1093 len=10
RADIO Wi-Fi cmd=15 seq=1093 ack=1 status=0 response=0 ret=0
RADIO Wi-Fi RX type=1 id=15 seq=1094 len=10
RADIO Wi-Fi cmd=15 seq=1094 ack=1 status=0 response=0 ret=0
RADIO Wi-Fi RX type=1 id=15 seq=1095 len=10
RADIO Wi-Fi cmd=15 seq=1095 ack=1 status=0 response=0 ret=0
RADIO Wi-Fi RX type=1 id=15 seq=1096 len=10
RADIO Wi-Fi cmd=15 seq=1096 ack=1 status=0 response=0 ret=0
RADIO Wi-Fi RX type=1 id=15 seq=1097 len=10
RADIO Wi-Fi cmd=15 seq=1097 ack=1 status=0 response=0 ret=0
RADIO Wi-Fi RX type=1 id=15 seq=1098 len=10
RADIO Wi-Fi cmd=15 seq=1098 ack=1 status=0 response=0 ret=0
RADIO Wi-Fi RX type=1 id=15 seq=1099 len=10
RADIO Wi-Fi cmd=15 seq=1099 ack=1 status=0 response=0 ret=0
RADIO Wi-Fi RX type=1 id=15 seq=1100 len=10
RADIO Wi-Fi cmd=15 seq=1100 ack=1 status=0 response=0 ret=0
RADIO Wi-Fi RX type=1 id=15 seq=1101 len=10
RADIO Wi-Fi cmd=15 seq=1101 ack=1 status=0 response=0 ret=0
RADIO Wi-Fi RX type=1 id=15 seq=1102 len=10
RADIO Wi-Fi cmd=15 seq=1102 ack=1 status=0 response=0 ret=0
RADIO Wi-Fi RX type=1 id=15 seq=1103 len=10
RADIO Wi-Fi cmd=15 seq=1103 ack=1 status=0 response=0 ret=0
RADIO Wi-Fi RX type=1 id=15 seq=1104 len=10
RADIO Wi-Fi cmd=15 seq=1104 ack=1 status=0 response=0 ret=0
RADIO Wi-Fi RX type=1 id=15 seq=1105 len=10
RADIO Wi-Fi cmd=15 seq=1105 ack=1 status=0 response=0 ret=0
RADIO Wi-Fi RX type=1 id=15 seq=1106 len=10
RADIO Wi-Fi cmd=15 seq=1106 ack=1 status=0 response=0 ret=0
RADIO Wi-Fi RX type=1 id=15 seq=1107 len=10
RADIO Wi-Fi cmd=15 seq=1107 ack=1 status=0 response=0 ret=0
RADIO Wi-Fi RX type=1 id=15 seq=1108 len=10
RADIO Wi-Fi cmd=15 seq=1108 ack=1 status=0 response=0 ret=0
RADIO Wi-Fi RX type=1 id=15 seq=1109 len=10
RADIO Wi-Fi cmd=15 seq=1109 ack=1 status=0 response=0 ret=0
RADIO Wi-Fi RX type=1 id=15 seq=1110 len=10
RADIO Wi-Fi cmd=15 seq=1110 ack=1 status=0 response=0 ret=0
RADIO Wi-Fi RX type=1 id=15 seq=1111 len=10
RADIO Wi-Fi cmd=15 seq=1111 ack=1 status=0 response=0 ret=0
RADIO Wi-Fi RX type=1 id=15 seq=1112 len=10
RADIO Wi-Fi cmd=15 seq=1112 ack=1 status=0 response=0 ret=0
RADIO Wi-Fi RX type=1 id=15 seq=1113 len=10
RADIO Wi-Fi cmd=15 seq=1113 ack=1 status=0 response=0 ret=0
RADIO Wi-Fi RX type=1 id=15 seq=1114 len=10
RADIO Wi-Fi cmd=15 seq=1114 ack=1 status=0 response=0 ret=0
RADIO Wi-Fi RX type=1 id=15 seq=1115 len=10
RADIO Wi-Fi cmd=15 seq=1115 ack=1 status=0 response=0 ret=0
RADIO Wi-Fi RX type=1 id=15 seq=1116 len=10
RADIO Wi-Fi cmd=15 seq=1116 ack=1 status=0 response=0 ret=0
SOUND experiment clear=0 reset=0 clockwait20=0
SOUND slot_mask offset=3c value=00000000
SOUND slot_mask offset=40 value=00000000
SOUND slot_mask offset=44 value=00000000
SOUND slot_mask offset=48 value=00000000
SOUND slot_mask offset=4c value=00000000
SOUND slot_mask offset=50 value=00000000
SOUND slot_mask offset=54 value=00000000
SOUND slot_mask offset=58 value=00000000
SOUND pio=0 frames=48000 polls=2291446 stop=0 held=0 max_fifo=4
SOUND grouped words=768000 mismatches=0
SOUND fifo first=00000000 last=00000000 TXCR=00400fff RXCR=00700fff FSCR=0101f03f CKR=46631461734 end=46634461788 started=1 count=32
SOUND trace_initD trace_init index=2 value=00700fff rc=0
SOUND trace_init index=3 value=000000e4 rc=0
SOUND trace_init index=4 value=00000000 rc=0
RADIO Wi-Fi RX type=1 id=15 seq=1117 len=10
SOUND trace_init index=5 value=0000000b rc=0
RADIO Wi-Fi cmd=15 seq=1117 ack=1 status=0 response=0 ret=0
SOfore=00041041 word=ffffffff after=00041040 rc=0,0,0
SOUND trace_word index=1 us=46631461816 before=00041040 word=00000000 after=00041040 rc=0,0,0
SOUND trace_word index=2 us=46631461817 before=00041040 word=ffffffff after=00041000 rc=0,0,0
SOUND trace_word index=3 us=46631461819 before=00041000 word=00000000 after=00041000 rc=0,0,0
SOUND trace_word index=4 us=46631461820 before=00041000 word=ffffffff after=00040000 rc=0,0,0
SOUND trace_word index=5 us=46631461822 before=00040000 word=00000000 after=00040000 rc=0,0,0
SOUND trace_word index=6 us=46631461824 before=00040000 word=ffffffff after=00000000 rc=0,0,0
SOUND trace_word index=7 us=46631461826 before=00000000 word=00000000 after=00000000 rc=0,0,0
SOUND trace_word index=8 us=46631461846 before=00041041 word=ffffffff after=00041040 rc=0,0,0
SOUND trace_word index=9 us=46631461847 before=00041040 word=00000000 after=00041040 rc=0,0,0
SOUND trace_word index=10 us=46631461849 before=00041040 word=ffffffff after=00041000 rc=0,0,0
SOUND trace_word index=11 us=46631461851 before=00041000 word=00000000 after=00041000 rc=0,0,0
SOUND trace_word index=12 us=46631461852 before=00041000 word=ffffffff after=00040000 rc=0,0,0
SOUND trace_word index=13 us=46631461854 before=00040000 word=00000000 after=00040000 rc=0,0,0
SOUND trace_word index=14 us=46631461855 before=00040000 word=ffffffff after=0000000 us=46631461857 before=00000000 word=00000000 after=00000000 rc=0,0,0
SOUND trace_word index=1641 word=ffffffff after=00041040 rc=0,0,0
SOUND trace_word indexX type=1 id=15 seq=1118 len=10
SOUND trace_word index=18 us=466i cmd=15 seq=1118 ack=1 status=0 response=0 ret=0
ffffff after=00041000 rc=0,0,0
SOUND trace_word index=19 us=46631461881 before=00041000 word=00000000 after=00041000 rc=0,0,0
SOUND trace_w00 word=ffffffff after=00040000 rc=0,0,0
SOUND trace_word index=21 us=46631461884 before=00040000 word=00000000 after=00040000 rc=0,0,0
SOUND trace_word index=22 us=46631461886 before=00040000 word=ffffffff after=00000000 rc=0,0,0
SOUND trace_word index=23 us=46631461888 before=00000000 word=00000000 after=00000000 rc=0,0,0
SOUND trace_word index=24 us=46631461907 before=00041041 word=ffffffff after=00041040 rc=0,0,0
SOUND trace_word index=25 us=46631461909 before=00041040 word=00000000 after=00041040 rc=0,0,0
SOUND trace_word index=26 us=46631461910 before=00041040 word=ffffffff after=00041000 rc=0,0,0
SOUND trace_word index=27 us=46631461912 before=00041000 word=00000000 after=00041000 1461914 before=00041000 word=ffffffff after=00040000 rc=0,0,0
Sus=46631461915 before=00040000 word=00000000 after=00040000 rc=0 word=ffffffff after=00000000 rc=0,0,0
SOUND trace_word index=3UND codec reg=00 value=36
SOUND codec reg=01 value=60
SOUND codec reg=02 value=00
SOUND codec reg=03 value=00
SOUND codec reg=04 value=0c
SOUND codec reg=05 value=00
SOUND codec reg=06 value=00
SOUND codec reg=07 value=7c
SOUND codec reg=08 value=00
SOUND codec reg=09 value=88
SOUND codec reg=0a value=f0
SOUND codec reg=0b value=82
SOUND codec reg=0c value=10
SOUND codec reg=0d value=02
SOUND codec reg=0f value=20
SOUND codec reg=17 value=20
SOUND codec reg=18 value=02
SOUND codec reg=19 value=06
SOUND codec reg=1a value=30
SOUND codec reg=1b value=30
SOUND codec reg=27 value=b8
SOUND codec reg=2a value=b8
SOUND codec reg=2b value=80
SOUND codec reg=30 value=14
SOUND codec reg=31 value=14
SOUND input pull=00005515 schmitt=000000ff path=000000e4 gpio_high=50201 transitions=0 samples=50201
SOUND pad ticks=480011 max_gap=14 counter_hz=24000000 complete=1
SOUND pad channel=0 high=24730 changes=36962
SOUND pad channel=1 hig
SOUND pcm left_min=-39309824 left_max=41129984 left_nonzero=48SOUND result=0 codec_stop=0 platform_restore=0 i2c_restore=0 amp_low=1
RADIO Wi-Fi RX type=1 id=15 seq=1119 len=10
RADIO Wi-Fi cmd=15 seq=1119 ack=1 status=0 response=0 ret=0
K7CLOUD asr result=0 frames_sent=150 completed=1
nsh> [KRADIO Wi-Fi RX type=1 id=15 seq=1120 len=10
RADIO Wi-Fi cmd=15 seq=1120 ack=1 status=0 response=0 ret=0
RADIO Wi-Fi RX type=1 id=15 seq=1121 len=10
RADIO Wi-Fi cmd=15 seq=1121 ack=1 status=0 response=0 ret=0
RADIO Wi-Fi RX type=1 id=15 seq=1122 len=10
RADIO Wi-Fi cmd=15 seq=1122 ack=1 status=0 response=0 ret=0

ECHO_TIMING {"command": "asr-live", "command_ms": 5235, "elapsed_ms": 5235, "passed": true}
k7cloud tts-test 10.3.1.125
RADIO Wi-Fi RX type=1 id=15 seq=1123 len=10
RADIO Wi-Fi cmd=15 seq=1123 ack=1 status=0 response=0 ret=0
RADIO Wi-Fi RX type=1 id=15 seq=1124 len=10
RADIO Wi-Fi cmd=15 seq=1124 ack=1 status=0 response=0 ret=0
RADIO Wi-Fi RX type=1 id=15 seq=1125 len=10
RADIO Wi-Fi cmd=15 seq=1125 ack=1 status=0 response=0 ret=0
K7CLOUD tts result=-22 pcm_bytes=21
nsh> [KRADIO Wi-Fi RX type=1 id=15 seq=1126 len=10
RADIO Wi-Fi cmd=15 seq=1126 ack=1 status=0 response=0 ret=0
RADIO Wi-Fi RX type=1 id=15 seq=1127 len=10
RADIO Wi-Fi cmd=15 seq=1127 ack=1 status=0 response
ECHO_TIMING {"command": "tts-test", "command_ms": 182, "elapsed_ms": 5418, "passed": false}
