k7cloud asr-live 10.3.1.125
RADIO Wi-Fi RX type=1 id=15 seq=862 len=10
RADIO Wi-Fi cmd=15 seq=862 ack=1 status=0 response=0 ret=0
RADIO Wi-Fi RX type=1 id=15 seq=863 len=10
RADIO Wi-Fi cmd=15 seq=863 ack=1 status=0 response=0 ret=0
RADIO Wi-Fi RX type=1 id=15 seq=864 len=10
RADIO Wi-Fi cmd=15 seq=864 ack=1 status=0 response=0 ret=0
AUDIO_IO reset12=00000000 gate11=00000000 gate12=00000000 gate18=00000000 mux=00000000 source=00000000
AUDIO_IO con=00060300 iem_result=0 version=23073576 repair=fdffffff ack=00000001 idle=00X type=1 id=15 seq=865 len=10
RADIO Wi-Fi cmd=15 seq=865 ack=1 SOUND codec_prepare=0 state=2
SOUND adc_variant=24 settle_ms=1000
SOUND playback_gain_db=0 dac_attenuation_db=24 maximum=0
RADIO Wi-Fi RX type=1 id=15 seq=866 len=10
RADIO Wi-Fi cmd=15 seq=866 ack=1 status=0 response=0 ret=0
RADIO Wi-Fi RX type=1 id=15 seq=867 len=10
RADIO Wi-Fi cmd=15 seq=867 ack=1 status=0 response=0 ret=0
RADIO Wi-Fi RX type=1 id=15 seq=868 len=10
RADIO Wi-Fi cmd=15 seq=868 ack=1 status=0 response=0 ret=0
RADIO Wi-Fi RX type=1 id=15 seq=869 len=10
RADIO Wi-Fi cmd=15 seq=869 ack=1 status=0 response=0 ret=0
RADIO Wi-Fi RX type=1 id=15 seq=870 len=10
RADIO Wi-Fi cmd=15 seq=870 ack=1 status=0 response=0 ret=0
RADIO Wi-Fi RX type=1 id=15 seq=871 len=10
RADIO Wi-Fi cmd=15 seq=871 ack=1 status=0 response=0 ret=0
RADIO Wi-Fi RX type=1 id=15 seq=872 len=10
RADIO Wi-Fi cmd=15 seq=872 ack=1 status=0 response=0 ret=0
RADIO Wi-Fi RX type=1 id=15 seq=873 len=10
RADIO Wi-Fi cmd=15 seq=873 ack=1 status=0 response=0 ret=0
RADIO Wi-Fi RX type=1 id=15 seq=874 len=10
RADIO Wi-Fi cmd=15 seq=874 ack=1 status=0 response=0 ret=0
RADIO Wi-Fi RX type=1 id=15 seq=875 len=10
RADIO Wi-Fi cmd=15 seq=875 ack=1 status=0 response=0 ret=0
RADIO Wi-Fi RX type=1 id=15 seq=876 len=10
RADIO Wi-Fi cmd=15 seq=876 ack=1 status=0 response=0 ret=0
RADIO Wi-Fi RX type=1 id=15 seq=877 len=10
RADIO Wi-Fi cmd=15 seq=877 ack=1 status=0 response=0 ret=0
RADIO Wi-Fi RX type=1 id=15 seq=878 len=10
RADIO Wi-Fi cmd=15 seq=878 ack=1 status=0 response=0 ret=0
RADIO Wi-Fi RX type=1 id=15 seq=879 len=10
RADIO Wi-Fi cmd=15 seq=879 ack=1 status=0 response=0 ret=0
RADIO Wi-Fi RX type=1 id=15 seq=880 len=10
RADIO Wi-Fi cmd=15 seq=880 ack=1 status=0 response=0 ret=0
RADIO Wi-Fi RX type=1 id=15 seq=881 len=10
RADIO Wi-Fi cmd=15 seq=881 ack=1 status=0 response=0 ret=0
SOUND experiment clear=0 reset=0 clockwait20=0
SOUND slot_mask offset=3c value=00000000
SOUND slot_mask offset=40 value=00000000
SOUND slot_mask offset=44 vaUND slot_mask offset=4c value=00000000
SOUND slot_mask offset=5999 polls=763911 stop=0 held=0 max_fifo=4
SOUND grouped words=2atches=0
SOUND fifo first=00000000 last=00041041 TXCR=00400fff 700fff FSCR=0101f03f CKR=00000018
SOUND trace start=46595257732 end=46596257787 started=1 count=32
SOUND trace_init index=0 value=00000000 rc=0
SOUND trace_init index=1 value=00000002 rc=0
SOUND trace_init index=2 value=00700fff rc=0
SOUND trace_init index=3 value=000000e4 rc=0
SOUND trace_init index=4 value=0000x=5 value=0000000b rc=0
SOUND trace_word index=0 us=465952578140
SOUND trace_word index=1 us=46595257816 before=00041040 word=fff after=00041000 rc=0,0,0
SOUND trace_word index=3 us=4659525000 after=00041000 rc=0,0,0
SOUND trace_word index=4 us=46595257821 before=00041000 word=ffffffff after=00040000 rc=0,0,0
SOUND trace_word index=5 us=46595257823 before=00040000 word=0000000 before=00040000 word=ffffffff after=00000000 rc=0,0,0
SOUND tr=ffffffff after=00041040 rc=0,0,0
SOUND trace_word index=9 us=46595257847 before=00041040 word=00000000 after=00041040 rc=0,0,0
SOUND trace_word index=10 us=46595257849 before=00041040 word=ffffffff after=00041000 rc=0,0,0
SOUND trace_word index=11 us=46595257851 before=00041000 word=00000000 after=00041000 rc=0,0,0
SOUND trace_word index=12 us=46595257852 before=00041000 word=ffffffff after=00040000 rc=0,0,0
SOUND trace_word index=13 us=46595257854 before=00040000 word=00000000 after=00040000 rc=0,0,0
SOUND trace_word index=14 us=46595257855 before=00040000 word=ffffffff after=00000000 rc=0,0,0
SOUND trace_word index=15 us=46595257857 before=00000000 word=00000000 after=00000000 rc=0,0,0
SOUND trace_word index=16 us=46595257876 before=00041041 word=ffffffff after=00041040 rc=0,0,0
SOUND trace_word index=17 us=46595257878 before=00041040 word=00000000 after=00041040 rc=0,0,0
SOUND trace_word index=18 us=46595257879 before=00041040 word=ffffffff after=00041000 rc=0,0,0
SOUND trace_word index=19 us=46595257881 before=00041000 word=00000000 after=00041000 rc=0,0,0
SOUND trace_word index=20 us=46595257883 before=00041000 word=0040000 rc=0,0,0
SOUND trace_word index=22 us=46595257886 beford index=23 us=46595257888 before=00000000 word=00000000 after=00000000 rc=0,0,0
SOUND trace_word index=24 us=46595257907 before=00041041 word=ffffffff after=00041040 rc=0,0,0
SOUND trace_word index=25 us=46595257909 beforeD trace_word index=26 us=46595257911 before=00041040 word=fffffface_word index=27 us=46595257912 before=00041000 word=00000000 aOUND trace_word index=29 us=46595257916 before=00040000 word=000_word index=30 us=46595257917 before=00040000 word=ffffffff after=00000000 rc=0,0,0
SOUND trace_word index=31 us=46595257919 before=00000000 word=00000000 after=00000000 rc=0,0,0
SOUND codec reg=00 value=36
SOUND codec reg=01 value=60
SOUND codec reg=02 value=00
SOUND codec reg=03 value=00
SOUND codec reg=04 value=0c
SOUND codec reg=05 value=00
SOUND codec reg=06 value=00
SOUND codec reg=07 value=7c
SOUND codec reg=08 value=00
SOUND codec reg=09 value=88
SOUND codec reg=0a value=f0
SOUND codec reg=0b value=82
SOUND codec reg=0c value=10
SOUND codec reg=0d value=02
SOUND codec reg=0f value=20
SOUND codec reg=17 value=20
SOUND codec reg=18 value=02
SOUND codec reg=19 value=06
SOUND codec reg=1a value=30
SOUND codec reg=1b value=30
SOUND codec reg=27 value=b8
SOUND codec reg=2a value=b8
SOUND codec reg=2b value=80
SOUND codec reg=30 value=14
SOUND codec reg=31 value=14
SOUND input pull=00005515 schmitt=000000ff path=000000e4 gpio_high=50190 transitions=0 samples=50190
SOUND pad ticks=480004 max_gap=14 counter_hz=24000000 complete=1
SOUND pad channel=0 high=24624 changes=36919
SOUND pad channel=1 high=25103 cSOUND pad channel=3 high=50190 changes=0
SOUND pcm left_min=-20784384 left_max=22425344 left_noght_max=20091392 right_nonzero=15999
SOUND result=-28 codec_stop=0 platform_restore=0 i2c_restore=0 amp_low=1
RADIO Wi-Fi RX type=1 id=15 seq=882 len=10
RADIO Wi-Fi cmd=15 seq=882 ack=1 status=0 response=0 ret=0
RADIO Wi-Fi RX type=1 id=15 seq=883 len=10
RADIO Wi-Fi cmd=15 seq=883 ack=1 status=0 response=0 ret=0
RADIO Wi-Fi RX type=1 id=15 seq=884 len=10
RADIO Wi-Fi cmd=15 seq=884 ack=1 status=0 response=0 ret=0
RADIO Wi-Fi RX type=1 id=15 seq=885 len=10
RADIO Wi-Fi cmd=15 seq=885 ack=1 status=0 response=0 ret=0
RADIO Wi-Fi RX type=1 id=15 seq=886 len=10
RADIO Wi-Fi cmd=15 seq=886 ack=1 status=0 response=0 ret=0
RADIO Wi-Fi RX type=1 id=15 seq=887 len=10
RADIO Wi-Fi cmd=15 seq=887 ack=1 status=0 response=0 ret=0
RADIO Wi-Fi RX type=1 id=15 seq=888 len=10
RADIO Wi-Fi cmd=15 seq=888 ack=1 status=0 response=0 ret=0
RADIO Wi-Fi RX type=1 id=15 seq=889 len=10
RADIO Wi-Fi cmd=15 seq=889 ack=1 status=0 response=0 ret=0
RADIO Wi-Fi RX type=1 id=15 seq=890 len=10
RADIO Wi-Fi cmd=15 seq=890 ack=1 status=0 response=0 ret=0
RADIO Wi-Fi RX type=1 id=15 seq=891 len=10
RADIO Wi-Fi cmd=15 seq=891 ack=1 status=0 response=0 ret=0
RADIO Wi-Fi RX type=1 id=15 seq=892 len=10
RADIO Wi-Fi cmd=15 seq=892 ack=1 status=0 response=0 ret=0
RADIO Wi-Fi RX type=1 id=15 seq=893 len=10
RADIO Wi-Fi cmd=15 seq=893 ack=1 status=0 response=0 ret=0
RADIO Wi-Fi RX type=1 id=15 seq=894 len=10
RADIO Wi-Fi cmd=15 seq=894 ack=1 status=0 response=0 ret=0
RADIO Wi-Fi RX type=1 id=15 seq=895 len=10
RADIO Wi-Fi cmd=15 seq=895 ack=1 status=0 response=0 ret=0
RADIO Wi-Fi RX type=1 id=15 seq=896 len=10
RADIO Wi-Fi cmd=15 seq=896 ack=1 status=0 response=0 ret=0
RADIO Wi-Fi RX type=1 id=15 seq=897 len=10
RADIO Wi-Fi cmd=15 seq=897 ack=1 status=0 response=0 ret=0
RADIO Wi-Fi RX type=1 id=15 seq=898 len=10
RADIO Wi-Fi cmd=15 seq=898 ack=1 status=0 response=0 ret=0
RADIO Wi-Fi RX type=1 id=15 seq=899 len=10
RADIO Wi-Fi cmd=15 seq=899 ack=1 status=0 response=0 ret=0
RADIO Wi-Fi RX type=1 id=15 seq=900 len=10
RADIO Wi-Fi cmd=15 seq=900 ack=1 status=0 response=0 ret=0
K7CLOUD asr result=-5 frames_sent=17 completed=0
nsh> [K
ECHO_TIMING {"command": "asr-live", "command_ms": 17851, "elapsed_ms": 17851, "passed": false}
