k7cloud asr-live 10.3.1.125
RADIO Wi-Fi RX type=1 id=15 seq=1619 len=10
RADIO Wi-Fi cmd=15 seq=1619 ack=1 status=0 response=0 ret=0
RADIO Wi-Fi RX type=1 id=15 seq=1620 len=10
RADIO Wi-Fi cmd=15 seq=1620 ack=1 status=0 response=0 ret=0
RADIO Wi-Fi RX type=1 id=15 seq=1621 len=10
RADIO Wi-Fi cmd=15 seq=1621 ack=1 status=0 response=0 ret=0
RADIO Wi-Fi RX type=1 id=15 seq=1622 len=10
RADIO Wi-Fi cmd=15 seq=1622 ack=1 status=0 response=0 ret=0
AUDIO_IO reset12=00000000 gate11=00000000 gate12=00000000 gate18=00000000 mux=00000000 source=00000000
AUDIO_IO con=00060300 ie00000001 idle=00000001
SOUND mclkout before=0000001f after=0000SOUND codec_prepare=0 state=2
SOUND adc_variant=24 settle_ms=1000
SOUND playback_gain_db=0 dac_attenuation_db=24 maximum=0
RADIO Wi-Fi RX type=1 id=15 seq=1624 len=10
RADIO Wi-Fi cmd=15 seq=1624 ack=1 status=0 response=0 ret=0
RADIO Wi-Fi RX type=1 id=15 seq=1625 len=10
RADIO Wi-Fi cmd=15 seq=1625 ack=1 status=0 response=0 ret=0
RADIO Wi-Fi RX type=1 id=15 seq=1626 len=10
RADIO Wi-Fi cmd=15 seq=1626 ack=1 status=0 response=0 ret=0
RADIO Wi-Fi RX type=1 id=15 seq=1627 len=10
RADIO Wi-Fi cmd=15 seq=1627 ack=1 status=0 response=0 ret=0
RADIO Wi-Fi RX type=1 id=15 seq=1628 len=10
RADIO Wi-Fi cmd=15 seq=1628 ack=1 status=0 response=0 ret=0
RADIO Wi-Fi RX type=1 id=15 seq=1629 len=10
RADIO Wi-Fi cmd=15 seq=1629 ack=1 status=0 response=0 ret=0
RADIO Wi-Fi RX type=1 id=15 seq=1630 len=10
RADIO Wi-Fi cmd=15 seq=1630 ack=1 status=0 response=0 ret=0
RADIO Wi-Fi RX type=1 id=15 seq=1631 len=10
RADIO Wi-Fi cmd=15 seq=1631 ack=1 status=0 response=0 ret=0
RADIO Wi-Fi RX type=1 id=15 seq=1632 len=10
RADIO Wi-Fi cmd=15 seq=1632 ack=1 status=0 response=0 ret=0
RADIO Wi-Fi RX type=1 id=15 seq=1633 len=10
RADIO Wi-Fi cmd=15 seq=1633 ack=1 status=0 response=0 ret=0
RADIO Wi-Fi RX type=1 id=15 seq=1634 len=10
RADIO Wi-Fi cmd=15 seq=1634 ack=1 status=0 response=0 ret=0
RADIO Wi-Fi RX type=1 id=15 seq=1635 len=10
RADIO Wi-Fi cmd=15 seq=1635 ack=1 status=0 response=0 ret=0
RADIO Wi-Fi RX type=1 id=15 seq=1636 len=10
RADIO Wi-Fi cmd=15 seq=1636 ack=1 status=0 response=0 ret=0
RADIO Wi-Fi RX type=1 id=15 seq=1637 len=10
RADIO Wi-Fi cmd=15 seq=1637 ack=1 status=0 response=0 ret=0
RADIO Wi-Fi RX type=1 id=15 seq=1638 len=10
RADIO Wi-Fi cmd=15 seq=1638 ack=1 status=0 response=0 ret=0
RADIO Wi-Fi RX type=1 id=15 seq=1639 len=10
RADIO Wi-Fi cmd=15 seq=1639 ack=1 status=0 response=0 ret=0
RADIO Wi-Fi RX type=1 id=15 seq=1640 len=10
RADIO Wi-Fi cmd=15 seq=1640 ack=1 status=0 response=0 ret=0
RADIO Wi-Fi RX type=1 id=15 seq=1641 len=10
RADIO Wi-Fi cmd=15 seq=1641 ack=1 status=0 response=0 ret=0
RADIO Wi-Fi RX type=1 id=15 seq=1642 len=10
RADIO Wi-Fi cmd=15 seq=1642 ack=1 status=0 response=0 ret=0
RADIO Wi-Fi RX type=1 id=15 seq=1643 len=10
RADIO Wi-Fi cmd=15 seq=1643 ack=1 status=0 response=0 ret=0
RADIO Wi-Fi RX type=1 id=15 seq=1644 len=10
RADIO Wi-Fi cmd=15 seq=1644 ack=1 status=0 response=0 ret=0
RADIO Wi-Fi RX type=1 id=15 seq=1645 len=10
RADIO Wi-Fi cmd=15 seq=1645 ack=1 status=0 response=0 ret=0
RADIO Wi-Fi RX type=1 id=15 seq=1646 len=10
RADIO Wi-Fi cmd=15 seq=1646 ack=1 status=0 response=0 ret=0
RADIO Wi-Fi RX type=1 id=15 seq=1647 len=10
RADIO Wi-Fi cmd=15 seq=1647 ack=1 status=0 response=0 ret=0
RADIO Wi-Fi RX type=1 id=15 seq=1648 len=10
RADIO Wi-Fi cmd=15 seq=1648 ack=1 status=0 response=0 ret=0
RADIO Wi-Fi RX type=1 id=15 seq=1649 len=10
RADIO Wi-Fi cmd=15 seq=1649 ack=1 status=0 response=0 ret=0
RADIO Wi-Fi RX type=1 id=15 seq=1650 len=10
RADIO Wi-Fi cmd=15 seq=1650 ack=1 status=0 response=0 ret=0
RADIO Wi-Fi RX type=1 id=15 seq=1651 len=10
RADIO Wi-Fi cmd=15 seq=1651 ack=1 status=0 response=0 ret=0
RADIO Wi-Fi RX type=1 id=15 seq=1652 len=10
RADIO Wi-Fi cmd=15 seq=1652 ack=1 status=0 response=0 ret=0
RADIO Wi-Fi RX type=1 id=15 seq=1653 len=10
RADIO Wi-Fi cmd=15 seq=1653 ack=1 status=0 response=0 ret=0
RADIO Wi-Fi RX type=1 id=15 seq=1654 len=10
RADIO Wi-Fi cmd=15 seq=1654 ack=1 status=0 response=0 ret=0
RADIO Wi-Fi RX type=1 id=15 seq=1655 len=10
RADIO Wi-Fi cmd=15 seq=1655 ack=1 status=0 response=0 ret=0
RADIO Wi-Fi RX type=1 id=15 seq=1656 len=10
RADIO Wi-Fi cmd=15 seq=1656 ack=1 status=0 response=0 ret=0
RADIO Wi-Fi RX type=1 id=15 seq=1657 len=10
RADIO Wi-Fi cmd=15 seq=1657 ack=1 status=0 response=0 ret=0
RADIO Wi-Fi RX type=1 id=15 seq=1658 len=10
RADIO Wi-Fi cmd=15 seq=1658 ack=1 status=0 response=0 ret=0
RADIO Wi-Fi RX type=1 id=15 seq=1659 len=10
RADIO Wi-Fi cmd=15 seq=1659 ack=1 status=0 response=0 ret=0
RADIO Wi-Fi RX type=1 id=15 seq=1660 len=10
RADIO Wi-Fi cmd=15 seq=1660 ack=1 status=0 response=0 ret=0
RADIO Wi-Fi RX type=1 id=15 seq=1661 len=10
RADIO Wi-Fi cmd=15 seq=1661 ack=1 status=0 response=0 ret=0
RADIO Wi-Fi RX type=1 id=15 seq=1662 len=10
RADIO Wi-Fi cmd=15 seq=1662 ack=1 status=0 response=0 ret=0
RADIO Wi-Fi RX type=1 id=15 seq=1663 len=10
RADIO Wi-Fi cmd=15 seq=1663 ack=1 status=0 response=0 ret=0
RADIO Wi-Fi RX type=1 id=15 seq=1664 len=10
RADIO Wi-Fi cmd=15 seq=1664 ack=1 status=0 response=0 ret=0
RADIO Wi-Fi RX type=1 id=15 seq=1665 len=10
RADIO Wi-Fi cmd=15 seq=1665 ack=1 status=0 response=0 ret=0
RADIO Wi-Fi RX type=1 id=15 seq=1666 len=10
RADIO Wi-Fi cmd=15 seq=1666 ack=1 status=0 response=0 ret=0
RADIO Wi-Fi RX type=1 id=15 seq=1667 len=10
RADIO Wi-Fi cmd=15 seq=1667 ack=1 status=0 response=0 ret=0
RADIO Wi-Fi RX type=1 id=15 seq=1668 len=10
RADIO Wi-Fi cmd=15 seq=1668 ack=1 status=0 response=0 ret=0
RADIO Wi-Fi RX type=1 id=15 seq=1669 len=10
RADIO Wi-Fi cmd=15 seq=1669 ack=1 status=0 response=0 ret=0
RADIO Wi-Fi RX type=1 id=15 seq=1670 len=10
RADIO Wi-Fi cmd=15 seq=1670 ack=1 status=0 response=0 ret=0
RADIO Wi-Fi RX type=1 id=15 seq=1671 len=10
RADIO Wi-Fi cmd=15 seq=1671 ack=1 status=0 response=0 ret=0
RADIO Wi-Fi RX type=1 id=15 seq=1672 len=10
RADIO Wi-Fi cmd=15 seq=1672 ack=1 status=0 response=0 ret=0
RADIO Wi-Fi RX type=1 id=15 seq=1673 len=10
RADIO Wi-Fi cmd=15 seq=1673 ack=1 status=0 response=0 ret=0
RADIO Wi-Fi RX type=1 id=15 seq=1674 len=10
RADIO Wi-Fi cmd=15 seq=1674 ack=1 status=0 response=0 ret=0
RADIO Wi-Fi RX type=1 id=15 seq=1675 len=10
RADIO Wi-Fi cmd=15 seq=1675 ack=1 status=0 response=0 ret=0
RADIO Wi-Fi RX type=1 id=15 seq=1676 len=10
RADIO Wi-Fi cmd=15 seq=1676 ack=1 status=0 response=0 ret=0
RADIO Wi-Fi RX type=1 id=15 seq=1677 len=10
RADIO Wi-Fi cmd=15 seq=1677 ack=1 status=0 response=0 ret=0
RADIO Wi-Fi RX type=1 id=15 seq=1678 len=10
RADIO Wi-Fi cmd=15 seq=1678 ack=1 status=0 response=0 ret=0
RADIO Wi-Fi RX type=1 id=15 seq=1679 len=10
RADIO Wi-Fi cmd=15 seq=1679 ack=1 status=0 response=0 ret=0
RADIO Wi-Fi RX type=1 id=15 seq=1680 len=10
RADIO Wi-Fi cmd=15 seq=1680 ack=1 status=0 response=0 ret=0
RADIO Wi-Fi RX type=1 id=15 seq=1681 len=10
RADIO Wi-Fi cmd=15 seq=1681 ack=1 status=0 response=0 ret=0
RADIO Wi-Fi RX type=1 id=15 seq=1682 len=10
RADIO Wi-Fi cmd=15 seq=1682 ack=1 status=0 response=0 ret=0
RADIO Wi-Fi RX type=1 id=15 seq=1683 len=10
RADIO Wi-Fi cmd=15 seq=1683 ack=1 status=0 response=0 ret=0
RADIO Wi-Fi RX type=1 id=15 seq=1684 len=10
RADIO Wi-Fi cmd=15 seq=1684 ack=1 status=0 response=0 ret=0
RADIO Wi-Fi RX type=1 id=15 seq=1685 len=10
RADIO Wi-Fi cmd=15 seq=1685 ack=1 status=0 response=0 ret=0
RADIO Wi-Fi RX type=1 id=15 seq=1686 len=10
RADIO Wi-Fi cmd=15 seq=1686 ack=1 status=0 response=0 ret=0
RADIO Wi-Fi RX type=1 id=15 seq=1687 len=10
RADIO Wi-Fi cmd=15 seq=1687 ack=1 status=0 response=0 ret=0
RADIO Wi-Fi RX type=1 id=15 seq=1688 len=10
RADIO Wi-Fi cmd=15 seq=1688 ack=1 status=0 response=0 ret=0
RADIO Wi-Fi RX type=1 id=15 seq=1689 len=10
RADIO Wi-Fi cmd=15 seq=1689 ack=1 status=0 response=0 ret=0
RADIO Wi-Fi RX type=1 id=15 seq=1690 len=10
RADIO Wi-Fi cmd=15 seq=1690 ack=1 status=0 response=0 ret=0
RADIO Wi-Fi RX type=1 id=15 seq=1691 len=10
RADIO Wi-Fi cmd=15 seq=1691 ack=1 status=0 response=0 ret=0
RADIO Wi-Fi RX type=1 id=15 seq=1692 len=10
RADIO Wi-Fi cmd=15 seq=1692 ack=1 status=0 response=0 ret=0
RADIO Wi-Fi RX type=1 id=15 seq=1693 len=10
RADIO Wi-Fi cmd=15 seq=1693 ack=1 status=0 response=0 ret=0
RADIO Wi-Fi RX type=1 id=15 seq=1694 len=10
RADIO Wi-Fi cmd=15 seq=1694 ack=1 status=0 response=0 ret=0
RADIO Wi-Fi RX type=1 id=15 seq=1695 len=10
RADIO Wi-Fi cmd=15 seq=1695 ack=1 status=0 response=0 ret=0
RADIO Wi-Fi RX type=1 id=15 seq=1696 len=10
RADIO Wi-Fi cmd=15 seq=1696 ack=1 status=0 response=0 ret=0
RADIO Wi-Fi RX type=1 id=15 seq=1697 len=10
RADIO Wi-Fi cmd=15 seq=1697 ack=1 status=0 response=0 ret=0
RADIO Wi-Fi RX type=1 id=15 seq=1698 len=10
RADIO Wi-Fi cmd=15 seq=1698 ack=1 status=0 response=0 ret=0
RADIO Wi-Fi RX type=1 id=15 seq=1699 len=10
RADIO Wi-Fi cmd=15 seq=1699 ack=1 status=0 response=0 ret=0
RADIO Wi-Fi RX type=1 id=15 seq=1700 len=10
RADIO Wi-Fi cmd=15 seq=1700 ack=1 status=0 response=0 ret=0
RADIO Wi-Fi RX type=1 id=15 seq=1701 len=10
RADIO Wi-Fi cmd=15 seq=1701 ack=1 status=0 response=0 ret=0
RADIO Wi-Fi RX type=1 id=15 seq=1702 len=10
RADIO Wi-Fi cmd=15 seq=1702 ack=1 status=0 response=0 ret=0
RADIO Wi-Fi RX type=1 id=15 seq=1703 len=10
RADIO Wi-Fi cmd=15 seq=1703 ack=1 status=0 response=0 ret=0
RADIO Wi-Fi RX type=1 id=15 seq=1704 len=10
RADIO Wi-Fi cmd=15 seq=1704 ack=1 status=0 response=0 ret=0
RADIO Wi-Fi RX type=1 id=15 seq=1705 len=10
RADIO Wi-Fi cmd=15 seq=1705 ack=1 status=0 response=0 ret=0
RADIO Wi-Fi RX type=1 id=15 seq=1706 len=10
RADIO Wi-Fi cmd=15 seq=1706 ack=1 status=0 response=0 ret=0
RADIO Wi-Fi RX type=1 id=15 seq=1707 len=10
RADIO Wi-Fi cmd=15 seq=1707 ack=1 status=0 response=0 ret=0
RADIO Wi-Fi RX type=1 id=15 seq=1708 len=10
RADIO Wi-Fi cmd=15 seq=1708 ack=1 status=0 response=0 ret=0
RADIO Wi-Fi RX type=1 id=15 seq=1709 len=10
RADIO Wi-Fi cmd=15 seq=1709 ack=1 status=0 response=0 ret=0
RADIO Wi-Fi RX type=1 id=15 seq=1710 len=10
RADIO Wi-Fi cmd=15 seq=1710 ack=1 status=0 response=0 ret=0
RADIO Wi-Fi RX type=1 id=15 seq=1711 len=10
RADIO Wi-Fi cmd=15 seq=1711 ack=1 status=0 response=0 ret=0
RADIO Wi-Fi RX type=1 id=15 seq=1712 len=10
RADIO Wi-Fi cmd=15 seq=1712 ack=1 status=0 response=0 ret=0
RADIO Wi-Fi RX type=1 id=15 seq=1713 len=10
RADIO Wi-Fi cmd=15 seq=1713 ack=1 status=0 response=0 ret=0
RADIO Wi-Fi RX type=1 id=15 seq=1714 len=10
RADIO Wi-Fi cmd=15 seq=1714 ack=1 status=0 response=0 ret=0
RADIO Wi-Fi RX type=1 id=15 seq=1715 len=10
RADIO Wi-Fi cmd=15 seq=1715 ack=1 status=0 response=0 ret=0
RADIO Wi-Fi RX type=1 id=15 seq=1716 len=10
RADIO Wi-Fi cmd=15 seq=1716 ack=1 status=0 response=0 ret=0
RADIO Wi-Fi RX type=1 id=15 seq=1717 len=10
RADIO Wi-Fi cmd=15 seq=1717 ack=1 status=0 response=0 ret=0
RADIO Wi-Fi RX type=1 id=15 seq=1718 len=10
RADIO Wi-Fi cmd=15 seq=1718 ack=1 status=0 response=0 ret=0
RADIO Wi-Fi RX type=1 id=15 seq=1719 len=10
RADIO Wi-Fi cmd=15 seq=1719 ack=1 status=0 response=0 ret=0
RADIO Wi-Fi RX type=1 id=15 seq=1720 len=10
RADIO Wi-Fi cmd=15 seq=1720 ack=1 status=0 response=0 ret=0
RADIO Wi-Fi RX type=1 id=15 seq=1721 len=10
RADIO Wi-Fi cmd=15 seq=1721 ack=1 status=0 response=0 ret=0
RADIO Wi-Fi RX type=1 id=15 seq=1722 len=10
RADIO Wi-Fi cmd=15 seq=1722 ack=1 status=0 response=0 ret=0
RADIO Wi-Fi RX type=1 id=15 seq=1723 len=10
RADIO Wi-Fi cmd=15 seq=1723 ack=1 status=0 response=0 ret=0
RADIO Wi-Fi RX type=1 id=15 seq=1724 len=10
RADIO Wi-Fi cmd=15 seq=1724 ack=1 status=0 response=0 ret=0
RADIO Wi-Fi RX type=1 id=15 seq=1725 len=10
RADIO Wi-Fi cmd=15 seq=1725 ack=1 status=0 response=0 ret=0
RADIO Wi-Fi RX type=1 id=15 seq=1726 len=10
RADIO Wi-Fi cmd=15 seq=1726 ack=1 status=0 response=0 ret=0
RADIO Wi-Fi RX type=1 id=15 seq=1727 len=10
RADIO Wi-Fi cmd=15 seq=1727 ack=1 status=0 response=0 ret=0
RADIO Wi-Fi RX type=1 id=15 seq=1728 len=10
RADIO Wi-Fi cmd=15 seq=1728 ack=1 status=0 response=0 ret=0
RADIO Wi-Fi RX type=1 id=15 seq=1729 len=10
RADIO Wi-Fi cmd=15 seq=1729 ack=1 status=0 response=0 ret=0
RADIO Wi-Fi RX type=1 id=15 seq=1730 len=10
RADIO Wi-Fi cmd=15 seq=1730 ack=1 status=0 response=0 ret=0
RADIO Wi-Fi RX type=1 id=15 seq=1731 len=10
RADIO Wi-Fi cmd=15 seq=1731 ack=1 status=0 response=0 ret=0
RADIO Wi-Fi RX type=1 id=15 seq=1732 len=10
RADIO Wi-Fi cmd=15 seq=1732 ack=1 status=0 response=0 ret=0
RADIO Wi-Fi RX type=1 id=15 seq=1733 len=10
RADIO Wi-Fi cmd=15 seq=1733 ack=1 status=0 response=0 ret=0
RADIO Wi-Fi RX type=1 id=15 seq=1734 len=10
RADIO Wi-Fi cmd=15 seq=1734 ack=1 status=0 response=0 ret=0
RADIO Wi-Fi RX type=1 id=15 seq=1735 len=10
RADIO Wi-Fi cmd=15 seq=1735 ack=1 status=0 response=0 ret=0
RADIO Wi-Fi RX type=1 id=15 seq=1736 len=10
RADIO Wi-Fi cmd=15 seq=1736 ack=1 status=0 response=0 ret=0
RADIO Wi-Fi RX type=1 id=15 seq=1737 len=10
RADIO Wi-Fi cmd=15 seq=1737 ack=1 status=0 response=0 ret=0
RADIO Wi-Fi RX type=1 id=15 seq=1738 len=10
RADIO Wi-Fi cmd=15 seq=1738 ack=1 status=0 response=0 ret=0
RADIO Wi-Fi RX type=1 id=15 seq=1739 len=10
RADIO Wi-Fi cmd=15 seq=1739 ack=1 status=0 response=0 ret=0
RADIO Wi-Fi RX type=1 id=15 seq=1740 len=10
RADIO Wi-Fi cmd=15 seq=1740 ack=1 status=0 response=0 ret=0
RADIO Wi-Fi RX type=1 id=15 seq=1741 len=10
RADIO Wi-Fi cmd=15 seq=1741 ack=1 status=0 response=0 ret=0
RADIO Wi-Fi RX type=1 id=15 seq=1742 len=10
RADIO Wi-Fi cmd=15 seq=1742 ack=1 status=0 response=0 ret=0
RADIO Wi-Fi RX type=1 id=15 seq=1743 len=10
RADIO Wi-Fi cmd=15 seq=1743 ack=1 status=0 response=0 ret=0
RADIO Wi-Fi RX type=1 id=15 seq=1744 len=10
RADIO Wi-Fi cmd=15 seq=1744 ack=1 status=0 response=0 ret=0
RADIO Wi-Fi RX type=1 id=15 seq=1745 len=10
RADIO Wi-Fi cmd=15 seq=1745 ack=1 status=0 response=0 ret=0
RADIO Wi-Fi RX type=1 id=15 seq=1746 len=10
RADIO Wi-Fi cmd=15 seq=1746 ack=1 status=0 response=0 ret=0
RADIO Wi-Fi RX type=1 id=15 seq=1747 len=10
RADIO Wi-Fi cmd=15 seq=1747 ack=1 status=0 response=0 ret=0
RADIO Wi-Fi RX type=1 id=15 seq=1748 len=10
RADIO Wi-Fi cmd=15 seq=1748 ack=1 status=0 response=0 ret=0
RADIO Wi-Fi RX type=1 id=15 seq=1749 len=10
RADIO Wi-Fi cmd=15 seq=1749 ack=1 status=0 response=0 ret=0
RADIO Wi-Fi RX type=1 id=15 seq=1750 len=10
RADIO Wi-Fi cmd=15 seq=1750 ack=1 status=0 response=0 ret=0
RADIO Wi-Fi RX type=1 id=15 seq=1751 len=10
RADIO Wi-Fi cmd=15 seq=1751 ack=1 status=0 response=0 ret=0
RADIO Wi-Fi RX type=1 id=15 seq=1752 len=10
RADIO Wi-Fi cmd=15 seq=1752 ack=1 status=0 response=0 ret=0
RADIO Wi-Fi RX type=1 id=15 seq=1753 len=10
RADIO Wi-Fi cmd=15 seq=1753 ack=1 status=0 response=0 ret=0
RADIO Wi-Fi RX type=1 id=15 seq=1754 len=10
RADIO Wi-Fi cmd=15 seq=1754 ack=1 status=0 response=0 ret=0
RADIO Wi-Fi RX type=1 id=15 seq=1755 len=10
RADIO Wi-Fi cmd=15 seq=1755 ack=1 status=0 response=0 ret=0
RADIO Wi-Fi RX type=1 id=15 seq=1756 len=10
RADIO Wi-Fi cmd=15 seq=1756 ack=1 status=0 response=0 ret=0
RADIO Wi-Fi RX type=1 id=15 seq=1757 len=10
RADIO Wi-Fi cmd=15 seq=1757 ack=1 status=0 response=0 ret=0
RADIO Wi-Fi RX type=1 id=15 seq=1758 len=10
RADIO Wi-Fi cmd=15 seq=1758 ack=1 status=0 response=0 ret=0
RADIO Wi-Fi RX type=1 id=15 seq=1759 len=10
RADIO Wi-Fi cmd=15 seq=1759 ack=1 status=0 response=0 ret=0
RADIO Wi-Fi RX type=1 id=15 seq=1760 len=10
RADIO Wi-Fi cmd=15 seq=1760 ack=1 status=0 response=0 ret=0
RADIO Wi-Fi RX type=1 id=15 seq=1761 len=10
RADIO Wi-Fi cmd=15 seq=1761 ack=1 status=0 response=0 ret=0
RADIO Wi-Fi RX type=1 id=15 seq=1762 len=10
RADIO Wi-Fi cmd=15 seq=1762 ack=1 status=0 response=0 ret=0
RADIO Wi-Fi RX type=1 id=15 seq=1763 len=10
RADIO Wi-Fi cmd=15 seq=1763 ack=1 status=0 response=0 ret=0
RADIO Wi-Fi RX type=1 id=15 seq=1764 len=10
RADIO Wi-Fi cmd=15 seq=1764 ack=1 status=0 response=0 ret=0
RADIO Wi-Fi RX type=1 id=15 seq=1765 len=10
RADIO Wi-Fi cmd=15 seq=1765 ack=1 status=0 response=0 ret=0
RADIO Wi-Fi RX type=1 id=15 seq=1766 len=10
RADIO Wi-Fi cmd=15 seq=1766 ack=1 status=0 response=0 ret=0
RADIO Wi-Fi RX type=1 id=15 seq=1767 len=10
RADIO Wi-Fi cmd=15 seq=1767 ack=1 status=0 response=0 ret=0
RADIO Wi-Fi RX type=1 id=15 seq=1768 len=10
RADIO Wi-Fi cmd=15 seq=1768 ack=1 status=0 response=0 ret=0
RADIO Wi-Fi RX type=1 id=15 seq=1769 len=10
RADIO Wi-Fi cmd=15 seq=1769 ack=1 status=0 response=0 ret=0
RADIO Wi-Fi RX type=1 id=15 seq=1770 len=10
RADIO Wi-Fi cmd=15 seq=1770 ack=1 status=0 response=0 ret=0
RADIO Wi-Fi RX type=1 id=15 seq=1771 len=10
RADIO Wi-Fi cmd=15 seq=1771 ack=1 status=0 response=0 ret=0
RADIO Wi-Fi RX type=1 id=15 seq=1772 len=10
RADIO Wi-Fi cmd=15 seq=1772 ack=1 status=0 response=0 ret=0
RADIO Wi-Fi RX type=1 id=15 seq=1773 len=10
RADIO Wi-Fi cmd=15 seq=1773 ack=1 status=0 response=0 ret=0
RADIO Wi-Fi RX type=1 id=15 seq=1774 len=10
RADIO Wi-Fi cmd=15 seq=1774 ack=1 status=0 response=0 ret=0
RADIO Wi-Fi RX type=1 id=15 seq=1775 len=10
RADIO Wi-Fi cmd=15 seq=1775 ack=1 status=0 response=0 ret=0
RADIO Wi-Fi RX type=1 id=15 seq=1776 len=10
RADIO Wi-Fi cmd=15 seq=1776 ack=1 status=0 response=0 ret=0
RADIO Wi-Fi RX type=1 id=15 seq=1777 len=10
RADIO Wi-Fi cmd=15 seq=1777 ack=1 status=0 response=0 ret=0
RADIO Wi-Fi RX type=1 id=15 seq=1778 len=10
RADIO Wi-Fi cmd=15 seq=1778 ack=1 status=0 response=0 ret=0
RADIO Wi-Fi RX type=1 id=15 seq=1779 len=10
RADIO Wi-Fi cmd=15 seq=1779 ack=1 status=0 response=0 ret=0
RADIO Wi-Fi RX type=1 id=15 seq=1780 len=10
RADIO Wi-Fi cmd=15 seq=1780 ack=1 status=0 response=0 ret=0
RADIO Wi-Fi RX type=1 id=15 seq=1781 len=10
RADIO Wi-Fi cmd=15 seq=1781 ack=1 status=0 response=0 ret=0
RADIO Wi-Fi RX type=1 id=15 seq=1782 len=10
RADIO Wi-Fi cmd=15 seq=1782 ack=1 status=0 response=0 ret=0
RADIO Wi-Fi RX type=1 id=15 seq=1783 len=10
RADIO Wi-Fi cmd=15 seq=1783 ack=1 status=0 response=0 ret=0
RADIO Wi-Fi RX type=1 id=15 seq=1784 len=10
RADIO Wi-Fi cmd=15 seq=1784 ack=1 status=0 response=0 ret=0
RADIO Wi-Fi RX type=1 id=15 seq=1785 len=10
RADIO Wi-Fi cmd=15 seq=1785 ack=1 status=0 response=0 ret=0
RADIO Wi-Fi RX type=1 id=15 seq=1786 len=10
RADIO Wi-Fi cmd=15 seq=1786 ack=1 status=0 response=0 ret=0
RADIO Wi-Fi RX type=1 id=15 seq=1787 len=10
RADIO Wi-Fi cmd=15 seq=1787 ack=1 status=0 response=0 ret=0
RADIO Wi-Fi RX type=1 id=15 seq=1788 len=10
RADIO Wi-Fi cmd=15 seq=1788 ack=1 status=0 response=0 ret=0
RADIO Wi-Fi RX type=1 id=15 seq=1789 len=10
RADIO Wi-Fi cmd=15 seq=1789 ack=1 status=0 response=0 ret=0
RADIO Wi-Fi RX type=1 id=15 seq=1790 len=10
RADIO Wi-Fi cmd=15 seq=1790 ack=1 status=0 response=0 ret=0
RADIO Wi-Fi RX type=1 id=15 seq=1791 len=10
RADIO Wi-Fi cmd=15 seq=1791 ack=1 status=0 response=0 ret=0
RADIO Wi-Fi RX type=1 id=15 seq=1792 len=10
RADIO Wi-Fi cmd=15 seq=1792 ack=1 status=0 response=0 ret=0
RADIO Wi-Fi RX type=1 id=15 seq=1793 len=10
RADIO Wi-Fi cmd=15 seq=1793 ack=1 status=0 response=0 ret=0
RADIO Wi-Fi RX type=1 id=15 seq=1794 len=10
RADIO Wi-Fi cmd=15 seq=1794 ack=1 status=0 response=0 ret=0
RADIO Wi-Fi RX type=1 id=15 seq=1795 len=10
RADIO Wi-Fi cmd=15 seq=1795 ack=1 status=0 response=0 ret=0
RADIO Wi-Fi RX type=1 id=15 seq=1796 len=10
RADIO Wi-Fi cmd=15 seq=1796 ack=1 status=0 response=0 ret=0
RADIO Wi-Fi RX type=1 id=15 seq=1797 len=10
RADIO Wi-Fi cmd=15 seq=1797 ack=1 status=0 response=0 ret=0
RADIO Wi-Fi RX type=1 id=15 seq=1798 len=10
RADIO Wi-Fi cmd=15 seq=1798 ack=1 status=0 response=0 ret=0
RADIO Wi-Fi RX type=1 id=15 seq=1799 len=10
RADIO Wi-Fi cmd=15 seq=1799 ack=1 status=0 response=0 ret=0
RADIO Wi-Fi RX type=1 id=15 seq=1800 len=10
RADIO Wi-Fi cmd=15 seq=1800 ack=1 status=0 response=0 ret=0
RADIO Wi-Fi RX type=1 id=15 seq=1801 len=10
RADIO Wi-Fi cmd=15 seq=1801 ack=1 status=0 response=0 ret=0
RADIO Wi-Fi RX type=1 id=15 seq=1802 len=10
RADIO Wi-Fi cmd=15 seq=1802 ack=1 status=0 response=0 ret=0
RADIO Wi-Fi RX type=1 id=15 seq=1803 len=10
RADIO Wi-Fi cmd=15 seq=1803 ack=1 status=0 response=0 ret=0
RADIO Wi-Fi RX type=1 id=15 seq=1804 len=10
RADIO Wi-Fi cmd=15 seq=1804 ack=1 status=0 response=0 ret=0
RADIO Wi-Fi RX type=1 id=15 seq=1805 len=10
RADIO Wi-Fi cmd=15 seq=1805 ack=1 status=0 response=0 ret=0
RADIO Wi-Fi RX type=1 id=15 seq=1806 len=10
RADIO Wi-Fi cmd=15 seq=1806 ack=1 status=0 response=0 ret=0
RADIO Wi-Fi RX type=1 id=15 seq=1807 len=10
RADIO Wi-Fi cmd=15 seq=1807 ack=1 status=0 response=0 ret=0
RADIO Wi-Fi RX type=1 id=15 seq=1808 len=10
RADIO Wi-Fi cmd=15 seq=1808 ack=1 status=0 response=0 ret=0
RADIO Wi-Fi RX type=1 id=15 seq=1809 len=10
RADIO Wi-Fi cmd=15 seq=1809 ack=1 status=0 response=0 ret=0
RADIO Wi-Fi RX type=1 id=15 seq=1810 len=10
RADIO Wi-Fi cmd=15 seq=1810 ack=1 status=0 response=0 ret=0
RADIO Wi-Fi RX type=1 id=15 seq=1811 len=10
RADIO Wi-Fi cmd=15 seq=1811 ack=1 status=0 response=0 ret=0
RADIO Wi-Fi RX type=1 id=15 seq=1812 len=10
RADIO Wi-Fi cmd=15 seq=1812 ack=1 status=0 response=0 ret=0
RADIO Wi-Fi RX type=1 id=15 seq=1813 len=10
RADIO Wi-Fi cmd=15 seq=1813 ack=1 status=0 response=0 ret=0
RADIO Wi-Fi RX type=1 id=15 seq=1814 len=10
RADIO Wi-Fi cmd=15 seq=1814 ack=1 status=0 response=0 ret=0
RADIO Wi-Fi RX type=1 id=15 seq=1815 len=10
RADIO Wi-Fi cmd=15 seq=1815 ack=1 status=0 response=0 ret=0
RADIO Wi-Fi RX type=1 id=15 seq=1816 len=10
RADIO Wi-Fi cmd=15 seq=1816 ack=1 status=0 response=0 ret=0
RADIO Wi-Fi RX type=1 id=15 seq=1817 len=10
RADIO Wi-Fi cmd=15 seq=1817 ack=1 status=0 response=0 ret=0
RADIO Wi-Fi RX type=1 id=15 seq=1818 len=10
RADIO Wi-Fi cmd=15 seq=1818 ack=1 status=0 response=0 ret=0
RADIO Wi-Fi RX type=1 id=15 seq=1819 len=10
RADIO Wi-Fi cmd=15 seq=1819 ack=1 status=0 response=0 ret=0
RADIO Wi-Fi RX type=1 id=15 seq=1820 len=10
RADIO Wi-Fi cmd=15 seq=1820 ack=1 status=0 response=0 ret=0
RADIO Wi-Fi RX type=1 id=15 seq=1821 len=10
RADIO Wi-Fi cmd=15 seq=1821 ack=1 status=0 response=0 ret=0
RADIO Wi-Fi RX type=1 id=15 seq=1822 len=10
RADIO Wi-Fi cmd=15 seq=1822 ack=1 status=0 response=0 ret=0
RADIO Wi-Fi RX type=1 id=15 seq=1823 len=10
RADIO Wi-Fi cmd=15 seq=1823 ack=1 status=0 response=0 ret=0
RADIO Wi-Fi RX type=1 id=15 seq=1824 len=10
RADIO Wi-Fi cmd=15 seq=1824 ack=1 status=0 response=0 ret=0
RADIO Wi-Fi RX type=1 id=15 seq=1825 len=10
RADIO Wi-Fi cmd=15 seq=1825 ack=1 status=0 response=0 ret=0
RADIO Wi-Fi RX type=1 id=15 seq=1826 len=10
RADIO Wi-Fi cmd=15 seq=1826 ack=1 status=0 response=0 ret=0
RADIO Wi-Fi RX type=1 id=15 seq=1827 len=10
RADIO Wi-Fi cmd=15 seq=1827 ack=1 status=0 response=0 ret=0
RADIO Wi-Fi RX type=1 id=15 seq=1828 len=10
RADIO Wi-Fi cmd=15 seq=1828 ack=1 status=0 response=0 ret=0
RADIO Wi-Fi RX type=1 id=15 seq=1829 len=10
RADIO Wi-Fi cmd=15 seq=1829 ack=1 status=0 response=0 ret=0
RADIO Wi-Fi RX type=1 id=15 seq=1830 len=10
RADIO Wi-Fi cmd=15 seq=1830 ack=1 status=0 response=0 ret=0
RADIO Wi-Fi RX type=1 id=15 seq=1831 len=10
RADIO Wi-Fi cmd=15 seq=1831 ack=1 status=0 response=0 ret=0
RADIO Wi-Fi RX type=1 id=15 seq=1832 len=10
RADIO Wi-Fi cmd=15 seq=1832 ack=1 status=0 response=0 ret=0
RADIO Wi-Fi RX type=1 id=15 seq=1833 len=10
RADIO Wi-Fi cmd=15 seq=1833 ack=1 status=0 response=0 ret=0
RADIO Wi-Fi RX type=1 id=15 seq=1834 len=10
RADIO Wi-Fi cmd=15 seq=1834 ack=1 status=0 response=0 ret=0
RADIO Wi-Fi RX type=1 id=15 seq=1835 len=10
RADIO Wi-Fi cmd=15 seq=1835 ack=1 status=0 response=0 ret=0
RADIO Wi-Fi RX type=1 id=15 seq=1836 len=10
RADIO Wi-Fi cmd=15 seq=1836 ack=1 status=0 response=0 ret=0
RADIO Wi-Fi RX type=1 id=15 seq=1837 len=10
RADIO Wi-Fi cmd=15 seq=1837 ack=1 status=0 response=0 ret=0
RADIO Wi-Fi RX type=1 id=15 seq=1838 len=10
RADIO Wi-Fi cmd=15 seq=1838 ack=1 status=0 response=0 ret=0
SOUND experiment clear=0 reset=0 clockwait20=0
SOUND slot_mask offset=3c value=00000000
SOUND slot_mask offset=40 value=000000ue=00000000
SOUND slot_mask offset=48 value=00000000
SOUND sloalue=00000000
SOUND slot_mask offset=54 value=00000000
SOUND s first=00000000 last=00000000 TXCR=00400fff RXCR=00700fff FSCR=0101f03f CKR=00000018
SOUND trace start=47006656732 end=47009656init index=2 value=00700fff rc=0
SOUND trace_init index=3 valuendex=4 value=00000000 rc=0
SOUND trace_init index=5 value=00000006656812 before=00041041 word=ffffffff after=00041040 rc=0,0,0=00041040 word=ffffffff after=00041000 rc=0,0,0
SOUND trace_worefore=00041000 word=00000000 after=00041000 rc=0,0,0
SOUND tracord index=4 us=47006656819 before=00041000 word=ffffffff after=0040000 rc=0,0,0
SOUND trace_word index=5 us=47006656820 before=000000 after=00040000 rc=0,0,0
SOUND trace_word index=6 us=47006656822 before=00040000 word=ffffffff after=00000000 rc=0,0,0
SOUND trace_word index=7 us=47006656824 before=00000000 word=00000000 after=00000000 rc=0,0,0
SOUND trace_word index=8 us=47006656843 before=00041041 word=ffffffff after=00041040 rc=0,0,0
SOUND trace_word index=9 us=47006656845 before=00041040 word=000000ore=00041040 word=ffffffff after=00041000 rc=0,0,0
SOUND trace_d index=12 us=47006656850 before=00041000 word=ffffffff after=00=13 us=47006656852 before=00040000 word=00000000 after=00040000 6853 before=00040000 word=ffffffff after=00000000 rc=0,0,0
SOUNFi RX type=1 id=15 seq=1840 len=10
ffffff after=00041040 rc=0,0,0
RADIO Wi-Fi cmd=15 seq=1840 ack=1 status=0 response=0 ret=00,0
SOUND trace_word index=18 us=47006656879 before=00041040 worace_word index=19 us=47006656880 before=00041000 word=00000000 D trace_word index=20 us=47006656882 before=00041000 word=ffffffff after=00040000 rc=0,0,0
SOUND trace_word index=21 us=47006656884 before=00040000 word=00000000 after=00040000 rc=0,0,0
SOUND trace_word index=22 us=470066500000000 after=00000000 rc=0,0,0
SOUND trace_word index=24 us=4d=ffffffff after=00041040 rc=0,0,0
SOUND trace_word index=25 us=0,0,0
SOUND trace_word index=26 us=47006656910 before=00041040trace_word index=28 us=47006656913 before=00041000 word=ffffffff00040000 rc=0,0,0
SOUND trace_word index=29 us=47006656915 befo before=00040000 word=ffffffff after=00000000 rc=0,0,0
SOUND tr word=00000000 after=00000000 rc=0,0,0
SOUND codec reg=00 value codec reg=05 value=00
SOUND codec reg=06 value=00
SOUND codecue=7c
SOUND codec reg=08 value=00
SOUND codec reg=09 value=88
SOUND codec reg=18 value=02
SOUND codec reg=19 value=06
SOUND reg=30 value=14
SOUND codec reg=31 value=14
SOUND input pull=000000ff path=000000e4 gpio_high=50185 transitions=0 samples=501UND pad channel=0 high=24685 changes=36898
SOUND pad channel=1 0
SOUND pad channel=3 high=50185 changes=0
SOUND pcm left_min= right_nonzero=48000
SOUND result=0 codec_stop=0 platform_restore=0 i2c_restore=0 amp_low=1
RADIO Wi-Fi RX type=1 id=15 seq=1841 len=10
RADIO Wi-Fi cmd=15 seq=1841 ack=1 status=0 response=0 ret=0
K7CLOUD asr result=0 frames_sent=150 completed=1
nsh> [KRADIO Wi-Fi RX type=1 id=15 seq=1842 len=10
RADIO Wi-Fi cmd=15 seq=1842 ack=1 status=0 response=0 ret=0

ECHO_TIMING {"command": "asr-live", "command_ms": 5030, "elapsed_ms": 5030, "passed": true}
kRADIO Wi-Fi RX type=1 id=15 seq=1843 len=10
RADIO Wi-Fi cmd=15 seq=1843 ack=1 status=0 response=0 ret=0
7cRADIO Wi-Fi RX type=1 id=15 seq=1844 len=10
RADIO Wi-Fi cmd=15 seq=1844 ack=1 status=0 response=0 ret=0
loud tts-test 10.3.1.125
RADIO Wi-Fi RX type=1 id=15 seq=1845 len=10
RADIO Wi-Fi cmd=15 seq=1845 ack=1 status=0 response=0 ret=0
RADIO Wi-Fi RX type=1 id=15 seq=1846 len=10
RADIO Wi-Fi cmd=15 seq=1846 ack=1 status=0 response=0 ret=0
RADIO Wi-Fi RX type=1 id=15 seq=1847 len=10
RADIO Wi-Fi cmd=15 seq=1847 ack=1 status=0 response=0 ret=0
K7CLOUD tts result=-22 pcm_bytes=21
nsh> [KRADIO Wi-Fi RX type=1 id=15 seq=1848 len=10
RADIO Wi-Fi cmd=15 seq=1848 ack=1 status=0 response=0 ret=0
RADIO Wi-Fi RX type=1 id=15 seq=1849 len=10
RADIO Wi-Fi cmd=15 seq=1849 ack=1 status=0 response=0 ret=0

ECHO_TIMING {"command": "tts-test", "command_ms": 190, "elapsed_ms": 5220, "passed": false}
