*** Using Compiler 'V5.06 update 6 (build 750)', folder: 'C:\Keil_v5\ARM\ARMCC\Bin'
Rebuild target 'steer_free_II'
assembling startup_stm32f10x_hd.s...
compiling stm32f10x_it.c...
compiling stm32f10x_bkp.c...
compiling stm32f10x_can.c...
compiling stm32f10x_fsmc.c...
compiling main.c...
control.h(10): warning:  #1295-D: Deprecated declaration get_point1_p - give arg types
  uint8_t get_point1_p();
control.h(16): warning:  #1295-D: Deprecated declaration get_point2_p - give arg types
  uint8_t get_point2_p();   //处理坐标函数
control.h(17): warning:  #1295-D: Deprecated declaration get_active - give arg types
  uint8_t get_active();
control.h(18): warning:  #1295-D: Deprecated declaration get_hand - give arg types
  uint8_t get_hand();
main.c: 4 warnings, 0 errors
compiling kalman.c...
compiling control.c...
control.h(10): warning:  #1295-D: Deprecated declaration get_point1_p - give arg types
  uint8_t get_point1_p();
control.h(16): warning:  #1295-D: Deprecated declaration get_point2_p - give arg types
  uint8_t get_point2_p();   //处理坐标函数
control.h(17): warning:  #1295-D: Deprecated declaration get_active - give arg types
  uint8_t get_active();
control.h(18): warning:  #1295-D: Deprecated declaration get_hand - give arg types
  uint8_t get_hand();
control.c: 4 warnings, 0 errors
compiling misc.c...
compiling stm32f10x_cec.c...
compiling stm32f10x_dac.c...
compiling stm32f10x_dma.c...
compiling stm32f10x_crc.c...
compiling stm32f10x_exti.c...
compiling system_stm32f10x.c...
compiling stm32f10x_adc.c...
compiling stm32f10x_dbgmcu.c...
compiling stm32f10x_flash.c...
compiling core_cm3.c...
compiling stm32f10x_gpio.c...
compiling stm32f10x_iwdg.c...
compiling stm32f10x_pwr.c...
compiling stm32f10x_i2c.c...
compiling stm32f10x_rcc.c...
compiling stm32f10x_rtc.c...
compiling stm32f10x_sdio.c...
compiling stm32f10x_spi.c...
compiling stm32f10x_wwdg.c...
compiling stm32f10x_usart.c...
compiling delay.c...
compiling bsp.c...
compiling stm32f10x_tim.c...
compiling bsp_gpio.c...
compiling bsp_timer.c...
..\USER\control.h(10): warning:  #1295-D: Deprecated declaration get_point1_p - give arg types
  uint8_t get_point1_p();
..\USER\control.h(16): warning:  #1295-D: Deprecated declaration get_point2_p - give arg types
  uint8_t get_point2_p();   //处理坐标函数
..\USER\control.h(17): warning:  #1295-D: Deprecated declaration get_active - give arg types
  uint8_t get_active();
..\USER\control.h(18): warning:  #1295-D: Deprecated declaration get_hand - give arg types
  uint8_t get_hand();
..\BSP\bsp_timer.c(36): warning:  #550-D: variable "TIM_TimeBaseStructure"  was set but never used
     TIM_TimeBaseInitTypeDef  TIM_TimeBaseStructure;
..\BSP\bsp_timer.c: 5 warnings, 0 errors
compiling bsp_ps2.c...
compiling bsp_servo.c...
compiling bsp_beep.c...
compiling bsp_adc.c...
compiling bsp_usart.c...
..\BSP\bsp_usart.c(354): warning:  #177-D: variable "data1"  was declared but never referenced
  	uint8_t rdata ,data1,data2,data3;
..\BSP\bsp_usart.c(354): warning:  #177-D: variable "data2"  was declared but never referenced
  	uint8_t rdata ,data1,data2,data3;
..\BSP\bsp_usart.c(354): warning:  #177-D: variable "data3"  was declared but never referenced
  	uint8_t rdata ,data1,data2,data3;
..\BSP\bsp_usart.c: 3 warnings, 0 errors
compiling oled_fonts.c...
compiling oled_iic.c...
compiling bsp_juice_adc.c...
compiling bsp_key.c...
compiling bsp_oled.c...
compiling pid.c...
control.h(10): warning:  #1295-D: Deprecated declaration get_point1_p - give arg types
  uint8_t get_point1_p();
control.h(16): warning:  #1295-D: Deprecated declaration get_point2_p - give arg types
  uint8_t get_point2_p();   //处理坐标函数
control.h(17): warning:  #1295-D: Deprecated declaration get_active - give arg types
  uint8_t get_active();
control.h(18): warning:  #1295-D: Deprecated declaration get_hand - give arg types
  uint8_t get_hand();
pid.c: 4 warnings, 0 errors
compiling led.c...
compiling user_ps2.c...
..\APP\user_ps2.c(59): warning:  #175-D: subscript out of range
  					if(Angle_J[grop][2] >= 180)
..\APP\user_ps2.c(60): warning:  #175-D: subscript out of range
  							Angle_J[grop][2] = 180;
..\APP\user_ps2.c(62): warning:  #175-D: subscript out of range
  						Angle_J[grop][2] +=10;//加10度的向上加
..\APP\user_ps2.c(65): warning:  #175-D: subscript out of range
  					if(Angle_J[grop][2] <= 0)
..\APP\user_ps2.c(66): warning:  #175-D: subscript out of range
  							Angle_J[grop][2] = 0;
..\APP\user_ps2.c(68): warning:  #175-D: subscript out of range
  						Angle_J[grop][2] -=10;//加10度的向下减
..\APP\user_ps2.c(73): warning:  #175-D: subscript out of range
  					if(Angle_J[grop][3] >= 180)
..\APP\user_ps2.c(74): warning:  #175-D: subscript out of range
  							Angle_J[grop][3] = 180;
..\APP\user_ps2.c(76): warning:  #175-D: subscript out of range
  						Angle_J[grop][3] +=10;//加10度的向上加
..\APP\user_ps2.c(79): warning:  #175-D: subscript out of range
  					if(Angle_J[grop][3] <= 0)
..\APP\user_ps2.c(80): warning:  #175-D: subscript out of range
  							Angle_J[grop][3] = 0;
..\APP\user_ps2.c(82): warning:  #175-D: subscript out of range
  						Angle_J[grop][3] -=10;//加10度的向下减
..\APP\user_ps2.c(87): warning:  #175-D: subscript out of range
  					if(Angle_J[grop][4] >= 180)
..\APP\user_ps2.c(88): warning:  #175-D: subscript out of range
  							Angle_J[grop][4] = 180;
..\APP\user_ps2.c(90): warning:  #175-D: subscript out of range
  						Angle_J[grop][4] +=10;//加10度的向上加
..\APP\user_ps2.c(93): warning:  #175-D: subscript out of range
  					if(Angle_J[grop][4] <= 0)
..\APP\user_ps2.c(94): warning:  #175-D: subscript out of range
  							Angle_J[grop][4] = 0;
..\APP\user_ps2.c(96): warning:  #175-D: subscript out of range
  						Angle_J[grop][4] -=10;//加10度的向下减
..\APP\user_ps2.c(101): warning:  #175-D: subscript out of range
  					if(Angle_J[grop][5] >= 180)
..\APP\user_ps2.c(102): warning:  #175-D: subscript out of range
  							Angle_J[grop][5] = 180;
..\APP\user_ps2.c(104): warning:  #175-D: subscript out of range
  						Angle_J[grop][5] +=10;//加10度的向上加
..\APP\user_ps2.c(107): warning:  #175-D: subscript out of range
  					if(Angle_J[grop][5] <= 0)
..\APP\user_ps2.c(108): warning:  #175-D: subscript out of range
  							Angle_J[grop][5] = 0;
..\APP\user_ps2.c(110): warning:  #175-D: subscript out of range
  						Angle_J[grop][5] -=10;//加10度的向下减
..\APP\user_ps2.c(115): warning:  #175-D: subscript out of range
  					if(Angle_J[grop][6] >= 180)
..\APP\user_ps2.c(116): warning:  #175-D: subscript out of range
  							Angle_J[grop][6] = 180;
..\APP\user_ps2.c(118): warning:  #175-D: subscript out of range
  						Angle_J[grop][6] +=10;//加10度的向上加
..\APP\user_ps2.c(121): warning:  #175-D: subscript out of range
  					if(Angle_J[grop][6] <= 0)
..\APP\user_ps2.c(122): warning:  #175-D: subscript out of range
  							Angle_J[grop][6] = 0;
..\APP\user_ps2.c(124): warning:  #175-D: subscript out of range
  						Angle_J[grop][6] -=10;//加10度的向下减
..\APP\user_ps2.c(129): warning:  #175-D: subscript out of range
  					if(Angle_J[grop][7] >= 180)
..\APP\user_ps2.c(130): warning:  #175-D: subscript out of range
  							Angle_J[grop][7] = 180;
..\APP\user_ps2.c(132): warning:  #175-D: subscript out of range
  						Angle_J[grop][7] +=10;//加10度的向上加
..\APP\user_ps2.c(135): warning:  #175-D: subscript out of range
  					if(Angle_J[grop][7] <= 0)
..\APP\user_ps2.c(136): warning:  #175-D: subscript out of range
  							Angle_J[grop][7] = 0;
..\APP\user_ps2.c(138): warning:  #175-D: subscript out of range
  						Angle_J[grop][7] -=10;//加10度的向下减
..\APP\user_ps2.c: 36 warnings, 0 errors
compiling user_vol.c...
compiling user_bluetooth.c...
linking...
Program Size: Code=7872 RO-data=336 RW-data=140 ZI-data=3332  
FromELF: creating hex file...
"..\OBJ\stree_free_ii.axf" - 0 Error(s), 56 Warning(s).
Build Time Elapsed:  00:00:02
