loading initial cache file /dev/shm/velavision-ort-session-20260911/initial-cache.cmake
CMake Deprecation Warning at CMakeLists.txt:14 (cmake_policy):
  The OLD behavior for policy CMP0104 will be removed from a future version
  of CMake.

  The cmake-policies(7) manual explains that the OLD behaviors of all
  policies are deprecated and that a policy should be set to OLD only under
  specific short-term circumstances.  Projects should be ported to the NEW
  behavior and not rely on setting a policy to OLD.


-- The C compiler identification is GNU 13.4.0
-- The CXX compiler identification is GNU 13.4.0
-- The ASM compiler identification is GNU
-- Found assembler: /home/swl/openvela/prebuilts/gcc/linux-x86_64/aarch64-none-elf/bin/aarch64-none-elf-gcc
System is unknown to cmake, create:
Platform/NuttX to use this system, please post your config file on discourse.cmake.org so it can be added to cmake
Your CMakeCache.txt file was copied to CopyOfCMakeCache.txt. Please post that file on discourse.cmake.org.
-- Detecting C compiler ABI info
System is unknown to cmake, create:
Platform/NuttX to use this system, please post your config file on discourse.cmake.org so it can be added to cmake
-- Detecting C compiler ABI info - done
-- Check for working C compiler: /home/swl/openvela/prebuilts/gcc/linux-x86_64/aarch64-none-elf/bin/aarch64-none-elf-gcc - skipped
-- Detecting C compile features
-- Detecting C compile features - done
-- Detecting CXX compiler ABI info
System is unknown to cmake, create:
Platform/NuttX to use this system, please post your config file on discourse.cmake.org so it can be added to cmake
-- Detecting CXX compiler ABI info - done
-- Check for working CXX compiler: /home/swl/openvela/prebuilts/gcc/linux-x86_64/aarch64-none-elf/bin/aarch64-none-elf-g++ - skipped
-- Detecting CXX compile features
-- Detecting CXX compile features - done
CMake Warning (dev) at CMakeLists.txt:55 (include):
  Policy CMP0145 is not set: The Dart and FindDart modules are removed.  Run
  "cmake --help-policy CMP0145" for policy details.  Use the cmake_policy
  command to set the policy and suppress this warning.

This warning is for project developers.  Use -Wno-dev to suppress it.

CMake Warning (dev) at /dev/shm/cmake-3.28.3-linux-x86_64/share/cmake-3.28/Modules/Dart.cmake:47 (message):
  Policy CMP0145 is not set: The Dart and FindDart modules are removed.  Run
  "cmake --help-policy CMP0145" for policy details.  Use the cmake_policy
  command to set the policy and suppress this warning.
Call Stack (most recent call first):
  CMakeLists.txt:55 (include)
This warning is for project developers.  Use -Wno-dev to suppress it.

-- Performing Test HAS_NOERROR
System is unknown to cmake, create:
Platform/NuttX to use this system, please post your config file on discourse.cmake.org so it can be added to cmake
-- Performing Test HAS_NOERROR - Success
-- Performing Test COMPILER_SUPPORT_MF16C
System is unknown to cmake, create:
Platform/NuttX to use this system, please post your config file on discourse.cmake.org so it can be added to cmake
-- Performing Test COMPILER_SUPPORT_MF16C - Failed
F16C instruction set is not supported.
-- Performing Test COMPILER_SUPPORT_FMA
System is unknown to cmake, create:
Platform/NuttX to use this system, please post your config file on discourse.cmake.org so it can be added to cmake
-- Performing Test COMPILER_SUPPORT_FMA - Failed
FMA instruction set is not supported.
-- Performing Test COMPILER_SUPPORT_AVX
System is unknown to cmake, create:
Platform/NuttX to use this system, please post your config file on discourse.cmake.org so it can be added to cmake
-- Performing Test COMPILER_SUPPORT_AVX - Failed
AVX instruction set is not supported.
One or more AVX/F16C instruction flags are not supported. 
Building ONNX Runtime for aarch64 CPU ARCH
-- Performing Test onnxruntime_HAVE_BUILTIN_ATOMICS
System is unknown to cmake, create:
Platform/NuttX to use this system, please post your config file on discourse.cmake.org so it can be added to cmake
-- Performing Test onnxruntime_HAVE_BUILTIN_ATOMICS - Success
-- Performing Test CMAKE_HAVE_LIBC_PTHREAD
System is unknown to cmake, create:
Platform/NuttX to use this system, please post your config file on discourse.cmake.org so it can be added to cmake
-- Performing Test CMAKE_HAVE_LIBC_PTHREAD - Success
-- Found Threads: TRUE  
CMake Error at /dev/shm/cmake-3.28.3-linux-x86_64/share/cmake-3.28/Modules/FindPackageHandleStandardArgs.cmake:230 (message):
  Could NOT find Iconv (missing: Iconv_LIBRARY Iconv_INCLUDE_DIR)
Call Stack (most recent call first):
  /dev/shm/cmake-3.28.3-linux-x86_64/share/cmake-3.28/Modules/FindPackageHandleStandardArgs.cmake:600 (_FPHSA_FAILURE_MESSAGE)
  /dev/shm/cmake-3.28.3-linux-x86_64/share/cmake-3.28/Modules/FindIconv.cmake:165 (find_package_handle_standard_args)
  CMakeLists.txt:530 (find_package)


-- Configuring incomplete, errors occurred!
