=> crc32 40c00800 6e9e570
crc32 for 40c00800 ... 47a9ed6f ==> 431364b0
=> crc32 90000000 44b0310
crc32 for 90000000 ... 944b030f ==> 2af64aa7
=> crc32 86000000 3e7da30
crc32 for 86000000 ... 89e7da2f ==> b5f7ae2d
=> cp.b 40c00800 80000000 400000
=> cp.b 41000800 80400000 400000
=> cp.b 41400800 80800000 400000
=> cp.b 41800800 80c00000 400000
=> cp.b 41c00800 81000000 400000
=> cp.b 42000800 81400000 400000
=> cp.b 42400800 81800000 400000
=> cp.b 42800800 81c00000 400000
=> cp.b 42c00800 82000000 400000
=> cp.b 43000800 82400000 400000
=> cp.b 43400800 82800000 400000
=> cp.b 43800800 82c00000 400000
=> cp.b 43c00800 83000000 400000
=> cp.b 44000800 83400000 400000
=> cp.b 44400800 83800000 400000
=> cp.b 44800800 83c00000 400000
=> cp.b 44c00800 84000000 400000
=> cp.b 45000800 84400000 400000
=> cp.b 45400800 84800000 400000
=> cp.b 45800800 84c00000 400000
=> cp.b 45c00800 85000000 400000
=> cp.b 46000800 85400000 400000
=> cp.b 46400800 85800000 400000
=> cp.b 46800800 85c00000 400000
=> crc32 80000000 9e7da30
crc32 for 80000000 ... 89e7da2f ==> b20f998f
=> cp.b 46c00800 40400000 400000
=> cp.b 47000800 40800000 400000
=> cp.b 47400800 40c00000 400000
=> cp.b 47800800 41000000 29e570
=> crc32 40400000 e9e570
crc32 for 40400000 ... 4129e56f ==> 7863d3b2
=> md.l 48300000 1
48300000: edfe0dd0                               ....
=> booti 40400000 - 48300000
Fdt Ramdisk skip relocation
## Flattened Device Tree blob at 0x48300000
   Booting using the fdt blob at 0x48300000
   Using Device Tree in place at 0000000048300000, end 0000000048326532
No resource file: logo_kernel.bmp
VP0 fail to load kernel logo
## reserved-memory:
  ramoops@40110000: addr=40110000 size=e0000
Adding bank: 0x40200000 - 0x48400000 (size: 0x08200000)
Adding bank: 0x49400000 - 0x100000000 (size: 0xb6c00000)
Adding bank: 0x100000000 - 0x140000000 (size: 0x40000000)
Total: 31958.210/32310.676 ms

Starting kernel ...

- Ready to Boot Primary CPU
RK3576 HCR_EL2=0000000008000032
RK3576 SCTLR_EL1=0000000030d00800
- Boot from EL2
- Boot from EL1
- Boot to C runtime for OS Initialize
[CPU0] arm64_chip_boot: RK3576: MMU enabled
[CPU0] rk3576_uart6_initialize: UART6 M0: 115200 8N1, internal loopback PASS, IRQ114 ttyS1
I/TC: Secondary CPU 1 initializing
I/TC: Secondary CPU 1 switching to normal world boot

NuIt/TC: Secondary CPU 4 initializing
tI/TC: Secondary CPU 4 switching to normal world boot
- Ready tI/TC: Secondary CPU 2 initializing
- oR BeoaI/TC: Secondary CPU 2 switching to normal world boot
doty  tSoec I/TC: Secondary CPU 5 initializing
-oB noodRI/TC: Secondary CPU 5 switching to normal world boot
t eaC dPSUey cot
I/TC: Secondary CPU 3 initializing
Ro-n K d3 R5eCPB7aI/TC: Secondary CPU 3 switching to normal world boot
Uod6o y
 HtC tRI/TC: Secondary CPU 6 initializing
oRSK- _e3 5BcREI/TC: Secondary CPU 6 switching to normal world boot
eLo7o2nao6=t d  0HdyCSCRPe0 I/TC: Secondary CPU 7 initializing
tU-_c0o 0oERnL0 
ReBd02o 0Ka=C03o0dI/TC: Secondary CPU 7 switching to normal world boot
5P0ty0  7U0006tS0
eo00 0HR 000BKC0o3cR0520_oo7Etn0d 
6L020R S K=0HeCc03C00PR-o_ 5n00U70RdEe 
L06CR2
a 0PK=R0SdKCy0U033T 050L7
t0050R6R0o0_  70K3S060B0E 5oC00T07oLHCL61t0R RSd0C000E70L06T0 08L0
1H=00-0R 0C00_00EBR000o20L
_o01E0- 0=L
L-110==0
00 - B0
00B0R0o0K0o03o05to0t 7006f 0 r033ofS00rdCm0d oL08m20 
E0L
2- B
oot from ELS2
hell (NSH)
nsh> [K- Boot from EL1
- Boot from EL1
- Boot from EL1
- Boot from EL1
- Boot from EL1
- Boot from EL1
- Boot from EL1
- Boot to C runtime for OS Initialize
- Boot to C runtime for OS Initialize
- Boot to C runtime for OS Initialize
- Boot to C runtime for OS Initialize
- Boot to C runtime for OS Initialize
- Boot to C runtime for OS In- iBtoiaolti ztoe 
C runtime for OS Initialize
