
nsh> [Kk7host voicecam 1800 &
k7host [58:100]
nsh> [KPHOTO PRESET v1.3-xcenter; X=-800..800 Y=-120..975; native pose
TRAC_required=1
VOICE SESSION ready mode=0; awaiting explicit commaUVC ISO EPALLOC ret=0
UVC ISO SET_INTERFACE ret=0
TRACK q=1 s=4 dx=0.0 dy=0.0 x=0 y=0 tx=0 age=83450
TRACK q=3 s=4 dx=0.0 dy=0.0 x=0 y=0 tx=0 age=102949
TRACK q=6 s=4 dx=0.0 dy=0.0 x=0 y=0 tx=0 age=90440
TRACK q=8 s=4 dx=0.0 dy=0.0 x=0 y=0 tx=0 age=109943
TRACK q=11 s=4 dx=0.0 dy=0.0 x=0 y=0 tx=0 age=97323
TRACK q=14 s=4 dx=0.0 dy=0.0 x=0 y=0 tx=0 age=84761
TRACK q=16 s=4 dx=0.0 dy=0.0 x=0 y=0 tx=0 age=104277

nsh> [Kk7cloud device-once 10.3.1.125
RADIO Wi-Fi RX type=1 id=15 seq=27 len=10
RADIO Wi-Fi cmd=15 seq=27 ack=1 status=0 response=0 ret=0
TRACK q=18 s=4 dx=0.0 dy=0.0 x=0 y=0 tx=0 age=123725
RADIO Wi-Fi RX type=1 id=15 seq=28 len=10
RADIO Wi-Fi cmd=15 seq=28 ack=1 status=0 response=0 ret=0
RADIO Wi-Fi RX type=1 id=15 seq=29 len=10
RADIO Wi-Fi cmd=15 seq=29 ack=1 status=0 response=0 ret=0
RADIO Wi-Fi RX type=1 id=15 seq=30 len=10
RADIO Wi-Fi cmd=15 seq=30 ack=1 status=0 response=0 ret=0
TRACK q=20 s=4 dx=0.0 dy=0.0 x=0 y=0 tx=0 age=111610
TRACK q=23 s=4 dx=0.0 dy=0.0 x=0 y=0 tx=0 age=99009
TRACK q=26 s=4 dx=0.0 dy=0.0 x=0 y=0 tx=0 age=86437
TRACK q=28 s=4 dx=0.0 dy=0.0 x=0 y=0 tx=0 age=105865
TRACK q=31 s=4 dx=0.0 dy=0.0 x=0 y=0 tx=0 age=93300
TRACK q=33 s=4 dx=0.0 dy=0.0 x=0 y=0 tx=0 age=112735
TRACK q=36 s=4 dx=0.0 dy=0.0 x=0 y=0 tx=0 age=100150
TRACK q=39 s=4 dx=0.0 dy=0.0 x=0 y=0 tx=0 age=87656
TRACK q=40 s=4 dx=0.0 dy=0.0 x=0 y=0 tx=0 age=139233
TRACK q=43 s=4 dx=0.0 dy=0.0 x=0 y=0 tx=0 age=94943
AUDIO_IO reset12=00000000 gate11=00000000 gate12=00000000 gate18=00000000 mux=00000000 source=00000000
AUDd3050
SOUND platform_result=0 version=23073576 repair=fdffffff dle=00000001
SOUND mclkout before=0000001f after=0000001d
RADIO Wi-Fi RX type=1 id=15 seq=31 len=10
RADIO Wi-Fi cmd=15 seq=31 ack=1 status=0 response=0 ret=0
TRACK q=45 s=4 dx=0.0 dy=0.0 x=0 y=0 tx=0 age=114457
TRACK q=48 s=4 dx=0.0 dy=0.0 x=0 y=0 tx=0 age=101941
TRACK q=51 s=4 dx=0.0 dy=0.0 x=0 y=0 tx=0 age=89526
TRACK q=53 s=4 dx=0.0 dy=0.0 x=0 y=0 tx=0 age=109080
TRACK q=56 s=4 dx=0.0 dy=0.0 x=0 y=0 tx=0 age=96958
TRACK q=59 s=4 dx=0.0 dy=0.0 x=0 y=0 tx=0 age=84503
TRACK q=61 s=4 dx=0.0 dy=0.0 x=0 y=0 tx=0 age=104033
TRACK q=63 s=4 dx=0.0 dy=0.0 x=0 y=0 tx=0 age=91626
TRACK q=65 s=4 dx=0.0 dy=0.0 x=0 y=0 tx=0 age=111154
TRACK q=68 s=4 dx=0.0 dy=0.0 x=0 y=0 tx=0 age=98850
TRACK q=71 s=4 dx=0.0 dy=0.0 x=0 y=0 tx=0 age=86387
TRACK q=73 s=4 dx=0.0 dy=0.0 x=0 y=0 tx=0 age=105964
SOUND codec_prepare=0 state=2
SOUND adc_variant=24 settle_ms=1000
SOUND playback_gain_db=24 dac_attenuation_db=0 maximum=1
TRACK q=76 s=4 dx=0.0 dy=0.0 x=0 y=0 tx=0 age=93393
TRACK q=78 s=4 dx=0.0 dy=0.0 x=0 y=0 tx=0 age=112833
TRACK q=81 s=4 dx=0.0 dy=0.0 x=0 y=0 tx=0 age=100215
TRACK q=84 s=4 dx=0.0 dy=0.0 x=0 y=0 tx=0 age=87478
RADIO Wi-Fi RX type=1 id=15 seq=32 len=10
RADIO Wi-Fi cmd=15 seq=32 ack=1 status=0 response=0 ret=0
RADIO Wi-Fi RX type=1 id=15 seq=33 len=10
RADIO Wi-Fi cmd=15 seq=33 ack=1 status=0 response=0 ret=0
TRACK q=85 s=4 dx=0.0 dy=0.0 x=0 y=0 tx=0 age=107040
RADIO Wi-Fi RX type=1 id=15 seq=34 len=10
RADIO Wi-Fi cmd=15 seq=34 ack=1 status=0 response=0 ret=0
RADIO Wi-Fi RX type=1 id=15 seq=35 len=10
RADIO Wi-Fi cmd=15 seq=35 ack=1 status=0 response=0 ret=0
RADIO Wi-Fi RX type=1 id=15 seq=36 len=10
RADIO Wi-Fi cmd=15 seq=36 ack=1 status=0 response=0 ret=0
WIFI data rejected ret=-138 parsed=-138 meta=0204 flags=5f offset=74 index=2 seq=8 lastbyte=82 wire=92 length=56
RADIO Wi-Fi RX type=1 id=15 seq=37 len=10
RADIO Wi-Fi cmd=15 seq=37 ack=1 status=0 response=0 ret=0
RADIO Wi-Fi RX type=1 id=15 seq=38 len=10
RADIO Wi-Fi cmd=15 seq=38 ack=1 status=0 response=0 ret=0
TRACK q=88 s=4 dx=0.0 dy=0.0 x=0 y=0 tx=0 age=94294
RADIO Wi-Fi RX type=1 id=15 seq=39 len=10
RADIO Wi-Fi cmd=15 seq=39 ack=1 status=0 response=0 ret=0
RADIO Wi-Fi RX type=1 id=15 seq=40 len=10
RADIO Wi-Fi cmd=15 seq=40 ack=1 status=0 response=0 ret=0
RADIO Wi-Fi RX type=1 id=15 seq=41 len=10
RADIO Wi-Fi cmd=15 seq=41 ack=1 status=0 response=0 ret=0
RADIO Wi-Fi RX type=1 id=15 seq=42 len=10
RADIO Wi-Fi cmd=15 seq=42 ack=1 status=0 response=0 ret=0
RADIO Wi-Fi RX type=1 id=15 seq=43 len=10
RADIO Wi-Fi cmd=15 seq=43 ack=1 status=0 response=0 ret=0
RADIO Wi-Fi RX type=1 id=15 seq=44 len=10
RADIO Wi-Fi cmd=15 seq=44 ack=1 status=0 response=0 ret=0
TRACK q=90 s=4 dx=0.0 dy=0.0 x=0 y=0 tx=0 age=113782
RADIO Wi-Fi RX type=1 id=15 seq=45 len=10
RADIO Wi-Fi cmd=15 seq=45 ack=1 status=0 response=0 ret=0
RADIO Wi-Fi RX type=1 id=15 seq=46 len=10
RADIO Wi-Fi cmd=15 seq=46 ack=1 status=0 response=0 ret=0
RADIO Wi-Fi RX type=1 id=15 seq=47 len=10
RADIO Wi-Fi cmd=15 seq=47 ack=1 status=0 response=0 ret=0
RADIO Wi-Fi RX type=1 id=15 seq=48 len=10
RADIO Wi-Fi cmd=15 seq=48 ack=1 status=0 response=0 ret=0
RADIO Wi-Fi RX type=1 id=15 seq=49 len=10
RADIO Wi-Fi cmd=15 seq=49 ack=1 status=0 response=0 ret=0
RADIO Wi-Fi RX type=1 id=15 seq=50 len=10
RADIO Wi-Fi cmd=15 seq=50 ack=1 status=0 response=0 ret=0
TRACK q=93 s=4 dx=0.0 dy=0.0 x=0 y=0 tx=0 age=101125
RADIO Wi-Fi RX type=1 id=15 seq=51 len=10
RADIO Wi-Fi cmd=15 seq=51 ack=1 status=0 response=0 ret=0
RADIO Wi-Fi RX type=1 id=15 seq=52 len=10
RADIO Wi-Fi cmd=15 seq=52 ack=1 status=0 response=0 ret=0
RADIO Wi-Fi RX type=1 id=15 seq=53 len=10
RADIO Wi-Fi cmd=15 seq=53 ack=1 status=0 response=0 ret=0
RADIO Wi-Fi RX type=1 id=15 seq=54 len=10
RADIO Wi-Fi cmd=15 seq=54 ack=1 status=0 response=0 ret=0
RADIO Wi-Fi RX type=1 id=15 seq=55 len=10
RADIO Wi-Fi cmd=15 seq=55 ack=1 status=0 response=0 ret=0
RADIO Wi-Fi RX type=1 id=15 seq=56 len=10
RADIO Wi-Fi cmd=15 seq=56 ack=1 status=0 response=0 ret=0
TRACK q=96 s=4 dx=0.0 dy=0.0 x=0 y=0 tx=0 age=88517
RADIO Wi-Fi RX type=1 id=15 seq=57 len=10
RADIO Wi-Fi cmd=15 seq=57 ack=1 status=0 response=0 ret=0
RADIO Wi-Fi RX type=1 id=15 seq=58 len=10
RADIO Wi-Fi cmd=15 seq=58 ack=1 status=0 response=0 ret=0
RADIO Wi-Fi RX type=1 id=15 seq=59 len=10
RADIO Wi-Fi cmd=15 seq=59 ack=1 status=0 response=0 ret=0
RADIO Wi-Fi RX type=1 id=15 seq=60 len=10
RADIO Wi-Fi cmd=15 seq=60 ack=1 status=0 response=0 ret=0
RADIO Wi-Fi RX type=1 id=15 seq=61 len=10
RADIO Wi-Fi cmd=15 seq=61 ack=1 status=0 response=0 ret=0
RADIO Wi-Fi RX type=1 id=15 seq=62 len=10
RADIO Wi-Fi cmd=15 seq=62 ack=1 status=0 response=0 ret=0
TRACK q=98 s=4 dx=0.0 dy=0.0 x=0 y=0 tx=0 age=108136
RADIO Wi-Fi RX type=1 id=15 seq=63 len=10
RADIO Wi-Fi cmd=15 seq=63 ack=1 status=0 response=0 ret=0
RADIO Wi-Fi RX type=1 id=15 seq=64 len=10
RADIO Wi-Fi cmd=15 seq=64 ack=1 status=0 response=0 ret=0
RADIO Wi-Fi RX type=1 id=15 seq=65 len=10
RADIO Wi-Fi cmd=15 seq=65 ack=1 status=0 response=0 ret=0
RADIO Wi-Fi RX type=1 id=15 seq=66 len=10
RADIO Wi-Fi cmd=15 seq=66 ack=1 status=0 response=0 ret=0
RADIO Wi-Fi RX type=1 id=15 seq=67 len=10
RADIO Wi-Fi cmd=15 seq=67 ack=1 status=0 response=0 ret=0
RADIO Wi-Fi RX type=1 id=15 seq=68 len=10
RADIO Wi-Fi cmd=15 seq=68 ack=1 status=0 response=0 ret=0
TRACK q=101 s=4 dx=0.0 dy=0.0 x=0 y=0 tx=0 age=95621
RADIO Wi-Fi RX type=1 id=15 seq=69 len=10
RADIO Wi-Fi cmd=15 seq=69 ack=1 status=0 response=0 ret=0
RADIO Wi-Fi RX type=1 id=15 seq=70 len=10
RADIO Wi-Fi cmd=15 seq=70 ack=1 status=0 response=0 ret=0
RADIO Wi-Fi RX type=1 id=15 seq=71 len=10
RADIO Wi-Fi cmd=15 seq=71 ack=1 status=0 response=0 ret=0
RADIO Wi-Fi RX type=1 id=15 seq=72 len=10
RADIO Wi-Fi cmd=15 seq=72 ack=1 status=0 response=0 ret=0
RADIO Wi-Fi RX type=1 id=15 seq=73 len=10
RADIO Wi-Fi cmd=15 seq=73 ack=1 status=0 response=0 ret=0
RADIO Wi-Fi RX type=1 id=15 seq=74 len=10
RADIO Wi-Fi cmd=15 seq=74 ack=1 status=0 response=0 ret=0
TRACK q=103 s=4 dx=0.0 dy=0.0 x=0 y=0 tx=0 age=114983
RADIO Wi-Fi RX type=1 id=15 seq=75 len=10
RADIO Wi-Fi cmd=15 seq=75 ack=1 status=0 response=0 ret=0
RADIO Wi-Fi RX type=1 id=15 seq=76 len=10
RADIO Wi-Fi cmd=15 seq=76 ack=1 status=0 response=0 ret=0
RADIO Wi-Fi RX type=1 id=15 seq=77 len=10
RADIO Wi-Fi cmd=15 seq=77 ack=1 status=0 response=0 ret=0
RADIO Wi-Fi RX type=1 id=15 seq=78 len=10
RADIO Wi-Fi cmd=15 seq=78 ack=1 status=0 response=0 ret=0
RADIO Wi-Fi RX type=1 id=15 seq=79 len=10
RADIO Wi-Fi cmd=15 seq=79 ack=1 status=0 response=0 ret=0
RADIO Wi-Fi RX type=1 id=15 seq=80 len=10
RADIO Wi-Fi cmd=15 seq=80 ack=1 status=0 response=0 ret=0
RADIO Wi-Fi RX type=1 id=15 seq=81 len=10
RADIO Wi-Fi cmd=15 seq=81 ack=1 status=0 response=0 ret=0
TRACK q=106 s=4 dx=0.0 dy=0.0 x=0 y=0 tx=0 age=102419
RADIO Wi-Fi RX type=1 id=15 seq=82 len=10
RADIO Wi-Fi cmd=15 seq=82 ack=1 status=0 response=0 ret=0
RADIO Wi-Fi RX type=1 id=15 seq=83 len=10
RADIO Wi-Fi cmd=15 seq=83 ack=1 status=0 response=0 ret=0
RADIO Wi-Fi RX type=1 id=15 seq=84 len=10
RADIO Wi-Fi cmd=15 seq=84 ack=1 status=0 response=0 ret=0
RADIO Wi-Fi RX type=1 id=15 seq=85 len=10
RADIO Wi-Fi cmd=15 seq=85 ack=1 status=0 response=0 ret=0
RADIO Wi-Fi RX type=1 id=15 seq=86 len=10
RADIO Wi-Fi cmd=15 seq=86 ack=1 status=0 response=0 ret=0
TRACK q=108 s=4 dx=0.0 dy=0.0 x=0 y=0 tx=0 age=90084
RADIO Wi-Fi RX type=1 id=15 seq=87 len=10
RADIO Wi-Fi cmd=15 seq=87 ack=1 status=0 response=0 ret=0
RADIO Wi-Fi RX type=1 id=15 seq=88 len=10
RADIO Wi-Fi cmd=15 seq=88 ack=1 status=0 response=0 ret=0
RADIO Wi-Fi RX type=1 id=15 seq=89 len=10
RADIO Wi-Fi cmd=15 seq=89 ack=1 status=0 response=0 ret=0
RADIO Wi-Fi RX type=1 id=15 seq=90 len=10
RADIO Wi-Fi cmd=15 seq=90 ack=1 status=0 response=0 ret=0
RADIO Wi-Fi RX type=1 id=15 seq=91 len=10
RADIO Wi-Fi cmd=15 seq=91 ack=1 status=0 response=0 ret=0
RADIO Wi-Fi RX type=1 id=15 seq=92 len=10
RADIO Wi-Fi cmd=15 seq=92 ack=1 status=0 response=0 ret=0
RADIO Wi-Fi RX type=1 id=15 seq=93 len=10
RADIO Wi-Fi cmd=15 seq=93 ack=1 status=0 response=0 ret=0
TRACK q=110 s=4 dx=0.0 dy=0.0 x=0 y=0 tx=0 age=109415
RADIO Wi-Fi RX type=1 id=15 seq=94 len=10
RADIO Wi-Fi cmd=15 seq=94 ack=1 status=0 response=0 ret=0
RADIO Wi-Fi RX type=1 id=15 seq=95 len=10
RADIO Wi-Fi cmd=15 seq=95 ack=1 status=0 response=0 ret=0
RADIO Wi-Fi RX type=1 id=15 seq=96 len=10
RADIO Wi-Fi cmd=15 seq=96 ack=1 status=0 response=0 ret=0
RADIO Wi-Fi RX type=1 id=15 seq=97 len=10
RADIO Wi-Fi cmd=15 seq=97 ack=1 status=0 response=0 ret=0
RADIO Wi-Fi RX type=1 id=15 seq=98 len=10
RADIO Wi-Fi cmd=15 seq=98 ack=1 status=0 response=0 ret=0
RADIO Wi-Fi RX type=1 id=15 seq=99 len=10
RADIO Wi-Fi cmd=15 seq=99 ack=1 status=0 response=0 ret=0
TRACK q=113 s=4 dx=0.0 dy=0.0 x=0 y=0 tx=0 age=97114
RADIO Wi-Fi RX type=1 id=15 seq=100 len=10
RADIO Wi-Fi cmd=15 seq=100 ack=1 status=0 response=0 ret=0
RADIO Wi-Fi RX type=1 id=15 seq=101 len=10
RADIO Wi-Fi cmd=15 seq=101 ack=1 status=0 response=0 ret=0
RADIO Wi-Fi RX type=1 id=15 seq=102 len=10
RADIO Wi-Fi cmd=15 seq=102 ack=1 status=0 response=0 ret=0
RADIO Wi-Fi RX type=1 id=15 seq=103 len=10
RADIO Wi-Fi cmd=15 seq=103 ack=1 status=0 response=0 ret=0
RADIO Wi-Fi RX type=1 id=15 seq=104 len=10
RADIO Wi-Fi cmd=15 seq=104 ack=1 status=0 response=0 ret=0
RADIO Wi-Fi RX type=1 id=15 seq=105 len=10
RADIO Wi-Fi cmd=15 seq=105 ack=1 status=0 response=0 ret=0
TRACK q=116 s=4 dx=0.0 dy=0.0 x=0 y=0 tx=0 age=84512
RADIO Wi-Fi RX type=1 id=15 seq=106 len=10
RADIO Wi-Fi cmd=15 seq=106 ack=1 status=0 response=0 ret=0
RADIO Wi-Fi RX type=1 id=15 seq=107 len=10
RADIO Wi-Fi cmd=15 seq=107 ack=1 status=0 response=0 ret=0
RADIO Wi-Fi RX type=1 id=15 seq=108 len=10
RADIO Wi-Fi cmd=15 seq=108 ack=1 status=0 response=0 ret=0
RADIO Wi-Fi RX type=1 id=15 seq=109 len=10
RADIO Wi-Fi cmd=15 seq=109 ack=1 status=0 response=0 ret=0
RADIO Wi-Fi RX type=1 id=15 seq=110 len=10
RADIO Wi-Fi cmd=15 seq=110 ack=1 status=0 response=0 ret=0
RADIO Wi-Fi RX type=1 id=15 seq=111 len=10
RADIO Wi-Fi cmd=15 seq=111 ack=1 status=0 response=0 ret=0
RADIO Wi-Fi RX type=1 id=15 seq=112 len=10
RADIO Wi-Fi cmd=15 seq=112 ack=1 status=0 response=0 ret=0
TRACK q=118 s=4 dx=0.0 dRADIO Wi-Fi RX type=1 id=15 seq=113 len=10
RADIO Wi-Fi cmd=15 seq=113 ack=1 status=0 response=0 ret=0
RADIO Wi-Fi RX type=1 id=15 seq=114 len=10
RADIO Wi-Fi cmd=15 seq=114 ack=1 status=0 response=0 ret=0
RADIO Wi-Fi RX type=1 id=15 seq=115 len=10
RADIO Wi-Fi cmd=15 seq=115 ack=1 status=0 response=0 ret=0
RADIO Wi-Fi RX type=1 id=15 seq=116 len=10
RADIO Wi-Fi cmd=15 seq=116 ack=1 status=0 response=0 ret=0
RADIO Wi-Fi RX type=1 id=15 seq=117 len=10
RADIO Wi-Fi cmd=15 seq=117 ack=1 status=0 response=0 ret=0
RADIO Wi-Fi RX type=1 id=15 seq=118 len=10
RADIO Wi-Fi cmd=15 seq=118 ack=1 status=0 response=0 ret=0
TRACK q=121 s=4 dx=0.0 dRADIO Wi-Fi RX type=1 id=15 seq=119 len=10
RADIO Wi-Fi cmd=15 seq=119 ack=1 status=0 response=0 ret=0
RADIO Wi-Fi RX type=1 id=15 seq=120 len=10
RADIO Wi-Fi cmd=15 seq=120 ack=1 status=0 response=0 ret=0
RADIO Wi-Fi RX type=1 id=15 seq=121 len=10
RADIO Wi-Fi cmd=15 seq=121 ack=1 status=0 response=0 ret=0
RADIO Wi-Fi RX type=1 id=15 seq=122 len=10
RADIO Wi-Fi cmd=15 seq=122 ack=1 status=0 response=0 ret=0
RADIO Wi-Fi RX type=1 id=15 seq=123 len=10
RADIO Wi-Fi cmd=15 seq=123 ack=1 status=0 response=0 ret=0
RADIO Wi-Fi RX type=1 id=15 seq=124 len=10
RADIO Wi-Fi cmd=15 seq=124 ack=1 status=0 response=0 ret=0
TRACK q=123 s=4 dx=0.0 dy=0.0 x=0 y=0 tx=0 age=110997
RADIO Wi-Fi RX type=1 id=15 seq=125 len=10
RADIO Wi-Fi cmd=15 seq=125 ack=1 status=0 response=0 ret=0
RADIO Wi-Fi RX type=1 id=15 seq=126 len=10
RADIO Wi-Fi cmd=15 seq=126 ack=1 status=0 response=0 ret=0
RADIO Wi-Fi RX type=1 id=15 seq=127 len=10
RADIO Wi-Fi cmd=15 seq=127 ack=1 status=0 response=0 ret=0
RADIO Wi-Fi RX type=1 id=15 seq=128 len=10
RADIO Wi-Fi cmd=15 seq=128 ack=1 status=0 response=0 ret=0
TRACK q=126 s=4 dx=0.0 dy=0.0 x=0 y=0 tx=0 age=98540
RADIO Wi-Fi RX type=1 id=15 seq=129 len=10
RADIO Wi-Fi cmd=15 seq=129 ack=1 status=0 response=0 ret=0
WIFI data rejected ret=-138 parsed=-138 meta=0a04 flags=77 offset=74 index=1 seq=41 lastbyte=81 wire=92 length=56
RADIO Wi-Fi RX type=1 id=15 seq=130 len=10
RADIO Wi-Fi cmd=15 seq=130 ack=1 status=0 response=0 ret=0
RADIO Wi-Fi RX type=1 id=15 seq=131 len=10
RADIO Wi-Fi cmd=15 seq=131 ack=1 status=0 response=0 ret=0
RADIO Wi-Fi RX type=1 id=15 seq=132 len=10
RADIO Wi-Fi cmd=15 seq=132 ack=1 status=0 response=0 ret=0
RADIO Wi-Fi RX type=1 id=15 seq=133 len=10
RADIO Wi-Fi cmd=15 seq=133 ack=1 status=0 response=0 ret=0
TRACK q=128 s=4 dx=0.0 dy=0.0 x=0 y=0 tx=0 age=118186
RADIO Wi-Fi RX type=1 id=15 seq=134 len=10
RADIO Wi-Fi cmd=15 seq=134 ack=1 status=0 response=0 ret=0
RADIO Wi-Fi RX type=1 id=15 seq=135 len=10
RADIO Wi-Fi cmd=15 seq=135 ack=1 status=0 response=0 ret=0
RADIO Wi-Fi RX type=1 id=15 seq=136 len=10
RADIO Wi-Fi cmd=15 seq=136 ack=1 status=0 response=0 ret=0
RADIO Wi-Fi RX type=1 id=15 seq=137 len=10
RADIO Wi-Fi cmd=15 seq=137 ack=1 status=0 response=0 ret=0
RADIO Wi-Fi RX type=1 id=15 seq=138 len=10
RADIO Wi-Fi cmd=15 seq=138 ack=1 status=0 response=0 ret=0
TRACK q=130 s=4 dx=0.0 dy=0.0 x=0 y=0 tx=0 age=105889
RADIO Wi-Fi RX type=1 id=15 seq=139 len=10
RADIO Wi-Fi cmd=15 seq=139 ack=1 status=0 response=0 ret=0
RADIO Wi-Fi RX type=1 id=15 seq=140 len=10
RADIO Wi-Fi cmd=15 seq=140 ack=1 status=0 response=0 ret=0
RADIO Wi-Fi RX type=1 id=15 seq=141 len=10
RADIO Wi-Fi cmd=15 seq=141 ack=1 status=0 response=0 ret=0
RADIO Wi-Fi RX type=1 id=15 seq=142 len=10
RADIO Wi-Fi cmd=15 seq=142 ack=1 status=0 response=0 ret=0
RADIO Wi-Fi RX type=1 id=15 seq=143 len=10
RADIO Wi-Fi cmd=15 seq=143 ack=1 status=0 response=0 ret=0
RADIO Wi-Fi RX type=1 id=15 seq=144 len=10
RADIO Wi-Fi cmd=15 seq=144 ack=1 status=0 response=0 ret=0
RADIO Wi-Fi RX type=1 id=15 seq=145 len=10
RADIO Wi-Fi cmd=15 seq=145 ack=1 status=0 response=0 ret=0
TRACK q=133 s=4 dx=0.0 dy=0.0 x=0 y=0 tx=0 age=93472
RADIO Wi-Fi RX type=1 id=15 seq=146 len=10
RADIO Wi-Fi cmd=15 seq=146 ack=1 status=0 response=0 ret=0
RADIO Wi-Fi RX type=1 id=15 seq=147 len=10
RADIO Wi-Fi cmd=15 seq=147 ack=1 status=0 response=0 ret=0
RADIO Wi-Fi RX type=1 id=15 seq=148 len=10
RADIO Wi-Fi cmd=15 seq=148 ack=1 status=0 response=0 ret=0
RADIO Wi-Fi RX type=1 id=15 seq=149 len=10
RADIO Wi-Fi cmd=15 seq=149 ack=1 status=0 response=0 ret=0
RADIO Wi-Fi RX type=1 id=15 seq=150 len=10
RADIO Wi-Fi cmd=15 seq=150 ack=1 status=0 response=0 ret=0
RADIO Wi-Fi RX type=1 id=15 seq=151 len=10
RADIO Wi-Fi cmd=15 seq=151 ack=1 status=0 response=0 ret=0
RADIO Wi-Fi RX type=1 id=15 seq=152 len=10
RADIO Wi-Fi cmd=15 seq=152 ack=1 status=0 response=0 ret=0
TRACK q=135 s=4 dx=0.0 dy=0.0 x=0 y=0 tx=0 age=113066
RADIO Wi-Fi RX type=1 id=15 seq=153 len=10
RADIO Wi-Fi cmd=15 seq=153 ack=1 status=0 response=0 ret=0
RADIO Wi-Fi RX type=1 id=15 seq=154 len=10
RADIO Wi-Fi cmd=15 seq=154 ack=1 status=0 response=0 ret=0
RADIO Wi-Fi RX type=1 id=15 seq=155 len=10
RADIO Wi-Fi cmd=15 seq=155 ack=1 status=0 response=0 ret=0
RADIO Wi-Fi RX type=1 id=15 seq=156 len=10
RADIO Wi-Fi cmd=15 seq=156 ack=1 status=0 response=0 ret=0
RADIO Wi-Fi RX type=1 id=15 seq=157 len=10
RADIO Wi-Fi cmd=15 seq=157 ack=1 status=0 response=0 ret=0
RADIO Wi-Fi RX type=1 id=15 seq=158 len=10
RADIO Wi-Fi cmd=15 seq=158 ack=1 status=0 response=0 ret=0
TRACK q=138 s=4 dx=0.0 dy=0.0 x=0 y=0 tx=0 age=100587
RADIO Wi-Fi RX type=1 id=15 seq=159 len=10
RADIO Wi-Fi cmd=15 seq=159 ack=1 status=0 response=0 ret=0
RADIO Wi-Fi RX type=1 id=15 seq=160 len=10
RADIO Wi-Fi cmd=15 seq=160 ack=1 status=0 response=0 ret=0
RADIO Wi-Fi RX type=1 id=15 seq=161 len=10
RADIO Wi-Fi cmd=15 seq=161 ack=1 status=0 response=0 ret=0
RADIO Wi-Fi RX type=1 id=15 seq=162 len=10
RADIO Wi-Fi cmd=15 seq=162 ack=1 status=0 response=0 ret=0
RADIO Wi-Fi RX type=1 id=15 seq=163 len=10
RADIO Wi-Fi cmd=15 seq=163 ack=1 status=0 response=0 ret=0
RADIO Wi-Fi RX type=1 id=15 seq=164 len=10
RADIO Wi-Fi cmd=15 seq=164 ack=1 status=0 response=0 ret=0
TRACK q=141 s=4 dx=0.0 dy=0.0 x=0 y=0 tx=0 age=88090
RADIO Wi-Fi RX type=1 id=15 seq=165 len=10
RADIO Wi-Fi cmd=15 seq=165 ack=1 status=0 response=0 ret=0
RADIO Wi-Fi RX type=1 id=15 seq=166 len=10
RADIO Wi-Fi cmd=15 seq=166 ack=1 status=0 response=0 ret=0
RADIO Wi-Fi RX type=1 id=15 seq=167 len=10
RADIO Wi-Fi cmd=15 seq=167 ack=1 status=0 response=0 ret=0
RADIO Wi-Fi RX type=1 id=15 seq=168 len=10
RADIO Wi-Fi cmd=15 seq=168 ack=1 status=0 response=0 ret=0
RADIO Wi-Fi RX type=1 id=15 seq=169 len=10
RADIO Wi-Fi cmd=15 seq=169 ack=1 status=0 response=0 ret=0
RADIO Wi-Fi RX type=1 id=15 seq=170 len=10
RADIO Wi-Fi cmd=15 seq=170 ack=1 status=0 response=0 ret=0
TRACK q=143 s=4 dx=0.0 dy=0.0 x=0 y=0 tx=0 age=107658
RADIO Wi-Fi RX type=1 id=15 seq=171 len=10
RADIO Wi-Fi cmd=15 seq=171 ack=1 status=0 response=0 ret=0
RADIO Wi-Fi RX type=1 id=15 seq=172 len=10
RADIO Wi-Fi cmd=15 seq=172 ack=1 status=0 response=0 ret=0
RADIO Wi-Fi RX type=1 id=15 seq=173 len=10
RADIO Wi-Fi cmd=15 seq=173 ack=1 status=0 response=0 ret=0
RADIO Wi-Fi RX type=1 id=15 seq=174 len=10
RADIO Wi-Fi cmd=15 seq=174 ack=1 status=0 response=0 ret=0
RADIO Wi-Fi RX type=1 id=15 seq=175 len=10
RADIO Wi-Fi cmd=15 seq=175 ack=1 status=0 response=0 ret=0
RADIO Wi-Fi RX type=1 id=15 seq=176 len=10
RADIO Wi-Fi cmd=15 seq=176 ack=1 status=0 response=0 ret=0
RADIO Wi-Fi RX type=1 id=15 seq=177 len=10
RADIO Wi-Fi cmd=15 seq=177 ack=1 status=0 response=0 ret=0
TRACK q=146 s=4 dx=0.0 dRADIO Wi-Fi RX type=1 id=15 seq=178 len=10
RADIO Wi-Fi cmd=15 seq=178 ack=1 status=0 response=0 ret=0
RADIO Wi-Fi RX type=1 id=15 seq=179 len=10
RADIO Wi-Fi cmd=15 seq=179 ack=1 status=0 response=0 ret=0
RADIO Wi-Fi RX type=1 id=15 seq=180 len=10
RADIO Wi-Fi cmd=15 seq=180 ack=1 status=0 response=0 ret=0
RADIO Wi-Fi RX type=1 id=15 seq=181 len=10
RADIO Wi-Fi cmd=15 seq=181 ack=1 status=0 response=0 ret=0
RADIO Wi-Fi RX type=1 id=15 seq=182 len=10
RADIO Wi-Fi cmd=15 seq=182 ack=1 status=0 response=0 ret=0
RADIO Wi-Fi RX type=1 id=15 seq=183 len=10
RADIO Wi-Fi cmd=15 seq=183 ack=1 status=0 response=0 ret=0
RADIO Wi-Fi RX type=1 id=15 seq=184 len=10
RADIO Wi-Fi cmd=15 seq=184 ack=1 status=0 response=0 ret=0
TRACK q=148 s=4 dx=0.0 dy=0.0 x=0 y=0 tx=0 age=114734
RADIO Wi-Fi RX type=1 id=15 seq=185 len=10
RADIO Wi-Fi cmd=15 seq=185 ack=1 status=0 response=0 ret=0
RADIO Wi-Fi RX type=1 id=15 seq=186 len=10
RADIO Wi-Fi cmd=15 seq=186 ack=1 status=0 response=0 ret=0
RADIO Wi-Fi RX type=1 id=15 seq=187 len=10
RADIO Wi-Fi cmd=15 seq=187 ack=1 status=0 response=0 ret=0
RADIO Wi-Fi RX type=1 id=15 seq=188 len=10
RADIO Wi-Fi cmd=15 seq=188 ack=1 status=0 response=0 ret=0
RADIO Wi-Fi RX type=1 id=15 seq=189 len=10
RADIO Wi-Fi cmd=15 seq=189 ack=1 status=0 response=0 ret=0
RADIO Wi-Fi RX type=1 id=15 seq=190 len=10
RADIO Wi-Fi cmd=15 seq=190 ack=1 status=0 response=0 ret=0
TRACK q=150 s=4 dx=0.0 dy=0.0 x=0 y=0 tx=0 age=134376
RADIO Wi-Fi RX type=1 id=15 seq=191 len=10
RADIO Wi-Fi cmd=15 seq=191 ack=1 status=0 response=0 ret=0
RADIO Wi-Fi RX type=1 id=15 seq=192 len=10
RADIO Wi-Fi cmd=15 seq=192 ack=1 status=0 response=0 ret=0
RADIO Wi-Fi RX type=1 id=15 seq=193 len=10
RADIO Wi-Fi cmd=15 seq=193 ack=1 status=0 response=0 ret=0
RADIO Wi-Fi RX type=1 id=15 seq=194 len=10
RADIO Wi-Fi cmd=15 seq=194 ack=1 status=0 response=0 ret=0
RADIO Wi-Fi RX type=1 id=15 seq=195 len=10
RADIO Wi-Fi cmd=15 seq=195 ack=1 status=0 response=0 ret=0
RADIO Wi-Fi RX type=1 id=15 seq=196 len=10
RADIO Wi-Fi cmd=15 seq=196 ack=1 status=0 response=0 ret=0
RADIO Wi-Fi RX type=1 id=15 seq=197 len=10
RADIO Wi-Fi cmd=15 seq=197 ack=1 status=0 response=0 ret=0
TRACK q=153 s=4 dx=0.0 dy=0.0 x=0 y=0 tx=0 age=90159
RADIO Wi-Fi RX type=1 id=15 seq=198 len=10
RADIO Wi-Fi cmd=15 seq=198 ack=1 status=0 response=0 ret=0
RADIO Wi-Fi RX type=1 id=15 seq=199 len=10
RADIO Wi-Fi cmd=15 seq=199 ack=1 status=0 response=0 ret=0
RADIO Wi-Fi RX type=1 id=15 seq=200 len=10
RADIO Wi-Fi cmd=15 seq=200 ack=1 status=0 response=0 ret=0
RADIO Wi-Fi RX type=1 id=15 seq=201 len=10
RADIO Wi-Fi cmd=15 seq=201 ack=1 status=0 response=0 ret=0
RADIO Wi-Fi RX type=1 id=15 seq=202 len=10
RADIO Wi-Fi cmd=15 seq=202 ack=1 status=0 response=0 ret=0
RADIO Wi-Fi RX type=1 id=15 seq=203 len=10
RADIO Wi-Fi cmd=15 seq=203 ack=1 status=0 response=0 ret=0
TRACK q=155 s=4 dx=0.0 dy=0.0 x=0 y=0 tx=0 age=109724
RADIO Wi-Fi RX type=1 id=15 seq=204 len=10
RADIO Wi-Fi cmd=15 seq=204 ack=1 status=0 response=0 ret=0
RADIO Wi-Fi RX type=1 id=15 seq=205 len=10
RADIO Wi-Fi cmd=15 seq=205 ack=1 status=0 response=0 ret=0
RADIO Wi-Fi RX type=1 id=15 seq=206 len=10
RADIO Wi-Fi cmd=15 seq=206 ack=1 status=0 response=0 ret=0
RADIO Wi-Fi RX type=1 id=15 seq=207 len=10
RADIO Wi-Fi cmd=15 seq=207 ack=1 status=0 response=0 ret=0
RADIO Wi-Fi RX type=1 id=15 seq=208 len=10
RADIO Wi-Fi cmd=15 seq=208 ack=1 status=0 response=0 ret=0
RADIO Wi-Fi RX type=1 id=15 seq=209 len=10
RADIO Wi-Fi cmd=15 seq=209 ack=1 status=0 response=0 ret=0
RADIO Wi-Fi RX type=1 id=15 seq=210 len=10
RADIO Wi-Fi cmd=15 seq=210 ack=1 status=0 response=0 ret=0
TRACK q=158 s=4 dx=0.0 dy=0.0 x=0 y=0 tx=0 age=97406
RADIO Wi-Fi RX type=1 id=15 seq=211 len=10
RADIO Wi-Fi cmd=15 seq=211 ack=1 status=0 response=0 ret=0
RADIO Wi-Fi RX type=1 id=15 seq=212 len=10
RADIO Wi-Fi cmd=15 seq=212 ack=1 status=0 response=0 ret=0
RADIO Wi-Fi RX type=1 id=15 seq=213 len=10
RADIO Wi-Fi cmd=15 seq=213 ack=1 status=0 response=0 ret=0
RADIO Wi-Fi RX type=1 id=15 seq=214 len=10
RADIO Wi-Fi cmd=15 seq=214 ack=1 status=0 response=0 ret=0
RADIO Wi-Fi RX type=1 id=15 seq=215 len=10
RADIO Wi-Fi cmd=15 seq=215 ack=1 status=0 response=0 ret=0
RADIO Wi-Fi RX type=1 id=15 seq=216 len=10
RADIO Wi-Fi cmd=15 seq=216 ack=1 status=0 response=0 ret=0
RADIO Wi-Fi RX type=1 id=15 seq=217 len=10
RADIO Wi-Fi cmd=15 seq=217 ack=1 status=0 response=0 ret=0
TRACK q=161 s=4 dx=0.0 dy=0.0 x=0 y=0 tx=0 age=85029
RADIO Wi-Fi RX type=1 id=15 seq=218 len=10
RADIO Wi-Fi cmd=15 seq=218 ack=1 status=0 response=0 ret=0
RADIO Wi-Fi RX type=1 id=15 seq=219 len=10
RADIO Wi-Fi cmd=15 seq=219 ack=1 status=0 response=0 ret=0
RADIO Wi-Fi RX type=1 id=15 seq=220 len=10
RADIO Wi-Fi cmd=15 seq=220 ack=1 status=0 response=0 ret=0
RADIO Wi-Fi RX type=1 id=15 seq=221 len=10
RADIO Wi-Fi cmd=15 seq=221 ack=1 status=0 response=0 ret=0
RADIO Wi-Fi RX type=1 id=15 seq=222 len=10
RADIO Wi-Fi cmd=15 seq=222 ack=1 status=0 response=0 ret=0
RADIO Wi-Fi RX type=1 id=15 seq=223 len=10
RADIO Wi-Fi cmd=15 seq=223 ack=1 status=0 response=0 ret=0
TRACK q=163 s=4 dx=0.0 dy=0.0 x=0 y=0 tx=0 age=104615
RADIO Wi-Fi RX type=1 id=15 seq=224 len=10
RADIO Wi-Fi cmd=15 seq=224 ack=1 status=0 response=0 ret=0
RADIO Wi-Fi RX type=1 id=15 seq=225 len=10
RADIO Wi-Fi cmd=15 seq=225 ack=1 status=0 response=0 ret=0
RADIO Wi-Fi RX type=1 id=15 seq=226 len=10
RADIO Wi-Fi cmd=15 seq=226 ack=1 status=0 response=0 ret=0
RADIO Wi-Fi RX type=1 id=15 seq=227 len=10
RADIO Wi-Fi cmd=15 seq=227 ack=1 status=0 response=0 ret=0
RADIO Wi-Fi RX type=1 id=15 seq=228 len=10
RADIO Wi-Fi cmd=15 seq=228 ack=1 status=0 response=0 ret=0
RADIO Wi-Fi RX type=1 id=15 seq=229 len=10
RADIO Wi-Fi cmd=15 seq=229 ack=1 status=0 response=0 ret=0
TRACK q=166 s=4 dx=0.0 dy=0.0 x=0 y=0 tx=0 age=92193
RADIO Wi-Fi RX type=1 id=15 seq=230 len=10
RADIO Wi-Fi cmd=15 seq=230 ack=1 status=0 response=0 ret=0
RADIO Wi-Fi RX type=1 id=15 seq=231 len=10
RADIO Wi-Fi cmd=15 seq=231 ack=1 status=0 response=0 ret=0
RADIO Wi-Fi RX type=1 id=15 seq=232 len=10
RADIO Wi-Fi cmd=15 seq=232 ack=1 status=0 response=0 ret=0
RADIO Wi-Fi RX type=1 id=15 seq=233 len=10
RADIO Wi-Fi cmd=15 seq=233 ack=1 status=0 response=0 ret=0
RADIO Wi-Fi RX type=1 id=15 seq=234 len=10
RADIO Wi-Fi cmd=15 seq=234 ack=1 status=0 response=0 ret=0
RADIO Wi-Fi RX type=1 id=15 seq=235 len=10
RADIO Wi-Fi cmd=15 seq=235 ack=1 status=0 response=0 ret=0
TRACK q=168 s=4 dx=0.0 dy=0.0 x=0 y=0 tx=0 age=111851
RADIO Wi-Fi RX type=1 id=15 seq=236 len=10
RADIO Wi-Fi cmd=15 seq=236 ack=1 status=0 response=0 ret=0
RADIO Wi-Fi RX type=1 id=15 seq=237 len=10
RADIO Wi-Fi cmd=15 seq=237 ack=1 status=0 response=0 ret=0
RADIO Wi-Fi RX type=1 id=15 seq=238 len=10
RADIO Wi-Fi cmd=15 seq=238 ack=1 status=0 response=0 ret=0
RADIO Wi-Fi RX type=1 id=15 seq=239 len=10
RADIO Wi-Fi cmd=15 seq=239 ack=1 status=0 response=0 ret=0
RADIO Wi-Fi RX type=1 id=15 seq=240 len=10
RADIO Wi-Fi cmd=15 seq=240 ack=1 status=0 response=0 ret=0
RADIO Wi-Fi RX type=1 id=15 seq=241 len=10
RADIO Wi-Fi cmd=15 seq=241 ack=1 status=0 response=0 ret=0
TRACK q=171 s=4 dx=0.0 dy=0.0 x=0 y=0 tx=0 age=99669
RADIO Wi-Fi RX type=1 id=15 seq=242 len=10
RADIO Wi-Fi cmd=15 seq=242 ack=1 status=0 response=0 ret=0
RADIO Wi-Fi RX type=1 id=15 seq=243 len=10
RADIO Wi-Fi cmd=15 seq=243 ack=1 status=0 response=0 ret=0
RADIO Wi-Fi RX type=1 id=15 seq=244 len=10
RADIO Wi-Fi cmd=15 seq=244 ack=1 status=0 response=0 ret=0
RADIO Wi-Fi RX type=1 id=15 seq=245 len=10
RADIO Wi-Fi cmd=15 seq=245 ack=1 status=0 response=0 ret=0
RADIO Wi-Fi RX type=1 id=15 seq=246 len=10
RADIO Wi-Fi cmd=15 seq=246 ack=1 status=0 response=0 ret=0
RADIO Wi-Fi RX type=1 id=15 seq=247 len=10
RADIO Wi-Fi cmd=15 seq=247 ack=1 status=0 response=0 ret=0
RADIO Wi-Fi RX type=1 id=15 seq=248 len=10
RADIO Wi-Fi cmd=15 seq=248 ack=1 status=0 response=0 ret=0
TRACK q=173 s=4 dx=0.0 dy=0.0 x=0 y=0 tx=0 age=87473
RADIO Wi-Fi RX type=1 id=15 seq=249 len=10
RADIO Wi-Fi cmd=15 seq=249 ack=1 status=0 response=0 ret=0
RADIO Wi-Fi RX type=1 id=15 seq=250 len=10
RADIO Wi-Fi cmd=15 seq=250 ack=1 status=0 response=0 ret=0
SOUND timing direction=rx stream_start_us=7977699983 result=0
SOUND experiment clear=0 reset=0 clockwait20=0
SOUND slot_mask offset=3c value=00000000
SOUND slot_mask offset=40 value=00000000
SOUND slot_mask offset=44 value=00000000
SOUND slot_mask offset=48 value=00000000
SOUND slot_mask offset=4c value=00000000
SOUND slot_mask offset=50 value=00000000
SOUND slot_mask offset=54 value=00000000
SOUND slot_mask offset=58 value=00000000
SOUND cue frames=3200 stop=0 held=0 end_us=7977667290 capture_start_us=7977699983
SOUND pio=0 frames=48000 polls=2291259 stop=0 held=0 max_fifo=4
SOUND grouped words=768000 mismatches=0
SOUND fifo first=00000000 last=00000000 TXCR=00400fff RXCR=00700fff FSCR=0101f03f CKR=00000018
RADIO Wi-Fi RX type=1 id=15 seq=251 len=10
SOUND trace start=7977699983 end=7980700039 started=1 count=32
RADIO Wi-Fi cmd=15 seq=251 ack=1 status=0 response=0 ret=0
SOUND trace_init index=0 value=00000000 rc=0
SOUND trace_init index=1 value=00000002 rc=0
SOUND trace_init index=2 value=00700fff rc=0
SOUND trace_init index=3 value=000000e4 rc=0
SOUND trace_init index=4 value=00000000 rc=0
SOUND trace_init index=5 value=0000000b rc=0
SOUND trace_word index=0 us=7977700065 b41040 word=00000000 after=00041040 rc=0,0,0
SOUND trace_word in0,0
SOUND trace_word index=3 us=7977700070 before=00041000 word=00000000 after=00041000 rc=0,0,fore=00041000 word=fffb7f00 after=00040000 rc=0,0,0
SOUND traceindex=6 us=7977700075 before=00040000 word=fffb7f00 after=000000s=7977700077 before=00000000 word=00000000 after=00000000 rc=0,01 word=0003af00 after=00041040 rc=0,0,0
SOUND trace_word index=af00 after=00041000 rc=0,0,0
SOUND trace_word index=11 us=79777ore=00041000 word=00000000 after=00041000 rc=0,0,0
SOUND trace_word index=12 us=7977700102 before=00041000 word=0003af00 after=00040000 rc=0,0,0
SOUND trace_word index=13 us=7977700104 before=00040000 word=00000000 after=00040000 rc=0,0,0
SOUND trace_word index=14 us=7977700105 before=00040000 word=0003af00 after=00000000 rc=0,0,0
SOUND trace_word index=15 us=7977700107 before=00000000 word=00000000 after=00000000 rc=0,0,0
SOUND trace_word index=16 us=7977700126 before=00041041 word=fffc3000 after=00041040 rc=0,0,0
SOUND trace_word index=17 us=7977700128 before=00041040 word=00000000 after=00041040 rc=0,0,0
SOUND trace_word index=18 us=7977700130 before=00041040 word=fffc3000 after=00041000 rc=0,0,0
SOUND trace_word index=19 us=7977700131 before=00041000 word=00000000 after=00041000 rc=0,0,0
SOUND trace_word index=20 us=7977700133 before=00041000 word=fffc3000 after=00040000 rc=0,0,0
SOUND trace_word index=21 us=7977700135 before=00040000 word=00000000 after=00040000 rc=0,0,0
SOUND trace_word index=22 us=7977700136 before=00040000 word=fffc3000 after=00000000 rc=0,0,0
SOUND trace_word index=23 us=7977700138 before=00000000 word=00000000 after=00000000 rc=0,0,0
SOUND trace_word index=24 us=7977700158 before=00041041 word=0003ca00 after=00041040 rc=0,0,0
SOUND trace_word index=25 us=7977700159 before=00041040 word=00000000 after=00041040 rc=0,0,0
SOUND trace_word index=26 us=7977700161 before=00041040 word=0003ca00 after=00041000 rc=0,s=7977700163 before=00041000 word=00000000 after=00041000 rc=0,07700164 before=00041000 word=0003ca00 after=00040000 rc=0,0,0
S=00040000 word=00000000 after=00040000 rc=0,0,0
SOUND trace_wor reg=01 value=60
SOUND codec reg=02 value=00
SOUND codec reg=0odec reg=06 value=00
SOUND codec reg=07 value=7c
SOUND codec reg=08 value=00
SOUND codec reg=09 value=88
SOUND codec reg=0a value=f0
SOUND codec reg=0b value=82
SOUND codec reg=0c value=10
SOUND codec reg=0d value=02
SOUND codec reg=0f value=20
SOUND codec reg=17 value=20
SOUND codec reg=18 value=02
SOUND codec reg=19 value=06
SOUND codec reg=1a value=00
SOUND codec reg=1b value=00
SOUND codec reg=27 value=b8
SOUND codec reg=2a value=b8
SOUND codec reg=2b value=80
SOUND codec reg=30 value=21
SOUND codec reg=31 value=21
SOUND input pull=00005515 schmitt=000000ff path=000000e4 gpio_high=18752 transitions=3224 samples=49990
SOUND pad ticks=480004 max_gap=14 counter_hz=24000000 complete=1
SOUND pad channel=0 high=24871 changes=36119
SOUND pad channel=1 high=24984 changes=40959
SOUND pad channel=2 high=24980 changes=640
SOUND pad channel=3 high=18752 changes=3224
SOUND pcm left_min=-454949888 left_max=263488000 left_nonzero=47999 right_min=-259811584 right_max=447841536 right_nonzero=47997
TRACK q=175 s=4 dx=0.0 dy=0.0 x=0 y=0 tx=0 age=107285
SOUND result=0 codec_stop=0 platform_restore=0 i2c_restore=0 amp_low=1
RADIO Wi-Fi RX type=1 id=15 seq=252 len=10
RADIO Wi-Fi cmd=15 seq=252 ack=1 status=0 response=0 ret=0
TRACK q=178 s=4 dx=0.0 dy=0.0 x=0 y=0 tx=0 age=95053
TRACK q=180 s=4 dx=0.0 dy=0.0 x=0 y=0 tx=0 age=114667
RADIO Wi-Fi RX type=1 id=15 seq=253 len=10
RADIO Wi-Fi cmd=15 seq=253 ack=1 status=0 response=0 ret=0
K7CLOUD asr result=0 frames_sent=150 completed=1
K7CLOUD timing asr_completed_us=7980987083 result=0
K7CLOUD device intent=1
RADIO Wi-Fi RX type=1 id=15 seq=254 len=10
RADIO Wi-Fi cmd=15 seq=254 ack=1 status=0 response=0 ret=0
RADIO Wi-Fi RX type=1 id=15 seq=255 len=10
RADIO Wi-Fi cmd=15 seq=255 ack=1 status=0 response=0 ret=0
VOICE MODE applied=1 result=0
TRACK BOX q=183 x=11.7 y=55.4 w=86.1 h=64.6 edge=8
TRACK q=183 s=1 dx=-25.3 dy=27.7 x=0 y=0 tx=0RADIO Wi-Fi RX type=1 id=15 seq=256 len=10
RADIO Wi-Fi cmd=15 seq=256 ack=1 status=0 response=0 ret=0
RADIO Wi-Fi RX type=1 id=15 seq=257 len=10
RADIO Wi-Fi cmd=15 seq=257 ack=1 status=0 response=0 ret=0
RADIO Wi-Fi RX type=1 id=15 seq=258 len=10
RADIO Wi-Fi cmd=15 seq=258 ack=1 status=0 response=0 ret=0
RADIO Wi-Fi RX type=1 id=15 seq=259 len=10
RADIO Wi-Fi cmd=15 seq=259 ack=1 status=0 response=0 ret=0
WIFI data rejected ret=-28 parsed=0 meta=0a04 flags=5f offset=74 index=2 seq=94 lastbyte=02 wire=1036 length=1014
WIFI data rejected ret=-28 parsed=0 meta=0a04 flags=5f offset=74 index=2 seq=95 lastbyte=02 wire=1036 length=1014
RADIO Wi-Fi RX type=1 id=15 seq=260 len=10
RADIO Wi-Fi cmd=15 seq=260 ack=1 status=0 response=0 ret=0
WIFI data rejected ret=-28 parsed=0 meta=0a04 flags=5f offset=74 index=2 seq=96 lastbyte=02 wire=1036 length=1014
RADIO Wi-Fi RX type=1 id=15 seq=261 len=10
RADIO Wi-Fi cmd=15 seq=261 ack=1 status=0 response=0 ret=0
WIFI data rejected ret=-28 parsed=0 meta=0a04 flags=5f offset=74 index=2 seq=97 lastbyte=02 wire=1036 length=1014
RADIO Wi-Fi RX type=1 id=15 seq=262 len=10
RADIO Wi-Fi cmd=15 seq=262 ack=1 WIFI data rejected ret=-28 parsed=0 meta=0a04 flags=5f offset=74 index=2 seq=98 lastbyte=02 wire=1036 length=1014
RADIO Wi-Fi RX type=1 id=15 seq=263 len=10
RADIO Wi-Fi cmd=15 seq=263 ack=1 status=0 response=0 ret=0
WIFI data rejected ret=-28 parsed=0 meta=0a04 flags=5f offset=74 index=2 seq=99 lastbyte=02 wire=1036 length=1014
RADIO Wi-Fi R15 seq=264 len=10
RADIO Wi-Fi cmd=15 seq=264 ack=1 status=0 res0 ret=0
RADIO Wi-Fi RX type=1 id=15 seq=265 len=10
RADIO Wi-Fi cmd=15 seq=265 ack=1 status=0 response=0 ret=0
TRACK BOX q=186 x=15.8 y=49.0 w=90.3 h=71.0 edge=8
TRACK q=186 s=2 dx=-19.0 dy=24.5 x=-18 y=0 tx=1 age=91210
RADIO Wi-Fi RX type=1 id=15 seq=266 len=10
RADIO Wi-Fi cmd=15 seq=266 ack=1 status=0 response=0 ret=0
RADIO Wi-Fi RX type=1 id=15 seq=267 len=10
RADIO Wi-Fi cmd=15 seq=267 ack=1 status=0 response=0 ret=0
RADIO Wi-Fi RX type=1 id=15 seq=268 len=10
RADIO Wi-Fi cmd=15 seq=268 ack=1 status=0 response=0 ret=0
RADIO Wi-Fi RX type=1 id=15 seq=269 len=10
RADIO Wi-Fi cmd=15 seq=269 ack=1 status=0 response=0 ret=0
RADIO Wi-Fi RX type=1 id=15 seq=270 len=10
RADIO Wi-Fi cmd=15 seq=270 ack=1 status=0 response=0 ret=0
RADIO Wi-Fi RX type=1 id=15 seq=271 len=10
RADIO Wi-Fi cmd=15 seq=271 ack=1 status=0 response=0 ret=0
RADIO Wi-Fi RX type=1 id=15 seq=272 len=10
RADIO Wi-Fi cmd=15 seq=272 ack=1 status=0 response=0 ret=0
RADIO Wi-Fi RX type=1 id=15 seq=273 len=10
RADIO Wi-Fi cmd=15 seq=273 ack=1 status=0 response=0 ret=0
RADIO Wi-Fi RX type=1 id=15 seq=274 len=10
RADIO Wi-Fi cmd=15 seq=274 ack=1 status=0 response=0 ret=0
RADIO Wi-Fi RX type=1 id=15 seq=275 len=10
RADIO Wi-Fi cmd=15 seq=275 ack=1 status=0 response=0 ret=0
RADIO Wi-Fi RX type=1 id=15 seq=276 len=10
RADIO Wi-Fi cmd=15 seq=276 ack=1 status=0 response=0 ret=0
TRACK BOX q=188 x=21.8 y=41.2 w=90.6 h=78.8 edge=8
TRACK q=188 s=2 dx=-12.9 dy=20.6 x=-17 y=-5 tx=2 age=112151
RADIO Wi-Fi RX type=1 id=15 seq=277 len=10
RADIO Wi-Fi cmd=15 seq=277 ack=1 status=0 response=0 ret=0
RADIO Wi-Fi RX type=1 id=15 seq=278 len=10
RADIO Wi-Fi cmd=15 seq=278 ack=1 status=0 response=0 ret=0
RADIO Wi-Fi RX type=1 id=15 seq=279 len=10
RADIO Wi-Fi cmd=15 seq=279 ack=1 status=0 response=0 ret=0
RADIO Wi-Fi RX type=1 id=15 seq=280 len=10
RADIO Wi-Fi cmd=15 seq=280 ack=1 status=0 response=0 ret=0
RADIO Wi-Fi RX type=1 id=15 seq=281 len=10
RADIO Wi-Fi cmd=15 seq=281 ack=1 status=0 response=0 ret=0
RADIO Wi-Fi RX type=1 id=15 seq=282 len=10
RADIO Wi-Fi cmd=15 seq=282 ack=1 status=0 response=0 ret=0
RADIO Wi-Fi RX type=1 id=15 seq=283 len=10
RADIO Wi-Fi cmd=15 seq=283 ack=1 status=0 response=0 ret=0
RADIO Wi-Fi RX type=1 id=15 seq=284 len=10
RADIO Wi-Fi cmd=15 seq=284 ack=1 status=0 response=0 ret=0
RADIO Wi-Fi RX type=1 id=15 seq=285 len=10
RADIO Wi-Fi cmd=15 seq=285 ack=1 status=0 response=0 ret=0
RADIO Wi-Fi RX type=1 id=15 seq=286 len=10
RADIO Wi-Fi cmd=15 seq=286 ack=1 status=0 response=0 ret=0
TRACK BOX q=191 x=29.8 y=35.6 w=89.9 h=84.4 edge=8
TRACK q=191 s=2 dx=-5.2 dy=17.8 x=-12 y=-10 tx=3 age=101181
RADIO Wi-Fi RX type=1 id=15 seq=287 len=10
RADIO Wi-Fi cmd=15 seq=287 ack=1 status=0 response=0 ret=0
RADIO Wi-Fi RX type=1 id=15 seq=288 len=10
RADIO Wi-Fi cmd=15 seq=288 ack=1 status=0 response=0 ret=0
RADIO Wi-Fi RX type=1 id=15 seq=289 len=10
RADIO Wi-Fi cmd=15 seq=289 ack=1 status=0 response=0 ret=0
RADIO Wi-Fi RX type=1 id=15 seq=290 len=10
RADIO Wi-Fi cmd=15 seq=290 ack=1 status=0 response=0 ret=0
RADIO Wi-Fi RX type=1 id=15 seq=291 len=10
RADIO Wi-Fi cmd=15 seq=291 ack=1 status=0 response=0 ret=0
RADIO Wi-Fi RX type=1 id=15 seq=292 len=10
RADIO Wi-Fi cmd=15 seq=292 ack=1 status=0 response=0 ret=0
RADIO Wi-Fi RX type=1 id=15 seq=293 len=10
RADIO Wi-Fi cmd=15 seq=293 ack=1 status=0 response=0 ret=0
RADIO Wi-Fi RX type=1 id=15 seq=294 len=10
RADIO Wi-Fi cmd=15 seq=294 ack=1 status=0 response=0 ret=0
RADIO Wi-Fi RX type=1 id=15 seq=295 len=10
RADIO Wi-Fi cmd=15 seq=295 ack=1 status=0 response=0 ret=0
RADIO Wi-Fi RX type=1 id=15 seq=296 len=10
RADIO Wi-Fi cmd=15 seq=296 ack=1 status=0 response=0 ret=0
TRACK BOX q=194 x=41.3 y=33.8 w=89.3 h=86.2 edge=8
RADIO Wi-Fi RX type=1 id=15 seq=297 len=10
RADIO Wi-Fi cmd=15 seq=297 ack=1 status=0 response=0 ret=0
TRACK q=194 s=2 dx=5.9 dy=16.9 x=-7 y=-15 tx=4 age=90076
RADIO Wi-Fi RX type=1 id=15 seq=298 len=10
RADIO Wi-Fi cmd=15 seq=298 ack=1 status=0 response=0 ret=0
RADIO Wi-Fi RX type=1 id=15 seq=299 len=10
RADIO Wi-Fi cmd=15 seq=299 ack=1 status=0 response=0 ret=0
RADIO Wi-Fi RX type=1 id=15 seq=300 len=10
RADIO Wi-Fi cmd=15 seq=300 ack=1 status=0 response=0 ret=0
RADIO Wi-Fi RX type=1 id=15 seq=301 len=10
RADIO Wi-Fi cmd=15 seq=301 ack=1 status=0 response=0 ret=0
RADIO Wi-Fi RX type=1 id=15 seq=302 len=10
RADIO Wi-Fi cmd=15 seq=302 ack=1 status=0 response=0 ret=0
RADIO Wi-Fi RX type=1 id=15 seq=303 len=10
RADIO Wi-Fi cmd=15 seq=303 ack=1 status=0 response=0 ret=0
RADIO Wi-Fi RX type=1 id=15 seq=304 len=10
RADIO Wi-Fi cmd=15 seq=304 ack=1 status=0 response=0 ret=0
RADIO Wi-Fi RX type=1 id=15 seq=305 len=10
RADIO Wi-Fi cmd=15 seq=305 ack=1 status=0 response=0 ret=0
RADIO Wi-Fi RX type=1 id=15 seq=306 len=10
RADIO Wi-Fi cmd=15 seq=306 ack=1 status=0 response=0 ret=0
RADIO Wi-Fi RX type=1 id=15 seq=307 len=10
RADIO Wi-Fi cmd=15 seq=307 ack=1 status=0 response=0 ret=0
TRACK BOX q=195 x=47.4 y=31.9 w=87.8 h=88.1 edge=8
TRACK q=195 s=2 dx=11.3 dy=16.0 x=0 y=-20 tx=5 age=111393
RADIO Wi-Fi RX type=1 id=15 seq=308 len=10
RADIO Wi-Fi cmd=15 seq=308 ack=1 status=0 response=0 ret=0
RADIO Wi-Fi RX type=1 id=15 seq=309 len=10
RADIO Wi-Fi cmd=15 seq=309 ack=1 status=0 response=0 ret=0
RADIO Wi-Fi RX type=1 id=15 seq=310 len=10
RADIO Wi-Fi cmd=15 seq=310 ack=1 status=0 response=0 ret=0
RADIO Wi-Fi RX type=1 id=15 seq=311 len=10
RADIO Wi-Fi cmd=15 seq=311 ack=1 status=0 response=0 ret=0
RADIO Wi-Fi RX type=1 id=15 seq=312 len=10
RADIO Wi-Fi cmd=15 seq=312 ack=1 status=0 response=0 ret=0
RADIO Wi-Fi RX type=1 id=15 seq=313 len=10
RADIO Wi-Fi cmd=15 seq=313 ack=1 status=0 response=0 ret=0
RADIO Wi-Fi RX type=1 id=15 seq=314 len=10
RADIO Wi-Fi cmd=15 seq=314 ack=1 status=0 response=0 ret=0
RADIO Wi-Fi RX type=1 id=15 seq=315 len=10
RADIO Wi-Fi cmd=15 seq=315 ack=1 status=0 response=0 ret=0
RADIO Wi-Fi RX type=1 id=15 seq=316 len=10
RADIO Wi-Fi cmd=15 seq=316 ack=1 status=0 response=0 ret=0
RADIO Wi-Fi RX type=1 id=15 seq=317 len=10
RADIO Wi-Fi cmd=15 seq=317 ack=1 status=0 response=0 ret=0
TRACK BOX q=198 x=54.7 y=32.2 w=83.5 h=87.8 edge=8
RADIO Wi-Fi RX type=1 id=15 seq=318 len=10
RADIO Wi-Fi cmd=15 seq=318 ack=1 status=0 response=0 ret=0
TRACK q=198 s=2 dx=16.4 dy=16.1 x=8 RADIO Wi-Fi RX type=1 id=15 seq=319 len=10
RADIO Wi-Fi cmd=15 seq=319 ack=1 status=0 response=0 ret=0
RADIO Wi-Fi RX type=1 id=15 seq=320 len=10
RADIO Wi-Fi cmd=15 seq=320 ack=1 status=0 response=0 ret=0
TRACK BOX q=201 x=65.9 y=27.6 w=77.3 h=92.4 edge=8
TRACK q=201 s=2 dx=24.5 dy=13.8 x=18 y=-31 tx=7 age=89301
TRACK BOX q=203 x=67.0 y=25.6 w=77.7 h=93.5 edge=0
TRACK q=203 s=2 dx=25.9 dy=12.4 x=26 y=-31 tx=8 age=110267
TRACK BOX q=206 x=69.4 y=20.0 w=74.5 h=92.6 edge=0
TRACK q=206 s=2 dx=26.7 dy=6.3 x=32 y=-35 tx=9 age=99325
RADIO Wi-Fi RX type=1 id=15 seq=321 len=10
RADIO Wi-Fi cmd=15 seq=321 ack=1 status=0 response=0 ret=0
TRACK BOX q=209 x=67.2 y=19.2 w=75.3 h=89.2 edge=0
TRACK q=209 s=2 dx=24.8 dy=3.8 x=36 y=-33 tx=10 age=88410
RADIO Wi-Fi RX type=1 id=15 seq=322 len=10
RADIO Wi-Fi cmd=15 seq=322 ack=1 status=0 response=0 ret=0
RADIO Wi-Fi RX type=1 id=15 seq=323 len=10
RADIO Wi-Fi cmd=15 seq=323 ack=1 status=0 response=0 ret=0
RADIO Wi-Fi RX type=1 id=15 seq=324 len=10
RADIO Wi-Fi cmd=15 seq=324 ack=1 status=0 response=0 ret=0
RADIO Wi-Fi RX type=1 id=15 seq=325 len=10
RADIO Wi-Fi cmd=15 seq=325 ack=1 status=0 response=0 ret=0
RADIO Wi-Fi RX type=1 id=15 seq=326 len=10
RADIO Wi-Fi cmd=15 seq=326 ack=1 status=0 response=0 ret=0
RADIO Wi-Fi RX type=1 id=15 seq=327 len=10
RADIO Wi-Fi cmd=15 seq=327 ack=1 status=0 response=0 ret=0
RADIO Wi-Fi RX type=1 id=15 seq=328 len=10
RADIO Wi-Fi cmd=15 seq=328 ack=1 status=0 response=0 ret=0
RADIO Wi-Fi RX type=1 id=15 seq=329 len=10
RADIO Wi-Fi cmd=15 seq=329 ack=1 status=0 response=0 ret=0
RADIO Wi-Fi RX type=1 id=15 seq=330 len=10
RADIO Wi-Fi cmd=15 seq=330 ack=1 status=0 response=0 ret=0
RADIO Wi-Fi RX type=1 id=15 seq=331 len=10
RADIO Wi-Fi cmd=15 seq=331 ack=1 status=0 response=0 ret=0
TRACK BOX q=211 x=66.6 y=13.9 w=78.5 h=95.8 edge=0
TRACK q=211 s=2 dx=25.9 dy=1.7 x=41 y=-32 tx=11 age=109328
RADIO Wi-Fi RX type=1 id=15 seq=332 len=10
RADIe=0 ret=0
RADIO Wi-Fi RX type=1 id=15 seq=333 len=10
RADIO Wi-Fi cmd=15 seq=333 ack=1 status=0 response=0 ret=0
RADIO Wi-Fi RX type=1 id=15 seq=334 len=10
RADIO Wi-Fi cmd=15 seq=334 ack=1 status=0 response=0 ret=0
RADIO Wi-Fi RX type=1 id=15 seq=335 len=10
RADIO Wi-Fi cmd=15 seq=335 ack=1 status=0 response=0 ret=0
RADIO Wi-Fi RX type=1 id=15 seq=336 len=10
RADIO Wi-Fi cmd=15 seq=336 ack=1 status=0 response=0 ret=0
RADIO Wi-Fi RX type=1 id=15 seq=337 len=10
RADIO Wi-Fi cmd=15 seq=337 ack=1 status=0 response=0 ret=0
RADIO Wi-Fi RX type=1 id=15 seq=338 len=10
RADIO Wi-Fi cmd=15 seq=338 ack=1 status=0 response=0 ret=0
RADIO Wi-Fi RX type=1 id=15 seq=339 len=10
RADIO Wi-Fi cmd=15 seq=339 ack=1 status=0 response=0 ret=0
RADIO Wi-Fi RX type=1 id=15 seq=340 len=10
RADIO Wi-Fi cmd=15 seq=340 ack=1 status=0 response=0 ret=0
RADIO Wi-Fi RX type=1 id=15 seq=341 len=10
RADIO Wi-Fi cmd=15 seq=341 ack=1 status=0 response=0 ret=0
RADIO Wi-Fi RX type=1 id=15 seq=342 len=10
RADIO Wi-Fi cmd=15 seq=342 ack=1 status=0 response=0 ret=0
TRACK BOX q=214 x=63.0 y=13.2 w=74.9 h=87.8 edge=0
TRACK q=214 s=2 dx=20.4 dy=-2.9 x=42 y=-32 tx=12 age=98308
RADIO Wi-Fi RX type=1 id=15 seq=343 len=10
RADIO Wi-Fi cmd=15 seq=343 ack=1 status=0 response=0 ret=0
RADIO Wi-Fi RX type=1 id=15 seq=344 len=10
RADIO Wi-Fi cmd=15 seq=344 ack=1 status=0 response=0 ret=0
RADIO Wi-Fi RX type=1 id=15 seq=345 len=10
RADIO Wi-Fi cmd=15 seq=345 ack=1 status=0 response=0 ret=0
RADIO Wi-Fi RX type=1 id=15 seq=346 len=10
RADIO Wi-Fi cmd=15 seq=346 ack=1 status=0 response=0 ret=0
TRACK BOX q=216 x=59.7 y=13.5 w=71.8 h=89.0 edge=0
TRACK q=216 s=2 dx=15.6 dy=-2.0 x=41 y=-32 tx=13 age=119209
TRACK BOX q=218 x=54.4 y=11.5 w=74.8 h=91.8 edge=0
TRACK q=218 s=2 dx=11.8 dy=-2.7 x=40 y=-32 tx=14 age=108697
TRACK BOX q=221 x=51.2 y=7.0 w=80.1 h=98.2 edge=0
TRACK q=221 s=2 dx=11.3 dy=-3.9 x=40 y=-31 tx=15 age=97535
RADIO Wi-Fi RX type=1 id=15 seq=347 len=10
RADIO Wi-Fi cmd=15 seq=347 ack=1 status=0 response=0 ret=0
RADIO Wi-Fi RX type=1 id=15 seq=348 len=10
RADIO Wi-Fi cmd=15 seq=348 ack=1 status=0 response=0 ret=0
RADIO Wi-Fi RX type=1 id=15 seq=349 len=10
RADIO Wi-Fi cmd=15 seq=349 ack=1 status=0 response=0 ret=0
RADIO Wi-Fi RX type=1 id=15 seq=350 len=10
RADIO Wi-Fi cmd=15 seq=350 ack=1 status=0 response=0 ret=0
RADIO Wi-Fi RX type=1 id=15 seq=351 len=10
RADIO Wi-Fi cmd=15 seq=351 ack=1 status=0 response=0 ret=0
RADIO Wi-Fi RX type=1 id=15 seq=352 len=10
RADIO Wi-Fi cmd=15 seq=352 ack=1 status=0 response=0 ret=0
RADIO Wi-Fi RX type=1 id=15 seq=353 len=10
RADIO Wi-Fi cmd=15 seq=353 ack=1 status=0 response=0 ret=0
TRACK BOX q=224 x=53.2 y=9.8 w=77.5 h=94.7 edge=0
RADIO Wi-Fi RX type=1 id=15 seq=354 len=10
RADIO Wi-Fi cmd=15 seq=354 ack=1 status=0 response=0 ret=0
TRACKRADIO Wi-Fi RX type=1 id=15 seq=355 len=10
RADIO Wi-Fi cmd=15 seq=355 ack=1 status=0 response=0 ret=0
RADIO Wi-Fi RX type=1 id=15 seq=356 len=10
RADIO Wi-Fi cmd=15 seq=356 ack=1 status=0 response=0 ret=0
RADIO Wi-Fi RX type=1 id=15 seq=357 len=10
RADIO Wi-Fi cmd=15 seq=357 ack=1 status=0 response=0 ret=0
RADIO Wi-Fi RX type=1 id=15 seq=358 len=10
RADIO Wi-Fi cmd=15 seq=358 ack=1 status=0 response=0 ret=0
RADIO Wi-Fi RX type=1 id=15 seq=359 len=10
RADIO Wi-Fi cmd=15 seq=359 ack=1 status=0 response=0 ret=0
RADIO Wi-Fi RX type=1 id=15 seq=360 len=10
RADIO Wi-Fi cmd=15 seq=360 ack=1 status=0 response=0 ret=0
RADIO Wi-Fi RX type=1 id=15 seq=361 len=10
RADIO Wi-Fi cmd=15 seq=361 ack=1 status=0 response=0 ret=0
RADIO Wi-Fi RX type=1 id=15 seq=362 len=10
RADIO Wi-Fi cmd=15 seq=362 ack=1 status=0 response=0 ret=0
RADIO Wi-Fi RX type=1 id=15 seq=363 len=10
RADIO Wi-Fi cmd=15 seq=363 ack=1 status=0 response=0 ret=0
RADIO Wi-Fi RX type=1 id=15 seq=364 len=10
RADIO Wi-Fi cmd=15 seq=364 ack=1 status=0 response=0 ret=0
TRACK BOX q=226 x=52.9 y=8.9 w=77.1 h=96.4 edge=0
TRACK q=226 s=2 dx=11.4 dy=-2.9 x=44 y=-31 tx=17 age=107633
RADIO Wi-Fi RX type=1 id=15 seq=365 len=10
RADIO Wi-Fi cmd=15 seq=365 ack=1 status=0 response=0 ret=0
RADIO Wi-Fi RX type=1 id=15 seq=366 len=10
RADIO Wi-Fi cmd=15 seq=366 ack=1 status=0 response=0 ret=0
RADIO Wi-Fi RX type=1 id=15 seq=367 len=10
RADIO Wi-Fi cmd=15 seq=367 ack=1 status=0 response=0 ret=0
RADIO Wi-Fi RX type=1 id=15 seq=368 len=10
RADIO Wi-Fi cmd=15 seq=368 ack=1 status=0 response=0 ret=0
RADIO Wi-Fi RX type=1 id=15 seq=369 len=10
RADIO Wi-Fi cmd=15 seq=369 ack=1 status=0 response=0 ret=0
RADIO Wi-Fi RX type=1 id=15 seq=370 len=10
RADIO Wi-Fi cmd=15 seq=370 ack=1 status=0 response=0 ret=0
RADIO Wi-Fi RX type=1 id=15 seq=371 len=10
RADIO Wi-Fi cmd=15 seq=371 ack=1 status=0 response=0 ret=0
RADIO Wi-Fi RX type=1 id=15 seq=372 len=10
RADIO Wi-Fi cmd=15 seq=372 ack=1 status=0 response=0 ret=0
RADIO Wi-Fi RX type=1 id=15 seq=373 len=10
RADIO Wi-Fi cmd=15 seq=373 ack=1 status=0 response=0 ret=0
RADIO Wi-Fi RX type=1 id=15 seq=374 len=10
RADIO Wi-Fi cmd=15 seq=374 ack=1 status=0 response=0 ret=0
RADIO Wi-Fi RX type=1 id=15 seq=375 len=10
RADIO Wi-Fi cmd=15 seq=375 ack=1 status=0 response=0 ret=0
TRACK BOX q=229 x=53.1 y=10.0 w=76.0 h=95.2 edge=0
TRACK q=229 s=2 dx=11.2 dy=-2.4 x=46 y=-31 tx=18 age=97334
RADIO Wi-Fi RX type=1 id=15 seq=376 len=10
RADIO Wi-Fi cmd=15 seq=376 ack=1 status=0 response=0 ret=0
RADIO Wi-Fi RX type=1 id=15 seq=377 len=10
RADIO Wi-Fi cmd=15 seq=377 ack=1 status=0 response=0 ret=0
RADIO Wi-Fi RX type=1 id=15 seq=378 len=10
RADIO Wi-Fi cmd=15 seq=378 ack=1 status=0 response=0 ret=0
RADIO Wi-Fi RX type=1 id=15 seq=379 len=10
RADIO Wi-Fi cmd=15 seq=379 ack=1 status=0 response=0 ret=0
RADIO Wi-Fi RX type=1 id=15 seq=380 len=10
RADIO Wi-Fi cmd=15 seq=380 ack=1 status=0 response=0 ret=0
RADIO Wi-Fi RX type=1 id=15 seq=381 len=10
RADIO Wi-Fi cmd=15 seq=381 ack=1 status=0 response=0 ret=0
RADIO Wi-Fi RX type=1 id=15 seq=382 len=10
RADIO Wi-Fi cmd=15 seq=382 ack=1 status=0 response=0 ret=0
RADIO Wi-Fi RX type=1 id=15 seq=383 len=10
RADIO Wi-Fi cmd=15 seq=383 ack=1 status=0 response=0 ret=0
RADIO Wi-Fi RX type=1 id=15 seq=384 len=10
RADIO Wi-Fi cmd=15 seq=384 ack=1 status=0 response=0 ret=0
RADIO Wi-Fi RX type=1 id=15 seq=385 len=10
RADIO Wi-Fi cmd=15 seq=385 ack=1 status=0 response=0 ret=0
TRACK BOX q=232 x=53.5 y=11.1 w=75.7 h=93.4 edge=0
TRACK q=232 s=2 dx=11.4 dy=-2.2 x=48 y=-31 tx=19 age=86499
RADIO Wi-Fi RX type=1 id=15 seq=386 len=10
RADIO Wi-Fi cmd=15 seq=386 ack=1 status=0 response=0 ret=0
RADIO Wi-Fi RX type=1 id=15 seq=387 len=10
RADIO Wi-Fi cmd=15 seq=387 ack=1 status=0 response=0 ret=0
RADIO Wi-Fi RX type=1 id=15 seq=388 len=10
RADIO Wi-Fi cmd=15 seq=388 ack=1 status=0 response=0 ret=0
RADIO Wi-Fi RX type=1 id=15 seq=389 len=10
RADIO Wi-Fi cmd=15 seq=389 ack=1 status=0 response=0 ret=0
RADIO Wi-Fi RX type=1 id=15 seq=390 len=10
RADIO Wi-Fi cmd=15 seq=390 ack=1 status=0 response=0 ret=0
RADIO Wi-Fi RX type=1 id=15 seq=391 len=10
RADIO Wi-Fi cmd=15 seq=391 ack=1 status=0 response=0 ret=0
RADIO Wi-Fi RX type=1 id=15 seq=392 len=10
RADIO Wi-Fi cmd=15 seq=392 ack=1 status=0 response=0 ret=0
RADIO Wi-Fi RX type=1 id=15 seq=393 len=10
RADIO Wi-Fi cmd=15 seq=393 ack=1 status=0 response=0 ret=0
RADIO Wi-Fi RX type=1 id=15 seq=394 len=10
RADIO Wi-Fi cmd=15 seq=394 ack=1 status=0 response=0 ret=0
RADIO Wi-Fi RX type=1 id=15 seq=395 len=10
RADIO Wi-Fi cmd=15 seq=395 ack=1 status=0 response=0 ret=0
RADIO Wi-Fi RX type=1 id=15 seq=396 len=10
RADIO Wi-Fi cmd=15 seq=396 ack=1 status=0 response=0 ret=0
TRACK BOX q=234 x=53.9 y.3 dy=-2.4 x=50 y=-31 tx=20 age=107316
RADIO Wi-Fi RX type=1 id=15 seq=397 len=10
RADIO Wi-Fi cmd=15 seq=397 ack=1 status=0 response=0 ret=0
RADIO Wi-Fi RX type=1 id=15 seq=398 len=10
RADIO Wi-Fi cmd=15 seq=398 ack=1 status=0 response=0 ret=0
RADIO Wi-Fi RX type=1 id=15 seq=399 len=10
RADIO Wi-Fi cmd=15 seq=399 ack=1 status=0 response=0 ret=0
RADIO Wi-Fi RX type=1 id=15 seq=400 len=10
RADIO Wi-Fi cmd=15 seq=400 ack=1 status=0 response=0 ret=0
RADIO Wi-Fi RX type=1 id=15 seq=401 len=10
RADIO Wi-Fi cmd=15 seq=401 ack=1 status=0 response=0 ret=0
RADIO Wi-Fi RX type=1 id=15 seq=402 len=10
RADIO Wi-Fi cmd=15 seq=402 ack=1 status=0 response=0 ret=0
RADIO Wi-Fi RX type=1 id=15 seq=403 len=10
RADIO Wi-Fi cmd=15 seq=403 ack=1 status=0 response=0 ret=0
TRACK BOX q=237 x=53.4 y=9.1 w=74.9 h=95.1 edge=0
TRACK q=237 s=2 dx=10.8 dy=-3.4 x=51 y=-30 tx=21 age=96432
RADIO Wi-Fi RX type=1 id=15 seq=404 len=10
RADIO Wi-Fi cmd=15 seq=404 ack=1 status=0 response=0 ret=0
RADIO Wi-Fi RX type=1 id=15 seq=405 len=10
RADIO Wi-Fi cmd=15 seq=405 ack=1 status=0 response=0 ret=0
RADIO Wi-Fi RX type=1 id=15 seq=406 len=10
RADIO Wi-Fi cmd=15 seq=406 ack=1 status=0 response=0 ret=0
RADIO Wi-Fi RX type=1 id=15 seq=407 len=10
RADIO Wi-Fi cmd=15 seq=407 ack=1 status=0 response=0 ret=0
RADIO Wi-Fi RX type=1 id=15 seq=408 len=10
RADIO Wi-Fi cmd=15 seq=408 ack=1 status=0 response=0 ret=0
RADIO Wi-Fi RX type=1 id=15 seq=409 len=10
RADIO Wi-Fi cmd=15 seq=409 ack=1 status=0 response=0 ret=0
TRACK BOX q=239 x=54.5 y=11.6 w=71.7 h=89.8 edge=0
TRACK q=239 s=2 dx=10.4 dy=-3.5 x=53 y=-30 tx=22 age=117362
TRACK BOX q=241 x=53.4 y=12.3 w=70.5 h=86.4 edge=0
TRACK q=241 s=2 dx=8.7 dy=-4.5 x=53 y=-29 tx=23 age=106493
TRACK BOX q=244 x=55.9 y=13.1 w=71.6 h=87.1 edge=0
TRACK q=244 s=2 dx=11.6 dy=-3.4 x=56 y=-29 tx=24 age=95445
TRACK BOX q=247 x=60.2 y=15.7 w=71.4 h=82.7 edge=0
TRACK q=247 s=2 dx=15.9 dy=-3.0 x=62 y=-30 tx=25 age=84327
RADIO Wi-Fi RX type=1 id=15 seq=410 len=10
RADIO Wi-Fi cmd=15 seq=410 ack=1 status=0 response=0 ret=0
RADIO Wi-Fi RX type=1 id=15 seq=411 len=10
RADIO Wi-Fi cmd=15 seq=411 ack=1 status=0 response=0 ret=0
RADIO Wi-Fi RX type=1 id=15 seq=412 len=10
RADIO Wi-Fi cmd=15 seq=412 ack=1 status=0 response=0 ret=0
RADIO Wi-Fi RX type=1 id=15 seq=413 len=10
RADIO Wi-Fi cmd=15 seq=413 ack=1 status=0 response=0 ret=0
RADIO Wi-Fi RX type=1 id=15 seq=414 len=10
RADIO Wi-Fi cmd=15 seq=414 ack=1 status=0 response=0 ret=0
RADIO Wi-Fi RX type=1 id=15 seq=415 len=10
RADIO Wi-Fi cmd=15 seq=415 ack=1 status=0 response=0 ret=0
RADIO Wi-Fi RX type=1 id=15 seq=416 len=10
RADIO Wi-Fi cmd=15 seq=416 ack=1 status=0 response=0 ret=0
TRACK BOX q=249 x=64.5 y=4.4 w=75.9 h=95.8 edge=0
TRACK q=249 s=2 dx=22.4 dy=-7.7 x=71 y=-26 tx=26 age=105363
AUDIO_IO reset12=00000000 gate11=00000000 gate12=00000000 gate18=00000000 mux=00000000 source=00000000
AUDIO_IO con=00060300 ien=00000000 gpio_version=010219c8 gpio_input=034d3050
SOUND platform_result=0 version=23073576 repair=fdffffff ack=00000001 idle=00000001
SOUND mclkout before=0000001f after=0000001d
RADIO Wi-Fi RX type=1 id=15 seq=417 len=10
RADIO Wi-Fi cmd=15 seq=417 ack=1 status=0 response=0 ret=0
SOUND codec_prepare=0 state=2
SOUND adc_variant=0 settle_ms=0
SOUND playback_gain_db=16 dac_attenuation_db=8 maximum=0
TRACK BOX q=252 x=71.9 y=4.7 w=75.1 h=93.1 edge=0
TRACK q=252 s=2 dx=29.4 dy=-8.7 x=82 y=-24 tx=27 age=94626
TRACK BOX q=255 x=82.1 y=2.3 w=74.3 h=93.0 edge=0
TRACK q=255 s=2 dx=39.2 dy=-11.2 x=97 y=-21 tx=28 age=84161
TRACK BOX q=257 x=83.4 y=5.7 w=71.8 h=87.3 edge=0
TRACK q=257 s=2 dx=39.3 dy=-10.7 x=107 y=-19 tx=29 age=104133
TRACK BOX q=260 x=85.1 y=5.1 w=71.7 h=90.1 edge=0
TRACK q=260 s=2 dx=41.0 dy=-9.8 x=117 y=-19 tx=30 age=93175
TRACK BOX q=261 x=84.1 y=7.8 w=70.7 h=86.0 edge=0
TRACK q=261 s=2 dx=39.5 dy=-9.2 x=124 y=-18 tx=31 age=146122
TRACK BOX q=264 x=82.8 y=5.0 w=71.9 h=88.5 edge=0
TRACK q=264 s=2 dx=38.7 dy=-10.8 x=131 y=-16 tx=32 age=103288
TRACK BOX q=267 x=80.3 y=6.6 w=72.7 h=84.5 edge=0
TRACK q=267 s=2 dx=36.6 dy=-11.1 x=137 y=-14 tx=33 age=92284
TRACK BOX q=269 x=79.3 y=5.1 w=73.2 h=89.0 edge=0
TRACK q=269 s=2 dx=35.9 dy=-10.5 x=143 y=-13 tx=34 age=113269
TRACK BOX q=272 x=71.1 y=8.0 w=76.4 h=88.8 edge=0
TRACK q=272 s=2 dx=29.3 dy=-7.6 x=145 y=-13 tx=35 age=102207
TRACK BOX q=275 x=63.5 y=12.6 w=75.4 h=88.9 edge=0
TRACK q=275 s=2 dx=21.2 dy=-3.0 x=143 y=-16 tx=36 age=91185
TRACK BOX q=277 x=61.7 y=16.9 w=71.9 h=85.0 edge=0
TRACK q=277 s=2 dx=17.6 dy=-0.6 x=142 y=-16 tx=37 age=112133
TRACK BOX q=280 x=55.5 y=18.8 w=67.5 h=83.3 edge=0
TRACK q=280 s=2 dx=9.2 dy=0.4 x=138 y=-16 tx=38 age=101093
TRACK BOX q=283 x=51.3 y=19.0 w=68.5 h=82.8 edge=0
TRACK q=283 s=2 dx=5.6 dy=0.4 x=135 y=-16 tx=39 age=90222
TRACK BOX q=284 x=51.1 y=19.5 w=68.5 h=80.9 edge=0
TRACK q=284 s=2 dx=5.3 dy=-0.1 x=135 y=-16 tx=39 age=111463
TRACK BOX q=287 x=51.0 y=18.5 w=68.2 h=81.9 edge=0
TRACK q=287 s=2 dx=5.1 dy=-0.5 x=135 y=-16 tx=39 age=100393
TRACK BOX q=290 x=47.3 y=16.7 w=69.5 h=80.9 edge=0
TRACK q=290 s=2 dx=2.0 dy=-2.9 x=133 y=-16 tx=40 age=89219
TRACK BOX q=292 x=46.2 y=15.4 w=69.7 h=83.8 edge=0
TRACK q=292 s=2 dx=1.1 dy=-2.8 x=133 y=-16 tx=40 age=110400
TRACK BOX q=295 x=44.7 y=15.2 w=68.2 h=82.8 edge=0
TRACK q=295 s=2 dx=-1.2 dy=-3.4 x=133 y=-15 tx=41 age=99168
TRACK BOX q=298 x=42.6 y=12.0 w=70.9 h=86.9 edge=0
TRACK q=298 s=2 dx=-2.0 dy=-4.6 x=133 y=-14 tx=42 age=88355
TRACK BOX q=300 x=42.6 y=13.2 w=69.4 h=85.0 edge=0
TRACK q=300 s=2 dx=-2.7 dy=-4.2 x=133 y=-14 tx=42 age=109328
TRACK BOX q=303 x=40.8 y=14.5 w=70.0 h=83.8 edge=0
TRACK q=303 s=2 dx=-4.2 dy=-3.6 x=132 y=-14 tx=43 age=98126
TRACK BOX q=305 x=40.4 y=14.6 w=69.1 h=83.0 edge=0
TRACK q=305 s=2 dx=-5.1 dy=-3.9 x=130 y=-14 tx=44 age=119289
TRACK BOX q=307 x=40.1 y=13.3 w=69.0 h=84.5 edge=0
TRACK q=307 s=2 dx=-5.4 dy=-4.4 x=129 y=-13 tx=45 age=108523
TRACK BOX q=310 x=39.5 y=13.0 w=69.4 h=85.6 edge=0
TRACK q=310 s=2 dx=-5.8 dy=-4.2 x=128 y=-13 tx=46 age=97311
TRACK BOX q=313 x=39.1 y=13.2 w=69.5 h=84.5 edge=0
TRACK q=313 s=2 dx=-6.2 dy=-4.5 x=127 y=-12 tx=47 age=86389
TRACK BOX q=315 x=38.8 y=13.9 w=69.4 h=84.1 edge=0
TRACK q=315 s=2 dx=-6.5 dy=-4.0 x=126 y=-12 tx=48 age=107217
TRACK BOX q=318 x=39.1 y=13.9 w=69.0 h=83.9 edge=0
TRACK q=318 s=2 dx=-6.4 dy=-4.1 x=125 y=-12 tx=49 age=96397
TRACK BOX q=321 x=39.5 y=12.7 w=68.9 h=85.1 edge=0
TRACK q=321 s=2 dx=-6.1 dy=-4.8 x=124 y=-11 tx=50 age=85242
TRACK BOX q=323 x=39.2 y=14.2 w=68.9 h=83.7 edge=0
TRACK q=323 s=2 dx=-6.3 dy=-4.0 x=123 y=-11 tx=51 age=106220
TRACK BOX q=326 x=39.5 y=14.5 w=69.2 h=84.9 edge=0
TRACK q=326 s=2 dx=-6.0 dy=-3.0 x=123 y=-12 tx=52 age=95227
TRACK BOX q=328 x=39.4 y=16.9 w=69.9 h=83.8 edge=0
TRACK q=328 s=2 dx=-5.6 dy=-1.2 x=122 y=-12 tx=53 age=84390
TRACK BOX q=330 x=39.2 y=16.2 w=70.5 h=84.0 edge=0
TRACK q=330 s=2 dx=-5.5 dy=-1.8 x=122 y=-12 tx=53 age=105328
TRACK BOX q=333 x=39.1 y=16.2 w=70.9 h=83.8 edge=0
TRACK q=333 s=2 dx=-5.4 dy=-2.0 x=121 y=-12 tx=54 age=94260
TRACK BOX q=335 x=38.9 y=16.2 w=71.6 h=84.0 edge=0
TRACK q=335 s=2 dx=-5.3 dy=-1.8 x=121 y=-12 tx=54 age=115209
TRACK BOX q=338 x=39.6 y=15.3 w=69.3 h=83.3 edge=0
TRACK q=338 s=2 dx=-5.8 dy=-3.1 x=120 y=-12 tx=55 age=104159
TRACK BOX q=341 x=39.5 y=14.9 w=70.1 h=84.2 edge=0
TRACK q=341 s=2 dx=-5.4 dy=-3.0 x=119 y=-11 tx=56 age=93212
SOUND timing direction=tx stream_start_us=7983362165 result=0
SOUND experiment clear=0 reset=0 clockwait20=0
SOUND slot_mask oe=00000000
SOUND slot_mask offset=4c value=00000000
SOUND slott=54 value=00000000
SOUND slot_mask offset=58 value=00000000
SSOUND fifo first=00104104 last=00000000 TXCR=00400fff RXCR=0070001 value=60
SOUND codec reg=02 value=00
SOUND codec reg=03 value=00
SOUND codec reg=04 value=0c
SOUND codec reg=05 value=00
SOUND codec reg=06 value=00
SOUND codec reg=07 value=7c
SOUND codec reg=08 value=00
SOUND codec reg=09 value=44
SOUND codec reg=0a value=f0
SOUND codec reg=0b value=82
SOUND codec reg=0c value=10
SOUND codec reg=0d value=02
SOUND codec reg=0f value=24
SOUND codec reg=17 value=20
SOUND codec reg=18 value=02
SOUND codec reg=19 value=02
SOUND codec reg=1a value=10
SOUND codec reg=1b value=10
SOUND codec reg=27 value=b8
SOUND codec reg=2a value=b8
SOUND codec reg=2b value=80
SOUND codec reg=30 value=21
SOUND codec reg=31 value=21
SOUND input pull=00005515 schmitt=000000ff path=000000e4 gpio_high=48699 transitions=0 samples=48699
SOUND pad ticks=480004 max_gap=12614 counter_hz=24000000 complete=1
SOUND pad channel=0 high=24026 changes=36428
SOUND pad channel=1 high=24439 changes=39582
SOUND pad channel=2 high=24233 changes=624
SOUND pad channel=3 high=48699 changes=0
TRACK BOX q=343 x=39.7 y=14.8 w=69.9 h=84.5 edge=0
TRACK q=343 s=2 dx=-5.4 dy=-3.0 x=119 y=-11 tx=56 age=114294
SOUND result=0 codec_stop=0 platform_restore=0 i2c_restore=0 amp_low=1
K7CLOUD tts result=0 pcm_bytes=94720
K7CLOUD prompt_done result=0
K7CLOUD device result=0
nsh> [KRADIO Wi-Fi RX type=1 id=15 seq=418 len=10
RADIO Wi-Fi cmd=15 seq=418 ack=1 status=0 response=0 ret=0
TRACK BOX q=346 x=39.3 y=15.1 w=70.0 h=84.2 edge=0
TRACK q=346 s=2 dx=-5.7 dy=-2.8 x=118 y=-11 tx=57 age=104346
TRACK BOX q=349 x=38.9 y=14.2 w=73.7 h=86.3 edge=0
TRACK q=349 s=2 dx=-4.3 dy=-2.6 x=118 y=-11 tx=57 age=93395
TRACK BOX q=350 x=39.2 y=14.4 w=73.3 h=86.3 edge=0
TRACK q=350 s=2 dx=-4.2 dy=-2.5 x=118 y=-12 tx=58 age=114426
TRACK BOX q=353 x=39.3 y=14.6 w=69.8 h=85.1 edge=0
TRACK q=353 s=2 dx=-5.8 dy=-2.9 x=117 y=-11 tx=59 age=103457
TRACK BOX q=356 x=38.7 y=15.7 w=72.3 h=85.7 edge=0
TRACK q=356 s=2 dx=-5.2 dy=-1.4 x=116 y=-11 tx=60 age=92442
TRACK BOX q=358 x=38.7 y=15.6 w=72.2 h=85.9 edge=0
TRACK q=358 s=2 dx=-5.2 dy=-1.5 x=116 y=-11 tx=60 age=113353
TRACK BOX q=361 x=38.8 y=15.5 w=72.3 h=85.7 edge=0
TRACK q=361 s=2 dx=-5.1 dy=-1.6 x=115 y=-11 tx=61 age=102388
TRACK BOX q=364 x=38.8 y=16.6 w=71.2 h=84.9 edge=0
TRACK q=364 s=2 dx=-5.6 dy=-0.9 x=114 y=-11 tx=62 age=91317
TRACK BOX q=366 x=39.2 y=16.7 w=70.6 h=84.6 edge=0
TRACK q=366 s=2 dx=-5.5 dy=-1.0 x=113 y=-11 tx=63 age=112314
TRACK BOX q=369 x=39.2 y=16.6 w=70.4 h=84.8 edge=0
TRACK q=369 s=2 dx=-5.6 dy=-1.0 x=113 y=-11 tx=63 age=101497
TRACK BOX q=371 x=39.2 y=15.5 w=70.4 h=86.2 edge=0
TRACK q=371 s=2 dx=-5.6 dy=-1.4 x=112 y=-11 tx=64 age=122290
TRACK BOX q=373 x=39.4 y=15.9 w=69.5 h=85.4 edge=0
TRACK q=373 s=2 dx=-5.8 dy=-1.4 x=111 y=-11 tx=65 age=111764
TRACK BOX q=376 x=39.8 y=16.7 w=69.3 h=84.7 edge=0
TRACK q=376 s=2 dx=-5.6 dy=-1.0 x=111 y=-11 tx=65 age=101513
TRACK BOX q=379 x=38.5 y=17.7 w=70.4 h=82.5 edge=0
TRACK q=379 s=2 dx=-6.3 dy=-1.0 x=109 y=-11 tx=66 age=90334
TRACK BOX q=381 x=39.6 y=16.6 w=69.3 h=84.6 edge=0
TRACK q=381 s=2 dx=-5.7 dy=-1.1 x=109 y=-11 tx=66 age=111536
TRACK BOX q=384 x=38.9 y=15.4 w=71.4 h=86.1 edge=0
TRACK q=384 s=2 dx=-5.4 dy=-1.5 x=108 y=-11 tx=67 age=100328
TRACK BOX q=387 x=39.4 y=14.4 w=74.2 h=86.3 edge=0
TRACK q=387 s=2 dx=-3.5 dy=-2.5 x=109 y=-11 tx=68 age=89321
TRACK BOX q=389 x=40.4 y=16.6 w=71.4 h=83.6 edge=0
TRACK q=389 s=2 dx=-3.9 dy=-1.6 x=109 y=-11 tx=68 age=110395
TRACK BOX q=392 x=38.8 y=15.9 w=69.8 h=84.8 edge=0
TRACK q=392 s=2 dx=-6.3 dy=-1.7 x=107 y=-11 tx=69 age=99275
TRACK BOX q=394 x=36.0 y=15.3 w=70.8 h=84.6 edge=0
TRACK q=394 s=2 dx=-8.6 dy=-2.4 x=104 y=-11 tx=70 age=88432
TRACK BOX q=396 x=33.9 y=15.4 w=68.8 h=83.0 edge=0
TRACK q=396 s=2 dx=-11.7 dy=-3.1 x=100 y=-11 tx=71 age=109590
TRACK BOX q=399 x=26.9 y=14.2 w=68.1 h=85.4 edge=0
TRACK q=399 s=2 dx=-19.0 dy=-3.1 x=91 y=-10 tx=72 age=98318
TRACK BOX q=402 x=21.3 y=15.9 w=70.0 h=83.8 edge=0
TRACK q=402 s=2 dx=-23.7 dy=-2.2 x=82 y=-11 tx=73 age=87315
TRACK BOX q=404 x=16.8 y=15.2 w=71.8 h=83.2 edge=0
TRACK q=404 s=2 dx=-27.3 dy=-3.2 x=74 y=-10 tx=74 age=108355

nsh> [Kk7host halt
TRACK halt requested: hold last target; not motor disable.
nsh> [KVOICE MODE applied=0 result=0
TRACK q=407 s=4 dx=0.0 dy=0.0 x=74 y=-10 tx=74 age=97332
TRACK q=410 s=4 dx=0.0 dy=0.0 x=74 y=-10 tx=74 age=85048
TRACK q=412 s=4 dx=0.0 dy=0.0 x=74 y=-10 tx=74 age=104803
TRACK q=415 s=4 dx=0.0 dy=0.0 x=74 y=-10 tx=74 age=92437
TRACK q=416 s=4 dx=0.0 dy=0.0 x=74 y=-10 tx=74 age=112366
TRACK q=419 s=4 dx=0.0 dy=0.0 x=74 y=-10 tx=74 age=99961
TRACK q=422 s=4 dx=0.0 dy=0.0 x=74 y=-10 tx=74 age=87793
TRACK q=424 s=4 dx=0.0 dy=0.0 x=74 y=-10 tx=74 age=107429
TRACK q=427 s=4 dx=0.0 dy=0.0 x=74 y=-10 tx=74 age=95057
TRACK q=429 s=4 dx=0.0 dy=0.0 x=74 y=-10 tx=74 age=114596
TRACK q=432 s=4 dx=0.0 dy=0.0 x=74 y=-10 tx=74 age=102094
TRACK q=435 s=4 dx=0.0 dy=0.0 x=74 y=-10 tx=74 age=89688
TRACK q=437 s=4 dx=0.0 dy=0.0 x=74 y=-10 tx=74 age=109341
TRACK q=439 s=4 dx=0.0 dy=0.0 x=74 y=-10 tx=74 age=97131
TRACK q=442 s=4 dx=0.0 dy=0.0 x=74 y=-10 tx=74 age=84734
TRACK q=444 s=4 dx=0.0 dy=0.0 x=74 y=-10 tx=74 age=104410
TRACK q=447 s=4 dx=0.0 dy=0.0 x=74 y=-10 tx=74 age=91894
TRACK q=449 s=4 dx=0.0 dy=0.0 x=74 y=-10 tx=74 age=111403
TRACK q=452 s=4 dx=0.0 dy=0.0 x=74 y=-10 tx=74 age=98881
TRACK q=455 s=4 dx=0.0 dy=0.0 x=74 y=-10 tx=74 age=86381
TRACK q=457 s=4 dx=0.0 dy=0.0 x=74 y=-10 tx=74 age=105853
TRACK q=459 s=4 dx=0.0 dy=0.0 x=74 y=-10 tx=74 age=125431
TRACK q=461 s=4 dx=0.0 dy=0.0 x=74 y=-10 tx=74 age=113123
TRACK q=464 s=4 dx=0.0 dy=0.0 x=74 y=-10 tx=74 age=100632
TRACK q=467 s=4 dx=0.0 dy=0.0 x=74 y=-10 tx=74 age=88303
TRACK q=469 s=4 dx=0.0 dy=0.0 x=74 y=-10 tx=74 age=108016
TRACK q=472 s=4 dx=0.0 dy=0.0 x=74 y=-10 tx=74 age=95536
TRACK q=474 s=4 dx=0.0 dy=0.0 x=74 y=-10 tx=74 age=115228
TRACK q=477 s=4 dx=0.0 dy=0.0 x=74 y=-10 tx=74 age=102674
TRACK q=480 s=4 dx=0.0 dy=0.0 x=74 y=-10 tx=74 age=90210
TRACK q=481 s=4 dx=0.0 dy=0.0 x=74 y=-10 tx=74 age=141767
TRACK q=484 s=4 dx=0.0 dy=0.0 x=74 y=-10 tx=74 age=97376
TRACK q=487 s=4 dx=0.0 dy=0.0 x=74 y=-10 tx=74 age=84920
TRACK q=489 s=4 dx=0.0 dy=0.0 x=74 y=-10 tx=74 age=104435
TRACK q=492 s=4 dx=0.0 dy=0.0 x=74 y=-10 tx=74 age=91941
TRACK q=494 s=4 dx=0.0 dy=0.0 x=74 y=-10 tx=74 age=111366

