
nsh> [Kk7sound replay 12
AUDIO_IO reset12=00000000 gate11=00000000 gate12=00000000 gate18=00000000 mux=00000000 source=00000000
AUDIO_IO con=00060300 ien=00000000 gpio_version=010219c8 gpio_input=014d3050
SOUND platform_result=0 version=23073576 repair=fdffffff ack=00000001 idle=00TRACK q=50918 s=4 dx=0.0 dy=0.0 x=74 y=-10 tx=74 age=97451
SOUND codec_prepare=0 state=2
SOUND adc_variant=0 settle_ms=0
SOUND playback_gain_db=12 dac_attenuTRACK q=50921 s=4 dx=0.0 dy=0.0 x=74 y=-10 tx=74 age=84058
TRACK q=50923 s=4 dx=0.0 dy=0.0 x=74 y=-10 tx=74 age=103685
TRACK q=50926 s=4 dx=0.0 dy=0.0 x=74 y=-10 tx=74 age=91376
TRACK q=50928 s=4 dx=0.0 dy=0.0 x=74 y=-10 tx=74 age=111174
TRACK q=50930 s=4 dx=0.0 dy=0.0 x=74 y=-10 tx=74 age=130821
TRACK q=50933 s=4 dx=0.0 dy=0.0 x=74 y=-10 tx=74 age=86622
TRACK q=50935 s=4 dx=0.0 dy=0.0 x=74 y=-10 tx=74 age=106218
TRACK q=50938 s=4 dx=0.0 dy=0.0 x=74 y=-10 tx=74 age=93875
TRACK q=50940 s=4 dx=0.0 dy=0.0 x=74 y=-10 tx=74 age=113559
TRACK q=50943 s=4 dx=0.0 dy=0.0 x=74 y=-10 tx=74 age=101223
TRACK q=50946 s=4 dx=0.0 dy=0.0 x=74 y=-10 tx=74 age=88924
TRACK q=50948 s=4 dx=0.0 dy=0.0 x=74 y=-10 tx=74 age=108655
TRACK q=50951 s=4 dx=0.0 dy=0.0 x=74 y=-10 tx=74 age=96475
TRACK q=50953 s=4 dx=0.0 dy=0.0 x=74 y=-10 tx=74 age=84365
TRACK q=50955 s=4 dx=0.0 dy=0.0 x=74 y=-10 tx=74 age=104019
TRACK q=50958 s=4 dx=0.0 dy=0.0 x=74 y=-10 tx=74 age=91717
TRACK q=50960 s=4 dx=0.0 dy=0.0 x=74 y=-10 tx=74 age=111434
TRACK q=50963 s=4 dx=0.0 dy=0.0 x=74 y=-10 tx=74 age=97960
TRACK q=50966 s=4 dx=0.0 dy=0.0 x=74 y=-10 tx=74 age=86410
TRACK q=50968 s=4 dx=0.0 dy=0.0 x=74 y=-10 tx=74 age=105995
TRACK q=50971 s=4 dx=0.0 dy=0.0 x=74 y=-10 tx=74 age=93582
TRACK q=50973 s=4 dx=0.0 dy=0.0 x=74 y=-10 tx=74 age=113056
TRACK q=50975 s=4 dx=0.0 dy=0.0 x=74 y=-10 tx=74 age=101099
TRACK q=50978 s=4 dx=0.0 dy=0.0 x=74 y=-10 tx=74 age=88764
TRACK q=50980 s=4 dx=0.0 dy=0.0 x=74 y=-10 tx=74 age=108628
TRACK q=50983 s=4 dx=0.0 dy=0.0 x=74 y=-10 tx=74 age=96202
TRACK q=50986 s=4 dx=0.0 dy=0.0 x=74 y=-10 tx=74 age=83788
TRACK q=50988 s=4 dx=0.0 dy=0.0 x=74 y=-10 tx=74 age=103346
TRACK q=50991 s=4 dx=0.0 dy=0.0 x=74 y=-10 tx=74 age=90900
TRACK q=50993 s=4 dx=0.0 dy=0.0 x=74 y=-10 tx=74 age=110530
TRACK q=50996 s=4 dx=0.0 dy=0.0 x=74 y=-10 tx=74 age=98193
TRACK q=50998 s=4 dx=0.0 dy=0.0 x=74 y=-10 tx=74 age=85936
TRACK q=51000 s=4 dx=0.0 dy=0.0 x=74 y=-10 tx=74 age=105653
TRACK q=51003 s=4 dx=0.0 dy=0.0 x=74 y=-10 tx=74 age=93297
TRACK q=51005 s=4 dx=0.0 dy=0.0 x=74 y=-10 tx=74 age=112890
TRACK q=51008 s=4 dx=0.0 dy=0.0 x=74 y=-10 tx=74 age=100459
SOUND timing direction=tx stream_start_us=9678325546 result=0
SOUND experiment clear=0 reset=0 clockwait20=0
SOUND slot_mask offset=3c value=00000000
SOUND slot_mask offset=40 value=00000000
SOUND slot_mask offset=44 value=00000000
SOUND slot_mask offset=48 value=00000000
SOUND slot_mask offset=4c value=00000000
SOUND slot_mask offset=50 value=00000000
SOUND slot_mask offset=54 value=00000000
SOUND slot_mask offset=58 value=00000000
SOUND pio=0 frames=48000 polls=2557046 stop=0 held=0 max_fifo=16
SOUND fifo first=00104104 last=00000000 TXCR=00400fff RXCR=00700fff FSCR=0101f03f CKR=00000018
SOUND codec reg=00 value=36
SOUND codec reg=01 value=60
SOUND codec reg=02 value=00
SOUND codec reg=03 value=00
SOUND codec reg=04 value=0c
SOUND codec reg=05 value=00
SOUND codec reg=06 value=00
SOUND codec reg=07 value=7c
SOUND codec reg=08 value=00
SOUND codec reg=09 value=44
SOUND codec reg=0a value=f0
SOUND codec reg=0b value=82
SOUND codec reg=0c value=10
SOUND codec reg=0d value=02
SOUND codec reg=0f value=24
SOUND codec reg=17 value=20
SOUND codec reg
SOUND codec reg=1a value=18
SOUND codec reg=1b value=18
SOUNDUND codec reg=2a value=b8
SOUND codec reg=2b value=80
SOUND co pull=00005515 schmitt=000000ff path=000000e4 gpio_high=49679 trl=1 high=25107 changes=40364
SOUND pad channel=2 high=24831 changes=635
SOUND pad channel=3 high=49679 changes=0
TRACK q=51011 s=4 dx=0.0 dy=0.0 x=74 y=-10 tx=74 age=87070
SOUND result=0 codec_stop=0 platform_restore=0 i2c_restore=0 amp_low=1
nsh> [KTRACK q=51013 s=4 dx=0.0 dy=0.0 x=74 y=-10 tx=74 age=108616
TRACK q=51016 s=4 dx=0.0 dy=0.0 x=74 y=-10 tx=74 age=96454
TRACK q=51018 s=4 dx=0.0 dy=0.0 x=74 y=-10 tx=74 age=116267
TRACK q=51020 s=4 dx=0.0 dy=0.0 x=74 y=-10 tx=74 age=104109
TRACK q=51023 s=4 dx=0.0 dy=0.0 x=74 y=-10 tx=74 age=91987
TRACK q=51025 s=4 dx=0.0 dy=0.0 x=74 y=-10 tx=74 age=111634
TRACK q=51028 s=4 dx=0.0 dy=0.0 x=74 y=-10 tx=74 age=99367
TRACK q=51031 s=4 dx=0.0 dy=0.0 x=74 y=-10 tx=74 age=87068
TRACK q=51033 s=4 dx=0.0 dy=0.0 x=74 y=-10 tx=74 age=106803
TRACK q=51036 s=4 dx=0.0 dy=0.0 x=74 y=-10 tx=74 age=94500
TRACK q=51038 s=4 dx=0.0 dy=0.0 x=74 y=-10 tx=74 age=114200
TRACK q=51040 s=4 dx=0.0 dy=0.0 x=74 y=-10 tx=74 age=134235
TRACK q=51043 s=4 dx=0.0 dy=0.0 x=74 y=-10 tx=74 age=90498
TRACK q=51045 s=4 dx=0.0 dy=0.0 x=74 y=-10 tx=74 age=110231
TRACK q=51048 s=4 dx=0.0 dy=0.0 x=74 y=-10 tx=74 age=97925
TRACK q=51051 s=4 dx=0.0 dy=0.0 x=74 y=-10 tx=74 age=85604
TRACK q=51053 s=4 dx=0.0 dy=0.0 x=74 y=-10 tx=74 age=105376
TRACK q=51056 s=4 dx=0.0 dy=0.0 x=74 y=-10 tx=74 age=93072
TRACK q=51058 s=4 dx=0.0 dy=0.0 x=74 y=-10 tx=74 age=112722
TRACK q=51061 s=4 dx=0.0 dy=0.0 x=74 y=-10 tx=74 age=100442
TRACK q=51063 s=4 dx=0.0 dy=0.0 x=74 y=-10 tx=74 age=88318
TRACK q=51065 s=4 dx=0.0 dy=0.0 x=74 y=-10 tx=74 age=108208
TRACK q=51068 s=4 dx=0.0 dy=0.0 x=74 y=-10 tx=74 age=96036
TRACK q=51071 s=4 dx=0.0 dy=0.0 x=74 y=-10 tx=74 age=83855
TRACK q=51073 s=4 dx=0.0 dy=0.0 x=74 y=-10 tx=74 age=103787
TRACK q=51076 s=4 dx=0.0 dy=0.0 x=74 y=-10 tx=74 age=91479
TRACK q=51078 s=4 dx=0.0 dy=0.0 x=74 y=-10 tx=74 age=111187
TRACK q=51081 s=4 dx=0.0 dy=0.0 x=74 y=-10 tx=74 age=99033
TRACK q=51084 s=4 dx=0.0 dy=0.0 x=74 y=-10 tx=74 age=86728
TRACK q=51085 s=4 dx=0.0 dy=0.0 x=74 y=-10 tx=74 age=106679
TRACK q=51088 s=4 dx=0.0 dy=0.0 x=74 y=-10 tx=74 age=94291
TRACK q=51090 s=4 dx=0.0 dy=0.0 x=74 y=-10 tx=74 age=113885
TRACK q=51093 s=4 dx=0.0 dy=0.0 x=74 y=-10 tx=74 age=101575
TRACK q=51096 s=4 dx=0.0 dy=0.0 x=74 y=-10 tx=74 age=89243
TRACK q=51098 s=4 dx=0.0 dy=0.0 x=74 y=-10 tx=74 age=108937
TRACK q=51101 s=4 dx=0.0 dy=0.0 x=74 y=-10 tx=74 age=96693
TRACK q=51104 s=4 dx=0.0 dy=0.0 x=74 y=-10 tx=74 age=84701
TRACK q=51106 s=4 dx=0.0 dy=0.0 x=74 y=-10 tx=74 age=104350
TRACK q=51108 s=4 dx=0.0 dy=0.0 x=74 y=-10 tx=74 age=92233
TRACK q=51110 s=4 dx=0.0 dy=0.0 x=74 y=-10 tx=74 age=111925
TRACK q=51113 s=4 dx=0.0 dy=0.0 x=74 y=-10 tx=74 age=99554
TRACK q=51116 s=4 dx=0.0 dy=0.0 x=74 y=-10 tx=74 age=87132
TRACK q=51118 s=4 dx=0.0 dy=0.0 x=74 y=-10 tx=74 age=106963
TRACK q=51121 s=4 dx=0.0 dy=0.0 x=74 y=-10 tx=74 age=94684
TRACK q=51123 s=4 dx=0.0 dy=0.0 x=74 y=-10 tx=74 age=114351

