k7cloud asr-live 10.3.1.125
RADIO Wi-Fi RX type=1 id=15 seq=26 len=10
RADIO Wi-Fi cmd=15 seq=26 ack=1 status=0 response=0 ret=0
RADIO Wi-Fi RX type=1 id=15 seq=27 len=10
RADIO Wi-Fi cmd=15 seq=27 ack=1 status=0 response=0 ret=0
RADIO Wi-Fi RX type=1 id=15 seq=28 len=10
RADIO Wi-Fi cmd=15 seq=28 ack=1 status=0 response=0 ret=0
RADIO Wi-Fi RX type=1 id=15 seq=29 len=10
RADIO Wi-Fi cmd=15 seq=29 ack=1 status=0 response=0 ret=0
AUDIO_IO reset12=00000000 gate11=00000000 gate12=00000000 gate18=00000000 mux=00000000 source=00000000
AUDIO_IO con=00060300 ieput=014d3050
SOUND platform_result=0 version=23073576 repair=fdRADIO Wi-Fi RX type=1 id=15 seq=30 len=10
RADIO Wi-Fi cmd=15 seq=30 ack=1 status=0 response=0 ret=0
SOUND codec_prepare=0 state=2
SOUND adc_variant=24 settle_ms=1000
SOUND playback_gain_db=0 dac_attenuation_db=24 maximum=0
SOUND experiment clear=0 reset=0 clockwait20=0
SOUND slot_mask offset=3c value=00000000
SOUND slot_mask offset=40 value=000000000000
SOUND slot_mask offset=50 value=00000000
SOUND slot_mas30080 mismatches=0
SOUND fifo first=00000000 last=00041041 TXCR0700fff FSCR=0101f03f CKR=00000018
SOUND trace start=906692775 d=1 count=32
SOUND trace_init index=0 value=00000000 rc=0
SOUND trace_init index=1 value=00000002 rc=0
SOUND trace_init indexf rc=0
SOUND trace_init index=3 value=000000e4 rc=0
SOUND trac=0 us=906692901 before=00041041 word=ffffffff after=00041040 rc=00000 after=00041040 rc=0,0,0
SOUND trace_word index=2 us=90669 us=906692906 before=00041000 word=00000000 after=00041000 rc=0,41000 word=ffffffff after=00040000 rc=0,0,0
SOUND trace_word in0000 word=00000000 after=00040000 rc=0,0,0
SOUND trace_word index=6 us=906692911 before=00040000 word=ffffffff after=00000000 rc=0,0,0
SOUND trace_word index=7 us=906692913 before=00000000 word=00000000 after=00000000 rc=034 before=00041040 word=00000000 after=00041040 rc=0,0,0
SOUND =10 us=906692936 before=00041040 word=ffffffff after=00041000 rcrd index=12 us=906692939 before=00041000 word=ffffffff after=0003 us=906692941 before=00040000 word=00000000 after=00040000 rc=0
SOUND trace_word index=14 us=906692943 before=00040000 word=ffffffff after=00000000 rc=0,0,0
SOUND trace_word index=15 us=9066ord index=16 us=906692963 before=00041041 word=ffffffff after=006692965 before=00041040 word=00000000 after=00041040 rc=0,0,0
SOUND trace_word index=18 us=906692967 before=00041040 word=ffffffff after=00041000 rc=0,0,0
SOUND trace_word index=19 us=906692968 before=00041000 word=00000000 after=00041000 rc=0,0,0
SOUND trace_word index=20 us=906692970 before=00041000 word=ffffffff after=00040000 rc=0,0,0
SOUND trace_word index=21 us=906692972 before=00040000 word=00000000 after=00040000 rc=0,0,0
SOUND trace_word index=22 us=906692974 before=00040000 word=ffffffff after=00000000 rc=0,0,0
SOUND trace_word index=23 us=906692975 before=00000000 word=00000000 after=00000000 rc=0,0,0
SOUND trace_word index=24 us=906692995 before=00041041 word=ffffffff after=00041040 rc=0,0,0
SOUND trace_word index=25 us=906692996 before=00041040 word=00000000 after=00041040 rc=0,0,0
SOUND trace_word index=26 us=906692998 before=00041040 word=ffffffff after=00041000 rc=0,0,0
SOUND trace_word index=27 us=906693001 before=00041000 word=00000000 after=00041000 rc=0,0,0
SOUND trace_word index=28 us=906693003 before=00041000 word=ffffffff after=00040000 rc=0,0,0
SOUND trace_word index=29 us=906693004 before=00040000 word=00000000 after=00040000 rc=0,0,0
SOUND trace_word index=30 us=906693006 before=00040000 word=ffffffff after=00000000 rc=0,0,0
SOUND trace_word index=31 us=906693008 before=00000000 word=00000000 after=00000000 rc=0,0,0
SOUND codec reg=00 value=36
SOUND codec reg=01 value=60
SOUND codec reg=02 value=00
SOUND codec reg=03 value=00
SOUND codec reg=04 value=0c
SOUND codec reg=05 value=00
SOUND codec reg=06 value=00
SOUND codec reg=07 value=7c
SOUND codec reg=08 value=00
SOUND codec reg=09 valueeg=0c value=10
SOUND codec reg=0d value=02
SOUND codec reg=0f 30
SOUND codec reg=1b value=30
SOUND codec reg=27 value=b8
SOc reg=2a value=b8
SOUND codec reg=2b value=80
SOUND codec reg=30 value=14
SOUND codec reg=31 value=14
SOUND input pull=0000500000ff path=000000e4 gpio_high=50192 transitions=0 samples=5019ad ticks=480004 max_gap=35 counter_hz=24000000 complete=1
SOUND pad channel=0 high=24775 changes=37068
SOUND pad channel=1 higad channel=3 high=50192 changes=0
SOUND pcm left_min=-12273152 _max=12209664 right_nonzero=26878
SOUND result=-28 codec_stop=0 platform_restore=0 i2c_restore=0 amp_low=1
WIFI data rejected ret=-13 parsed=0 meta=0a04 flags=77 offset=74 index=1 seq=12 lastbyte=01 wire=102 length=80
K7CLOUD asr result=-5 frames_sent=51 completed=0
nsh> [K
