k7cloud asr-live 10.3.1.125
RADIO Wi-Fi RX type=1 id=15 seq=219 len=10
RADIO Wi-Fi cmd=15 seq=219 ack=1 status=0 response=0 ret=0
RADIO Wi-Fi RX type=1 id=15 seq=220 len=10
RADIO Wi-Fi cmd=15 seq=220 ack=1 status=0 response=0 ret=0
RADIO Wi-Fi RX type=1 id=15 seq=221 len=10
RADIO Wi-Fi cmd=15 seq=221 ack=1 status=0 response=0 ret=0
AUDIO_IO reset12=00000000 gate11=00000000 gate12=00000000 gate18=00000000 mux=00000000 source=00000000
AUDIO_IO con=00060300 ien=00000000 gpio_version=010219c8 gpio_input=014d3050
SOUND platform_result=0 version=23073576 repair=fdffffff ack=00000001 idle=00000001
SOUND mclkout before=0000001f after=0000001d
RADIO W ack=1 status=0 response=0 ret=0
SOUND codec_prepare=0 state=2
SOUND adc_variant=24 settle_ms=1000
SOUND playback_gain_db=24 dac_attenuation_db=0 maximum=1
RADIO Wi-Fi RX type=1 id=15 seq=223 len=10
RADIO Wi-Fi cmd=15 seq=223 ack=1 status=0 response=0 ret=0
RADIO Wi-Fi RX type=1 id=15 seq=224 len=10
RADIO Wi-Fi cmd=15 seq=224 ack=1 status=0 response=0 ret=0
RADIO Wi-Fi RX type=1 id=15 seq=225 len=10
RADIO Wi-Fi cmd=15 seq=225 ack=1 status=0 response=0 ret=0
RADIO Wi-Fi RX type=1 id=15 seq=226 len=10
RADIO Wi-Fi cmd=15 seq=226 ack=1 status=0 response=0 ret=0
RADIO Wi-Fi RX type=1 id=15 seq=227 len=10
RADIO Wi-Fi cmd=15 seq=227 ack=1 status=0 response=0 ret=0
RADIO Wi-Fi RX type=1 id=15 seq=228 len=10
RADIO Wi-Fi cmd=15 seq=228 ack=1 status=0 response=0 ret=0
RADIO Wi-Fi RX type=1 id=15 seq=229 len=10
RADIO Wi-Fi cmd=15 seq=229 ack=1 status=0 response=0 ret=0
RADIO Wi-Fi RX type=1 id=15 seq=230 len=10
RADIO Wi-Fi cmd=15 seq=230 ack=1 status=0 response=0 ret=0
WIFI data rejected ret=-138 parsed=-138 meta=0204 flags=5f offset=74 index=3 seq=86 lastbyte=83 wire=100 length=56
RADIO Wi-Fi RX type=1 id=15 seq=231 len=10
RADIO Wi-Fi cmd=15 seq=231 ack=1 status=0 response=0 ret=0
RADIO Wi-Fi RX type=1 id=15 seq=232 len=10
RADIO Wi-Fi cmd=15 seq=232 ack=1 status=0 response=0 ret=0
RADIO Wi-Fi RX type=1 id=15 seq=233 len=10
RADIO Wi-Fi cmd=15 seq=233 ack=1 status=0 response=0 ret=0
RADIO Wi-Fi RX type=1 id=15 seq=234 len=10
RADIO Wi-Fi cmd=15 seq=234 ack=1 status=0 response=0 ret=0
RADIO Wi-Fi RX type=1 id=15 seq=235 len=10
RADIO Wi-Fi cmd=15 seq=235 ack=1 status=0 response=0 ret=0
RADIO Wi-Fi RX type=1 id=15 seq=236 len=10
RADIO Wi-Fi cmd=15 seq=236 ack=1 status=0 response=0 ret=0
RADIO Wi-Fi RX type=1 id=15 seq=237 len=10
RADIO Wi-Fi cmd=15 seq=237 ack=1 status=0 response=0 ret=0
RADIO Wi-Fi RX type=1 id=15 seq=238 len=10
RADIO Wi-Fi cmd=15 seq=238 ack=1 status=0 response=0 ret=0
RADIO Wi-Fi RX type=1 id=15 seq=239 len=10
RADIO Wi-Fi cmd=15 seq=239 ack=1 status=0 response=0 ret=0
RADIO Wi-Fi RX type=1 id=15 seq=240 len=10
RADIO Wi-Fi cmd=15 seq=240 ack=1 status=0 response=0 ret=0
RADIO Wi-Fi RX type=1 id=15 seq=241 len=10
RADIO Wi-Fi cmd=15 seq=241 ack=1 status=0 response=0 ret=0
RADIO Wi-Fi RX type=1 id=15 seq=242 len=10
RADIO Wi-Fi cmd=15 seq=242 ack=1 status=0 response=0 ret=0
RADIO Wi-Fi RX type=1 id=15 seq=243 len=10
RADIO Wi-Fi cmd=15 seq=243 ack=1 status=0 response=0 ret=0
RADIO Wi-Fi RX type=1 id=15 seq=244 len=10
RADIO Wi-Fi cmd=15 seq=244 ack=1 status=0 response=0 ret=0
RADIO Wi-Fi RX type=1 id=15 seq=245 len=10
RADIO Wi-Fi cmd=15 seq=245 ack=1 status=0 response=0 ret=0
RADIO Wi-Fi RX type=1 id=15 seq=246 len=10
RADIO Wi-Fi cmd=15 seq=246 ack=1 status=0 response=0 ret=0
RADIO Wi-Fi RX type=1 id=15 seq=247 len=10
RADIO Wi-Fi cmd=15 seq=247 ack=1 status=0 response=0 ret=0
RADIO Wi-Fi RX type=1 id=15 seq=248 len=10
RADIO Wi-Fi cmd=15 seq=248 ack=1 status=0 response=0 ret=0
RADIO Wi-Fi RX type=1 id=15 seq=249 len=10
RADIO Wi-Fi cmd=15 seq=249 ack=1 status=0 response=0 ret=0
RADIO Wi-Fi RX type=1 id=15 seq=250 len=10
RADIO Wi-Fi cmd=15 seq=250 ack=1 status=0 response=0 ret=0
RADIO Wi-Fi RX type=1 id=15 seq=251 len=10
RADIO Wi-Fi cmd=15 seq=251 ack=1 status=0 response=0 ret=0
RADIO Wi-Fi RX type=1 id=15 seq=252 len=10
RADIO Wi-Fi cmd=15 seq=252 ack=1 status=0 response=0 ret=0
RADIO Wi-Fi RX type=1 id=15 seq=253 len=10
RADIO Wi-Fi cmd=15 seq=253 ack=1 status=0 response=0 ret=0
RADIO Wi-Fi RX type=1 id=15 seq=254 len=10
RADIO Wi-Fi cmd=15 seq=254 ack=1 status=0 response=0 ret=0
RADIO Wi-Fi RX type=1 id=15 seq=255 len=10
RADIO Wi-Fi cmd=15 seq=255 ack=1 status=0 response=0 ret=0
RADIO Wi-Fi RX type=1 id=15 seq=256 len=10
RADIO Wi-Fi cmd=15 seq=256 ack=1 status=0 response=0 ret=0
RADIO Wi-Fi RX type=1 id=15 seq=257 len=10
RADIO Wi-Fi cmd=15 seq=257 ack=1 status=0 response=0 ret=0
RADIO Wi-Fi RX type=1 id=15 seq=258 len=10
RADIO Wi-Fi cmd=15 seq=258 ack=1 status=0 response=0 ret=0
RADIO Wi-Fi RX type=1 id=15 seq=259 len=10
RADIO Wi-Fi cmd=15 seq=259 ack=1 status=0 response=0 ret=0
RADIO Wi-Fi RX type=1 id=15 seq=260 len=10
RADIO Wi-Fi cmd=15 seq=260 ack=1 status=0 response=0 ret=0
RADIO Wi-Fi RX type=1 id=15 seq=261 len=10
RADIO Wi-Fi cmd=15 seq=261 ack=1 status=0 response=0 ret=0
RADIO Wi-Fi RX type=1 id=15 seq=262 len=10
RADIO Wi-Fi cmd=15 seq=262 ack=1 status=0 response=0 ret=0
RADIO Wi-Fi RX type=1 id=15 seq=263 len=10
RADIO Wi-Fi cmd=15 seq=263 ack=1 status=0 response=0 ret=0
RADIO Wi-Fi RX type=1 id=15 seq=264 len=10
RADIO Wi-Fi cmd=15 seq=264 ack=1 status=0 response=0 ret=0
RADIO Wi-Fi RX type=1 id=15 seq=265 len=10
RADIO Wi-Fi cmd=15 seq=265 ack=1 status=0 response=0 ret=0
RADIO Wi-Fi RX type=1 id=15 seq=266 len=10
RADIO Wi-Fi cmd=15 seq=266 ack=1 status=0 response=0 ret=0
RADIO Wi-Fi RX type=1 id=15 seq=267 len=10
RADIO Wi-Fi cmd=15 seq=267 ack=1 status=0 response=0 ret=0
RADIO Wi-Fi RX type=1 id=15 seq=268 len=10
RADIO Wi-Fi cmd=15 seq=268 ack=1 status=0 response=0 ret=0
RADIO Wi-Fi RX type=1 id=15 seq=269 len=10
RADIO Wi-Fi cmd=15 seq=269 ack=1 status=0 response=0 ret=0
RADIO Wi-Fi RX type=1 id=15 seq=270 len=10
RADIO Wi-Fi cmd=15 seq=270 ack=1 status=0 response=0 ret=0
RADIO Wi-Fi RX type=1 id=15 seq=271 len=10
RADIO Wi-Fi cmd=15 seq=271 ack=1 status=0 response=0 ret=0
RADIO Wi-Fi RX type=1 id=15 seq=272 len=10
RADIO Wi-Fi cmd=15 seq=272 ack=1 status=0 response=0 ret=0
RADIO Wi-Fi RX type=1 id=15 seq=273 len=10
RADIO Wi-Fi cmd=15 seq=273 ack=1 status=0 response=0 ret=0
RADIO Wi-Fi RX type=1 id=15 seq=274 len=10
RADIO Wi-Fi cmd=15 seq=274 ack=1 status=0 response=0 ret=0
RADIO Wi-Fi RX type=1 id=15 seq=275 len=10
RADIO Wi-Fi cmd=15 seq=275 ack=1 status=0 response=0 ret=0
RADIO Wi-Fi RX type=1 id=15 seq=276 len=10
RADIO Wi-Fi cmd=15 seq=276 ack=1 status=0 response=0 ret=0
RADIO Wi-Fi RX type=1 id=15 seq=277 len=10
RADIO Wi-Fi cmd=15 seq=277 ack=1 status=0 response=0 ret=0
RADIO Wi-Fi RX type=1 id=15 seq=278 len=10
RADIO Wi-Fi cmd=15 seq=278 ack=1 status=0 response=0 ret=0
RADIO Wi-Fi RX type=1 id=15 seq=279 len=10
RADIO Wi-Fi cmd=15 seq=279 ack=1 status=0 response=0 ret=0
RADIO Wi-Fi RX type=1 id=15 seq=280 len=10
RADIO Wi-Fi cmd=15 seq=280 ack=1 status=0 response=0 ret=0
RADIO Wi-Fi RX type=1 id=15 seq=281 len=10
RADIO Wi-Fi cmd=15 seq=281 ack=1 status=0 response=0 ret=0
RADIO Wi-Fi RX type=1 id=15 seq=282 len=10
RADIO Wi-Fi cmd=15 seq=282 ack=1 status=0 response=0 ret=0
RADIO Wi-Fi RX type=1 id=15 seq=283 len=10
RADIO Wi-Fi cmd=15 seq=283 ack=1 status=0 response=0 ret=0
RADIO Wi-Fi RX type=1 id=15 seq=284 len=10
RADIO Wi-Fi cmd=15 seq=284 ack=1 status=0 response=0 ret=0
RADIO Wi-Fi RX type=1 id=15 seq=285 len=10
RADIO Wi-Fi cmd=15 seq=285 ack=1 status=0 response=0 ret=0
RADIO Wi-Fi RX type=1 id=15 seq=286 len=10
RADIO Wi-Fi cmd=15 seq=286 ack=1 status=0 response=0 ret=0
RADIO Wi-Fi RX type=1 id=15 seq=287 len=10
RADIO Wi-Fi cmd=15 seq=287 ack=1 status=0 response=0 ret=0
RADIO Wi-Fi RX type=1 id=15 seq=288 len=10
RADIO Wi-Fi cmd=15 seq=288 ack=1 status=0 response=0 ret=0
RADIO Wi-Fi RX type=1 id=15 seq=289 len=10
RADIO Wi-Fi cmd=15 seq=289 ack=1 status=0 response=0 ret=0
RADIO Wi-Fi RX type=1 id=15 seq=290 len=10
RADIO Wi-Fi cmd=15 seq=290 ack=1 status=0 response=0 ret=0
RADIO Wi-Fi RX type=1 id=15 seq=291 len=10
RADIO Wi-Fi cmd=15 seq=291 ack=1 status=0 response=0 ret=0
RADIO Wi-Fi RX type=1 id=15 seq=292 len=10
RADIO Wi-Fi cmd=15 seq=292 ack=1 status=0 response=0 ret=0
RADIO Wi-Fi RX type=1 id=15 seq=293 len=10
RADIO Wi-Fi cmd=15 seq=293 ack=1 status=0 response=0 ret=0
RADIO Wi-Fi RX type=1 id=15 seq=294 len=10
RADIO Wi-Fi cmd=15 seq=294 ack=1 status=0 response=0 ret=0
RADIO Wi-Fi RX type=1 id=15 seq=295 len=10
RADIO Wi-Fi cmd=15 seq=295 ack=1 status=0 response=0 ret=0
RADIO Wi-Fi RX type=1 id=15 seq=296 len=10
RADIO Wi-Fi cmd=15 seq=296 ack=1 status=0 response=0 ret=0
RADIO Wi-Fi RX type=1 id=15 seq=297 len=10
RADIO Wi-Fi cmd=15 seq=297 ack=1 status=0 response=0 ret=0
RADIO Wi-Fi RX type=1 id=15 seq=298 len=10
RADIO Wi-Fi cmd=15 seq=298 ack=1 status=0 response=0 ret=0
RADIO Wi-Fi RX type=1 id=15 seq=299 len=10
RADIO Wi-Fi cmd=15 seq=299 ack=1 status=0 response=0 ret=0
RADIO Wi-Fi RX type=1 id=15 seq=300 len=10
RADIO Wi-Fi cmd=15 seq=300 ack=1 status=0 response=0 ret=0
RADIO Wi-Fi RX type=1 id=15 seq=301 len=10
RADIO Wi-Fi cmd=15 seq=301 ack=1 status=0 response=0 ret=0
RADIO Wi-Fi RX type=1 id=15 seq=302 len=10
RADIO Wi-Fi cmd=15 seq=302 ack=1 status=0 response=0 ret=0
RADIO Wi-Fi RX type=1 id=15 seq=303 len=10
RADIO Wi-Fi cmd=15 seq=303 ack=1 status=0 response=0 ret=0
RADIO Wi-Fi RX type=1 id=15 seq=304 len=10
RADIO Wi-Fi cmd=15 seq=304 ack=1 status=0 response=0 ret=0
RADIO Wi-Fi RX type=1 id=15 seq=305 len=10
RADIO Wi-Fi cmd=15 seq=305 ack=1 status=0 response=0 ret=0
RADIO Wi-Fi RX type=1 id=15 seq=306 len=10
RADIO Wi-Fi cmd=15 seq=306 ack=1 status=0 response=0 ret=0
RADIO Wi-Fi RX type=1 id=15 seq=307 len=10
RADIO Wi-Fi cmd=15 seq=307 ack=1 status=0 response=0 ret=0
RADIO Wi-Fi RX type=1 id=15 seq=308 len=10
RADIO Wi-Fi cmd=15 seq=308 ack=1 status=0 response=0 ret=0
RADIO Wi-Fi RX type=1 id=15 seq=309 len=10
RADIO Wi-Fi cmd=15 seq=309 ack=1 status=0 response=0 ret=0
RADIO Wi-Fi RX type=1 id=15 seq=310 len=10
RADIO Wi-Fi cmd=15 seq=310 ack=1 status=0 response=0 ret=0
RADIO Wi-Fi RX type=1 id=15 seq=311 len=10
RADIO Wi-Fi cmd=15 seq=311 ack=1 status=0 response=0 ret=0
RADIO Wi-Fi RX type=1 id=15 seq=312 len=10
RADIO Wi-Fi cmd=15 seq=312 ack=1 status=0 response=0 ret=0
RADIO Wi-Fi RX type=1 id=15 seq=313 len=10
RADIO Wi-Fi cmd=15 seq=313 ack=1 status=0 response=0 ret=0
RADIO Wi-Fi RX type=1 id=15 seq=314 len=10
RADIO Wi-Fi cmd=15 seq=314 ack=1 status=0 response=0 ret=0
RADIO Wi-Fi RX type=1 id=15 seq=315 len=10
RADIO Wi-Fi cmd=15 seq=315 ack=1 status=0 response=0 ret=0
RADIO Wi-Fi RX type=1 id=15 seq=316 len=10
RADIO Wi-Fi cmd=15 seq=316 ack=1 status=0 response=0 ret=0
RADIO Wi-Fi RX type=1 id=15 seq=317 len=10
RADIO Wi-Fi cmd=15 seq=317 ack=1 status=0 response=0 ret=0
RADIO Wi-Fi RX type=1 id=15 seq=318 len=10
RADIO Wi-Fi cmd=15 seq=318 ack=1 status=0 response=0 ret=0
RADIO Wi-Fi RX type=1 id=15 seq=319 len=10
RADIO Wi-Fi cmd=15 seq=319 ack=1 status=0 response=0 ret=0
RADIO Wi-Fi RX type=1 id=15 seq=320 len=10
RADIO Wi-Fi cmd=15 seq=320 ack=1 status=0 response=0 ret=0
RADIO Wi-Fi RX type=1 id=15 seq=321 len=10
RADIO Wi-Fi cmd=15 seq=321 ack=1 status=0 response=0 ret=0
RADIO Wi-Fi RX type=1 id=15 seq=322 len=10
RADIO Wi-Fi cmd=15 seq=322 ack=1 status=0 response=0 ret=0
RADIO Wi-Fi RX type=1 id=15 seq=323 len=10
RADIO Wi-Fi cmd=15 seq=323 ack=1 status=0 response=0 ret=0
RADIO Wi-Fi RX type=1 id=15 seq=324 len=10
RADIO Wi-Fi cmd=15 seq=324 ack=1 status=0 response=0 ret=0
RADIO Wi-Fi RX type=1 id=15 seq=325 len=10
RADIO Wi-Fi cmd=15 seq=325 ack=1 status=0 response=0 ret=0
RADIO Wi-Fi RX type=1 id=15 seq=326 len=10
RADIO Wi-Fi cmd=15 seq=326 ack=1 status=0 response=0 ret=0
RADIO Wi-Fi RX type=1 id=15 seq=327 len=10
RADIO Wi-Fi cmd=15 seq=327 ack=1 status=0 response=0 ret=0
RADIO Wi-Fi RX type=1 id=15 seq=328 len=10
RADIO Wi-Fi cmd=15 seq=328 ack=1 status=0 response=0 ret=0
RADIO Wi-Fi RX type=1 id=15 seq=329 len=10
RADIO Wi-Fi cmd=15 seq=329 ack=1 status=0 response=0 ret=0
RADIO Wi-Fi RX type=1 id=15 seq=330 len=10
RADIO Wi-Fi cmd=15 seq=330 ack=1 status=0 response=0 ret=0
RADIO Wi-Fi RX type=1 id=15 seq=331 len=10
RADIO Wi-Fi cmd=15 seq=331 ack=1 status=0 response=0 ret=0
RADIO Wi-Fi RX type=1 id=15 seq=332 len=10
RADIO Wi-Fi cmd=15 seq=332 ack=1 status=0 response=0 ret=0
RADIO Wi-Fi RX type=1 id=15 seq=333 len=10
RADIO Wi-Fi cmd=15 seq=333 ack=1 status=0 response=0 ret=0
RADIO Wi-Fi RX type=1 id=15 seq=334 len=10
RADIO Wi-Fi cmd=15 seq=334 ack=1 status=0 response=0 ret=0
RADIO Wi-Fi RX type=1 id=15 seq=335 len=10
RADIO Wi-Fi cmd=15 seq=335 ack=1 status=0 response=0 ret=0
RADIO Wi-Fi RX type=1 id=15 seq=336 len=10
RADIO Wi-Fi cmd=15 seq=336 ack=1 status=0 response=0 ret=0
RADIO Wi-Fi RX type=1 id=15 seq=337 len=10
RADIO Wi-Fi cmd=15 seq=337 ack=1 status=0 response=0 ret=0
RADIO Wi-Fi RX type=1 id=15 seq=338 len=10
RADIO Wi-Fi cmd=15 seq=338 ack=1 status=0 response=0 ret=0
RADIO Wi-Fi RX type=1 id=15 seq=339 len=10
RADIO Wi-Fi cmd=15 seq=339 ack=1 status=0 response=0 ret=0
RADIO Wi-Fi RX type=1 id=15 seq=340 len=10
RADIO Wi-Fi cmd=15 seq=340 ack=1 status=0 response=0 ret=0
RADIO Wi-Fi RX type=1 id=15 seq=341 len=10
RADIO Wi-Fi cmd=15 seq=341 ack=1 status=0 response=0 ret=0
RADIO Wi-Fi RX type=1 id=15 seq=342 len=10
RADIO Wi-Fi cmd=15 seq=342 ack=1 status=0 response=0 ret=0
RADIO Wi-Fi RX type=1 id=15 seq=343 len=10
RADIO Wi-Fi cmd=15 seq=343 ack=1 status=0 response=0 ret=0
RADIO Wi-Fi RX type=1 id=15 seq=344 len=10
RADIO Wi-Fi cmd=15 seq=344 ack=1 status=0 response=0 ret=0
RADIO Wi-Fi RX type=1 id=15 seq=345 len=10
RADIO Wi-Fi cmd=15 seq=345 ack=1 status=0 response=0 ret=0
RADIO Wi-Fi RX type=1 id=15 seq=346 len=10
RADIO Wi-Fi cmd=15 seq=346 ack=1 status=0 response=0 ret=0
RADIO Wi-Fi RX type=1 id=15 seq=347 len=10
RADIO Wi-Fi cmd=15 seq=347 ack=1 status=0 response=0 ret=0
RADIO Wi-Fi RX type=1 id=15 seq=348 len=10
RADIO Wi-Fi cmd=15 seq=348 ack=1 status=0 response=0 ret=0
RADIO Wi-Fi RX type=1 id=15 seq=349 len=10
RADIO Wi-Fi cmd=15 seq=349 ack=1 status=0 response=0 ret=0
RADIO Wi-Fi RX type=1 id=15 seq=350 len=10
RADIO Wi-Fi cmd=15 seq=350 ack=1 status=0 response=0 ret=0
RADIO Wi-Fi RX type=1 id=15 seq=351 len=10
RADIO Wi-Fi cmd=15 seq=351 ack=1 status=0 response=0 ret=0
RADIO Wi-Fi RX type=1 id=15 seq=352 len=10
RADIO Wi-Fi cmd=15 seq=352 ack=1 status=0 response=0 ret=0
RADIO Wi-Fi RX type=1 id=15 seq=353 len=10
RADIO Wi-Fi cmd=15 seq=353 ack=1 status=0 response=0 ret=0
RADIO Wi-Fi RX type=1 id=15 seq=354 len=10
RADIO Wi-Fi cmd=15 seq=354 ack=1 status=0 response=0 ret=0
RADIO Wi-Fi RX type=1 id=15 seq=355 len=10
RADIO Wi-Fi cmd=15 seq=355 ack=1 status=0 response=0 ret=0
RADIO Wi-Fi RX type=1 id=15 seq=356 len=10
RADIO Wi-Fi cmd=15 seq=356 ack=1 status=0 response=0 ret=0
RADIO Wi-Fi RX type=1 id=15 seq=357 len=10
RADIO Wi-Fi cmd=15 seq=357 ack=1 status=0 response=0 ret=0
RADIO Wi-Fi RX type=1 id=15 seq=358 len=10
RADIO Wi-Fi cmd=15 seq=358 ack=1 status=0 response=0 ret=0
RADIO Wi-Fi RX type=1 id=15 seq=359 len=10
RADIO Wi-Fi cmd=15 seq=359 ack=1 status=0 response=0 ret=0
RADIO Wi-Fi RX type=1 id=15 seq=360 len=10
RADIO Wi-Fi cmd=15 seq=360 ack=1 status=0 response=0 ret=0
RADIO Wi-Fi RX type=1 id=15 seq=361 len=10
RADIO Wi-Fi cmd=15 seq=361 ack=1 status=0 response=0 ret=0
RADIO Wi-Fi RX type=1 id=15 seq=362 len=10
RADIO Wi-Fi cmd=15 seq=362 ack=1 status=0 response=0 ret=0
RADIO Wi-Fi RX type=1 id=15 seq=363 len=10
RADIO Wi-Fi cmd=15 seq=363 ack=1 status=0 response=0 ret=0
RADIO Wi-Fi RX type=1 id=15 seq=364 len=10
RADIO Wi-Fi cmd=15 seq=364 ack=1 status=0 response=0 ret=0
RADIO Wi-Fi RX type=1 id=15 seq=365 len=10
RADIO Wi-Fi cmd=15 seq=365 ack=1 status=0 response=0 ret=0
RADIO Wi-Fi RX type=1 id=15 seq=366 len=10
RADIO Wi-Fi cmd=15 seq=366 ack=1 status=0 response=0 ret=0
RADIO Wi-Fi RX type=1 id=15 seq=367 len=10
RADIO Wi-Fi cmd=15 seq=367 ack=1 status=0 response=0 ret=0
RADIO Wi-Fi RX type=1 id=15 seq=368 len=10
RADIO Wi-Fi cmd=15 seq=368 ack=1 status=0 response=0 ret=0
RADIO Wi-Fi RX type=1 id=15 seq=369 len=10
RADIO Wi-Fi cmd=15 seq=369 ack=1 status=0 response=0 ret=0
RADIO Wi-Fi RX type=1 id=15 seq=370 len=10
RADIO Wi-Fi cmd=15 seq=370 ack=1 status=0 response=0 ret=0
RADIO Wi-Fi RX type=1 id=15 seq=371 len=10
RADIO Wi-Fi cmd=15 seq=371 ack=1 status=0 response=0 ret=0
RADIO Wi-Fi RX type=1 id=15 seq=372 len=10
RADIO Wi-Fi cmd=15 seq=372 ack=1 status=0 response=0 ret=0
RADIO Wi-Fi RX type=1 id=15 seq=373 len=10
RADIO Wi-Fi cmd=15 seq=373 ack=1 status=0 response=0 ret=0
RADIO Wi-Fi RX type=1 id=15 seq=374 len=10
RADIO Wi-Fi cmd=15 seq=374 ack=1 status=0 response=0 ret=0
RADIO Wi-Fi RX type=1 id=15 seq=375 len=10
RADIO Wi-Fi cmd=15 seq=375 ack=1 status=0 response=0 ret=0
RADIO Wi-Fi RX type=1 id=15 seq=376 len=10
RADIO Wi-Fi cmd=15 seq=376 ack=1 status=0 response=0 ret=0
RADIO Wi-Fi RX type=1 id=15 seq=377 len=10
RADIO Wi-Fi cmd=15 seq=377 ack=1 status=0 response=0 ret=0
RADIO Wi-Fi RX type=1 id=15 seq=378 len=10
RADIO Wi-Fi cmd=15 seq=378 ack=1 status=0 response=0 ret=0
RADIO Wi-Fi RX type=1 id=15 seq=379 len=10
RADIO Wi-Fi cmd=15 seq=379 ack=1 status=0 response=0 ret=0
RADIO Wi-Fi RX type=1 id=15 seq=380 len=10
RADIO Wi-Fi cmd=15 seq=380 ack=1 status=0 response=0 ret=0
RADIO Wi-Fi RX type=1 id=15 seq=381 len=10
RADIO Wi-Fi cmd=15 seq=381 ack=1 status=0 response=0 ret=0
RADIO Wi-Fi RX type=1 id=15 seq=382 len=10
RADIO Wi-Fi cmd=15 seq=382 ack=1 status=0 response=0 ret=0
RADIO Wi-Fi RX type=1 id=15 seq=383 len=10
RADIO Wi-Fi cmd=15 seq=383 ack=1 status=0 response=0 ret=0
RADIO Wi-Fi RX type=1 id=15 seq=384 len=10
RADIO Wi-Fi cmd=15 seq=384 ack=1 status=0 response=0 ret=0
RADIO Wi-Fi RX type=1 id=15 seq=385 len=10
RADIO Wi-Fi cmd=15 seq=385 ack=1 status=0 response=0 ret=0
RADIO Wi-Fi RX type=1 id=15 seq=386 len=10
RADIO Wi-Fi cmd=15 seq=386 ack=1 status=0 response=0 ret=0
RADIO Wi-Fi RX type=1 id=15 seq=387 len=10
RADIO Wi-Fi cmd=15 seq=387 ack=1 status=0 response=0 ret=0
RADIO Wi-Fi RX type=1 id=15 seq=388 len=10
RADIO Wi-Fi cmd=15 seq=388 ack=1 status=0 response=0 ret=0
RADIO Wi-Fi RX type=1 id=15 seq=389 len=10
RADIO Wi-Fi cmd=15 seq=389 ack=1 status=0 response=0 ret=0
RADIO Wi-Fi RX type=1 id=15 seq=390 len=10
RADIO Wi-Fi cmd=15 seq=390 ack=1 status=0 response=0 ret=0
RADIO Wi-Fi RX type=1 id=15 seq=391 len=10
RADIO Wi-Fi cmd=15 seq=391 ack=1 status=0 response=0 ret=0
RADIO Wi-Fi RX type=1 id=15 seq=392 len=10
RADIO Wi-Fi cmd=15 seq=392 ack=1 status=0 response=0 ret=0
RADIO Wi-Fi RX type=1 id=15 seq=393 len=10
RADIO Wi-Fi cmd=15 seq=393 ack=1 status=0 response=0 ret=0
RADIO Wi-Fi RX type=1 id=15 seq=394 len=10
RADIO Wi-Fi cmd=15 seq=394 ack=1 status=0 response=0 ret=0
RADIO Wi-Fi RX type=1 id=15 seq=395 len=10
RADIO Wi-Fi cmd=15 seq=395 ack=1 status=0 response=0 ret=0
RADIO Wi-Fi RX type=1 id=15 seq=396 len=10
RADIO Wi-Fi cmd=15 seq=396 ack=1 status=0 response=0 ret=0
RADIO Wi-Fi RX type=1 id=15 seq=397 len=10
RADIO Wi-Fi cmd=15 seq=397 ack=1 status=0 response=0 ret=0
RADIO Wi-Fi RX type=1 id=15 seq=398 len=10
RADIO Wi-Fi cmd=15 seq=398 ack=1 status=0 response=0 ret=0
RADIO Wi-Fi RX type=1 id=15 seq=399 len=10
RADIO Wi-Fi cmd=15 seq=399 ack=1 status=0 response=0 ret=0
RADIO Wi-Fi RX type=1 id=15 seq=400 len=10
RADIO Wi-Fi cmd=15 seq=400 ack=1 status=0 response=0 ret=0
RADIO Wi-Fi RX type=1 id=15 seq=401 len=10
RADIO Wi-Fi cmd=15 seq=401 ack=1 status=0 response=0 ret=0
RADIO Wi-Fi RX type=1 id=15 seq=402 len=10
RADIO Wi-Fi cmd=15 seq=402 ack=1 status=0 response=0 ret=0
RADIO Wi-Fi RX type=1 id=15 seq=403 len=10
RADIO Wi-Fi cmd=15 seq=403 ack=1 status=0 response=0 ret=0
RADIO Wi-Fi RX type=1 id=15 seq=404 len=10
RADIO Wi-Fi cmd=15 seq=404 ack=1 status=0 response=0 ret=0
RADIO Wi-Fi RX type=1 id=15 seq=405 len=10
RADIO Wi-Fi cmd=15 seq=405 ack=1 status=0 response=0 ret=0
RADIO Wi-Fi RX type=1 id=15 seq=406 len=10
RADIO Wi-Fi cmd=15 seq=406 ack=1 status=0 response=0 ret=0
RADIO Wi-Fi RX type=1 id=15 seq=407 len=10
RADIO Wi-Fi cmd=15 seq=407 ack=1 status=0 response=0 ret=0
RADIO Wi-Fi RX type=1 id=15 seq=408 len=10
RADIO Wi-Fi cmd=15 seq=408 ack=1 status=0 response=0 ret=0
RADIO Wi-Fi RX type=1 id=15 seq=409 len=10
RADIO Wi-Fi cmd=15 seq=409 ack=1 status=0 response=0 ret=0
RADIO Wi-Fi RX type=1 id=15 seq=410 len=10
RADIO Wi-Fi cmd=15 seq=410 ack=1 status=0 response=0 ret=0
RADIO Wi-Fi RX type=1 id=15 seq=411 len=10
RADIO Wi-Fi cmd=15 seq=411 ack=1 status=0 response=0 ret=0
RADIO Wi-Fi RX type=1 id=15 seq=412 len=10
RADIO Wi-Fi cmd=15 seq=412 ack=1 status=0 response=0 ret=0
RADIO Wi-Fi RX type=1 id=15 seq=413 len=10
RADIO Wi-Fi cmd=15 seq=413 ack=1 status=0 response=0 ret=0
RADIO Wi-Fi RX type=1 id=15 seq=414 len=10
RADIO Wi-Fi cmd=15 seq=414 ack=1 status=0 response=0 ret=0
SOUND timing direction=rx stream_start_us=414723971 result=0
SOUND experiment clear=0 reset=0 clockwait20=0
SOUND slot_mask offset=3c value=00000000
SOUND slot_mask offset=40 value=00000000
SOUND slot_mask offset=44 valu8 value=00000000
SOUND slot_mask offset=4c value=00000000
SOUND slot_mask offset=50 value=00000000
SOUND slot_mask offset=54 value=00000000
SOUND slot_mask offset=58 value=00000000
SOUND cue frames=3200 stop=0 held=0 end_us=414691279 capture_start_us=414723971
SOUND pio=0 frames=48000 polls=2291853 stop=0 held=0 max_fifo=4
SOUND grouped words= CKR=00000018
RADIO Wi-Fi RX type=1 id=15 seq=415 len=10
SOUND14723971 end=417724028 started=1 count=32
RADIO Wi-Fi cmd=15 seq=415 ack=1 status=0 response=0 ret=0
SOUND trace_init index=0 value=00000000 rc=0
SOUND trace_init index=1 value=00000002 rc=0
SOUND trace_init index=2 value=00700fff rc=0
SOUND trace_init index=3 value=000000e4 rc=0
SOUND trace_init index=4 value=00000000 rc=0
SOUND trace_init index=5 value=0000000b rc=0
SOUND trace_word index=0 us=414724054 before=00041041 word=0004ae00 after=00041040 rc=0,0,0
SOUND trace_word index=1 us=414724056 before=00041040 word=00000000 after=00041040 rc=0,0,0
SOUND trace_word index=2 us=414724057 before=00041040 word=0004ae00 after=0ce_word index=3 us=414724059 before=00041000 word=00000000 after=00041000 rc=0,0,0
SOUND trace_word index=4 us=414724061 before=00041000 word=0004ae00 after=00040000 rc=0,0,0
SOUND trace_word index=5 us=414724062 before=00040000 word=00000000 after=00040000 rc=0,0,0
SOUND trace_word index=6 us=414724064 before=00040000 word=0004ae00 after=00000000 rc=0,0,0
SOUND trace_word index=7 us=414724066 before=00000000 word=00000000 after=00000000 rc=0,0,0
SOUND trace_word index=8 us=414724084 before=00041041 word=fffaf900 after=00041040 rc=0,0,0
SOUND trace_word index=9 us=414724086 before=00041040 word=00000000 after=00041040 rc=0,0,0
SOUND trace_word index=10 us=414724088 before=00041040 word=fffaf900 after=00041000 rc=0,0,0
SOUND trace_word index=11 us=414724089 before=00041000 word=00000000 after=00041000 rc=0,0,0
SOe_word index=13 us=414724093 before=00040000 word=00000000 after=00040000 rc=0,0,0
SOUND trace_word index=14 us=414724094 before=00040000 word=fffaf900 after=00000000 rc=0,0,0
SOUND trace_word index=15 us=414724096 before=00000000 word=00000000 after=00000000 rc=0,0,0
SOUND trace_word index=16 us=414724116 before=00041041 word=0004f500 after=00041040 rc=0,0,0
SOUND trace_word index=17 us=414724118 before=00041040 word=00000000 after=00041040 rc=0,0,0
SOUND trace_word index=18 us=414724119 before=00041040 word=0004f500 after=00041000 rc=0,0,0
SOUND trace_word index=19 us=414724121 before=00041000 word=00000000 after=00041000 rc=0,0,0
SOUND trace_word index=20 us=414724123 before=00041000 word=0004f500 after=00040000 rc=0,0,0
SOUND trace_word index=21 us=414724124 before=00040000 word=00000000 after=00040000 rc=0,0,0
SOUND trace_word index=22 us=414724126 before=00040000 word=0004f500 after=00000000 rc=0,0,0
SOUND trace_word index=23 us=414724128 before=00000000 word=00000000 after=00000000 rc=0,0,0
SOUND trace_word index=24 us=414724147 before=00041041 word=fffaD trace_word index=26 us=414724151 before=00041040 word=fffa2800 after=00041000 rc=0,0,0
SOUND trace_word index=27 us=414724152 before=00041000 word=00000000 a0,0,0
SOUND trace_word index=280040000 word=00000000 after=00040000 rc=0,0,0
SOUND trace_word  before=00040000 word=fffa2800 after=00000000 rc=0,0,0
SOUND trace_word index=31 us=414724159 before=00000000 word=00000000 after=00000000 rc=0,0,0
SOUND codec reg=00 value=36
SOUND codec reg=01 value=60
SOUND codec reg=02 value=00
SOUND codec reg=03 value=00
SOUND codec reg=04 value=0c
SOUND codec reg=05 value=00
SOUND codec reg=06 value=00ec reg=08 value=00
SOUND codec reg=09 value=88
SOUND codec reg
SOUND codec reg=0d value=02
SOUND codec reg=0f value=20
SOUND
SOUND codec reg=19 value=06
SOUND codec reg=1a value=00
SOUNND codec reg=27 value=b8
SOUND codec reg=2a value=b8
SOUND codec reg=2b value=80
SOUND codec reg=30 value=21
SOUND codec reg=31 value=21
SOUND input pull=00005515 schmitt=000000ff path=000000e4 gpio_high=18965 transitions=2998 samples=50131
SOUND pad ticks=480004 max_gap=14 counter_hz=24000000 complete=1
SOUND pad channel=0 high=24963 changes=36680
SOUND pad channel=1 high=24882 changes=40960
SOUND pad channel=2 high=25042 changes=640
SOUND pad channel=3 high=18965 changes=2998
SOUND pcm left_min=-2147483648 left_max=2147483392 left_nonzero=48000 right_min=-2147483648 right_max=2147483392 right_nonzero=47998
RADIO Wi-Fi RX type=1 id=15 seq=416 len=10
RADIO Wi-Fi cmd=15 seq=416 ack=1 status=0 response=0 ret=0
SOUND result=0 codec_stop=0 platform_restore=0 i2c_restore=0 amp_low=1
RADIO Wi-Fi RX type=1 id=15 seq=417 len=10
RADIO Wi-Fi cmd=15 seq=417 ack=1 status=0 response=0 ret=0
K7CLOUD asr result=0 frames_sent=150 completed=1
K7CLOUD timing asr_completed_us=417870434 result=0
nsh> [KRADIO Wi-Fi RX type=1 id=15 seq=418 len=10
RADIO Wi-Fi cmd=15 seq=418 ack=1 status=0 response=0 ret=0

