k7cloud asr-live 10.3.1.125
RADIO Wi-Fi RX type=1 id=15 seq=27 len=10
RADIO Wi-Fi cmd=15 seq=27 ack=1 status=0 response=0 ret=0
RADIO Wi-Fi RX type=1 id=15 seq=28 len=10
RADIO Wi-Fi cmd=15 seq=28 ack=1 status=0 response=0 ret=0
RADIO Wi-Fi RX type=2 id=13 seq=534 len=20
RADIO Wi-Fi RX type=1 id=15 seq=29 len=10
RADIO Wi-Fi cmd=15 seq=29 ack=1 status=0 response=0 ret=0
RADIO Wi-Fi RX type=1 id=15 seq=30 len=10
RADIO Wi-Fi cmd=15 seq=30 ack=1 status=0 response=0 ret=0
RADIO Wi-Fi RX type=1 id=15 seq=31 len=10
RADIO Wi-Fi cmd=15 seq=31 ack=1 status=0 response=0 ret=0
AUDIO_IO reset12=00000000 gate11=00000000 gate12=00000000 gate18=00000000 mux=00000000 source=00000000
AUDIO_IO con=00060300 ie0
SOUND platform_result=0 version=23073576 repair=fdffffff ack=ack=1 status=0 response=0 ret=0
SOUND codec_prepare=0 state=2
SOUND adc_variant=24 settle_ms=1000
SOUND playback_gain_db=0 dac_attenuation_db=24 maximum=0
RADIO Wi-Fi RX type=1 id=15 seq=33 len=10
RADIO Wi-Fi cmd=15 seq=33 ack=1 status=0 response=0 ret=0
RADIO Wi-Fi RX type=1 id=15 seq=34 len=10
RADIO Wi-Fi cmd=15 seq=34 ack=1 status=0 response=0 ret=0
RADIO Wi-Fi RX type=1 id=15 seq=35 len=10
RADIO Wi-Fi cmd=15 seq=35 ack=1 status=0 response=0 ret=0
RADIO Wi-Fi RX type=1 id=15 seq=36 len=10
RADIO Wi-Fi cmd=15 seq=36 ack=1 status=0 response=0 ret=0
RADIO Wi-Fi RX type=1 id=15 seq=37 len=10
RADIO Wi-Fi cmd=15 seq=37 ack=1 status=0 response=0 ret=0
RADIO Wi-Fi RX type=1 id=15 seq=38 len=10
RADIO Wi-Fi cmd=15 seq=38 ack=1 status=0 response=0 ret=0
RADIO Wi-Fi RX type=1 id=15 seq=39 len=10
RADIO Wi-Fi cmd=15 seq=39 ack=1 status=0 response=0 ret=0
RADIO Wi-Fi RX type=1 id=15 seq=40 len=10
RADIO Wi-Fi cmd=15 seq=40 ack=1 status=0 response=0 ret=0
RADIO Wi-Fi RX type=1 id=15 seq=41 len=10
RADIO Wi-Fi cmd=15 seq=41 ack=1 status=0 response=0 ret=0
RADIO Wi-Fi RX type=1 id=15 seq=42 len=10
RADIO Wi-Fi cmd=15 seq=42 ack=1 status=0 response=0 ret=0
RADIO Wi-Fi RX type=1 id=15 seq=43 len=10
RADIO Wi-Fi cmd=15 seq=43 ack=1 status=0 response=0 ret=0
RADIO Wi-Fi RX type=1 id=15 seq=44 len=10
RADIO Wi-Fi cmd=15 seq=44 ack=1 status=0 response=0 ret=0
RADIO Wi-Fi RX type=1 id=15 seq=45 len=10
RADIO Wi-Fi cmd=15 seq=45 ack=1 status=0 response=0 ret=0
RADIO Wi-Fi RX type=1 id=15 seq=46 len=10
RADIO Wi-Fi cmd=15 seq=46 ack=1 status=0 response=0 ret=0
RADIO Wi-Fi RX type=1 id=15 seq=47 len=10
RADIO Wi-Fi cmd=15 seq=47 ack=1 status=0 response=0 ret=0
RADIO Wi-Fi RX type=1 id=15 seq=48 len=10
RADIO Wi-Fi cmd=15 seq=48 ack=1 status=0 response=0 ret=0
WIFI data rejected ret=-138 parsed=-138 meta=0204 flags=5f offset=74 index=2 seq=10 lastbyte=82 wire=140 length=56
SOUND experiment clear=0 reset=0 clockwait20=0
SOUND slot_mask offset=3c value=00000000
SOUND slot_mask offset=40 value=00000000
SOUND slot_mask offset=44 value=00000000
SOUND slot_mask offset=48 value=00000000
SOUND slot_mask offset=4c value=00000000
SOUND slot_mask offset=50 value=00000000
SOUND slot_mask offset=54 value=00000000
SOUND slot_mask offset=58 value=00000000
SOUND pio=-28 frames=15999 polls=763913 stop=0 held=0 max_fifo=4
SOUND grouped words=256000 mismatches=0
SOUND fifo first=00000000 last=00041041 TXCR=00000fff RXCR=00700fff FSCR=0101f03f CKR=00000018
SOUND trace start=45551273737 end=45552273792 started=1 count=32
SOUND trace_init index=0 value=00000000 rc=0
SOUND trace_init index=1 value=00000002 rc=0
SOUND trace_init index=2 value=00700fff rc=0
SOUND trace_init index=3 value=000000e4 rc=0
SOUND trace_init index=4 value=00000000 rc=0
SOUND trace_init index=5 value=0000000b rc=0
SOUND trace_word index=0 us=45551273819 before=00041041 word=ffffffff after=00041040 rc=0,0,0
SOUND trace_word index=1 us=45551273821 before=00041040 word=00000000 after=00041040 rc=0,0,0
SOUND trace_word index=2 us=45551273823 before=00041040 word=ffffffff after=00041000 rc=0,0,0
SOUND trace_word index=3 us=45551273824 before=00041000 word=00000000 after=00041000 rc=0,0,0
SOUND trace_word index=4 us=45551273826 before=00041000 word=ffffffff after=00040000 rc=0,0,0
SOUND trace_word index=5 us=45551273827 before=00040000 word=00000000 after=00040000 rc=0,0,0
SOUND trace_word index=6 us=45551273829 before=00040000 word=ffffffff after=00000000 rc=0,0,0
SOUND trace_word index=7 us=45551273831 before=00000000 word=00000000 after=00000000 rc=0,0,0
SOUND trace_word index=8 us=45551273850 before=00041041 word=ffffffff after=00041040 rc=0,0,0
SOUND trace_word index=9 us=45551273852 before=00041040 word=00000000 after=00041040 rc=0,0,0
SOUND trace_word index=10 us=45551273854 before=00041040 word=ffffffff after=00041000 rc=0,0,0
SOUND trace_word index=11 us=45551273855 before=00041000 word=00000000 after=00041000 rc=0,0,0
SOUND trace_word index=12 us=45551273857 before=00041000 word=ffffffff after=00040000 rc=0,0,0
SOUND trace_word index=13 us=45551273859 before=00040000 word=00000000 after=00040000 rc=0,0,0
SOUND trace_word index=14 us=45551273860 before=00040000 word=ffffffff after=00000000 rc=0,0,0
SOUND trace_word index=15 us=45551273862 before=00000000 word=00000000 after=00000000 rc=0,0,0
SOUND trace_word index=16 us=45551273881 before=00041041 word=ffffffff af0041040 word=00000000 after=00041040 rc=0,0,0
SOUND trace_word 45551273884 before=00041040 word=ffffffff after=00041000 rc=0,0,0
SOUND trace_word index=19 us=45551273886 before=00041000 word=00000000 after=00041000 rc=0,0,0
SOUND trace_word index=20 us=45551273888 before=00041000 word=ffffffff after=00040000 rc=0,0,0
SOUND trace_word index=21 us=45551273889 before=00040000 word=00000000 after=00040000 rc=0,0,0
SOUND trace_word index=22 us=45551273891 before=00040000 word=ffffffff after=00000000 rc=0,0,0
SOUND trace_word index=23 us=45551273893 before=00000000 word=00000000 after=00000000 rc=0,0,0
SOUND trace_word index=24 us=45551273912 before=00041041 word=ffffffff after=00041040 rc=0,0,0
SOUND trace_word index=25 us=45551273914 before=00041040 word=00000000 after=00041040 rc=0,0,0
SOUND trace_word index=26 us=45551273916 before=00041040 word=ffffffff after=00041000 rc=0,0,0
SOUND trace_word index=27 us==00000000 after=00041000 rc=0,0,0
SOUND trace_word index=28 us=rd=ffffffff after=00040000 rc=0,0,0
SOUND trace_word index=29 us=45551273921 before=00040000 word=00000000 after=00040000 rc=0,0,0
SOUND trace_word index=30 us=45551273922 before=00040000 word=ffffffff after=00000000 rc=0,0,0
SOUND trace_word index=31 us=45551273924 before=00000000 word=00000000 after=00000000 rc=0,0,0
SOUND codec reg=00 value=36
SOUND codec reg=01 value=60
SOUND codec reg=02 value=00
SOUND codec reg=03 value=00
SOUND codec reg=04 value=0c
SOUND codec reg=05 value=00
SOUND codec reg=06 value=00
SOUND codec reg=07 value=7c
SOUND codec reg=08 value=00
SOUND codec reg=09 value=88
SOUND codec reg=0a value=f0
SOUND codec reg=0b value=82
SOUND codec reg=0c value=10
SOUND codec reg=0d value=02
SOUND codec reg=0f value=20
SOUND codec reg=17 value=20
SOUND codec reg=18 value=02
SOUND codec reg=19 value=06
SOUND codec reg=1a value=30
SOUND codec reg=1b value=30
SOUND codec reg=27 value=b8
SOUND codec reg=2a value=b8
SOUND codec reg=2b value=80
SOUND codec reg=30 value=14
SOUND codec reg=31 value=14
SOUND input pull=00005515 schmitt=000000ff path=000000e4 gpio_high=50186 transitions=0 samples=50186
SOUND pad ticks=480004 max_gap=14 counter_hz=24000000 complete=1
SOUND pad channel=0 high=24594 changes=36904
SOUND pad channel=1 high=25191 changes=40959
SOUND pad channel=2 high=25121 changes=640
SOUND pad channel=3 high=50186 changes=0
SOUND pcm left_min=-54513408 left_max=75069184 left_nonzero=15997 right_min=-73821440 right_max=53465600 right_nonzero=15999
SOUND result=-28 codec_stop=0 platform_restore=0 i2c_restore=0 amp_low=1
RADIO Wi-Fi RX type=1 id=15 seq=49 len=10
RADIO Wi-Fi cmd=15 seq=49 ack=1 status=0 response=0 ret=0
RADIO Wi-Fi RX type=1 id=15 seq=50 len=10
RADIO Wi-Fi cmd=15 seq=50 ack=1 status=0 response=0 ret=0
RADIO Wi-Fi RX type=1 id=15 seq=51 len=10
RADIO Wi-Fi cmd=15 seq=51 ack=1 status=0 response=0 ret=0
RADIO Wi-Fi RX type=1 id=15 seq=52 len=10
RADIO Wi-Fi cmd=15 seq=52 ack=1 status=0 response=0 ret=0
RADIO Wi-Fi RX type=1 id=15 seq=53 len=10
RADIO Wi-Fi cmd=15 seq=53 ack=1 status=0 response=0 ret=0
RADIO Wi-Fi RX type=1 id=15 seq=54 len=10
RADIO Wi-Fi cmd=15 seq=54 ack=1 status=0 response=0 ret=0
RADIO Wi-Fi RX type=1 id=15 seq=55 len=10
RADIO Wi-Fi cmd=15 seq=55 ack=1 status=0 response=0 ret=0
RADIO Wi-Fi RX type=1 id=15 seq=56 len=10
RADIO Wi-Fi cmd=15 seq=56 ack=1 status=0 response=0 ret=0
RADIO Wi-Fi RX type=1 id=15 seq=57 len=10
RADIO Wi-Fi cmd=15 seq=57 ack=1 status=0 response=0 ret=0
RADIO Wi-Fi RX type=1 id=15 seq=58 len=10
RADIO Wi-Fi cmd=15 seq=58 ack=1 status=0 response=0 ret=0
RADIO Wi-Fi RX type=1 id=15 seq=59 len=10
RADIO Wi-Fi cmd=15 seq=59 ack=1 status=0 response=0 ret=0
RADIO Wi-Fi RX type=1 id=15 seq=60 len=10
RADIO Wi-Fi cmd=15 seq=60 ack=1 status=0 response=0 ret=0
RADIO Wi-Fi RX type=1 id=15 seq=61 len=10
RADIO Wi-Fi cmd=15 seq=61 ack=1 status=0 response=0 ret=0
RADIO Wi-Fi RX type=1 id=15 seq=62 len=10
RADIO Wi-Fi cmd=15 seq=62 ack=1 status=0 response=0 ret=0
RADIO Wi-Fi RX type=1 id=15 seq=63 len=10
RADIO Wi-Fi cmd=15 seq=63 ack=1 status=0 response=0 ret=0
WIFI data rejected ret=-28 parsed=0 meta=0204 flags=5f offset=74 index=3 seq=13 lastbyte=03 wire=78 length=56
WIFI data rejected ret=-28 parsed=0 meta=0204 flags=5f offset=74 index=3 seq=14 lastbyte=03 wire=78 length=56
WIFI data rejected ret=-28 parsed=0 meta=0a04 flags=77 offset=74 index=1 seq=15 lastbyte=01 wire=78 length=56
WIFI data rejected ret=-28 parsed=0 meta=0a04 flags=77 offset=74 index=1 seq=16 las type=1 id=15 seq=64 len=10
RADIO Wi-Fi cmd=15 seq=64 ack=1 staRADIO Wi-Fi RX type=1 id=15 seq=65 len=10
RADIO Wi-Fi cmd=15 seq=65 ack=1 status=0 response=0 ret=0
RADIO Wi-Fi RX type=1 id=15 seq=66 len=10
RADIO Wi-Fi cmd=15 seq=66 ack=1 status=0 response=0 ret=0
RADIO Wi-Fi RX type=1 id=15 seq=67 len=10
RADIO Wi-Fi cmd=15 seq=67 ack=1 status=0 response=0 ret=0
K7CLOUD asr result=-5 frames_sent=17 completed=0
nsh> [K
