k7cloud asr-live 10.3.1.125
RADIO Wi-Fi RX type=1 id=15 seq=86 len=10
RADIO Wi-Fi cmd=15 seq=86 ack=1 status=0 response=0 ret=0
RADIO Wi-Fi RX type=1 id=15 seq=87 len=10
RADIO Wi-Fi cmd=15 seq=87 ack=1 status=0 response=0 ret=0
RADIO Wi-Fi RX type=1 id=15 seq=88 len=10
RADIO Wi-Fi cmd=15 seq=88 ack=1 status=0 response=0 ret=0
AUDIO_IO reset12=00000000 gate11=00000000 gate12=00000000 gate18=00000000 mux=00000000 source=00000000
AUDIO_IO con=00060300 ien=00000000 gpio_version=010219c8 gpio_input=034d3050
SOUND platform_result=0 version=23073576 repair=fdffffff ack=00000001 idle=00000001
SOUND mclkout before=0000001f after=0000001d
RADIO Wi-Fi RX type=1 id=15 seq=89 len=10
RADIO Wi-Fi cmd=15 seq=89 ack=1 status=0 response=0 ret=0
SOUND codec_prepare=0 state=2
SOUND adc_variant=24 settle_ms=1000
SOUND playback_gain_db=0 dac_attenuation_db=24 maximum=0
SOUND experiment clear=0 reset=0 clockwait20=0
SOUND slot_mask offset=3c value=00000000
SOUND slot_mask offset=40 value=000000alue=00000000
SOUND slot_mask offset=48 value=00000000
SOUND sask offset=50 value=00000000
SOUND slot_mask offset=54 value=0080 mismatches=0
SOUND fifo first=00000000 last=00041041 TXCR=0000700fff FSCR=0101f03f CKR=00000018
SOUND trace start=347082767=00000000 rc=0
SOUND trace_init index=1 value=00000002 rc=0
SOx=3 value=000000e4 rc=0
SOUND trace_init index=4 value=00000000 rc=0
SOUND trace_init index=5 value=0000000b rc=0
SOUND trace_word index=0 us=347082894 before=00041041 word=ffffffff after=00041040 rc=0,0,0
SOUND trace_word index=1 us=347082896 before=00041040 word=00000000 after=00041040 rc=0,0,0
SOUND trace_word index=2 us=347082897 before=00041040 word=ffffffff after=00041000 rc=0,0,0
SOUND trace_word ind00041000 word=ffffffff after=00040000 rc=0,0,0
SOUND trace_word
SOUND trace_word index=6 us=347082904 before=00040000 word=ffffffff after=00000000 rc=0,0,0
SOUND trace_word index=7 us=347082906 before=00000000 word=00000000 after=00000000 rc=0,0,0
SOUND trace_word index=8 us=347082925 before=00041041 word=ffffffff after=00041040 rc=0,0,0
SOUND trace_word index=9 us=347082927 before=00041040 word=00000000 after=00041040 rc=0,0,0
SOUND trace_word index=10 us=347082929 before=00041040 word=ffffffff after=00041000 rc=0,0,0
SOUND trace_word index=11 us=347082931 before00000 after=00041000 rc=0,0,0
SOUND trace_word index=12 us=347000 word=00000000 after=00040000 rc=0,0,0
SOUND trace_word index0 word=ffffffff after=00000000 rc=0,0,0
SOUND trace_word index=000 after=00000000 rc=0,0,0
SOUND trace_word index=16 us=347082956 before=00041041 word=ffffffff after=00041040 rc=0,0,0
SOUND trace_word index=17 us=347082958 before=00041040 word=00000000 after=00041040 rc=0,0,0
SOUND trace_word index=18 us=347082960 before=00041040 word=ffffffff after=00041000 rc=0,0,0
SOUND trace_word index=19 us=347082961 before=00041000 word=00000000 afteord index=20 us=347082963 before=00041000 word=ffffffff after=00040000 rc=0,0,0
SOUND trace_word index=21 us=347082965 before=00040000 word=00000000 after=00040000 rc=0,0,0
SOUND trace_word index=22 us=347082966 before=00040000 word=ffffffff after=00000000 rc=0,0,0
SOUND trace_word index=23 us=347082968 before=00000000 word=00000000 after=00000000082988 before=00041041 word=ffffffff after=00041040 rc=0,0,0
SO41040 rc=0,0,0
SOUND trace_word index=26 us=347082991 before=00041040 word=ffffffff after=00041082993 before=00041000 word=00000000 after=00041000 rc=0,0,0
SO0000 after=00040000 rc=0,0,0
SOUND trace_word index=30 us=347082998 before=00040000 word=ffffffff after=00000000 rc=0,0,0
SOUND trace_word index=31 us=347082999 before=00000000 word=00000000 after=00000000 rc=0,0,0
SOUND codec reg=00 value=36
SOUND codec reg=01 value=60
SOUND codec reg=02 value=00
SOUND codec reg=03 value=00
SOUND codec reg=04 value=0c
SOUND codec reg=05 value=00
SOUND codec reg=06 value=00
RADIO Wi-Fi RX type=1 id=15 seq=90 len=10
SOUND codec reg=07 value=7c
SOUND codec reg=08 value=00
SOUND codec reg=09 value=88
SOUND codec reg=0a value=f0
SOUND codec reg=0b value=82
RADIO Wi-Fi cmd=15 seq=90 ack=1 status=0 response=0 ret=0
SOUND codec reg=0c value=10
SOUND cD codec reg=19 value=06
SOUND codec reg=1a value=30
SOUND codec reg=1b value=30
SOUND codec reg=27 value=b8
SOUND codec reg=2a value=b8
SOUND codec reg=2b value=80
SOUND codec reg=30 value=14
SOUND codec reg=31 value=14
SOUND input pull=00005515 schmitt=000000ff path=000000e4 gpio_high=50158 transitions=0 samples=50158
SOUND pad ticks=480004 max_gap=35 counter_hz=24000000 complete=1
SOUND pad channel=0 high=24759 changes=36928
SOUND pad channel=1 high=25152 changes=40920
SOUND pad channel=2 high=25131 changes=640
SOUND pad channel=3 high=50158 changes=0
SOUND pcm left_min=-40978688 left_max=23912192 left_nonzero=10879 right_min=-23697408 right_max=40385280 right_nonzero=10879
SOUND result=-28 codec_stop=0 platform_restore=0 i2c_restore=0 amp_low=1
RADIO Wi-Fi RX type=1 id=15 seq=91 len=10
RADIO Wi-Fi cmd=15 seq=91 ack=1 status=0 response=0 ret=0
RADIO Wi-Fi RX type=1 id=15 seq=92 len=10
RADIO Wi-Fi cmd=15 seq=92 ack=1 status=0 response=0 ret=0
K7CLOUD asr result=-125 frames_sent=1 completed=0
nsh> [KRADIO Wi-Fi RX type=1 id=15 seq=93 len=10
RADIO Wi-Fi cmd=15 seq=93 ack=1 status=0 response=0 ret=0
RADIO Wi-Fi RX type=1 id=15 seq=94 len=10
RADIO Wi-Fi cmd=15 seq=94 ack=1 status=0 response=0 ret=0

