k7cloud asr-live 10.3.1.125
RADIO Wi-Fi RX type=1 id=15 seq=25 len=10
RADIO Wi-Fi cmd=15 seq=25 ack=1 status=0 response=0 ret=0
RADIO Wi-Fi RX type=1 id=15 seq=26 len=10
RADIO Wi-Fi cmd=15 seq=26 ack=1 status=0 response=0 ret=0
RADIO Wi-Fi RX type=1 id=15 seq=27 len=10
RADIO Wi-Fi cmd=15 seq=27 ack=1 status=0 response=0 ret=0
RADIO Wi-Fi RX type=1 id=15 seq=28 len=10
RADIO Wi-Fi cmd=15 seq=28 ack=1 status=0 response=0 ret=0
AUDIO_IO reset12=00000000 gate11=00000000 gate12=00000000 gate18=00000000 mux=00000000 source=00000000
AUDIO_IO con=00060300 ien=00000000 gpio_version=010219c8 gpio_input=034d3050
SOUND platform_result=0 version=23073576 repair=fdffffff ack=00000001 idle=00000001
SOUND mclkout before=0000001f after=0000001d
RADIO Wi-Fi RX type=1 id=15 seq=29 len=10
RADIO Wi-Fi cmd=15 seq=29 ack=1 status=0 response=0 ret=0
SOUND codec_prepare=0 state=2
SOUND adc_variant=24 settle_ms=1000
SOUND playback_gain_db=24 dac_attenuation_db=0 maximum=1
RADIO Wi-Fi RX type=1 id=15 seq=30 len=10
RADIO Wi-Fi cmd=15 seq=30 ack=1 status=0 response=0 ret=0
RADIO Wi-Fi RX type=1 id=15 seq=31 len=10
RADIO Wi-Fi cmd=15 seq=31 ack=1 status=0 response=0 ret=0
RADIO Wi-Fi RX type=1 id=15 seq=32 len=10
RADIO Wi-Fi cmd=15 seq=32 ack=1 status=0 response=0 ret=0
RADIO Wi-Fi RX type=1 id=15 seq=33 len=10
RADIO Wi-Fi cmd=15 seq=33 ack=1 status=0 response=0 ret=0
RADIO Wi-Fi RX type=1 id=15 seq=34 len=10
RADIO Wi-Fi cmd=15 seq=34 ack=1 status=0 response=0 ret=0
RADIO Wi-Fi RX type=1 id=15 seq=35 len=10
RADIO Wi-Fi cmd=15 seq=35 ack=1 status=0 response=0 ret=0
RADIO Wi-Fi RX type=1 id=15 seq=36 len=10
RADIO Wi-Fi cmd=15 seq=36 ack=1 status=0 response=0 ret=0
RADIO Wi-Fi RX type=1 id=15 seq=37 len=10
RADIO Wi-Fi cmd=15 seq=37 ack=1 status=0 response=0 ret=0
WIFI data rejected ret=-138 parsed=-138 meta=0a04 flags=77 offset=74 index=1 seq=8 lastbyte=81 wire=108 length=56
RADIO Wi-Fi RX type=1 id=15 seq=38 len=10
RADIO Wi-Fi cmd=15 seq=38 ack=1 status=0 response=0 ret=0
RADIO Wi-Fi RX type=1 id=15 seq=39 len=10
RADIO Wi-Fi cmd=15 seq=39 ack=1 status=0 response=0 ret=0
RADIO Wi-Fi RX type=1 id=15 seq=40 len=10
RADIO Wi-Fi cmd=15 seq=40 ack=1 status=0 response=0 ret=0
RADIO Wi-Fi RX type=1 id=15 seq=41 len=10
RADIO Wi-Fi cmd=15 seq=41 ack=1 status=0 response=0 ret=0
RADIO Wi-Fi RX type=1 id=15 seq=42 len=10
RADIO Wi-Fi cmd=15 seq=42 ack=1 status=0 response=0 ret=0
RADIO Wi-Fi RX type=1 id=15 seq=43 len=10
RADIO Wi-Fi cmd=15 seq=43 ack=1 status=0 response=0 ret=0
RADIO Wi-Fi RX type=1 id=15 seq=44 len=10
RADIO Wi-Fi cmd=15 seq=44 ack=1 status=0 response=0 ret=0
RADIO Wi-Fi RX type=1 id=15 seq=45 len=10
RADIO Wi-Fi cmd=15 seq=45 ack=1 status=0 response=0 ret=0
RADIO Wi-Fi RX type=1 id=15 seq=46 len=10
RADIO Wi-Fi cmd=15 seq=46 ack=1 status=0 response=0 ret=0
RADIO Wi-Fi RX type=1 id=15 seq=47 len=10
RADIO Wi-Fi cmd=15 seq=47 ack=1 status=0 response=0 ret=0
RADIO Wi-Fi RX type=1 id=15 seq=48 len=10
RADIO Wi-Fi cmd=15 seq=48 ack=1 status=0 response=0 ret=0
RADIO Wi-Fi RX type=1 id=15 seq=49 len=10
RADIO Wi-Fi cmd=15 seq=49 ack=1 status=0 response=0 ret=0
RADIO Wi-Fi RX type=1 id=15 seq=50 len=10
RADIO Wi-Fi cmd=15 seq=50 ack=1 status=0 response=0 ret=0
RADIO Wi-Fi RX type=1 id=15 seq=51 len=10
RADIO Wi-Fi cmd=15 seq=51 ack=1 status=0 response=0 ret=0
RADIO Wi-Fi RX type=1 id=15 seq=52 len=10
RADIO Wi-Fi cmd=15 seq=52 ack=1 status=0 response=0 ret=0
RADIO Wi-Fi RX type=1 id=15 seq=53 len=10
RADIO Wi-Fi cmd=15 seq=53 ack=1 status=0 response=0 ret=0
RADIO Wi-Fi RX type=1 id=15 seq=54 len=10
RADIO Wi-Fi cmd=15 seq=54 ack=1 status=0 response=0 ret=0
RADIO Wi-Fi RX type=1 id=15 seq=55 len=10
RADIO Wi-Fi cmd=15 seq=55 ack=1 status=0 response=0 ret=0
RADIO Wi-Fi RX type=1 id=15 seq=56 len=10
RADIO Wi-Fi cmd=15 seq=56 ack=1 status=0 response=0 ret=0
RADIO Wi-Fi RX type=1 id=15 seq=57 len=10
RADIO Wi-Fi cmd=15 seq=57 ack=1 status=0 response=0 ret=0
RADIO Wi-Fi RX type=1 id=15 seq=58 len=10
RADIO Wi-Fi cmd=15 seq=58 ack=1 status=0 response=0 ret=0
RADIO Wi-Fi RX type=1 id=15 seq=59 len=10
RADIO Wi-Fi cmd=15 seq=59 ack=1 status=0 response=0 ret=0
RADIO Wi-Fi RX type=1 id=15 seq=60 len=10
RADIO Wi-Fi cmd=15 seq=60 ack=1 status=0 response=0 ret=0
RADIO Wi-Fi RX type=1 id=15 seq=61 len=10
RADIO Wi-Fi cmd=15 seq=61 ack=1 status=0 response=0 ret=0
RADIO Wi-Fi RX type=1 id=15 seq=62 len=10
RADIO Wi-Fi cmd=15 seq=62 ack=1 status=0 response=0 ret=0
RADIO Wi-Fi RX type=1 id=15 seq=63 len=10
RADIO Wi-Fi cmd=15 seq=63 ack=1 status=0 response=0 ret=0
RADIO Wi-Fi RX type=1 id=15 seq=64 len=10
RADIO Wi-Fi cmd=15 seq=64 ack=1 status=0 response=0 ret=0
RADIO Wi-Fi RX type=1 id=15 seq=65 len=10
RADIO Wi-Fi cmd=15 seq=65 ack=1 status=0 response=0 ret=0
RADIO Wi-Fi RX type=1 id=15 seq=66 len=10
RADIO Wi-Fi cmd=15 seq=66 ack=1 status=0 response=0 ret=0
RADIO Wi-Fi RX type=1 id=15 seq=67 len=10
RADIO Wi-Fi cmd=15 seq=67 ack=1 status=0 response=0 ret=0
RADIO Wi-Fi RX type=1 id=15 seq=68 len=10
RADIO Wi-Fi cmd=15 seq=68 ack=1 status=0 response=0 ret=0
RADIO Wi-Fi RX type=1 id=15 seq=69 len=10
RADIO Wi-Fi cmd=15 seq=69 ack=1 status=0 response=0 ret=0
RADIO Wi-Fi RX type=1 id=15 seq=70 len=10
RADIO Wi-Fi cmd=15 seq=70 ack=1 status=0 response=0 ret=0
RADIO Wi-Fi RX type=1 id=15 seq=71 len=10
RADIO Wi-Fi cmd=15 seq=71 ack=1 status=0 response=0 ret=0
RADIO Wi-Fi RX type=1 id=15 seq=72 len=10
RADIO Wi-Fi cmd=15 seq=72 ack=1 status=0 response=0 ret=0
RADIO Wi-Fi RX type=1 id=15 seq=73 len=10
RADIO Wi-Fi cmd=15 seq=73 ack=1 status=0 response=0 ret=0
RADIO Wi-Fi RX type=1 id=15 seq=74 len=10
RADIO Wi-Fi cmd=15 seq=74 ack=1 status=0 response=0 ret=0
RADIO Wi-Fi RX type=1 id=15 seq=75 len=10
RADIO Wi-Fi cmd=15 seq=75 ack=1 status=0 response=0 ret=0
RADIO Wi-Fi RX type=1 id=15 seq=76 len=10
RADIO Wi-Fi cmd=15 seq=76 ack=1 status=0 response=0 ret=0
RADIO Wi-Fi RX type=1 id=15 seq=77 len=10
RADIO Wi-Fi cmd=15 seq=77 ack=1 status=0 response=0 ret=0
RADIO Wi-Fi RX type=1 id=15 seq=78 len=10
RADIO Wi-Fi cmd=15 seq=78 ack=1 status=0 response=0 ret=0
RADIO Wi-Fi RX type=1 id=15 seq=79 len=10
RADIO Wi-Fi cmd=15 seq=79 ack=1 status=0 response=0 ret=0
RADIO Wi-Fi RX type=1 id=15 seq=80 len=10
RADIO Wi-Fi cmd=15 seq=80 ack=1 status=0 response=0 ret=0
RADIO Wi-Fi RX type=1 id=15 seq=81 len=10
RADIO Wi-Fi cmd=15 seq=81 ack=1 status=0 response=0 ret=0
RADIO Wi-Fi RX type=1 id=15 seq=82 len=10
RADIO Wi-Fi cmd=15 seq=82 ack=1 status=0 response=0 ret=0
RADIO Wi-Fi RX type=1 id=15 seq=83 len=10
RADIO Wi-Fi cmd=15 seq=83 ack=1 status=0 response=0 ret=0
RADIO Wi-Fi RX type=1 id=15 seq=84 len=10
RADIO Wi-Fi cmd=15 seq=84 ack=1 status=0 response=0 ret=0
RADIO Wi-Fi RX type=1 id=15 seq=85 len=10
RADIO Wi-Fi cmd=15 seq=85 ack=1 status=0 response=0 ret=0
RADIO Wi-Fi RX type=1 id=15 seq=86 len=10
RADIO Wi-Fi cmd=15 seq=86 ack=1 status=0 response=0 ret=0
RADIO Wi-Fi RX type=1 id=15 seq=87 len=10
RADIO Wi-Fi cmd=15 seq=87 ack=1 status=0 response=0 ret=0
RADIO Wi-Fi RX type=1 id=15 seq=88 len=10
RADIO Wi-Fi cmd=15 seq=88 ack=1 status=0 response=0 ret=0
RADIO Wi-Fi RX type=1 id=15 seq=89 len=10
RADIO Wi-Fi cmd=15 seq=89 ack=1 status=0 response=0 ret=0
RADIO Wi-Fi RX type=1 id=15 seq=90 len=10
RADIO Wi-Fi cmd=15 seq=90 ack=1 status=0 response=0 ret=0
RADIO Wi-Fi RX type=1 id=15 seq=91 len=10
RADIO Wi-Fi cmd=15 seq=91 ack=1 status=0 response=0 ret=0
RADIO Wi-Fi RX type=1 id=15 seq=92 len=10
RADIO Wi-Fi cmd=15 seq=92 ack=1 status=0 response=0 ret=0
RADIO Wi-Fi RX type=1 id=15 seq=93 len=10
RADIO Wi-Fi cmd=15 seq=93 ack=1 status=0 response=0 ret=0
RADIO Wi-Fi RX type=1 id=15 seq=94 len=10
RADIO Wi-Fi cmd=15 seq=94 ack=1 status=0 response=0 ret=0
RADIO Wi-Fi RX type=1 id=15 seq=95 len=10
RADIO Wi-Fi cmd=15 seq=95 ack=1 status=0 response=0 ret=0
RADIO Wi-Fi RX type=1 id=15 seq=96 len=10
RADIO Wi-Fi cmd=15 seq=96 ack=1 status=0 response=0 ret=0
RADIO Wi-Fi RX type=1 id=15 seq=97 len=10
RADIO Wi-Fi cmd=15 seq=97 ack=1 status=0 response=0 ret=0
RADIO Wi-Fi RX type=1 id=15 seq=98 len=10
RADIO Wi-Fi cmd=15 seq=98 ack=1 status=0 response=0 ret=0
RADIO Wi-Fi RX type=1 id=15 seq=99 len=10
RADIO Wi-Fi cmd=15 seq=99 ack=1 status=0 response=0 ret=0
RADIO Wi-Fi RX type=1 id=15 seq=100 len=10
RADIO Wi-Fi cmd=15 seq=100 ack=1 status=0 response=0 ret=0
RADIO Wi-Fi RX type=1 id=15 seq=101 len=10
RADIO Wi-Fi cmd=15 seq=101 ack=1 status=0 response=0 ret=0
RADIO Wi-Fi RX type=1 id=15 seq=102 len=10
RADIO Wi-Fi cmd=15 seq=102 ack=1 status=0 response=0 ret=0
RADIO Wi-Fi RX type=1 id=15 seq=103 len=10
RADIO Wi-Fi cmd=15 seq=103 ack=1 status=0 response=0 ret=0
WIFI data rejected ret=-138 parsed=-138 meta=0204 flags=5f offset=74 index=2 seq=34 lastbyte=82 wire=92 length=56
WIFI data rejected ret=-138 parsed=-138 meta=0204 flags=5f offset=74 index=2 seq=34 lastbyte=82 wire=92 length=56
RADIO Wi-Fi RX type=1 id=15 seq=104 len=10
RADIO Wi-Fi cmd=15 seq=104 ack=1 status=0 response=0 ret=0
RADIO Wi-Fi RX type=1 id=15 seq=105 len=10
RADIO Wi-Fi cmd=15 seq=105 ack=1 status=0 response=0 ret=0
RADIO Wi-Fi RX type=1 id=15 seq=106 len=10
RADIO Wi-Fi cmd=15 seq=106 ack=1 status=0 response=0 ret=0
RADIO Wi-Fi RX type=1 id=15 seq=107 len=10
RADIO Wi-Fi cmd=15 seq=107 ack=1 status=0 response=0 ret=0
RADIO Wi-Fi RX type=1 id=15 seq=108 len=10
RADIO Wi-Fi cmd=15 seq=108 ack=1 status=0 response=0 ret=0
RADIO Wi-Fi RX type=1 id=15 seq=109 len=10
RADIO Wi-Fi cmd=15 seq=109 ack=1 status=0 response=0 ret=0
RADIO Wi-Fi RX type=1 id=15 seq=110 len=10
RADIO Wi-Fi cmd=15 seq=110 ack=1 status=0 response=0 ret=0
RADIO Wi-Fi RX type=1 id=15 seq=111 len=10
RADIO Wi-Fi cmd=15 seq=111 ack=1 status=0 response=0 ret=0
RADIO Wi-Fi RX type=1 id=15 seq=112 len=10
RADIO Wi-Fi cmd=15 seq=112 ack=1 status=0 response=0 ret=0
RADIO Wi-Fi RX type=1 id=15 seq=113 len=10
RADIO Wi-Fi cmd=15 seq=113 ack=1 status=0 response=0 ret=0
RADIO Wi-Fi RX type=1 id=15 seq=114 len=10
RADIO Wi-Fi cmd=15 seq=114 ack=1 status=0 response=0 ret=0
RADIO Wi-Fi RX type=1 id=15 seq=115 len=10
RADIO Wi-Fi cmd=15 seq=115 ack=1 status=0 response=0 ret=0
RADIO Wi-Fi RX type=1 id=15 seq=116 len=10
RADIO Wi-Fi cmd=15 seq=116 ack=1 status=0 response=0 ret=0
RADIO Wi-Fi RX type=1 id=15 seq=117 len=10
RADIO Wi-Fi cmd=15 seq=117 ack=1 status=0 response=0 ret=0
RADIO Wi-Fi RX type=1 id=15 seq=118 len=10
RADIO Wi-Fi cmd=15 seq=118 ack=1 status=0 response=0 ret=0
RADIO Wi-Fi RX type=1 id=15 seq=119 len=10
RADIO Wi-Fi cmd=15 seq=119 ack=1 status=0 response=0 ret=0
RADIO Wi-Fi RX type=1 id=15 seq=120 len=10
RADIO Wi-Fi cmd=15 seq=120 ack=1 status=0 response=0 ret=0
RADIO Wi-Fi RX type=1 id=15 seq=121 len=10
RADIO Wi-Fi cmd=15 seq=121 ack=1 status=0 response=0 ret=0
RADIO Wi-Fi RX type=1 id=15 seq=122 len=10
RADIO Wi-Fi cmd=15 seq=122 ack=1 status=0 response=0 ret=0
RADIO Wi-Fi RX type=1 id=15 seq=123 len=10
RADIO Wi-Fi cmd=15 seq=123 ack=1 status=0 response=0 ret=0
RADIO Wi-Fi RX type=1 id=15 seq=124 len=10
RADIO Wi-Fi cmd=15 seq=124 ack=1 status=0 response=0 ret=0
RADIO Wi-Fi RX type=1 id=15 seq=125 len=10
RADIO Wi-Fi cmd=15 seq=125 ack=1 status=0 response=0 ret=0
RADIO Wi-Fi RX type=1 id=15 seq=126 len=10
RADIO Wi-Fi cmd=15 seq=126 ack=1 status=0 response=0 ret=0
RADIO Wi-Fi RX type=1 id=15 seq=127 len=10
RADIO Wi-Fi cmd=15 seq=127 ack=1 status=0 response=0 ret=0
RADIO Wi-Fi RX type=1 id=15 seq=128 len=10
RADIO Wi-Fi cmd=15 seq=128 ack=1 status=0 response=0 ret=0
RADIO Wi-Fi RX type=1 id=15 seq=129 len=10
RADIO Wi-Fi cmd=15 seq=129 ack=1 status=0 response=0 ret=0
RADIO Wi-Fi RX type=1 id=15 seq=130 len=10
RADIO Wi-Fi cmd=15 seq=130 ack=1 status=0 response=0 ret=0
RADIO Wi-Fi RX type=1 id=15 seq=131 len=10
RADIO Wi-Fi cmd=15 seq=131 ack=1 status=0 response=0 ret=0
RADIO Wi-Fi RX type=1 id=15 seq=132 len=10
RADIO Wi-Fi cmd=15 seq=132 ack=1 status=0 response=0 ret=0
RADIO Wi-Fi RX type=1 id=15 seq=133 len=10
RADIO Wi-Fi cmd=15 seq=133 ack=1 status=0 response=0 ret=0
RADIO Wi-Fi RX type=1 id=15 seq=134 len=10
RADIO Wi-Fi cmd=15 seq=134 ack=1 status=0 response=0 ret=0
RADIO Wi-Fi RX type=1 id=15 seq=135 len=10
RADIO Wi-Fi cmd=15 seq=135 ack=1 status=0 response=0 ret=0
RADIO Wi-Fi RX type=1 id=15 seq=136 len=10
RADIO Wi-Fi cmd=15 seq=136 ack=1 status=0 response=0 ret=0
RADIO Wi-Fi RX type=1 id=15 seq=137 len=10
RADIO Wi-Fi cmd=15 seq=137 ack=1 status=0 response=0 ret=0
RADIO Wi-Fi RX type=1 id=15 seq=138 len=10
RADIO Wi-Fi cmd=15 seq=138 ack=1 status=0 response=0 ret=0
RADIO Wi-Fi RX type=1 id=15 seq=139 len=10
RADIO Wi-Fi cmd=15 seq=139 ack=1 status=0 response=0 ret=0
RADIO Wi-Fi RX type=1 id=15 seq=140 len=10
RADIO Wi-Fi cmd=15 seq=140 ack=1 status=0 response=0 ret=0
RADIO Wi-Fi RX type=1 id=15 seq=141 len=10
RADIO Wi-Fi cmd=15 seq=141 ack=1 status=0 response=0 ret=0
RADIO Wi-Fi RX type=1 id=15 seq=142 len=10
RADIO Wi-Fi cmd=15 seq=142 ack=1 status=0 response=0 ret=0
RADIO Wi-Fi RX type=1 id=15 seq=143 len=10
RADIO Wi-Fi cmd=15 seq=143 ack=1 status=0 response=0 ret=0
RADIO Wi-Fi RX type=1 id=15 seq=144 len=10
RADIO Wi-Fi cmd=15 seq=144 ack=1 status=0 response=0 ret=0
RADIO Wi-Fi RX type=1 id=15 seq=145 len=10
RADIO Wi-Fi cmd=15 seq=145 ack=1 status=0 response=0 ret=0
RADIO Wi-Fi RX type=1 id=15 seq=146 len=10
RADIO Wi-Fi cmd=15 seq=146 ack=1 status=0 response=0 ret=0
RADIO Wi-Fi RX type=1 id=15 seq=147 len=10
RADIO Wi-Fi cmd=15 seq=147 ack=1 status=0 response=0 ret=0
RADIO Wi-Fi RX type=1 id=15 seq=148 len=10
RADIO Wi-Fi cmd=15 seq=148 ack=1 status=0 response=0 ret=0
RADIO Wi-Fi RX type=1 id=15 seq=149 len=10
RADIO Wi-Fi cmd=15 seq=149 ack=1 status=0 response=0 ret=0
RADIO Wi-Fi RX type=1 id=15 seq=150 len=10
RADIO Wi-Fi cmd=15 seq=150 ack=1 status=0 response=0 ret=0
RADIO Wi-Fi RX type=1 id=15 seq=151 len=10
RADIO Wi-Fi cmd=15 seq=151 ack=1 status=0 response=0 ret=0
RADIO Wi-Fi RX type=1 id=15 seq=152 len=10
RADIO Wi-Fi cmd=15 seq=152 ack=1 status=0 response=0 ret=0
RADIO Wi-Fi RX type=1 id=15 seq=153 len=10
RADIO Wi-Fi cmd=15 seq=153 ack=1 status=0 response=0 ret=0
RADIO Wi-Fi RX type=1 id=15 seq=154 len=10
RADIO Wi-Fi cmd=15 seq=154 ack=1 status=0 response=0 ret=0
RADIO Wi-Fi RX type=1 id=15 seq=155 len=10
RADIO Wi-Fi cmd=15 seq=155 ack=1 status=0 response=0 ret=0
RADIO Wi-Fi RX type=1 id=15 seq=156 len=10
RADIO Wi-Fi cmd=15 seq=156 ack=1 status=0 response=0 ret=0
RADIO Wi-Fi RX type=1 id=15 seq=157 len=10
RADIO Wi-Fi cmd=15 seq=157 ack=1 status=0 response=0 ret=0
WIFI data rejected ret=-13 parsed=0 meta=0a04 flags=77 offset=74 index=1 seq=55 lastbyte=01 wire=78 length=56
RADIO Wi-Fi RX type=1 id=15 seq=158 len=10
WIFI data rejected ret=-13 parsed=0 meta=0a04 flags=77 offset=74 index=1 seq=55 lastbyte=01 wire=78 lRADIO Wi-Fi RX type=1 id=15 seq=159 len=10
RADIO Wi-Fi cmd=15 seq=159 ack=1 status=0 response=0 ret=0
RADIO Wi-Fi RX type=1 id=15 seq=160 len=10
RADIO Wi-Fi cmd=15 seq=160 ack=1 status=0 response=0 ret=0
RADIO Wi-Fi RX type=1 id=15 seq=161 len=10
RADIO Wi-Fi cmd=15 seq=161 ack=1 status=0 response=0 ret=0
RADIO Wi-Fi RX type=1 id=15 seq=162 len=10
RADIO Wi-Fi cmd=15 seq=162 ack=1 status=0 response=0 ret=0
RADIO Wi-Fi RX type=1 id=15 seq=163 len=10
RADIO Wi-Fi cmd=15 seq=163 ack=1 status=0 response=0 ret=0
RADIO Wi-Fi RX type=1 id=15 seq=164 len=10
RADIO Wi-Fi cmd=15 seq=164 ack=1 status=0 response=0 ret=0
RADIO Wi-Fi RX type=1 id=15 seq=165 len=10
RADIO Wi-Fi cmd=15 seq=165 ack=1 status=0 response=0 ret=0
RADIO Wi-Fi RX type=1 id=15 seq=166 len=10
RADIO Wi-Fi cmd=15 seq=166 ack=1 status=0 response=0 ret=0
RADIO Wi-Fi RX type=1 id=15 seq=167 len=10
RADIO Wi-Fi cmd=15 seq=167 ack=1 status=0 response=0 ret=0
WIFI data rejected ret=-138 parsed=-138 meta=0204 flags=5f offset=74 index=2 seq=60 lastbyte=82 wire=92 length=56
RADIO Wi-Fi RX type=1 id=15 seq=168 len=10
RADIO Wi-Fi cmd=15 seq=168 ack=1 status=0 response=0 ret=0
RADIO Wi-Fi RX type=1 id=15 seq=169 len=10
RADIO Wi-Fi cmd=15 seq=169 ack=1 status=0 response=0 ret=0
RADIO Wi-Fi RX type=1 id=15 seq=170 len=10
RADIO Wi-Fi cmd=15 seq=170 ack=1 status=0 response=0 ret=0
RADIO Wi-Fi RX type=1 id=15 seq=171 len=10
RADIO Wi-Fi cmd=15 seq=171 ack=1 status=0 response=0 ret=0
RADIO Wi-Fi RX type=1 id=15 seq=172 len=10
RADIO Wi-Fi cmd=15 seq=172 ack=1 status=0 response=0 ret=0
RADIO Wi-Fi RX type=1 id=15 seq=173 len=10
RADIO Wi-Fi cmd=15 seq=173 ack=1 status=0 response=0 ret=0
RADIO Wi-Fi RX type=1 id=15 seq=174 len=10
RADIO Wi-Fi cmd=15 seq=174 ack=1 status=0 response=0 ret=0
RADIO Wi-Fi RX type=1 id=15 seq=175 len=10
RADIO Wi-Fi cmd=15 seq=175 ack=1 status=0 response=0 ret=0
RADIO Wi-Fi RX type=1 id=15 seq=176 len=10
RADIO Wi-Fi cmd=15 seq=176 ack=1 status=0 response=0 ret=0
RADIO Wi-Fi RX type=1 id=15 seq=177 len=10
RADIO Wi-Fi cmd=15 seq=177 ack=1 status=0 response=0 ret=0
RADIO Wi-Fi RX type=1 id=15 seq=178 len=10
RADIO Wi-Fi cmd=15 seq=178 ack=1 status=0 response=0 ret=0
RADIO Wi-Fi RX type=1 id=15 seq=179 len=10
RADIO Wi-Fi cmd=15 seq=179 ack=1 status=0 response=0 ret=0
RADIO Wi-Fi RX type=1 id=15 seq=180 len=10
RADIO Wi-Fi cmd=15 seq=180 ack=1 status=0 response=0 ret=0
RADIO Wi-Fi RX type=1 id=15 seq=181 len=10
RADIO Wi-Fi cmd=15 seq=181 ack=1 status=0 response=0 ret=0
RADIO Wi-Fi RX type=1 id=15 seq=182 len=10
RADIO Wi-Fi cmd=15 seq=182 ack=1 status=0 response=0 ret=0
RADIO Wi-Fi RX type=1 id=15 seq=183 len=10
RADIO Wi-Fi cmd=15 seq=183 ack=1 status=0 response=0 ret=0
RADIO Wi-Fi RX type=1 id=15 seq=184 len=10
RADIO Wi-Fi cmd=15 seq=184 ack=1 status=0 response=0 ret=0
RADIO Wi-Fi RX type=1 id=15 seq=185 len=10
RADIO Wi-Fi cmd=15 seq=185 ack=1 status=0 response=0 ret=0
RADIO Wi-Fi RX type=1 id=15 seq=186 len=10
RADIO Wi-Fi cmd=15 seq=186 ack=1 status=0 response=0 ret=0
RADIO Wi-Fi RX type=1 id=15 seq=187 len=10
RADIO Wi-Fi cmd=15 seq=187 ack=1 status=0 response=0 ret=0
RADIO Wi-Fi RX type=1 id=15 seq=188 len=10
RADIO Wi-Fi cmd=15 seq=188 ack=1 status=0 response=0 ret=0
RADIO Wi-Fi RX type=1 id=15 seq=189 len=10
RADIO Wi-Fi cmd=15 seq=189 ack=1 status=0 response=0 ret=0
RADIO Wi-Fi RX type=1 id=15 seq=190 len=10
RADIO Wi-Fi cmd=15 seq=190 ack=1 status=0 response=0 ret=0
RADIO Wi-Fi RX type=1 id=15 seq=191 len=10
RADIO Wi-Fi cmd=15 seq=191 ack=1 status=0 response=0 ret=0
RADIO Wi-Fi RX type=1 id=15 seq=192 len=10
RADIO Wi-Fi cmd=15 seq=192 ack=1 status=0 response=0 ret=0
WIFI data rejected ret=-138 parsed=-138 meta=0a04 flags=77 offset=74 index=1 seq=68 lastbyte=81 wire=92 length=56
RADIO Wi-Fi RX type=1 id=15 seq=193 len=10
RADIO Wi-Fi cmd=15 seq=193 ack=1 status=0 response=0 ret=0
RADIO Wi-Fi RX type=1 id=15 seq=194 len=10
RADIO Wi-Fi cmd=15 seq=194 ack=1 status=0 response=0 ret=0
RADIO Wi-Fi RX type=1 id=15 seq=195 len=10
RADIO Wi-Fi cmd=15 seq=195 ack=1 status=0 response=0 ret=0
RADIO Wi-Fi RX type=1 id=15 seq=196 len=10
RADIO Wi-Fi cmd=15 seq=196 ack=1 status=0 response=0 ret=0
RADIO Wi-Fi RX type=1 id=15 seq=197 len=10
RADIO Wi-Fi cmd=15 seq=197 ack=1 status=0 response=0 ret=0
RADIO Wi-Fi RX type=1 id=15 seq=198 len=10
RADIO Wi-Fi cmd=15 seq=198 ack=1 status=0 response=0 ret=0
RADIO Wi-Fi RX type=1 id=15 seq=199 len=10
RADIO Wi-Fi cmd=15 seq=199 ack=1 status=0 response=0 ret=0
RADIO Wi-Fi RX type=1 id=15 seq=200 len=10
RADIO Wi-Fi cmd=15 seq=200 ack=1 status=0 response=0 ret=0
RADIO Wi-Fi RX type=1 id=15 seq=201 len=10
RADIO Wi-Fi cmd=15 seq=201 ack=1 status=0 response=0 ret=0
RADIO Wi-Fi RX type=1 id=15 seq=202 len=10
RADIO Wi-Fi cmd=15 seq=202 ack=1 status=0 response=0 ret=0
RADIO Wi-Fi RX type=1 id=15 seq=203 len=10
RADIO Wi-Fi cmd=15 seq=203 ack=1 status=0 response=0 ret=0
RADIO Wi-Fi RX type=1 id=15 seq=204 len=10
RADIO Wi-Fi cmd=15 seq=204 ack=1 status=0 response=0 ret=0
RADIO Wi-Fi RX type=1 id=15 seq=205 len=10
RADIO Wi-Fi cmd=15 seq=205 ack=1 status=0 response=0 ret=0
RADIO Wi-Fi RX type=1 id=15 seq=206 len=10
RADIO Wi-Fi cmd=15 seq=206 ack=1 status=0 response=0 ret=0
RADIO Wi-Fi RX type=1 id=15 seq=207 len=10
RADIO Wi-Fi cmd=15 seq=207 ack=1 status=0 response=0 ret=0
RADIO Wi-Fi RX type=1 id=15 seq=208 len=10
RADIO Wi-Fi cmd=15 seq=208 ack=1 status=0 response=0 ret=0
RADIO Wi-Fi RX type=1 id=15 seq=209 len=10
RADIO Wi-Fi cmd=15 seq=209 ack=1 status=0 response=0 ret=0
RADIO Wi-Fi RX type=1 id=15 seq=210 len=10
RADIO Wi-Fi cmd=15 seq=210 ack=1 status=0 response=0 ret=0
RADIO Wi-Fi RX type=1 id=15 seq=211 len=10
RADIO Wi-Fi cmd=15 seq=211 ack=1 status=0 response=0 ret=0
SOUND timing direction=rx stream_start_us=284467974 result=0
SOUND experiment clear=0 reset=0 clockwait20=0
SOUND slot_mask ofsk offset=40 value=00000000
SOUND slot_mask offset=44 value=0000
SOUND slot_mask offset=50 value=00000000
SOUND slot_mask offt=58 value=00000000
SOUND cue frames=3200 stop=0 held=0 end_us=4467974
SOUND pio=0 frames=48000 polls=2291907 stop=0 held=0 max_fifo=4
SOUND grouped words=768000 mismatches=0
SOUND fifo first=00000000 last=00000000 TXCR=00400fff RXCR=00700fff FSCR=0101f03f CKR=00000018
SOUND trace s rc=0
SOUND trace_init index=1 value=00000002 rc=0
SOUND trace_init index=2 value=00700fff rc=0
SOUND trace_init index=3 value=000000e4 rc=0
RADIO Wi-Fi RX type=1 id=15 seq=212 len=10
SOUND trace_init index=4 value=00000000 rc=0
RADIO Wi-Fi cmd=15 seq=212 ack=1 status=0 response=0 ret=0
SOUND trace_init index=5 value=0000000b rc=0
SOUND trace_word index=0 us=284468056 before=00041041 word=00032300 after=00041040 rc=0,0,0
SOUND trace_word index=1 us=284468058 before=00041040 word=00000000 after=00041040 rc=0,0,0
SOUND trace_word index=2 us=284468060 before=00041040 word=00032300 after=00041000 rc=0,0,0
SOUND trace_word index=3 us=284468062 before=00041000 word=00000000 after=00041000 r00 word=00032300 after=00040000 rc=0,0,0
SOUND trace_word index=5 us=284468065 before=00040000 word=00000000 after=00040000 rc=6 us=284468067 before=00040000 word=00032300 after=00000000 rc=0ore=00041041 word=fffcd700 after=00041040 rc=0,0,0
SOUND trace_=284468090 before=00041040 word=00000000 after=00041040 rc=0,0,0=fffcd700 after=00041000 rc=0,0,0
SOUND trace_word index=11 us=ce_word index=12 us=284468095 before=00041000 word=fffcd700 afte us=284468098 before=00040000 word=fffcd700 after=00000000 rc=0,
SOUND trace_word index=15 us=284468100 before=00000000 word=008119 before=00041041 word=00032800 after=00041040 rc=0,0,0
SOUNer=00041040 rc=0,0,0
SOUND trace_word index=18 us=284468122 bef
SOUND trace_word index=20 us=284468125 before=00041000 word=00032800 after=00040000 rc=0,0,0
SOUND trace_word index=21 us=2844s=284468129 before=00040000 word=00032800 after=00000000 rc=0,0,fore=00000000 word=00000000 after=00000000 rc=0,0,0
SOUND trace after=00041040 rc=0,0,0
SOUND trace_word index=25 us=284468152
SOUND trace_word index=27 us=284468155 before=00041000 word=00000 after=00041000 rc=0,0,0
SOUND trace_word index=28 us=284468468158 before=00040000 word=00000000 after=00040000 rc=0,0,0
SO word=fffbd400 after=00000000 rc=0,0,0
SOUND trace_word index=3ord=00000000 after=00000000 rc=0,0,0
SOUND codec reg=00 value=3 codec reg=06 value=00
SOUND codec reg=07 value=7c
SOUND codec0
SOUND codec reg=09 value=88
RADIO Wi-Fi RX type=1 id=15 seq=3 ack=1 status=0 response=0 ret=0
SOUND codec reg=0b value=82
=0f value=20
SOUND codec reg=17 value=20
SOUND codec reg=18 va1b value=00
SOUND codec reg=27 value=b8
SOUND codec reg=2a vallue=21
SOUND codec reg=31 value=21
SOUND input pull=00005515 s00e4 gpio_high=18813 transitions=3114 samples=50120
SOUND pad ticks=480004 max_gap=14 counter_hz=24000000 complete=1
SOUND pad channel=0 high=24857 changes=36639
SOUND pad channel=1 high=24834 changes=40959
SOUND pad channel=2 high=25043 changes=640
SOUND pad channel=3 high=18813 changes=3114
SOUND pcm left_min=-59607808 left_max=81139456 left_nonzero=47999 right_min=-80367872 right_max=58400256 right_nonzero=47999
SOUND result=0 codec_stop=0 platform_restore=0 i2c_restore=0 amp_low=1
RADIO Wi-Fi RX type=1 id=15 seq=214 len=10
RADIO Wi-Fi cmd=15 seq=214 ack=1 status=0 response=0 ret=0
RADIO Wi-Fi RX type=1 id=15 seq=215 len=10
RADIO Wi-Fi cmd=15 seq=215 ack=1 status=0 response=0 ret=0
RADIO Wi-Fi RX type=1 id=15 seq=216 len=10
RADIO Wi-Fi cmd=15 seq=216 ack=1 status=0 response=0 ret=0
K7CLOUD asr result=0 frames_sent=150 completed=1
K7CLOUD timing asr_completed_us=287926054 result=0
nsh> [KRADIO Wi-Fi RX type=1 id=15 seq=217 len=10
RADIO Wi-Fi cmd=15 seq=217 ack=1 status=0 response=0 ret=0

