k7cloud asr-live 10.3.1.125
RADIO Wi-Fi RX type=1 id=15 seq=295 len=10
RADIO Wi-Fi cmd=15 seq=295 ack=1 status=0 response=0 ret=0
RADIO Wi-Fi RX type=1 id=15 seq=296 len=10
RADIO Wi-Fi cmd=15 seq=296 ack=1 status=0 response=0 ret=0
RADIO Wi-Fi RX type=1 id=15 seq=297 len=10
RADIO Wi-Fi cmd=15 seq=297 ack=1 status=0 response=0 ret=0
AUDIO_IO reset12=00000000 gate11=00000000 gate12=00000000 gate18=00000000 mux=00000000 source=00000000
AUDIO_IO con=00060300 ien=00000000 gpio_version=010219c8 gpio_input=034d3050
SOUND platform_result=0 version=23073576 repair=fdffffff ack=00000001 idle=00000001
SOUND mclkout before=0000001f after=0000001d
RADIO Wi-Fi RX type=1 id=15 seq=298 len=10
RADIO Wi-Fi cmd=15 seq=298 ack=1 status=0 response=0 ret=0
SOUND codec_prepare=0 state=2
SOUND adc_variant=24 settle_ms=1000
SOUND playback_gain_db=0 dac_attenuation_db=24 maximum=0
RADIO Wi-Fi RX type=1 id=15 seq=299 len=10
RADIO Wi-Fi cmd=15 seq=299 ack=1 status=0 response=0 ret=0
RADIO Wi-Fi RX type=1 id=15 seq=300 len=10
RADIO Wi-Fi cmd=15 seq=300 ack=1 status=0 response=0 ret=0
RADIO Wi-Fi RX type=1 id=15 seq=301 len=10
RADIO Wi-Fi cmd=15 seq=301 ack=1 status=0 response=0 ret=0
RADIO Wi-Fi RX type=1 id=15 seq=302 len=10
RADIO Wi-Fi cmd=15 seq=302 ack=1 status=0 response=0 ret=0
RADIO Wi-Fi RX type=1 id=15 seq=303 len=10
RADIO Wi-Fi cmd=15 seq=303 ack=1 status=0 response=0 ret=0
RADIO Wi-Fi RX type=1 id=15 seq=304 len=10
RADIO Wi-Fi cmd=15 seq=304 ack=1 status=0 response=0 ret=0
RADIO Wi-Fi RX type=1 id=15 seq=305 len=10
RADIO Wi-Fi cmd=15 seq=305 ack=1 status=0 response=0 ret=0
RADIO Wi-Fi RX type=1 id=15 seq=306 len=10
RADIO Wi-Fi cmd=15 seq=306 ack=1 status=0 response=0 ret=0
RADIO Wi-Fi RX type=1 id=15 seq=307 len=10
RADIO Wi-Fi cmd=15 seq=307 ack=1 status=0 response=0 ret=0
RADIO Wi-Fi RX type=1 id=15 seq=308 len=10
RADIO Wi-Fi cmd=15 seq=308 ack=1 status=0 response=0 ret=0
RADIO Wi-Fi RX type=1 id=15 seq=309 len=10
RADIO Wi-Fi cmd=15 seq=309 ack=1 status=0 response=0 ret=0
RADIO Wi-Fi RX type=1 id=15 seq=310 len=10
RADIO Wi-Fi cmd=15 seq=310 ack=1 status=0 response=0 ret=0
RADIO Wi-Fi RX type=1 id=15 seq=311 len=10
RADIO Wi-Fi cmd=15 seq=311 ack=1 status=0 response=0 ret=0
RADIO Wi-Fi RX type=1 id=15 seq=312 len=10
RADIO Wi-Fi cmd=15 seq=312 ack=1 status=0 response=0 ret=0
RADIO Wi-Fi RX type=1 id=15 seq=313 len=10
RADIO Wi-Fi cmd=15 seq=313 ack=1 status=0 response=0 ret=0
RADIO Wi-Fi RX type=1 id=15 seq=314 len=10
RADIO Wi-Fi cmd=15 seq=314 ack=1 status=0 response=0 ret=0
RADIO Wi-Fi RX type=1 id=15 seq=315 len=10
RADIO Wi-Fi cmd=15 seq=315 ack=1 status=0 response=0 ret=0
RADIO Wi-Fi RX type=1 id=15 seq=316 len=10
RADIO Wi-Fi cmd=15 seq=316 ack=1 status=0 response=0 ret=0
RADIO Wi-Fi RX type=1 id=15 seq=317 len=10
RADIO Wi-Fi cmd=15 seq=317 ack=1 status=0 response=0 ret=0
RADIO Wi-Fi RX type=1 id=15 seq=318 len=10
RADIO Wi-Fi cmd=15 seq=318 ack=1 status=0 response=0 ret=0
RADIO Wi-Fi RX type=1 id=15 seq=319 len=10
RADIO Wi-Fi cmd=15 seq=319 ack=1 status=0 response=0 ret=0
RADIO Wi-Fi RX type=1 id=15 seq=320 len=10
RADIO Wi-Fi cmd=15 seq=320 ack=1 status=0 response=0 ret=0
RADIO Wi-Fi RX type=1 id=15 seq=321 len=10
RADIO Wi-Fi cmd=15 seq=321 ack=1 status=0 response=0 ret=0
RADIO Wi-Fi RX type=1 id=15 seq=322 len=10
RADIO Wi-Fi cmd=15 seq=322 ack=1 status=0 response=0 ret=0
RADIO Wi-Fi RX type=1 id=15 seq=323 len=10
RADIO Wi-Fi cmd=15 seq=323 ack=1 status=0 response=0 ret=0
RADIO Wi-Fi RX type=1 id=15 seq=324 len=10
RADIO Wi-Fi cmd=15 seq=324 ack=1 status=0 response=0 ret=0
RADIO Wi-Fi RX type=1 id=15 seq=325 len=10
RADIO Wi-Fi cmd=15 seq=325 ack=1 status=0 response=0 ret=0
RADIO Wi-Fi RX type=1 id=15 seq=326 len=10
RADIO Wi-Fi cmd=15 seq=326 ack=1 status=0 response=0 ret=0
RADIO Wi-Fi RX type=1 id=15 seq=327 len=10
RADIO Wi-Fi cmd=15 seq=327 ack=1 status=0 response=0 ret=0
RADIO Wi-Fi RX type=1 id=15 seq=328 len=10
RADIO Wi-Fi cmd=15 seq=328 ack=1 status=0 response=0 ret=0
RADIO Wi-Fi RX type=1 id=15 seq=329 len=10
RADIO Wi-Fi cmd=15 seq=329 ack=1 status=0 response=0 ret=0
RADIO Wi-Fi RX type=1 id=15 seq=330 len=10
RADIO Wi-Fi cmd=15 seq=330 ack=1 status=0 response=0 ret=0
RADIO Wi-Fi RX type=1 id=15 seq=331 len=10
RADIO Wi-Fi cmd=15 seq=331 ack=1 status=0 response=0 ret=0
RADIO Wi-Fi RX type=1 id=15 seq=332 len=10
RADIO Wi-Fi cmd=15 seq=332 ack=1 status=0 response=0 ret=0
RADIO Wi-Fi RX type=1 id=15 seq=333 len=10
RADIO Wi-Fi cmd=15 seq=333 ack=1 status=0 response=0 ret=0
RADIO Wi-Fi RX type=1 id=15 seq=334 len=10
RADIO Wi-Fi cmd=15 seq=334 ack=1 status=0 response=0 ret=0
RADIO Wi-Fi RX type=1 id=15 seq=335 len=10
RADIO Wi-Fi cmd=15 seq=335 ack=1 status=0 response=0 ret=0
RADIO Wi-Fi RX type=1 id=15 seq=336 len=10
RADIO Wi-Fi cmd=15 seq=336 ack=1 status=0 response=0 ret=0
RADIO Wi-Fi RX type=1 id=15 seq=337 len=10
RADIO Wi-Fi cmd=15 seq=337 ack=1 status=0 response=0 ret=0
RADIO Wi-Fi RX type=1 id=15 seq=338 len=10
RADIO Wi-Fi cmd=15 seq=338 ack=1 status=0 response=0 ret=0
RADIO Wi-Fi RX type=1 id=15 seq=339 len=10
RADIO Wi-Fi cmd=15 seq=339 ack=1 status=0 response=0 ret=0
RADIO Wi-Fi RX type=1 id=15 seq=340 len=10
RADIO Wi-Fi cmd=15 seq=340 ack=1 status=0 response=0 ret=0
RADIO Wi-Fi RX type=1 id=15 seq=341 len=10
RADIO Wi-Fi cmd=15 seq=341 ack=1 status=0 response=0 ret=0
RADIO Wi-Fi RX type=1 id=15 seq=342 len=10
RADIO Wi-Fi cmd=15 seq=342 ack=1 status=0 response=0 ret=0
RADIO Wi-Fi RX type=1 id=15 seq=343 len=10
RADIO Wi-Fi cmd=15 seq=343 ack=1 status=0 response=0 ret=0
RADIO Wi-Fi RX type=1 id=15 seq=344 len=10
RADIO Wi-Fi cmd=15 seq=344 ack=1 status=0 response=0 ret=0
RADIO Wi-Fi RX type=1 id=15 seq=345 len=10
RADIO Wi-Fi cmd=15 seq=345 ack=1 status=0 response=0 ret=0
RADIO Wi-Fi RX type=1 id=15 seq=346 len=10
RADIO Wi-Fi cmd=15 seq=346 ack=1 status=0 response=0 ret=0
RADIO Wi-Fi RX type=1 id=15 seq=347 len=10
RADIO Wi-Fi cmd=15 seq=347 ack=1 status=0 response=0 ret=0
RADIO Wi-Fi RX type=1 id=15 seq=348 len=10
RADIO Wi-Fi cmd=15 seq=348 ack=1 status=0 response=0 ret=0
RADIO Wi-Fi RX type=1 id=15 seq=349 len=10
RADIO Wi-Fi cmd=15 seq=349 ack=1 status=0 response=0 ret=0
RADIO Wi-Fi RX type=1 id=15 seq=350 len=10
RADIO Wi-Fi cmd=15 seq=350 ack=1 status=0 response=0 ret=0
RADIO Wi-Fi RX type=1 id=15 seq=351 len=10
RADIO Wi-Fi cmd=15 seq=351 ack=1 status=0 response=0 ret=0
RADIO Wi-Fi RX type=1 id=15 seq=352 len=10
RADIO Wi-Fi cmd=15 seq=352 ack=1 status=0 response=0 ret=0
RADIO Wi-Fi RX type=1 id=15 seq=353 len=10
RADIO Wi-Fi cmd=15 seq=353 ack=1 status=0 response=0 ret=0
RADIO Wi-Fi RX type=1 id=15 seq=354 len=10
RADIO Wi-Fi cmd=15 seq=354 ack=1 status=0 response=0 ret=0
RADIO Wi-Fi RX type=1 id=15 seq=355 len=10
RADIO Wi-Fi cmd=15 seq=355 ack=1 status=0 response=0 ret=0
RADIO Wi-Fi RX type=1 id=15 seq=356 len=10
RADIO Wi-Fi cmd=15 seq=356 ack=1 status=0 response=0 ret=0
RADIO Wi-Fi RX type=1 id=15 seq=357 len=10
RADIO Wi-Fi cmd=15 seq=357 ack=1 status=0 response=0 ret=0
RADIO Wi-Fi RX type=1 id=15 seq=358 len=10
RADIO Wi-Fi cmd=15 seq=358 ack=1 status=0 response=0 ret=0
RADIO Wi-Fi RX type=1 id=15 seq=359 len=10
RADIO Wi-Fi cmd=15 seq=359 ack=1 status=0 response=0 ret=0
RADIO Wi-Fi RX type=1 id=15 seq=360 len=10
RADIO Wi-Fi cmd=15 seq=360 ack=1 status=0 response=0 ret=0
RADIO Wi-Fi RX type=1 id=15 seq=361 len=10
RADIO Wi-Fi cmd=15 seq=361 ack=1 status=0 response=0 ret=0
RADIO Wi-Fi RX type=1 id=15 seq=362 len=10
RADIO Wi-Fi cmd=15 seq=362 ack=1 status=0 response=0 ret=0
RADIO Wi-Fi RX type=1 id=15 seq=363 len=10
RADIO Wi-Fi cmd=15 seq=363 ack=1 status=0 response=0 ret=0
RADIO Wi-Fi RX type=1 id=15 seq=364 len=10
RADIO Wi-Fi cmd=15 seq=364 ack=1 status=0 response=0 ret=0
RADIO Wi-Fi RX type=1 id=15 seq=365 len=10
RADIO Wi-Fi cmd=15 seq=365 ack=1 status=0 response=0 ret=0
RADIO Wi-Fi RX type=1 id=15 seq=366 len=10
RADIO Wi-Fi cmd=15 seq=366 ack=1 status=0 response=0 ret=0
RADIO Wi-Fi RX type=1 id=15 seq=367 len=10
RADIO Wi-Fi cmd=15 seq=367 ack=1 status=0 response=0 ret=0
RADIO Wi-Fi RX type=1 id=15 seq=368 len=10
RADIO Wi-Fi cmd=15 seq=368 ack=1 status=0 response=0 ret=0
RADIO Wi-Fi RX type=1 id=15 seq=369 len=10
RADIO Wi-Fi cmd=15 seq=369 ack=1 status=0 response=0 ret=0
RADIO Wi-Fi RX type=1 id=15 seq=370 len=10
RADIO Wi-Fi cmd=15 seq=370 ack=1 status=0 response=0 ret=0
RADIO Wi-Fi RX type=1 id=15 seq=371 len=10
RADIO Wi-Fi cmd=15 seq=371 ack=1 status=0 response=0 ret=0
RADIO Wi-Fi RX type=1 id=15 seq=372 len=10
RADIO Wi-Fi cmd=15 seq=372 ack=1 status=0 response=0 ret=0
RADIO Wi-Fi RX type=1 id=15 seq=373 len=10
RADIO Wi-Fi cmd=15 seq=373 ack=1 status=0 response=0 ret=0
RADIO Wi-Fi RX type=1 id=15 seq=374 len=10
RADIO Wi-Fi cmd=15 seq=374 ack=1 status=0 response=0 ret=0
RADIO Wi-Fi RX type=1 id=15 seq=375 len=10
RADIO Wi-Fi cmd=15 seq=375 ack=1 status=0 response=0 ret=0
RADIO Wi-Fi RX type=1 id=15 seq=376 len=10
RADIO Wi-Fi cmd=15 seq=376 ack=1 status=0 response=0 ret=0
RADIO Wi-Fi RX type=1 id=15 seq=377 len=10
RADIO Wi-Fi cmd=15 seq=377 ack=1 status=0 response=0 ret=0
RADIO Wi-Fi RX type=1 id=15 seq=378 len=10
RADIO Wi-Fi cmd=15 seq=378 ack=1 status=0 response=0 ret=0
RADIO Wi-Fi RX type=1 id=15 seq=379 len=10
RADIO Wi-Fi cmd=15 seq=379 ack=1 status=0 response=0 ret=0
RADIO Wi-Fi RX type=1 id=15 seq=380 len=10
RADIO Wi-Fi cmd=15 seq=380 ack=1 status=0 response=0 ret=0
RADIO Wi-Fi RX type=1 id=15 seq=381 len=10
RADIO Wi-Fi cmd=15 seq=381 ack=1 status=0 response=0 ret=0
RADIO Wi-Fi RX type=1 id=15 seq=382 len=10
RADIO Wi-Fi cmd=15 seq=382 ack=1 status=0 response=0 ret=0
RADIO Wi-Fi RX type=1 id=15 seq=383 len=10
RADIO Wi-Fi cmd=15 seq=383 ack=1 status=0 response=0 ret=0
RADIO Wi-Fi RX type=1 id=15 seq=384 len=10
RADIO Wi-Fi cmd=15 seq=384 ack=1 status=0 response=0 ret=0
RADIO Wi-Fi RX type=1 id=15 seq=385 len=10
RADIO Wi-Fi cmd=15 seq=385 ack=1 status=0 response=0 ret=0
RADIO Wi-Fi RX type=1 id=15 seq=386 len=10
RADIO Wi-Fi cmd=15 seq=386 ack=1 status=0 response=0 ret=0
RADIO Wi-Fi RX type=1 id=15 seq=387 len=10
RADIO Wi-Fi cmd=15 seq=387 ack=1 status=0 response=0 ret=0
RADIO Wi-Fi RX type=1 id=15 seq=388 len=10
RADIO Wi-Fi cmd=15 seq=388 ack=1 status=0 response=0 ret=0
RADIO Wi-Fi RX type=1 id=15 seq=389 len=10
RADIO Wi-Fi cmd=15 seq=389 ack=1 status=0 response=0 ret=0
RADIO Wi-Fi RX type=1 id=15 seq=390 len=10
RADIO Wi-Fi cmd=15 seq=390 ack=1 status=0 response=0 ret=0
RADIO Wi-Fi RX type=1 id=15 seq=391 len=10
RADIO Wi-Fi cmd=15 seq=391 ack=1 status=0 response=0 ret=0
RADIO Wi-Fi RX type=1 id=15 seq=392 len=10
RADIO Wi-Fi cmd=15 seq=392 ack=1 status=0 response=0 ret=0
RADIO Wi-Fi RX type=1 id=15 seq=393 len=10
RADIO Wi-Fi cmd=15 seq=393 ack=1 status=0 response=0 ret=0
RADIO Wi-Fi RX type=1 id=15 seq=394 len=10
RADIO Wi-Fi cmd=15 seq=394 ack=1 status=0 response=0 ret=0
RADIO Wi-Fi RX type=1 id=15 seq=395 len=10
RADIO Wi-Fi cmd=15 seq=395 ack=1 status=0 response=0 ret=0
RADIO Wi-Fi RX type=1 id=15 seq=396 len=10
RADIO Wi-Fi cmd=15 seq=396 ack=1 status=0 response=0 ret=0
RADIO Wi-Fi RX type=1 id=15 seq=397 len=10
RADIO Wi-Fi cmd=15 seq=397 ack=1 status=0 response=0 ret=0
RADIO Wi-Fi RX type=1 id=15 seq=398 len=10
RADIO Wi-Fi cmd=15 seq=398 ack=1 status=0 response=0 ret=0
RADIO Wi-Fi RX type=1 id=15 seq=399 len=10
RADIO Wi-Fi cmd=15 seq=399 ack=1 status=0 response=0 ret=0
RADIO Wi-Fi RX type=1 id=15 seq=400 len=10
RADIO Wi-Fi cmd=15 seq=400 ack=1 status=0 response=0 ret=0
RADIO Wi-Fi RX type=1 id=15 seq=401 len=10
RADIO Wi-Fi cmd=15 seq=401 ack=1 status=0 response=0 ret=0
RADIO Wi-Fi RX type=1 id=15 seq=402 len=10
RADIO Wi-Fi cmd=15 seq=402 ack=1 status=0 response=0 ret=0
RADIO Wi-Fi RX type=1 id=15 seq=403 len=10
RADIO Wi-Fi cmd=15 seq=403 ack=1 status=0 response=0 ret=0
K7CLOUD asr partial_received=1
RADIO Wi-Fi RX type=1 id=15 seq=404 len=10
RADIO Wi-Fi cmd=15 seq=404 ack=1 status=0 response=0 ret=0
RADIO Wi-Fi RX type=1 id=15 seq=405 len=10
RADIO Wi-Fi cmd=15 seq=405 ack=1 status=0 response=0 ret=0
RADIO Wi-Fi RX type=1 id=15 seq=406 len=10
RADIO Wi-Fi cmd=15 seq=406 ack=1 status=0 response=0 ret=0
RADIO Wi-Fi RX type=1 id=15 seq=407 len=10
RADIO Wi-Fi cmd=15 seq=407 ack=1 status=0 response=0 ret=0
RADIO Wi-Fi RX type=1 id=15 seq=408 len=10
RADIO Wi-Fi cmd=15 seq=408 ack=1 status=0 response=0 ret=0
RADIO Wi-Fi RX type=1 id=15 seq=409 len=10
RADIO Wi-Fi cmd=15 seq=409 ack=1 status=0 response=0 ret=0
RADIO Wi-Fi RX type=1 id=15 seq=410 len=10
RADIO Wi-Fi cmd=15 seq=410 ack=1 status=0 response=0 ret=0
RADIO Wi-Fi RX type=1 id=15 seq=411 len=10
RADIO Wi-Fi cmd=15 seq=411 ack=1 status=0 response=0 ret=0
RADIO Wi-Fi RX type=1 id=15 seq=412 len=10
RADIO Wi-Fi cmd=15 seq=412 ack=1 status=0 response=0 ret=0
RADIO Wi-Fi RX type=1 id=15 seq=413 len=10
RADIO Wi-Fi cmd=15 seq=413 ack=1 status=0 response=0 ret=0
RADIO Wi-Fi RX type=1 id=15 seq=414 len=10
RADIO Wi-Fi cmd=15 seq=414 ack=1 status=0 response=0 ret=0
RADIO Wi-Fi RX type=1 id=15 seq=415 len=10
RADIO Wi-Fi cmd=15 seq=415 ack=1 status=0 response=0 ret=0
RADIO Wi-Fi RX type=1 id=15 seq=416 len=10
RADIO Wi-Fi cmd=15 seq=416 ack=1 status=0 response=0 ret=0
RADIO Wi-Fi RX type=1 id=15 seq=417 len=10
RADIO Wi-Fi cmd=15 seq=417 ack=1 status=0 response=0 ret=0
RADIO Wi-Fi RX type=1 id=15 seq=418 len=10
RADIO Wi-Fi cmd=15 seq=418 ack=1 status=0 response=0 ret=0
RADIO Wi-Fi RX type=1 id=15 seq=419 len=10
RADIO Wi-Fi cmd=15 seq=419 ack=1 status=0 response=0 ret=0
K7CLOUD asr partial_received=1
RADIO Wi-Fi RX type=1 id=15 seq=420 len=10
RADIO Wi-Fi cmd=15 seq=420 ack=1 status=0 response=0 ret=0
RADIO Wi-Fi RX type=1 id=15 seq=421 len=10
RADIO Wi-Fi cmd=15 seq=421 ack=1 status=0 response=0 ret=0
RADIO Wi-Fi RX type=1 id=15 seq=422 len=10
RADIO Wi-Fi cmd=15 seq=422 ack=1 status=0 response=0 ret=0
RADIO Wi-Fi RX type=1 id=15 seq=423 len=10
RADIO Wi-Fi cmd=15 seq=423 ack=1 status=0 response=0 ret=0
RADIO Wi-Fi RX type=1 id=15 seq=424 len=10
RADIO Wi-Fi cmd=15 seq=424 ack=1 status=0 response=0 ret=0
RADIO Wi-Fi RX type=1 id=15 seq=425 len=10
RADIO Wi-Fi cmd=15 seq=425 ack=1 status=0 response=0 ret=0
RADIO Wi-Fi RX type=1 id=15 seq=426 len=10
RADIO Wi-Fi cmd=15 seq=426 ack=1 status=0 response=0 ret=0
RADIO Wi-Fi RX type=1 id=15 seq=427 len=10
RADIO Wi-Fi cmd=15 seq=427 ack=1 status=0 response=0 ret=0
RADIO Wi-Fi RX type=1 id=15 seq=428 len=10
RADIO Wi-Fi cmd=15 seq=428 ack=1 status=0 response=0 ret=0
RADIO Wi-Fi RX type=1 id=15 seq=429 len=10
RADIO Wi-Fi cmd=15 seq=429 ack=1 status=0 response=0 ret=0
RADIO Wi-Fi RX type=1 id=15 seq=430 len=10
RADIO Wi-Fi cmd=15 seq=430 ack=1 status=0 response=0 ret=0
RADIO Wi-Fi RX type=1 id=15 seq=431 len=10
RADIO Wi-Fi cmd=15 seq=431 ack=1 status=0 response=0 ret=0
RADIO Wi-Fi RX type=1 id=15 seq=432 len=10
RADIO Wi-Fi cmd=15 seq=432 ack=1 status=0 response=0 ret=0
K7CLOUD asr partial_received=1
RADIO Wi-Fi RX type=1 id=15 seq=433 len=10
RADIO Wi-Fi cmd=15 seq=433 ack=1 status=0 response=0 ret=0
RADIO Wi-Fi RX type=1 id=15 seq=434 len=10
RADIO Wi-Fi cmd=15 seq=434 ack=1 status=0 response=0 ret=0
RADIO Wi-Fi RX type=1 id=15 seq=435 len=10
RADIO Wi-Fi cmd=15 seq=435 ack=1 status=0 response=0 ret=0
RADIO Wi-Fi RX type=1 id=15 seq=436 len=10
RADIO Wi-Fi cmd=15 seq=436 ack=1 status=0 response=0 ret=0
RADIO Wi-Fi RX type=1 id=15 seq=437 len=10
RADIO Wi-Fi cmd=15 seq=437 ack=1 status=0 response=0 ret=0
RADIO Wi-Fi RX type=1 id=15 seq=438 len=10
RADIO Wi-Fi cmd=15 seq=438 ack=1 status=0 response=0 ret=0
RADIO Wi-Fi RX type=1 id=15 seq=439 len=10
RADIO Wi-Fi cmd=15 seq=439 ack=1 status=0 response=0 ret=0
RADIO Wi-Fi RX type=1 id=15 seq=440 len=10
RADIO Wi-Fi cmd=15 seq=440 ack=1 status=0 response=0 ret=0
RADIO Wi-Fi RX type=1 id=15 seq=441 len=10
RADIO Wi-Fi cmd=15 seq=441 ack=1 status=0 response=0 ret=0
RADIO Wi-Fi RX type=1 id=15 seq=442 len=10
RADIO Wi-Fi cmd=15 seq=442 ack=1 status=0 response=0 ret=0
RADIO Wi-Fi RX type=1 id=15 seq=443 len=10
RADIO Wi-Fi cmd=15 seq=443 ack=1 status=0 response=0 ret=0
RADIO Wi-Fi RX type=1 id=15 seq=444 len=10
RADIO Wi-Fi cmd=15 seq=444 ack=1 status=0 response=0 ret=0
RADIO Wi-Fi RX type=1 id=15 seq=445 len=10
RADIO Wi-Fi cmd=15 seq=445 ack=1 status=0 response=0 ret=0
RADIO Wi-Fi RX type=1 id=15 seq=446 len=10
RADIO Wi-Fi cmd=15 seq=446 ack=1 status=0 response=0 ret=0
RADIO Wi-Fi RX type=1 id=15 seq=447 len=10
RADIO Wi-Fi cmd=15 seq=447 ack=1 status=0 response=0 ret=0
RADIO Wi-Fi RX type=1 id=15 seq=448 len=10
RADIO Wi-Fi cmd=15 seq=448 ack=1 status=0 response=0 ret=0
RADIO Wi-Fi RX type=1 id=15 seq=449 len=10
RADIO Wi-Fi cmd=15 seq=449 ack=1 status=0 response=0 ret=0
RADIO Wi-Fi RX type=1 id=15 seq=450 len=10
RADIO Wi-Fi cmd=15 seq=450 ack=1 status=0 response=0 ret=0
RADIO Wi-Fi RX type=1 id=15 seq=451 len=10
RADIO Wi-Fi cmd=15 seq=451 ack=1 status=0 response=0 ret=0
RADIO Wi-Fi RX type=1 id=15 seq=452 len=10
RADIO Wi-Fi cmd=15 seq=452 ack=1 status=0 response=0 ret=0
RADIO Wi-Fi RX type=1 id=15 seq=453 len=10
RADIO Wi-Fi cmd=15 seq=453 ack=1 status=0 response=0 ret=0
RADIO Wi-Fi RX type=1 id=15 seq=454 len=10
RADIO Wi-Fi cmd=15 seq=454 ack=1 status=0 response=0 ret=0
RADIO Wi-Fi RX type=1 id=15 seq=455 len=10
RADIO Wi-Fi cmd=15 seq=455 ack=1 status=0 response=0 ret=0
RADIO Wi-Fi RX type=1 id=15 seq=456 len=10
RADIO Wi-Fi cmd=15 seq=456 ack=1 status=0 response=0 ret=0
RADIO Wi-Fi RX type=1 id=15 seq=457 len=10
RADIO Wi-Fi cmd=15 seq=457 ack=1 status=0 response=0 ret=0
RADIO Wi-Fi RX type=1 id=15 seq=458 len=10
RADIO Wi-Fi cmd=15 seq=458 ack=1 status=0 response=0 ret=0
RADIO Wi-Fi RX type=1 id=15 seq=459 len=10
RADIO Wi-Fi cmd=15 seq=459 ack=1 status=0 response=0 ret=0
RADIO Wi-Fi RX type=1 id=15 seq=460 len=10
RADIO Wi-Fi cmd=15 seq=460 ack=1 status=0 response=0 ret=0
RADIO Wi-Fi RX type=1 id=15 seq=461 len=10
RADIO Wi-Fi cmd=15 seq=461 ack=1 status=0 response=0 ret=0
RADIO Wi-Fi RX type=1 id=15 seq=462 len=10
RADIO Wi-Fi cmd=15 seq=462 ack=1 status=0 response=0 ret=0
RADIO Wi-Fi RX type=1 id=15 seq=463 len=10
RADIO Wi-Fi cmd=15 seq=463 ack=1 status=0 response=0 ret=0
RADIO Wi-Fi RX type=1 id=15 seq=464 len=10
RADIO Wi-Fi cmd=15 seq=464 ack=1 status=0 response=0 ret=0
RADIO Wi-Fi RX type=1 id=15 seq=465 len=10
RADIO Wi-Fi cmd=15 seq=465 ack=1 status=0 response=0 ret=0
RADIO Wi-Fi RX type=1 id=15 seq=466 len=10
RADIO Wi-Fi cmd=15 seq=466 ack=1 status=0 response=0 ret=0
RADIO Wi-Fi RX type=1 id=15 seq=467 len=10
RADIO Wi-Fi cmd=15 seq=467 ack=1 status=0 response=0 ret=0
RADIO Wi-Fi RX type=1 id=15 seq=468 len=10
RADIO Wi-Fi cmd=15 seq=468 ack=1 status=0 response=0 ret=0
RADIO Wi-Fi RX type=1 id=15 seq=469 len=10
RADIO Wi-Fi cmd=15 seq=469 ack=1 status=0 response=0 ret=0
RADIO Wi-Fi RX type=1 id=15 seq=470 len=10
RADIO Wi-Fi cmd=15 seq=470 ack=1 status=0 response=0 ret=0
RADIO Wi-Fi RX type=1 id=15 seq=471 len=10
RADIO Wi-Fi cmd=15 seq=471 ack=1 status=0 response=0 ret=0
RADIO Wi-Fi RX type=1 id=15 seq=472 len=10
RADIO Wi-Fi cmd=15 seq=472 ack=1 status=0 response=0 ret=0
RADIO Wi-Fi RX type=1 id=15 seq=473 len=10
RADIO Wi-Fi cmd=15 seq=473 ack=1 status=0 response=0 ret=0
RADIO Wi-Fi RX type=1 id=15 seq=474 len=10
RADIO Wi-Fi cmd=15 seq=474 ack=1 status=0 response=0 ret=0
RADIO Wi-Fi RX type=1 id=15 seq=475 len=10
RADIO Wi-Fi cmd=15 seq=475 ack=1 status=0 response=0 ret=0
RADIO Wi-Fi RX type=1 id=15 seq=476 len=10
RADIO Wi-Fi cmd=15 seq=476 ack=1 status=0 response=0 ret=0
RADIO Wi-Fi RX type=1 id=15 seq=477 len=10
RADIO Wi-Fi cmd=15 seq=477 ack=1 status=0 response=0 ret=0
RADIO Wi-Fi RX type=1 id=15 seq=478 len=10
RADIO Wi-Fi cmd=15 seq=478 ack=1 status=0 response=0 ret=0
RADIO Wi-Fi RX type=1 id=15 seq=479 len=10
RADIO Wi-Fi cmd=15 seq=479 ack=1 status=0 response=0 ret=0
RADIO Wi-Fi RX type=1 id=15 seq=480 len=10
RADIO Wi-Fi cmd=15 seq=480 ack=1 status=0 response=0 ret=0
RADIO Wi-Fi RX type=1 id=15 seq=481 len=10
RADIO Wi-Fi cmd=15 seq=481 ack=1 status=0 response=0 ret=0
RADIO Wi-Fi RX type=1 id=15 seq=482 len=10
RADIO Wi-Fi cmd=15 seq=482 ack=1 status=0 response=0 ret=0
RADIO Wi-Fi RX type=1 id=15 seq=483 len=10
RADIO Wi-Fi cmd=15 seq=483 ack=1 status=0 response=0 ret=0
RADIO Wi-Fi RX type=1 id=15 seq=484 len=10
RADIO Wi-Fi cmd=15 seq=484 ack=1 status=0 response=0 ret=0
K7CLOUD asr final_received=1
RADIO Wi-Fi RX type=1 id=15 seq=485 len=10
RADIO Wi-Fi cmd=15 seq=485 ack=1 status=0 response=0 ret=0
RADIO Wi-Fi RX type=1 id=15 seq=486 len=10
RADIO Wi-Fi cmd=15 seq=486 ack=1 status=0 response=0 ret=0
RADIO Wi-Fi RX type=1 id=15 seq=487 len=10
RADIO Wi-Fi cmd=15 seq=487 ack=1 status=0 response=0 ret=0
RADIO Wi-Fi RX type=1 id=15 seq=488 len=10
RADIO Wi-Fi cmd=15 seq=488 ack=1 status=0 response=0 ret=0
RADIO Wi-Fi RX type=1 id=15 seq=489 len=10
RADIO Wi-Fi cmd=15 seq=489 ack=1 status=0 response=0 ret=0
RADIO Wi-Fi RX type=1 id=15 seq=490 len=10
RADIO Wi-Fi cmd=15 seq=490 ack=1 status=0 response=0 ret=0
RADIO Wi-Fi RX type=1 id=15 seq=491 len=10
RADIO Wi-Fi cmd=15 seq=491 ack=1 status=0 response=0 ret=0
RADIO Wi-Fi RX type=1 id=15 seq=492 len=10
RADIO Wi-Fi cmd=15 seq=492 ack=1 status=0 response=0 ret=0
RADIO Wi-Fi RX type=1 id=15 seq=493 len=10
RADIO Wi-Fi cmd=15 seq=493 ack=1 status=0 response=0 ret=0
RADIO Wi-Fi RX type=1 id=15 seq=494 len=10
RADIO Wi-Fi cmd=15 seq=494 ack=1 status=0 response=0 ret=0
RADIO Wi-Fi RX type=1 id=15 seq=495 len=10
RADIO Wi-Fi cmd=15 seq=495 ack=1 status=0 response=0 ret=0
RADIO Wi-Fi RX type=1 id=15 seq=496 len=10
RADIO Wi-Fi cmd=15 seq=496 ack=1 status=0 response=0 ret=0
RADIO Wi-Fi RX type=1 id=15 seq=497 len=10
RADIO Wi-Fi cmd=15 seq=497 ack=1 status=0 response=0 ret=0
RADIO Wi-Fi RX type=1 id=15 seq=498 len=10
RADIO Wi-Fi cmd=15 seq=498 ack=1 status=0 response=0 ret=0
RADIO Wi-Fi RX type=1 id=15 seq=499 len=10
RADIO Wi-Fi cmd=15 seq=499 ack=1 status=0 response=0 ret=0
RADIO Wi-Fi RX type=1 id=15 seq=500 len=10
RADIO Wi-Fi cmd=15 seq=500 ack=1 status=0 response=0 ret=0
RADIO Wi-Fi RX type=1 id=15 seq=501 len=10
RADIO Wi-Fi cmd=15 seq=501 ack=1 status=0 response=0 ret=0
RADIO Wi-Fi RX type=1 id=15 seq=502 len=10
RADIO Wi-Fi cmd=15 seq=502 ack=1 status=0 response=0 ret=0
RADIO Wi-Fi RX type=1 id=15 seq=503 len=10
RADIO Wi-Fi cmd=15 seq=503 ack=1 status=0 response=0 ret=0
RADIO Wi-Fi RX type=1 id=15 seq=504 len=10
RADIO Wi-Fi cmd=15 seq=504 ack=1 status=0 response=0 ret=0
RADIO Wi-Fi RX type=1 id=15 seq=505 len=10
RADIO Wi-Fi cmd=15 seq=505 ack=1 status=0 response=0 ret=0
RADIO Wi-Fi RX type=1 id=15 seq=506 len=10
RADIO Wi-Fi cmd=15 seq=506 ack=1 status=0 response=0 ret=0
RADIO Wi-Fi RX type=1 id=15 seq=507 len=10
RADIO Wi-Fi cmd=15 seq=507 ack=1 status=0 response=0 ret=0
RADIO Wi-Fi RX type=1 id=15 seq=508 len=10
RADIO Wi-Fi cmd=15 seq=508 ack=1 status=0 response=0 ret=0
RADIO Wi-Fi RX type=1 id=15 seq=509 len=10
RADIO Wi-Fi cmd=15 seq=509 ack=1 status=0 response=0 ret=0
RADIO Wi-Fi RX type=1 id=15 seq=510 len=10
RADIO Wi-Fi cmd=15 seq=510 ack=1 status=0 response=0 ret=0
RADIO Wi-Fi RX type=1 id=15 seq=511 len=10
RADIO Wi-Fi cmd=15 seq=511 ack=1 status=0 response=0 ret=0
SOUND experiment clear=0 reset=0 clockwait20=0
SOUND slot_mask offset=3c value=00000000
SOUND slot_mask offset=40 value=00000000
SOUND slot_mask offset=44 value=00000000
SOUND slot_mask offset=48 value=00000000
SOUND slot_mask offset=4c value=00000000
SOUND slot_mask offset=50 value=00000000
SOUND slot_mask offset=54 value=00000000
SOUND slot_mask offset=58 value=00000000
SOUND pio=0 frames=48000 polls=2291468 stop=0 held=0 max_fifo=4
SOUND grouped words=768000 mismatches=0
SOUND fifo first=00000000 last=00000000 TXCR=00000fff RXCR=00700fff FSCR=0101f03f CKR=00000018
SOUND trace start=45774910738 end=45777910790 started=1 count=32
SOUND trace_init index=0 value=00000000 rc=0
SOUND trace_init index=1 value=00000002 rc=0
SOUND trace_init index=2 value=00700fff rc=0
SOUND trace_init index=3 value=000000e4 rc=0
SOUND trace_init index=4 val trace_word index=0 us=457749108ffffffff after=00041040 rc=0,0,0=2 us=45774910820 before=00041040 word=fffRADIO Wi-Fi RX type=1 00041000 rc=0,0,0
RADIO Wi-Fi cmd=15 seq=512 ack=1 status=0 response=0 ret=0
SOUND trace_word index=3 us=45774910821 before=00041000 word=00000000 after=00041000 rc=0,0,0
SOUND trace_word index=4 us=45774910823 before=00041000 word=ffffffff after=00040000 rc=0,0,0
SOUND trace_word index=5 us=45774910825 before=00040000 word=00000000 after=00040000 rc=0,0,0
SOUND trace_word index=6 us=45774910827 before=00040000 word=ffffffff after=00000000 rc=0,0,0
SOUND trace_word index=7 us=45774910828 before=00000000 word=00000000 after=00000000 rc=0,0,0
SOUND trace_word index=8 us=45774910848 before=00041041 word=ffffffff after=00041040 rc=0,0,0
SOUND trace_word index=9 us=45774910850 before=00041040 word=00000000 after=00041040 rc=0,0,0
SOUND trace_word index=10 us=45774910851 before=00041040 word=ffffffff after=00041000 rc
SOUND trace_word index=12 us=45774910855 before=00041000 word=ffffffff after=00040000 rc=0,0,0
SOUND trace_word index=13 us=45774910856 before=00040000 word=00000000 after=00040000 rc=0,0,0
SOUND trace_word index=14 us=45774910858 before=00040000 word=ffffffff after=00000000 rc=0,0,0
SOUND trace_word index=15 us=45774910859 before=00000000 word=00000000 after=00000000 rc=0,0,0
SOUND trace_word index=16 us=45774910878 before=00041041 word=41040 word=00000000 after=00041040 rc=0,0,0
SOUND trace_word in0,0,0
SOUND trace_word index=19 us=45774910883 before=00041000 word=00000000 after=00041000 rc=0,0,0
SOUND trace_word index=20 us=45774910885 before=00041000 040000 rc=0,0,0
SOUND trace_word index=21 us=45774910887 before000 after=00040000 rc=0,0,0
SOUND trace_word index=22 us=45774910888 before=00040000 word=ffffffff after=00000000 rc=0,0,0
SOUND trace_word index=23 us=45774910890 before=00000000 word=00000000 after=00000000 rc=0,0,0
SOUND trace_word index=24 us=45774910910 before=00041041 word=ffffffff after=00041040 rc=0,0,0
SOUND trace_word index=25 us=45774910911 before=00041040 word=00000000 after=00041040 rc=0,0,0
SOUND trace_word index=26 us=45774910913 before=00041040 word=ffffffff after=00041000 rc=0,0,0
SOUND trace_word index=27 us=45774910915 before=00041000 word=00000000 after=00041000 rc=0,0,0
SOUND trace_word index=28 us=45774910916 before=00041000 word=ffffffff after=00040000 rc=0,0,0
SOUND trace_word index=29 us=45774910918 before=00040000 word=00000000 after=00040000 rc=0,0,0
SOUND trace_word index=30 us=457749f after=00000000 rc=0,0,0
SOUND trace_word index=31 us=45774910c reg=03 value=00
SOUND codec reg=04 value=0c
SOUND codec reg= reg=07 value=7c
SOUND codec reg=08 value=00
SOUND codec reg=09 value=88
SOUND codec reg=0a value=f0
SOUND codec reg=0b value=82
SOUND codec reg=0c value=10
SOUND codec reg=0d value=02
SOUND codec reg=0f value=20
SOUND codec reg=17 value=20
SOUND codec reg=18 value=02
SOUND codec reg=19 value=06
SOUND codec reg=1a value=30
SOUND codec reg=1b value=30
SOUND codec reg=27 value=b8
SOUND codec reg=2a value=b8
SOUND codec reg=2b value=80
SOUND codec reg=30 value=14
SOUND codec reg=31 value=14
SOUND input pull=00005515 schmitt=000000ff path=000000e4 gpio_high=50194 transitions=0 samples=50194
SOUND pad ticks=480004 max_gap=14 counter_hz=24000000 complete=1
SOUND pad channel=0 high=24651 changes=36936
SOUND pad channel=1 high=25251 changes=40958
SOUND pad channel=2 high=2515ges=0
SOUND pcm left_min=-90799616 left_max=61703936 left_nonze61253376 right_max=88552192 right_nonzero=48000
SOUND result=0 codec_stop=0 platform_restore=0 i2c_restore=0 amp_low=1
RADIO Wi-Fi RX type=1 id=15 seq=513 len=10
RADIO Wi-Fi cmd=15 seq=513 ack=1 status=0 response=0 ret=0
K7CLOUD asr result=0 frames_sent=150 completed=1
nsh> [KRADIO Wi-Fi RX type=1 id=15 seq=514 len=10
RADIO Wi-Fi cmd=15 seq=514 ack=1 status=0 response=0 ret=0
