k7cloud tts-test 10.3.1.125
RADIO Wi-Fi RX type=1 id=15 seq=27 len=10
RADIO Wi-Fi cmd=15 seq=27 ack=1 status=0 response=0 ret=0
RADIO Wi-Fi RX type=1 id=15 seq=28 len=10
RADIO Wi-Fi cmd=15 seq=28 ack=1 status=0 response=0 ret=0
RADIO Wi-Fi RX type=1 id=15 seq=29 len=10
RADIO Wi-Fi cmd=15 seq=29 ack=1 status=0 response=0 ret=0
RADIO Wi-Fi RX type=1 id=15 seq=30 len=10
RADIO Wi-Fi cmd=15 seq=30 ack=1 status=0 response=0 ret=0
RADIO Wi-Fi RX type=1 id=15 seq=31 len=10
RADIO Wi-Fi cmd=15 seq=31 ack=1 status=0 response=0 ret=0
RADIO Wi-Fi RX type=1 id=15 seq=32 len=10
RADIO Wi-Fi cmd=15 seq=32 ack=1 status=0 response=0 ret=0
WIFI data rejected ret=-28 parsed=0 meta=0a04 flags=5f offset=74 index=3 seq=12 lastbyte=03 wire=1036 length=1014
WIFI data rejd ret=-28 parsed=0 meta=0a04 flaRADIO Wi-Fi RX type=1 id=15 seq=33 len=10
RADIO Wi-Fi cmd=15 seq=33 ack=1 status=0 response=0 ret=0
RADIO Wi-Fi RX type=1 id=15 seq=34 len=10
RADIO Wi-Fi cmd=15 seq=34 ack=1 status=0 response=0 ret=0
RADIO Wi-Fi RX type=1 id=15 seq=35 len=10
RADIO Wi-Fi cmd=15 seq=35 ack=1 status=0 response=0 ret=0
WIFI data rejected ret=-28 parsed=0 meta=0a04 flags=5f offset=74 index=2 seq=16 lastbyte=02 wire=1036 length=1014
RADIO Wi-Fi RX type=1 id=15 seq=36 len=10
RADIO Wi-Fi cmd=15 seq=36 ack=1 status=0 response=0 ret=0
RADIO Wi-Fi RX type=1 id=15 seq=37 len=10
RADIO Wi-Fi cmd=15 seq=37 ack=1 status=0 response=0 ret=0
WIFI data rejected ret=-28 parsed=0 meta=0a04 flags=5f offset=74 index=2 seq=18 lastbyte=02 wire=1036 length=1014
RADIO Wi-Fi RX type=1 id=15 seq=38 len=10
RADIO Wi-Fi cmd=15 seq=38 ack=1 status=0 response=0 ret=0
WIFI data rejected ret=-28 parsed=0 meta=0a04 flags=5f offset=74 index=2 seq=19 lastbyte=02 wire=1036 length=1014
RADIO Wi-Fi RX type=1 id=15 seq=39 len=10
RADIO Wi-Fi cmd=15 seq=39 ack=1 status=0 response=0 ret=0
WIFI data rejected ret=-28 parsed=0 meta=0a04 flags=5f offset=74 index=2 seq=20 lastbyte=02 wire=1036 length=1014
RADIO Wi-Fi RX type=1 id=15 seq=40 len=10
RADIO Wi-Fi cmd=15 seq=40 ack=1 status=0 response=0 ret=0
WIFI data rejected ret=-28 parsed=0 meta=0a04 flags=5f offset=74 index=2 seq=21 lastbyte=02 wire=1036 length=1014
RADIO Wi-Fi RX type=1 id=15 seq=41 len=10
RADIO Wi-Fi cmd=15 seq=41 ack=1 status=0 response=0 ret=0
RADIO Wi-Fi RX type=1 id=15 seq=42 len=10
RADIO Wi-Fi cmd=15 seq=42 ack=1 status=0 response=0 ret=0
RADIO Wi-Fi RX type=1 id=15 seq=43 len=10
RADIO Wi-Fi cmd=15 seq=43 ack=1 status=0 response=0 ret=0
RADIO Wi-Fi RX type=1 id=15 seq=44 len=10
RADIO Wi-Fi cmd=15 seq=44 ack=1 status=0 response=0 ret=0
RADIO Wi-Fi RX type=1 id=15 seq=45 len=10
RADIO Wi-Fi cmd=15 seq=45 ack=1 status=0 response=0 ret=0
RADIO Wi-Fi RX type=1 id=15 seq=46 len=10
RADIO Wi-Fi cmd=15 seq=46 ack=1 status=0 response=0 ret=0
RADIO Wi-Fi RX type=1 id=15 seq=47 len=10
RADIO Wi-Fi cmd=15 seq=47 ack=1 status=0 response=0 ret=0
RADIO Wi-Fi RX type=1 id=15 seq=48 len=10
RADIO Wi-Fi cmd=15 seq=48 ack=1 status=0 response=0 ret=0
RADIO Wi-Fi RX type=1 id=15 seq=49 len=10
RADIO Wi-Fi cmd=15 seq=49 ack=1 status=0 response=0 ret=0
RADIO Wi-Fi RX type=1 id=15 seq=50 len=10
RADIO Wi-Fi cmd=15 seq=50 ack=1 status=0 response=0 ret=0
RADIO Wi-Fi RX type=1 id=15 seq=51 len=10
RADIO Wi-Fi cmd=15 seq=51 ack=1 status=0 response=0 ret=0
RADIO Wi-Fi RX type=1 id=15 seq=52 len=10
RADIO Wi-Fi cmd=15 seq=52 ack=1 status=0 response=0 ret=0
RADIO Wi-Fi RX type=1 id=15 seq=53 len=10
RADIO Wi-Fi cmd=15 seq=53 ack=1 status=0 response=0 ret=0
RADIO Wi-Fi RX type=1 id=15 seq=54 len=10
RADIO Wi-Fi cmd=15 seq=54 ack=1 status=0 response=0 ret=0
RADIO Wi-Fi RX type=1 id=15 seq=55 len=10
RADIO Wi-Fi cmd=15 seq=55 ack=1 status=0 response=0 ret=0
RADIO Wi-Fi RX type=1 id=15 seq=56 len=10
RADIO Wi-Fi cmd=15 seq=56 ack=1 status=0 response=0 ret=0
RADIO Wi-Fi RX type=1 id=15 seq=57 len=10
RADIO Wi-Fi cmd=15 seq=57 ack=1 status=0 response=0 ret=0
RADIO Wi-Fi RX type=1 id=15 seq=58 len=10
RADIO Wi-Fi cmd=15 seq=58 ack=1 status=0 response=0 ret=0
RADIO Wi-Fi RX type=1 id=15 seq=59 len=10
RADIO Wi-Fi cmd=15 seq=59 ack=1 status=0 response=0 ret=0
RADIO Wi-Fi RX type=1 id=15 seq=60 len=10
RADIO Wi-Fi cmd=15 seq=60 ack=1 status=0 response=0 ret=0
RADIO Wi-Fi RX type=1 id=15 seq=61 len=10
RADIO Wi-Fi cmd=15 seq=61 ack=1 status=0 response=0 ret=0
RADIO Wi-Fi RX type=1 id=15 seq=62 len=10
RADIO Wi-Fi cmd=15 seq=62 ack=1 status=0 response=0 ret=0
RADIO Wi-Fi RX type=1 id=15 seq=63 len=10
RADIO Wi-Fi cmd=15 seq=63 ack=1 status=0 response=0 ret=0
RADIO Wi-Fi RX type=1 id=15 seq=64 len=10
RADIO Wi-Fi cmd=15 seq=64 ack=1 status=0 response=0 ret=0
RADIO Wi-Fi RX type=1 id=15 seq=65 len=10
RADIO Wi-Fi cmd=15 seq=65 ack=1 status=0 response=0 ret=0
RADIO Wi-Fi RX type=1 id=15 seq=66 len=10
RADIO Wi-Fi cmd=15 seq=66 ack=1 status=0 response=0 ret=0
RADIO Wi-Fi RX type=1 id=15 seq=67 len=10
RADIO Wi-Fi cmd=15 seq=67 ack=1 status=0 response=0 ret=0
RADIO Wi-Fi RX type=1 id=15 seq=68 len=10
RADIO Wi-Fi cmd=15 seq=68 ack=1 status=0 response=0 ret=0
RADIO Wi-Fi RX type=1 id=15 seq=69 len=10
RADIO Wi-Fi cmd=15 seq=69 ack=1 status=0 response=0 ret=0
RADIO Wi-Fi RX type=1 id=15 seq=70 len=10
RADIO Wi-Fi cmd=15 seq=70 ack=1 status=0 response=0 ret=0
RADIO Wi-Fi RX type=1 id=15 seq=71 len=10
RADIO Wi-Fi cmd=15 seq=71 ack=1 status=0 response=0 ret=0
RADIO Wi-Fi RX type=1 id=15 seq=72 len=10
RADIO Wi-Fi cmd=15 seq=72 ack=1 status=0 response=0 ret=0
RADIO Wi-Fi RX type=1 id=15 seq=73 len=10
RADIO Wi-Fi cmd=15 seq=73 ack=1 status=0 response=0 ret=0
RADIO Wi-Fi RX type=1 id=15 seq=74 len=10
RADIO Wi-Fi cmd=15 seq=74 ack=1 status=0 response=0 ret=0
RADIO Wi-Fi RX type=1 id=15 seq=75 len=10
RADIO Wi-Fi cmd=15 seq=75 ack=1 status=0 response=0 ret=0
RADIO Wi-Fi RX type=1 id=15 seq=76 len=10
RADIO Wi-Fi cmd=15 seq=76 ack=1 status=0 response=0 ret=0
RADIO Wi-Fi RX type=1 id=15 seq=77 len=10
RADIO Wi-Fi cmd=15 seq=77 ack=1 status=0 response=0 ret=0
RADIO Wi-Fi RX type=1 id=15 seq=78 len=10
RADIO Wi-Fi cmd=15 seq=78 ack=1 status=0 response=0 ret=0
RADIO Wi-Fi RX type=1 id=15 seq=79 len=10
RADIO Wi-Fi cmd=15 seq=79 ack=1 status=0 response=0 ret=0
RADIO Wi-Fi RX type=1 id=15 seq=80 len=10
RADIO Wi-Fi cmd=15 seq=80 ack=1 status=0 response=0 ret=0
RADIO Wi-Fi RX type=1 id=15 seq=81 len=10
RADIO Wi-Fi cmd=15 seq=81 ack=1 status=0 response=0 ret=0
RADIO Wi-Fi RX type=1 id=15 seq=82 len=10
RADIO Wi-Fi cmd=15 seq=82 ack=1 status=0 response=0 ret=0
RADIO Wi-Fi RX type=1 id=15 seq=83 len=10
RADIO Wi-Fi cmd=15 seq=83 ack=1 status=0 response=0 ret=0
AUDIO_IO reset12=00000000 gate11=00000000 gate12=00000000 gate18=00000000 mux=00000000 source=00000000
AUDIO_IO con=00060300 ien=00000000 gpio_version=010219c8 gpio_input=034d3050
SOUND platform_result=0 version=23073576 repair=fdffffff ack=00000001 idle=00000001
SOUND mclkout before=0000001f after=0000001d
RADIO Wi-Fi RX type=1 id=15 seq=84 len=10
RADIO Wi-Fi cmd=15 seq=84 ack=1 status=0 response=0 ret=0
SOUND codec_prepare=0 state=2
SOUND adc_variant=0 settle_ms=0
SOUND playback_gain_db=24 dac_attenuation_db=0 maximum=0
SOUND experiment clear=0 reset=0 clockwait20=0
SOUND slot_mask offset=3c value=00000000
SOUND slot_mask offset=40 value=000000fset=4c value=00000000
SOUND slot_mask offset=50 value=00000000_fifo=16
SOUND fifo first=00104104 last=00000000 TXCR=00400fff 000fff FSCR=0101f03f CKR=00000018
SOUND codec reg=00 value=36
 value=00
SOUND codec reg=04 value=0c
SOUND codec reg=05 value=00
SOUND codec reg=06 value=00
SOUND codec reg=07 value=7c
SOUND codec reg=08 value=00
SOUND codec reg=09 value=44
SOUND codec reg=0a value=f0
SOUND codec reg=0b value=82
SOUND codec reg=0c value=10
SOUND codec reg=0d value=02
SOUND codec reg=0f value=24
SOUND codec reg=17 value=20
SOUND codec reg=18 value=02
SOUND codec reg=19 value=02
SOUND codec reg=1a value=00
SOUND codec reg=1b value=00
SOUND codec reg=27 value=b8
SOUND codec reg=2a value=b8
SOUND codec reg=2b value=80
SOUND codec reg=30 value=14
SOUND codec reg=31 value=14
SOUND input pull=00005515 schmitt=000000ff path=0000e4e4 gpio_high=50165 transitionsD pad channel=0 high=24729 changes=36951
SOUND pad channel=1 hiSOUND result=0 codec_stop=0 platform_restore=0 i2c_restore=0 amp_low=1
K7CLOUD tts result=0 pcm_bytes=33280
nsh> [K
