
ggml-cpu.cpp.obj:
                 U __cxa_guard_abort
                 U __cxa_guard_acquire
                 U __cxa_guard_release
                 U __gxx_personality_seh0
                 U __imp_RegCloseKey
                 U __imp_RegOpenKeyExA
                 U __imp_RegQueryValueExA
                 U _Unwind_Resume
                 U _Z36ggml_backend_cpu_aarch64_buffer_typev
                 U _ZdaPv
                 U _ZdlPvy
                 U _Znay
                 U _ZNKSt7__cxx1112basic_stringIcSt11char_traitsIcESaIcEE4findEcy
                 U _ZNSt7__cxx1112basic_stringIcSt11char_traitsIcESaIcEE12_M_constructEyc
                 U _ZNSt7__cxx1112basic_stringIcSt11char_traitsIcESaIcEE6resizeEyc
                 U _Znwy
                 U _ZSt20__throw_length_errorPKc
                 U atexit
                 U ggml_abort
                 U ggml_backend_buft_is_host
                 U ggml_backend_cpu_buffer_from_ptr
                 U ggml_backend_cpu_buffer_type
                 U ggml_backend_reg_dev_get
                 U ggml_cpu_get_sve_cnt
                 U ggml_cpu_has_amx_int8
                 U ggml_cpu_has_arm_fma
                 U ggml_cpu_has_avx
                 U ggml_cpu_has_avx_vnni
                 U ggml_cpu_has_avx2
                 U ggml_cpu_has_avx512
                 U ggml_cpu_has_avx512_bf16
                 U ggml_cpu_has_avx512_vbmi
                 U ggml_cpu_has_avx512_vnni
                 U ggml_cpu_has_bmi2
                 U ggml_cpu_has_dotprod
                 U ggml_cpu_has_f16c
                 U ggml_cpu_has_fma
                 U ggml_cpu_has_fp16_va
                 U ggml_cpu_has_llamafile
                 U ggml_cpu_has_matmul_int8
                 U ggml_cpu_has_neon
                 U ggml_cpu_has_riscv_v
                 U ggml_cpu_has_sme
                 U ggml_cpu_has_sse3
                 U ggml_cpu_has_ssse3
                 U ggml_cpu_has_sve
                 U ggml_cpu_has_vsx
                 U ggml_cpu_has_vxe
                 U ggml_cpu_has_wasm_simd
                 U ggml_cpu_init
                 U ggml_get_type_traits_cpu
                 U ggml_graph_compute
                 U ggml_graph_plan
                 U ggml_guid_matches
                 U ggml_is_numa
                 U ggml_is_quantized
                 U ggml_numa_init
                 U ggml_threadpool_free
                 U ggml_threadpool_new
                 U ggml_threadpool_pause
                 U memcpy
                 U memmove
                 U strcmp

ggml-cpu-aarch64.cpp.obj:
                 U ___chkstk_ms
                 U __cxa_guard_abort
                 U __cxa_guard_acquire
                 U __cxa_guard_release
                 w __cxa_pure_virtual
                 U __gxx_personality_seh0
                 U _Unwind_Resume
                 U _ZdlPvy
                 U _ZN4ggml3cpu13tensor_traitsD2Ev
                 U _ZN4ggml3cpu17extra_buffer_typeD2Ev
                 U _Znwy
                 U _ZTVN10__cxxabiv117__class_type_infoE
                 U _ZTVN10__cxxabiv120__si_class_type_infoE
                 U _ZTVN10__cxxabiv121__vmi_class_type_infoE
                 U atexit
                 U ggml_abort
                 U ggml_backend_buft_alloc_buffer
                 U ggml_backend_buft_is_host
                 U ggml_backend_cpu_buffer_type
                 U ggml_backend_cpu_reg
                 U ggml_backend_reg_dev_get
                 U ggml_barrier
                 U ggml_cpu_get_sve_cnt
                 U ggml_cpu_has_avx2
                 U ggml_cpu_has_dotprod
                 U ggml_cpu_has_matmul_int8
                 U ggml_cpu_has_neon
                 U ggml_cpu_has_sve
                 U ggml_get_type_traits_cpu
                 U ggml_log_internal
                 U ggml_n_dims
                 U ggml_nbytes
                 U ggml_nelements
                 U ggml_nrows
                 U ggml_row_size
                 U ggml_table_f32_f16
                 U ggml_type_name
                 U ggml_type_size
                 U memcpy
                 U memset
                 U roundf

ggml-cpu-hbm.cpp.obj:

ggml-cpu-quants.c.obj:
                 U ggml_table_f32_f16
                 U quantize_iq4_xs
                 U quantize_row_iq4_nl_ref
                 U quantize_row_q2_K_ref
                 U quantize_row_q3_K_ref
                 U quantize_row_q4_0_ref
                 U quantize_row_q4_1_ref
                 U quantize_row_q4_K_ref
                 U quantize_row_q5_0_ref
                 U quantize_row_q5_1_ref
                 U quantize_row_q5_K_ref
                 U quantize_row_q6_K_ref
                 U quantize_row_q8_0_ref
                 U quantize_row_q8_1_ref
                 U quantize_row_q8_K_ref
                 U quantize_row_tq1_0_ref
                 U quantize_row_tq2_0_ref

ggml-cpu-traits.cpp.obj:
                 w __cxa_pure_virtual
                 U _Z39ggml_backend_cpu_get_extra_buffers_typev
                 U _ZdlPvy
                 U _ZTVN10__cxxabiv117__class_type_infoE

amx.cpp.obj:

mmq.cpp.obj:

binary-ops.cpp.obj:
                 U ggml_abort
                 U ggml_are_same_shape
                 U ggml_can_repeat
                 U ggml_nrows
                 U ggml_table_f32_f16
                 U ggml_type_name

unary-ops.cpp.obj:
                 U __imp___acrt_iob_func
                 U __mingw_vfprintf
                 U cosf
                 U exp
                 U expm1f
                 U fmaxf
                 U fminf
                 U ggml_abort
                 U ggml_are_same_shape
                 U ggml_is_contiguous_1
                 U ggml_nrows
                 U ggml_table_f32_f16
                 U ggml_type_name
                 U logf
                 U sinf
                 U sqrtf
                 U tanh

ggml-cpu.c.obj:
                 U __imp___acrt_iob_func
                 U __imp__errno
                 U __imp_GetCurrentThread
                 U __imp_GetLastError
                 U __imp_SetThreadAffinityMask
                 U __imp_SetThreadPriority
                 U __mingw_vfprintf
                 U exp
                 U fmaxf
                 U ggml_abort
                 U ggml_aligned_free
                 U ggml_aligned_malloc
                 U ggml_are_same_shape
                 U ggml_bf16_to_fp32_row
                 U ggml_blck_size
                 U ggml_can_repeat
                 U ggml_compute_forward_abs
                 U ggml_compute_forward_add_non_quantized
                 U ggml_compute_forward_cos
                 U ggml_compute_forward_div
                 U ggml_compute_forward_elu
                 U ggml_compute_forward_exp
                 U ggml_compute_forward_hardsigmoid
                 U ggml_compute_forward_hardswish
                 U ggml_compute_forward_log
                 U ggml_compute_forward_mul
                 U ggml_compute_forward_neg
                 U ggml_compute_forward_relu
                 U ggml_compute_forward_sgn
                 U ggml_compute_forward_sigmoid
                 U ggml_compute_forward_sin
                 U ggml_compute_forward_sqr
                 U ggml_compute_forward_sqrt
                 U ggml_compute_forward_step
                 U ggml_compute_forward_sub
                 U ggml_compute_forward_tanh
                 U ggml_cpu_extra_compute_forward
                 U ggml_cpu_extra_work_size
                 U ggml_critical_section_end
                 U ggml_critical_section_start
                 U ggml_element_size
                 U ggml_fp16_to_fp32_row
                 U ggml_fp32_to_bf16_row
                 U ggml_fp32_to_fp16_row
                 U ggml_free
                 U ggml_get_data_f32
                 U ggml_get_no_alloc
                 U ggml_get_type_traits
                 U ggml_get_unary_op
                 U ggml_init
                 U ggml_is_contiguous
                 U ggml_is_empty
                 U ggml_is_quantized
                 U ggml_is_scalar
                 U ggml_log_internal
                 U ggml_nbytes
                 U ggml_nelements
                 U ggml_new_buffer
                 U ggml_new_tensor_1d
                 U ggml_nrows
                 U ggml_op_name
                 U ggml_rope_yarn_corr_dims
                 U ggml_row_size
                 U ggml_table_f32_f16
                 U ggml_threadpool_params_default
                 U ggml_time_us
                 U ggml_type_size
                 U ggml_unravel_index
                 U ggml_vec_dot_iq1_m_q8_K
                 U ggml_vec_dot_iq1_s_q8_K
                 U ggml_vec_dot_iq2_s_q8_K
                 U ggml_vec_dot_iq2_xs_q8_K
                 U ggml_vec_dot_iq2_xxs_q8_K
                 U ggml_vec_dot_iq3_s_q8_K
                 U ggml_vec_dot_iq3_xxs_q8_K
                 U ggml_vec_dot_iq4_nl_q8_0
                 U ggml_vec_dot_iq4_xs_q8_K
                 U ggml_vec_dot_q2_K_q8_K
                 U ggml_vec_dot_q3_K_q8_K
                 U ggml_vec_dot_q4_0_q8_0
                 U ggml_vec_dot_q4_1_q8_1
                 U ggml_vec_dot_q4_K_q8_K
                 U ggml_vec_dot_q5_0_q8_0
                 U ggml_vec_dot_q5_1_q8_1
                 U ggml_vec_dot_q5_K_q8_K
                 U ggml_vec_dot_q6_K_q8_K
                 U ggml_vec_dot_q8_0_q8_0
                 U ggml_vec_dot_tq1_0_q8_K
                 U ggml_vec_dot_tq2_0_q8_K
                 U log1pf
                 U log2
                 U logf
                 U memcpy
                 U memset
                 U pow
                 U pthread_attr_destroy
                 U pthread_attr_init
                 U pthread_attr_setstacksize
                 U pthread_cond_broadcast
                 U pthread_cond_destroy
                 U pthread_cond_init
                 U pthread_cond_wait
                 U pthread_create
                 U pthread_join
                 U pthread_mutex_destroy
                 U pthread_mutex_init
                 U pthread_mutex_lock
                 U pthread_mutex_unlock
                 U quantize_row_iq4_nl
                 U quantize_row_iq4_xs
                 U quantize_row_q2_K
                 U quantize_row_q3_K
                 U quantize_row_q4_0
                 U quantize_row_q4_1
                 U quantize_row_q4_K
                 U quantize_row_q5_0
                 U quantize_row_q5_1
                 U quantize_row_q5_K
                 U quantize_row_q6_K
                 U quantize_row_q8_0
                 U quantize_row_q8_1
                 U quantize_row_q8_K
                 U quantize_row_tq1_0
                 U quantize_row_tq2_0
                 U sincosf
                 U sqrtf
                 U tanh
