k7cloud tts-test 10.3.1.125
K7CLOUD prompt_started busy=1
RADIO Wi-Fi RX type=1 id=15 seq=27 len=10
RADIO Wi-Fi cmd=15 seq=27 ack=1 status=0 response=0 ret=0
RADIO Wi-Fi RX type=1 id=15 seq=28 len=10
RADIO Wi-Fi cmd=15 seq=28 ack=1 status=0 response=0 ret=0
RADIO Wi-Fi RX type=1 id=15 seq=29 len=10
RADIO Wi-Fi cmd=15 seq=29 ack=1 status=0 response=0 ret=0
RADIO Wi-Fi RX type=1 id=15 seq=30 len=10
RADIO Wi-Fi cmd=15 seq=30 ack=1 status=0 response=0 ret=0
WIFI data rejected ret=-28 parsed=0 meta=0a04 flags=5f offset=74 index=3 seq=9 lastbyte=03 wire=1036 length=1014
WIFI data rejedex=2 seq=10 lastbyte=02 wire=1036 length=1014
RADIO Wi-Fi RX type=1 id=15 seq=31 len=10
RADIO Wi-Fi cmd=15 seq=31 ack=1 status=0 response=0 ret=0
RADIO Wi-Fi RX type=1 id=15 seq=32 len=10
RADIO Wi-Fi cmd=15 seq=32 ack=1 status=0 response=0 ret=0
WIFI data rejected ret=-28 parsed=0 meta=0a04 flags=5f offset=74 index=2 seq=12 lastbyte=02 wire=1036 length=1014
RADIO Wi-Fi RX type=1 id=15 seq=33 len=10
RADIO Wi-Fi cmd=15 seq=33 ack=1 status=0 response=0 ret=0
WIFI data rejected ret=-28 parsed=0 meta=0a04 flags=5f offset=74 index=2 seq=13 lastbyte=02 wire=1036 length=1014
RADIO Wi-Fi RX type=1 id=15 seq=34 len=10
RADIO Wi-Fi cmd=15 seq=34 ack=1 status=0 response=0 ret=0
WIFI data rejected ret=-28 parsed=0 meta=0a04 flags=5f offset=74 index=2 seq=14 lastbyte=02 wire=1036 length=1014
RADIO Wi-Fi RX type=1 id=15 seq=35 len=10
RADIO Wi-Fi cmd=15 seq=35 ack=1 status=0 response=0 ret=0
WIFI data rejected ret=-28 parsed=0 meta=0a04 flags=5f offset=74 index=2 seq=15 lastbyte=02 wire=1036 length=1014
RADIO Wi-Fi RX type=1 id=15 seq=36 len=10
RADIO Wi-Fi cmd=15 seq=36 ack=1 status=0 response=0 ret=0
RADIO Wi-Fi RX type=1 id=15 seq=37 len=10
RADIO Wi-Fi cmd=15 seq=37 ack=1 status=0 response=0 ret=0
WIFI data rejected ret=-28 parsed=0 meta=0a04 flags=5f offset=74 index=2 seq=17 lastbyte=02 wire=1036 length=1014
RADIO Wi-Fi RX type=1 id=15 seq=38 len=10
RADIO Wi-Fi cmd=15 seq=38 ack=1 status=0 response=0 ret=0
WIFI data rejected ret=-28 parsed=0 meta=0a04 flags=5f offset=74 index=2 seq=18 lastbyte=02 wire=1036 length=1014
RADIO Wi-Fi RX type=1 id=15 seq=39 len=10
RADIO Wi-Fi cmd=15 seq=39 ack=1 status=0 response=0 ret=0
RADIO Wi-Fi RX type=1 id=15 seq=40 len=10
RADIO Wi-Fi cmd=15 seq=40 ack=1 status=0 response=0 ret=0
RADIO Wi-Fi RX type=1 id=15 seq=41 len=10
RADIO Wi-Fi cmd=15 seq=41 ack=1 status=0 response=0 ret=0
RADIO Wi-Fi RX type=1 id=15 seq=42 len=10
RADIO Wi-Fi cmd=15 seq=42 ack=1 status=0 response=0 ret=0
RADIO Wi-Fi RX type=1 id=15 seq=43 len=10
RADIO Wi-Fi cmd=15 seq=43 ack=1 status=0 response=0 ret=0
RADIO Wi-Fi RX type=1 id=15 seq=44 len=10
RADIO Wi-Fi cmd=15 seq=44 ack=1 status=0 response=0 ret=0
RADIO Wi-Fi RX type=1 id=15 seq=45 len=10
RADIO Wi-Fi cmd=15 seq=45 ack=1 status=0 response=0 ret=0
RADIO Wi-Fi RX type=1 id=15 seq=46 len=10
RADIO Wi-Fi cmd=15 seq=46 ack=1 status=0 response=0 ret=0
RADIO Wi-Fi RX type=1 id=15 seq=47 len=10
RADIO Wi-Fi cmd=15 seq=47 ack=1 status=0 response=0 ret=0
RADIO Wi-Fi RX type=1 id=15 seq=48 len=10
RADIO Wi-Fi cmd=15 seq=48 ack=1 status=0 response=0 ret=0
RADIO Wi-Fi RX type=1 id=15 seq=49 len=10
RADIO Wi-Fi cmd=15 seq=49 ack=1 status=0 response=0 ret=0
RADIO Wi-Fi RX type=1 id=15 seq=50 len=10
RADIO Wi-Fi cmd=15 seq=50 ack=1 status=0 response=0 ret=0
RADIO Wi-Fi RX type=1 id=15 seq=51 len=10
RADIO Wi-Fi cmd=15 seq=51 ack=1 status=0 response=0 ret=0
RADIO Wi-Fi RX type=1 id=15 seq=52 len=10
RADIO Wi-Fi cmd=15 seq=52 ack=1 status=0 response=0 ret=0
RADIO Wi-Fi RX type=1 id=15 seq=53 len=10
RADIO Wi-Fi cmd=15 seq=53 ack=1 status=0 response=0 ret=0
RADIO Wi-Fi RX type=1 id=15 seq=54 len=10
RADIO Wi-Fi cmd=15 seq=54 ack=1 status=0 response=0 ret=0
RADIO Wi-Fi RX type=1 id=15 seq=55 len=10
RADIO Wi-Fi cmd=15 seq=55 ack=1 status=0 response=0 ret=0
RADIO Wi-Fi RX type=1 id=15 seq=56 len=10
RADIO Wi-Fi cmd=15 seq=56 ack=1 status=0 response=0 ret=0
RADIO Wi-Fi RX type=1 id=15 seq=57 len=10
RADIO Wi-Fi cmd=15 seq=57 ack=1 status=0 response=0 ret=0
RADIO Wi-Fi RX type=1 id=15 seq=58 len=10
RADIO Wi-Fi cmd=15 seq=58 ack=1 status=0 response=0 ret=0
RADIO Wi-Fi RX type=1 id=15 seq=59 len=10
RADIO Wi-Fi cmd=15 seq=59 ack=1 status=0 response=0 ret=0
RADIO Wi-Fi RX type=1 id=15 seq=60 len=10
RADIO Wi-Fi cmd=15 seq=60 ack=1 status=0 response=0 ret=0
RADIO Wi-Fi RX type=1 id=15 seq=61 len=10
RADIO Wi-Fi cmd=15 seq=61 ack=1 status=0 response=0 ret=0
RADIO Wi-Fi RX type=1 id=15 seq=62 len=10
RADIO Wi-Fi cmd=15 seq=62 ack=1 status=0 response=0 ret=0
RADIO Wi-Fi RX type=1 id=15 seq=63 len=10
RADIO Wi-Fi cmd=15 seq=63 ack=1 status=0 response=0 ret=0
RADIO Wi-Fi RX type=1 id=15 seq=64 len=10
RADIO Wi-Fi cmd=15 seq=64 ack=1 status=0 response=0 ret=0
RADIO Wi-Fi RX type=1 id=15 seq=65 len=10
RADIO Wi-Fi cmd=15 seq=65 ack=1 status=0 response=0 ret=0
RADIO Wi-Fi RX type=1 id=15 seq=66 len=10
RADIO Wi-Fi cmd=15 seq=66 ack=1 status=0 response=0 ret=0
RADIO Wi-Fi RX type=1 id=15 seq=67 len=10
RADIO Wi-Fi cmd=15 seq=67 ack=1 status=0 response=0 ret=0
RADIO Wi-Fi RX type=1 id=15 seq=68 len=10
RADIO Wi-Fi cmd=15 seq=68 ack=1 status=0 response=0 ret=0
RADIO Wi-Fi RX type=1 id=15 seq=69 len=10
RADIO Wi-Fi cmd=15 seq=69 ack=1 status=0 response=0 ret=0
RADIO Wi-Fi RX type=1 id=15 seq=70 len=10
RADIO Wi-Fi cmd=15 seq=70 ack=1 status=0 response=0 ret=0
RADIO Wi-Fi RX type=1 id=15 seq=71 len=10
RADIO Wi-Fi cmd=15 seq=71 ack=1 status=0 response=0 ret=0
RADIO Wi-Fi RX type=1 id=15 seq=72 len=10
RADIO Wi-Fi cmd=15 seq=72 ack=1 status=0 response=0 ret=0
RADIO Wi-Fi RX type=1 id=15 seq=73 len=10
RADIO Wi-Fi cmd=15 seq=73 ack=1 status=0 response=0 ret=0
RADIO Wi-Fi RX type=1 id=15 seq=74 len=10
RADIO Wi-Fi cmd=15 seq=74 ack=1 status=0 response=0 ret=0
RADIO Wi-Fi RX type=1 id=15 seq=75 len=10
RADIO Wi-Fi cmd=15 seq=75 ack=1 status=0 response=0 ret=0
RADIO Wi-Fi RX type=1 id=15 seq=76 len=10
RADIO Wi-Fi cmd=15 seq=76 ack=1 status=0 response=0 ret=0
RADIO Wi-Fi RX type=1 id=15 seq=77 len=10
RADIO Wi-Fi cmd=15 seq=77 ack=1 status=0 response=0 ret=0
RADIO Wi-Fi RX type=1 id=15 seq=78 len=10
RADIO Wi-Fi cmd=15 seq=78 ack=1 status=0 response=0 ret=0
RADIO Wi-Fi RX type=1 id=15 seq=79 len=10
RADIO Wi-Fi cmd=15 seq=79 ack=1 status=0 response=0 ret=0
RADIO Wi-Fi RX type=1 id=15 seq=80 len=10
RADIO Wi-Fi cmd=15 seq=80 ack=1 status=0 response=0 ret=0
RADIO Wi-Fi RX type=1 id=15 seq=81 len=10
RADIO Wi-Fi cmd=15 seq=81 ack=1 status=0 response=0 ret=0
RADIO Wi-Fi RX type=1 id=15 seq=82 len=10
RADIO Wi-Fi cmd=15 seq=82 ack=1 status=0 response=0 ret=0
RADIO Wi-Fi RX type=1 id=15 seq=83 len=10
RADIO Wi-Fi cmd=15 seq=83 ack=1 status=0 response=0 ret=0
RADIO Wi-Fi RX type=1 id=15 seq=84 len=10
RADIO Wi-Fi cmd=15 seq=84 ack=1 status=0 response=0 ret=0
RADIO Wi-Fi RX type=1 id=15 seq=85 len=10
RADIO Wi-Fi cmd=15 seq=85 ack=1 status=0 response=0 ret=0
RADIO Wi-Fi RX type=1 id=15 seq=86 len=10
RADIO Wi-Fi cmd=15 seq=86 ack=1 status=0 response=0 ret=0
RADIO Wi-Fi RX type=1 id=15 seq=87 len=10
RADIO Wi-Fi cmd=15 seq=87 ack=1 status=0 response=0 ret=0
AUDIO_IO reset12=00000000 gate11=00000000 gate12=00000000 gate18=00000000 mux=00000000 source=00000000
AUDIO_IO con=00060300 ie010219c8 gpio_input=034d3050
SOUND platform_result=0 version=23073576 repair=fdffffff ack=00000001 idle=00000001
SOUND mclkoutRADIO Wi-Fi RX type=1 id=15 seq=88 len=10
RADIO Wi-Fi cmd=15 seq=88 ack=1 status=0 response=0 ret=0
SOUND codec_prepare=0 state=2
SOUND adc_variant=0 settle_ms=0
SOUND playback_gain_db=16 dac_attenuation_db=8 maximum=0
SOUND experiment clear=0 reset=0 clockwait20=0
SOUND slot_mask offset=3c value=00000000
SOUND slot_mask offset=40 value=000000D slot_mask offset=48 value=00000000
SOUND slot_mask offset=4c value=00000000
SOUND slot_mask offset=50 value=00000000
SOUND slot_mask offset=54 value=00000000
SOUND slot_mask offset=58 va7344 stop=0 held=0 max_fifo=16
SOUND fifo first=00104104 last=00000000 TXCR=00400fff RXCR=0000036
SOUND codec reg=01 value=60
SOUND codec reg=02 value=00
SOUND codec reg=03 value=00
SOUND codec reg=04 value=0c
SOUND codec reg=05 value=00
SOUND codec reg=06 value=00
SOUND codec reg=07 value=7c
SOUND codec reg=08 value=00
SOUND codec reg=09 value=44
SOUND codec reg=0a value=f0
SOUND codec reg=0b value=82
SOUND codec reg=0c value=10
SOUND codec reg=0d value=02
SOUND codec reg=0f value=24
SOUND codec reg=17 value=20
SOUND codec reg=18 value=02
SOUND codec reg=19 value=02
SOUND codec reg=1a value=10
SOUND codec reg=1b value=10
SOUND codec reg=27 value=b8
SOUND codec reg=2a value=b8
SOUND codec reg=2b value=80
SOUND codec reg=30 value=21
SOUND codec reg=31 value=21
SOUND input pull=00005515 schmitt=000000ff path=0000e4e4 gpio_high=50399 transitions=0 samples=50399
SOUND pad ticks=480004 max_gapges=40917
SOUND pad channel=2 high=25256 changes=640
SOUND padSOUND result=0 codec_stop=0 platform_restore=0 i2c_restore=0 amp_low=1
K7CLOUD tts result=0 pcm_bytes=35840
K7CLOUD prompt_done result=0
nsh> [KRADIO Wi-Fi RX type=1 id=15 seq=89 len=10
RADIO Wi-Fi cmd=15 seq=89 ack=1 status=0 response=0 ret=0

