
nsh> [Kk7sound capture-pga24-mono 3200
AUDIO_IO reset12=00000000 gate11=00000000 gate12=00000000 gate18=00000000 mux=00000000 source=00000000
AUDIO_IO con=00060300 ien=00000000 gpio_version=010219c8 gpio_input=014d3050
SOUND platform_result=0 version=23073576 repair=fdffffff ack=00000001 idle=00000001
SOUND mclkout beforeSOUND codec_prepare=0 state=2
SOUND adc_variant=24 settle_ms=1000
SOUND playback_gain_db=0 dac_attenuation_db=24 maximum=0
SOUND experiment clear=0 reset=0 clockwait20=0
SOUND slot_mask offset=3c value=00000000
SOUND slot_mask offset=40 value=000000alue=00000000
SOUND slot_mask offset=48 value=00000000
SOUND slot_mask offset=4c value=000000000
SOUND slot_mask offset=54 value=00000000
SOUND slot_mask of00000 last=00000000 TXCR=00000fff RXCR=00400fff FSCR=0101f03f CKlue=00000002 rc=0
SOUND trace_init index=1 value=00000002 rc=0race_init index=5 value=0000000b rc=0
SOUND trace_word index=0 831931 before=00000040 word=00000000 after=00000000 rc=0,0,0
SOfter=00000000 rc=0,0,0
SOUND trace_word index=5 us=215831994 bed index=6 us=215832025 before=00040000 word=00000000 after=00000ord=00000000 after=00000000 rc=0,0,0
SOUND trace_word index=8 us=215832088 before=00000001 word=ffffffff after=00000000 rc=0,0,0
SOUND trace_word index=9 us=215832119 before=00000001 word=ffffffff after=00000000 rc=0,0,0
SOUND trace_word index=10 us=215832150 before=00000040 word=00000000 after=00000000 rc=0,0,0
SOUND trace_word index=11 us=215832182 before=00000040 word=00000000 after=00000000 rc=0,0,0
SOUND trace_word index=12 us=215832213 before=00001000 word=00000000 after=00000000 rc=0,0,0
SOUND trace_word index=13 us=215832244 before=00001000 word=00000000 after=00000000 rc=0,0,0
SOUND trace_word index=14 us=215832275 before=00040000 word=00000000 after=00000000 rc=0,0,0
SOUND trace_word index=15 us=215832307 before=00040000 word=00000000 after=00000000 rc=0,0,0
SOUND trace_word index=16 us=215832338 before=00000001 word=ffffffff after=00000000 rc=0,0,0
SOUND trace_word index=17 us=215832368 before=OUND trace_word index=18 us=215832401 before=00000040 word=00000UND trace_word index=19 us=215832431 before=00000040 word=00000000 after=00000000 rc=0,0,0
SOUND trace_word index=20 us=2158324before=00001000 word=00000000 after=00000000 rc=0,0,0
SOUND trater=00000000 rc=0,0,0
SOUND trace_word index=22 us=215832525 be0,0
SOUND trace_word index=24 us=215832587 before=00000001 wordfff after=00000000 rc=0,0,0
SOUND trace_word index=25 us=21583232650 before=00000040 word=00000000 after=00000000 rc=0,0,0
SOU00040 word=00000000 after=00000000 rc=0,0,0
SOUND trace_word index=28 us=215832713 before=00001000 word=00000000 after=00000000 rc=0,0,0
SOUND trace_word index=29 us=215832744 before=00001000 word=00000000 after=00000000 rc=0,0,0
SOUND trace_word index=30 us=215832775 before=00040000 word=00000000 after=00000000 rc=000 word=00000000 after=00000000 rc=0,0,0
SOUND codec reg=00 va
SOUND codec reg=06 value=00
SOUND codec reg=07 value=7c
SOUNeg=08 value=00
SOUND codec reg=09 value=88
SOUND codec reg=0a 0d value=02
SOUND codec reg=0f value=20
SOUND codec reg=17 val9 value=06
SOUND codec reg=1a value=30
SOUND codec reg=1b value=30
SOUND codec reg=27 value=b8
SOUND codec reg=2a value=b8
SOUND codec reg=2b value=80
SOUND codec reg=30 value=14
SOUND codec reg=31 value=14
SOUND input pull=00005515 schmitt=000000ff path=0000e4e4 gpio_high=50429 transitions=0 samples=50429
SOUND pad ticks=480004 max_gap=35 counter_hz=24000000 complete=1
SOUND pad channel=0 high=24902 changes=38006
SOUND pad channel=13 high=50429 changes=0
SOUND pcm left_min=-1 left_max=0 left_nonzero=800 right_min=-1 right_maxSOUND result=0 codec_stop=0 platform_restore=0 i2c_restore=0 amp_low=1
nsh> [K