
nsh> [Kk7sound tone-max
AUDIO_IO reset12=00000000 gate11=00000000 gate12=00000000 gate18=00000000 mux=00000000 source=00000000
AUDIO_IO con=00060300 ien=00000000 gpio_version=010219c8 gpio_input=014d3050
SOUND platform_result=0 version=23073576 repair=fdffffff ack=00000001 idle=00000001
SOUND mclkout before=0000001f after=0000001d
SOUND codec_prepare=0 state=2
SOUND adc_variant=0 settle_ms=0
SOUND playback_gain_db=24 dac_attenuation_db=0 maximum=1
SOUND experiment clear=0 reset=0 clockwait20=0
SOUND slot_mask offset=3c value=00000000
SOUND slot_mask offset=40 value=000000k offset=50 value=00000000
SOUND slot_mask offset=54 value=00000000 TXCR=00400fff RXCR=00700fff FSCR=0101f03f CKR=00000018
SOUND codec reg=00 value=36
SOUND codec reg=01 value=60
SOUND codec reg=02 value=00
SOUND codec reg=03 value=00
SOUND codec reg=04 value=0c
SOUND codec reg=05 value=00
SOUND codec reg=06 value=00
SOUND codec reg=07 value=7c
SOUND codec reg=08 value=00
SOUND codec reg=09 value=44
SOUND codec reg=0a value=f0
SOUND codec reg=0b value=82
SOUND codec reg=0c value=10
SOUND codec reg=0d value=02
SOUND codec reg=0f value=24
SOUND codec reg=17 value=20
SOUND codec reg=18 value=02
SOUND codec reg=19 value=02
SOUND codec reg=1a value=00
SOUND codec reg=1b value=00
SOUND codec reg=27 value=b8
SOUND codec reg=2a value=b8
SOUND
SOUND codec reg=31 value=21
SOUND input pull=00005515 schmitt=000000ff path=000000e4 gpio_high=50353 transitions=0 samples=50353
SOUND pad ticks=480004 max_gap=35 counter_hz=24000000 complete=1
SOUND pad channel=0 high=24877 changes=37707
SOUND pad channel=1 high=25017 changes=40917
SOUND pad channel=2 high=25190 changes=640
SOUND pad channel=3 high=50353 changes=0
SOUND result=0 codec_stop=0 platform_restore=0 i2c_restore=0 amp_low=1
nsh> [Kk7sound capture-pga24-grouped 48000
AUDIO_IO reset12=00000000 gate11=00000000 gate12=00000000 gate18=00000000 mux=00000000 sour00000
AUDIO_IO con=00060300 ien=00000000 gpio_version=010219c8 form_result=0 version=23073576 repair=fdffffff ack=00000001 idleer=0000001d
SOUND codec_prepare=0 state=2
SOUND adc_variant=24 settle_ms=1000
SOUND playback_gain_db=0 dac_attenuation_db=24 maximum=0
SOUND experiment clear=0 reset=0 clockwait20=0
SOUND slot_mask offset=3c value=00000000
SOUND slot_mask offset=40 value=000000ot_mask offset=48 value=00000000
SOUND slot_mask offset=4c valu slot_mask offset=58 value=00000000
SOUND pio=0 frames=48000 po
SOUND grouped words=768000 mismatches=0
SOUND fifo first=0000ff FSCR=0101f03f CKR=00000018
SOUND trace start=334562759 end=3 index=2 value=00700fff rc=0
SOUND trace_init index=3 value=000init index=4 value=00000000 rc=0
SOUND trace_init index=5 valuefore=00041041 word=ffffffff after=00041040 rc=0,0,0
SOUND trace_word index=1 us=334562832 before=00041040 word=00000000 after=00041040 rc=0,0,0
SOUND trace_word index=2 us=334562833 before=0
SOUND trace_word index=4 us=334562837 before=00041000 word=ffff0,0
SOUND trace_word index=5 us=334562838 before=00040000 word=d index=6 us=334562840 before=00040000 word=ffffffff after=00000er=00000000 rc=0,0,0
SOUND trace_word index=8 us=334562860 befo00041040 rc=0,0,0
SOUND trace_word index=10 us=334562864 before40 word=ffffffff after=00041000 rc=0,0,0
SOUND trace_word index trace_word index=12 us=334562867 before=00041000 word=ffffffff before=00040000 word=00000000 after=00040000 rc=0,0,0
SOUND tra00 after=00000000 rc=0,0,0
SOUND trace_word index=16 us=334562892 before=00041041 word=ffffffff after=00041040 rc=0,0,0
SOUND trace_word index=17 us=334562894 before=00041040 word=00000000 after=00041040 rc=0,0,0
SOUND trace_word index=18 us=334562895 before=00041040 word=ffffffff after=00041000 rc=0,0,0
SOUND trace_word index=19 us=334562897 before=00041000 word=00000000 after=00041000 rc=0,0,0
SOUND trace_word index=20 us=334562898 before=00041000 word=ffffffff after=00040000 rc=0,0,0
SOUND trace_word index=21 us=334562900 before=00040000 word=00000000 after=00040000 rc=0,0,0
SOUND trace_word index=22 us=334562902 before=00040000 word=ffffffff after=00000000 rc=0,0,0
SOUND trace_word index=23 us=334562903 before=00000000 word=00000000 after=00000000 rc=0,0,0
SOUND trace_word index=24 us=334562923 before=00041041 word=ffffffff after=00041040 rc=0,0,0
SOUND trace_word index=25 us=334562925 before=00041040 word=00000000 after=00041040 rc=0,0,0
SOUND trace_word index=26 us=334562926 before=00041040 word=ffffffff after=00041000 rc=0,0,0
SOUND trace_word index=27 us=334562928 before=00041000 word=00000000 after=00041000 rc=0,0,0
SOUND trace_word index=28 us=334562930 before=00041000 word=ffffffff after=00040000 rc=0,0,0
SOUND trace_word index=29 us=334562931 before=00040000 word=00000000 after=00040000 rc=0,0,0
SOUND trace_word index=30 us=334562933 before=00040000 word=ffffffff after=00000000 rc=0,0,0
SOUND trace_word index=31 us=334562935 before=00000000 word=00000000 after=00000000 rc=0,0,0
SOUND codec reg=00 value=36
SOUND codec reg=01 value=60
SOUND codec reg=02 value=00
SOUND codec reg=03 value=00
SOUND codec reg=04 value=0c
SOUND codec reg=05 value=00
SOUND codec reg=06 value=00
SOUND codec reg=07 value=7c
SOUND codec reg=08 value=00
SOUND codec reg=09 value=88
SOUND codec reg=0a value=f0
SOUND codec reg=0b value=82
SOUND codec reg=0c value=10
SOUND codec reg=0d value=02
SOUND codec reg=0f value=20
SOUND codec reg=131 value=14
SOUND input pull=00005515 schmitt=000000ff path=000high=50380 transitions=0 samples=50380
SOUND pad ticks=480004 m37813
SOUND pad channel=1 high=25168 changes=40920
SOUND pad c80 changes=0
SOUND pcm left_min=-582691840 left_max=528937728 lSOUND result=0 codec_stop=0 platform_restore=0 i2c_restore=0 amp_low=1
nsh> [Kk7voice flow-mic-wake
TLS_CHECK PASS workers=2 destructors=2 main_value=123
ASR_INFER BEGIN recognizer
ASR_INFER chunk=1 elapsed=21.727
ASR_INFER chunk=2 elapsed=22.874
ASR_INFER chunk=3 elapsed=24.021
ASR_INFER chunk=4 elapsed=25.168
ASR_INFER chunk=5 elapsed=26.318
ASR_INFER RESULT seconds=26.320 bytes=3
ASR_STORAGE peak=467565489 live=0 records=1264 failures=0 reason=0
VOICE_FLOW wake_text=哦 bytes=3
VOICE_FLOW mic_state=0 gra
nsh> [K