
nsh> [Kk7sound tone-max
AUDIO_IO reset12=00000000 gate11=00000000 gate12=00000000 gate18=00000000 mux=00000000 source=00000000
AUDIO_IO con=00060300 ien=00000000 gpio_version=010219c8 gpio_input=034d3050
SOUND platform_result=0 version=23073576 repair=fdffffff ack=00000001 idle=00000001
SOUND mclkout before=0000001f after=0000001d
SOUND codec_prepare=0 state=2
SOUND adc_variant=0 settle_ms=0
SOUND playback_gain_db=24 dac_attenuation_db=0 maximum=1
SOUND experiment clear=0 reset=0 clockwait20=0
SOUND slot_mask offset=3c value=00000000
SOUND slot_mask offset=40 value=000000set=44 value=00000000
SOUND slot_mask offset=48 value=00000000set=50 value=00000000
SOUND slot_mask offset=54 value=00000000olls=174628 stop=0 held=0 max_fifo=16
SOUND fifo first=00104104OUND codec reg=03 value=00
SOUND codec reg=04 value=0c
SOUND codec reg=05 value=00
SOUND codec reg=06 value=00
SOUND codec reg=07 value=7c
SOUND codec reg=08 value=00
SOUND codec reg=09 value=44
SOUND codec reg=0a value=f0
SOUND codec reg=0b value=82
SOUND codec reg=0c value=10
SOUND codec reg=0d value=02
SOUND codec reg=0f value=24
SOUND codec reg=17 value=20
SOUND codec reg=18 value=02
SOUND codec reg=19 value=02
SOUND codec reg=1a value=00
SOUND codec reg=1b value=00
SOUND codec reg=27 value=b8
SOUND codec reg=2a value=b8
SOUND codec reg=2b value=80
SOUND codec reg=30 value=21
SOUND codec reg=31 value=21
SOUND input pull=00005515 schmitt=000000ff path=000000e4 gpio_high=50346 transitions=0 samples=50346
SOUND pad ticks=480011 max_gap=35 counter_hz=24000000 complete=1
SOUND pad channel=0 high=24865 changes=37666
SOUND pad channel=1 high=24973 changes=40919
SOUND pad channel=2 high=25187 changes=640
SOUND pad channel=3 high=50346 changes=0
SOUND result=0 codec_stop=0 platform_restore=0 i2c_restore=0 amp_low=1
nsh> [Kk7sound capture-pga24-grouped 48000
AUDIO_IO reset12=00000000 gate11=00000000 gate12=00000000 gate18=00000000 mux=00000000 source=00000000
AUDIO_IO con=00060300 ien=00000000 gpio_version=010219c8 gpio_input=034d3050
SOUND platform_result=0 version=23073576 repair=fdffffff ack=00000001 idle=00000001
SOUND mclkout be01d
SOUND codec_prepare=0 state=2
SOUND adc_variant=24 settle_ms=1000
SOUND playback_gain_db=0 dac_attenuation_db=24 maximum=0
SOUND experiment clear=0 reset=0 clockwait20=0
SOUND slot_mask offset=3c value=00000000
SOUND slot_mask offset=40 value=0000000000000
SOUND slot_mask offset=4c value=00000000
SOUND slot_ma
SOUND pio=0 frames=48000 polls=2291498 stop=0 held=0 max_fifo=4ords=768000 mismatches=0
SOUND fifo first=00000000 last=0000000762 end=1732597867 started=1 count=32
SOUND trace_init index=0 00002 rc=0
SOUND trace_init index=2 value=00700fff rc=0
SOUND x=5 value=0000000b rc=0
SOUND trace_word index=0 us=1729597893 re=00041040 word=00000000 after=00041040 rc=0,0,0
SOUND trace_w000 rc=0,0,0
SOUND trace_word index=4 us=1729597900 before=0004
SOUND trace_word index=5 us=1729597902 before=00040000 word=000 us=1729597903 before=00040000 word=ffffffff after=00000000 rc=01 word=ffffffff after=00041040 rc=0,0,0
SOUND trace_word index=
SOUND trace_word index=11 us=1729597929 before=00041000 word=00UND trace_word index=12 us=1729597930 before=00041000 word=fffff1729597932 before=00040000 word=00000000 after=00040000 rc=0,0,0ord=00000000 after=00000000 rc=0,0,0
SOUND trace_word index=16 us=1729597955 before=00041041 word=ffffffff after=00041040 rc=0,=0,0,0
SOUND trace_word index=18 us=1729597958 before=00041040 ND trace_word index=19 us=1729597960 before=00041000 word=000000ndex=20 us=1729597962 before=00041000 word=ffffffff after=0004000000 word=ffffffff after=00000000 rc=0,0,0
SOUND trace_word ind40 rc=0,0,0
SOUND trace_word index=25 us=1729597988 before=0004word index=26 us=1729597990 before=00041040 word=ffffffff after=fffffff after=00040000 rc=0,0,0
SOUND trace_word index=29 us=177996 before=00040000 word=ffffffff after=00000000 rc=0,0,0
SOUNreg=01 value=60
SOUND codec reg=02 value=00
SOUND codec reg=03 value=00
SOUND codec reg=04 value=0c
SOUND codec reg=05 valueSOUND codec reg=09 value=88
SOUND codec reg=0a value=f0
SOUND ue=10
SOUND codec reg=0d value=02
SOUND codec reg=0f value=20OUND codec reg=18 value=02
SOUND codec reg=19 value=06
SOUND c4
SOUND codec reg=31 value=14
SOUND input pull=00005515 schmitth=000000e4 gpio_high=50378 transitions=0 samples=50378
SOUND p5 changes=37809
SOUND pad channel=1 high=24892 changes=40920
Sad channel=3 high=50378 changes=0
SOUND pcm left_min=-13104896 SOUND result=0 codec_stop=0 platform_restore=0 i2c_restore=0 amp_low=1
nsh> [Kk7voice flow-mic-wake
TLS_CHECK PASS workers=2 destructors=2 main_value=123
ASR_INFER BEGIN recognizer
ASR_INFER chunk=1 elapsed=21.588
ASR_INFER chunk=2 elapsed=22.734
ASR_INFER chunk=3 elapsed=23.880
ASR_INFER chunk=4 elapsed=25.026
ASR_INFER chunk=5 elapsed=26.175
ASR_STORAGE peak=467093776 live=0 records=1225 failures=0 reason=0
VOICE_FLOW asr_error=-61
nsh> [K