=> crc32 40c00800 6e9d570
crc32 for 40c00800 ... 47a9dd6f ==> 988d4301
=> crc32 90000000 44b0310
crc32 for 90000000 ... 944b030f ==> 2af64aa7
=> crc32 86000000 3e7da30
crc32 for 86000000 ... 89e7da2f ==> b5f7ae2d
=> cp.b 40c00800 80000000 400000
=> cp.b 41000800 80400000 400000
=> cp.b 41400800 80800000 400000
=> cp.b 41800800 80c00000 400000
=> cp.b 41c00800 81000000 400000
=> cp.b 42000800 81400000 400000
=> cp.b 42400800 81800000 400000
=> cp.b 42800800 81c00000 400000
=> cp.b 42c00800 82000000 400000
=> cp.b 43000800 82400000 400000
=> cp.b 43400800 82800000 400000
=> cp.b 43800800 82c00000 400000
=> cp.b 43c00800 83000000 400000
=> cp.b 44000800 83400000 400000
=> cp.b 44400800 83800000 400000
=> cp.b 44800800 83c00000 400000
=> cp.b 44c00800 84000000 400000
=> cp.b 45000800 84400000 400000
=> cp.b 45400800 84800000 400000
=> cp.b 45800800 84c00000 400000
=> cp.b 45c00800 85000000 400000
=> cp.b 46000800 85400000 400000
=> cp.b 46400800 85800000 400000
=> cp.b 46800800 85c00000 400000
=> crc32 80000000 9e7da30
crc32 for 80000000 ... 89e7da2f ==> b20f998f
=> cp.b 46c00800 40400000 400000
=> cp.b 47000800 40800000 400000
=> cp.b 47400800 40c00000 400000
=> cp.b 47800800 41000000 29d570
=> crc32 40400000 e9d570
crc32 for 40400000 ... 4129d56f ==> 15121f1a
=> md.l 48300000 1
48300000: edfe0dd0                               ....
=> booti 40400000 - 48300000
Fdt Ramdisk skip relocation
## Flattened Device Tree blob at 0x48300000
   Booting using the fdt blob at 0x48300000
   Using Device Tree in place at 0000000048300000, end 0000000048326532
No resource file: logo_kernel.bmp
VP0 fail to load kernel logo
## reserved-memory:
  ramoops@40110000: addr=40110000 size=e0000
Adding bank: 0x40200000 - 0x48400000 (size: 0x08200000)
Adding bank: 0x49400000 - 0x100000000 (size: 0xb6c00000)
Adding bank: 0x100000000 - 0x140000000 (size: 0x40000000)
Total: 55045.422/55397.779 ms

Starting kernel ...

- Ready to Boot Primary CPU
RK3576 HCR_EL2=0000000008000032
RK3576 SCTLR_EL1=0000000030d00800
- Boot from EL2
- Boot from EL1
- Boot to C runtime for OS Initialize
[CPU0] arm64_chip_boot: RK3576: MMU enabled
[CPU0] rk3576_uart6_initialize: UART6 M0: 115200 8N1, internal loopback PASS, IRQ114 ttyS1
I/TC: Secondary CPU 1 initializing
I/TC: Secondary CPU 1 switching to normal world boot

NuIt/TC: Secondary CPU 4 ino normal world boot
- Ready tI/TC: Secondary CPU 2 initializingorld boot
oRteon aBddyoI/TC: Secondary CPU 3 initializing
-o  C tPt RI/TC: Secondary CPU 3 switching to normal world boot
eUSo-t3d  toI/TC: Secondary CPU 6 switching to normal world boot
5world boot
 RCRndR eSKtae_ 3odC5Eco7 yPL nBU26td =0o HoC
 Co00e=n 0a3e0d50Hdc0o0C70 yR6C00n tP0 d0_00UH o0CE 0C0P
L2RBU_o20=6H600 
C d0 RH00RS_KCC0CE03PR0TU_L0L05E270R0_=0L06
0 002RE0S=07056
0080700 060-00 S00 00BSC00To
C000-T00L L000Ro00t_BR
 o33Etdr3 1=00=0o5f000807r8o000m06 00 0m0 S00
E0C
E-0-LT0LL 0 2200 td0 0fB8rooo00mt  Ef
r-L2o mB
 ooEtL 2f
rom EL2
Shell (NSH)- Boot from EL1
- Boot from EL1
- Boot from EL1
- Boot from EL1
- Boot from EL1
- Boot from EL1
- Boot from EL1
- Boot to C runtime for OS Initialize
- Boot to C runtime for OS Initialize
- Boot to C runtime for OS Initialize
- Boot to C runtime for OS Initialize
- Boot to C runtime for OS Initialize
- Boot to C runtime for-  BOoSo tIn itot iCa lirzuenti
me for OS Initialize
