-- Found Python3: /usr/bin/python3.10 (found version "3.10.12") found components: Interpreter 
-- Initializing NuttX
CMake Warning at cmake/nuttx_kconfig.cmake:182 (message):
  Kconfig Configuration Error:
  /home/swl/openvela/cmake_out/velavision_voice_ort_trace_20260911/.config.compressed:2721:
  warning: USBHOST_MSC (defined at drivers/usbhost/Kconfig:126) set more than
  once.  Old value "n", new value "y".

  
  /home/swl/openvela/cmake_out/velavision_voice_ort_trace_20260911/.config.compressed:2724:
  warning: FS_FAT (defined at fs/fat/Kconfig:6) set more than once.  Old
  value "n", new value "n".

Call Stack (most recent call first):
  CMakeLists.txt:358 (nuttx_olddefconfig)


Loaded configuration '/home/swl/openvela/cmake_out/velavision_voice_ort_trace_20260911/.config.compressed'
Minimal configuration saved to '/home/swl/openvela/cmake_out/velavision_voice_ort_trace_20260911/defconfig.tmp'
  Select HOST_LINUX=y
--   CMake:  3.23.0
--   Ninja:  1.12.1
--   Board:  kickpi_k7
--   Config: velavision_audio_sound_local
--   Appdir: /home/swl/openvela/apps
-- The C compiler identification is GNU 11.4.0
-- Detecting C compiler ABI info
-- Detecting C compiler ABI info - done
-- Check for working C compiler: /home/swl/openvela/prebuilts/tools/linux/x86_64/cc - skipped
-- Detecting C compile features
-- Detecting C compile features - done
-- NuttX Host Tools
-- Configuring done
-- Generating done
-- Build files have been written to: /home/swl/openvela/cmake_out/velavision_voice_ort_trace_20260911/bin_host
-- The C compiler identification is GNU 13.4.0
-- The CXX compiler identification is GNU 13.4.0
-- The ASM compiler identification is GNU
-- Found assembler: /home/swl/openvela/prebuilts/gcc/linux-x86_64/aarch64-none-elf/bin/aarch64-none-elf-gcc
-- Detecting C compiler ABI info
-- Detecting C compiler ABI info - done
-- Check for working C compiler: /home/swl/openvela/prebuilts/gcc/linux-x86_64/aarch64-none-elf/bin/aarch64-none-elf-gcc - skipped
-- Detecting C compile features
-- Detecting C compile features - done
-- Detecting CXX compiler ABI info
-- Detecting CXX compiler ABI info - done
-- Check for working CXX compiler: /home/swl/openvela/prebuilts/gcc/linux-x86_64/aarch64-none-elf/bin/aarch64-none-elf-g++ - skipped
-- Detecting CXX compile features
-- Detecting CXX compile features - done
-- Configuring done
-- Generating done
-- Build files have been written to: /home/swl/openvela/cmake_out/velavision_voice_ort_trace_20260911
