k7sound capture-pga24 48000
AUDIO_IO reset12=00000000 gate11=00000000 gate12=00000000 gate18=00000000 mux=00000000 source=00000 con=00060300 ien=00000000 gpio_version=010219c8 gpio_input=034d
SOUND mclkout before=0000001f after=0000001d
SOUND codec_prepare=0 state=2
SOUND adc_variant=24 settle_ms=1000
SOUND playback_gain_db=0 dac_attenuation_db=24 maximum=0
SOUND experiment clear=0 reset=0 clockwait20=0
SOUND slot_mask offset=3c value=00000000
SOUND slot_mask offset=40 value=00000000
SOUND slot_mask offset=44 value=00000000
SOUND slot_mask offset=48 value=00000000
SOUND slot_mask offset=4c value=00000000
SOUND slot_mask offset=50 value=00000000
SOUND slot_mask offset=54 value=00000000
SOUND slot_mask offset=58 value=00000000
SOUND pio=0 frames=48000 polls=2616547 stop=0 held=0 max_fifo=2
SOUND fifo first=00000000 last=00000000 TXCR=00500fff RXCR=00400fff FSCR=0101f03f CKR=00000018
SOUND trace start=1590911766 end=1593911862 started=1 count=32
SOUND trace_init index=0 value=00000000 rc=0
SOUND trace_init index=1 value=00000002 rc=0
SOUND trace_init index=2 value=00400fff rc=0
SOUND trace_init index=3 value=0000e4e4 rc=0
SOUND trace_init index=4 value=00000000 rc=0
SOUND trace_init index=5 ffffff after=00000001 rc=0,0,0
SOUND trace_word index=1 us=159080 word=00000000 after=00000040 rc=0,0,0
SOUND trace_word index=00000040 word=00000000 after=00000000 rc=0,0,0
SOUND trace_wor1000 rc=0,0,0
SOUND trace_word index=5 us=1590912050 before=000trace_word index=7 us=1590912112 before=00040000 word=00000000 a90912175 before=00000001 word=ffffffff after=00000000 rc=0,0,0
0 word=00000000 after=00000040 rc=0,0,0
SOUND trace_word index=11 us=1590912238 before=00000040 word=00000000 after=00000000 rc=0,0,0
SOUND trace_word index=12 us=1590912298 before=00002000 word=00000000 after=00001000 rc=0,0,0
SOUND trace_word index=13 us=1590912300 before=00001000 word=00000000 after=00000000 rc=0,0,0
SOUND trace_word index=14 us=1590912361 before=00080000 word=00000000 after=00040000 rc=0,0,0
SOUND trace_word index=15 us=1590912363 before=00040000 word=00000000 after=00000000 rc=0,0,0
SOUND trace_word index=16 us=1590912423 before=00000002 word=ffffffff after=00000001 rc=0,0,0
SOUND trace_word index=17 us=1590912424 before=00000001 word=ffffffff after=00000000 rc=0,0,0
SOUND trace_word index=18 us=1590912486 before=00000080 word=00000000 after=00000040 rc=0,0,0
SOUND trace_word index=19 us=1590912487 before=00000040 word=00000000 after=00000000 rc=0,0,0
SOUND trace_word index=20 us=1590912549 before=00002000 word=00000000 after=00001000 rc=0,0,0
SOUND trace_word index=21 us=1590912550 before=00001000 word=00000000 after=00000000 rc=0,0,0
SOUND trace_word index=22 us=1590912610 before=00080000 word=00000000 after=00040000 rc=0,0,0
SOUND trace_word index=23 us=1590912612 before=00040000 word=000000ndex=24 us=1590912673 before=00000002 word=ffffffff after=000000 before=00000080 word=00000000 after=00000040 rc=0,0,0
SOUND trbefore=00000040 word=00000000 after=00000000 rc=0,0,0
SOUND tra word=00000000 after=00001000 rc=0,0,0
SOUND trace_word index=29 us=1590912800 before=00001000 word=00000000 after=00000000 rc=0,0,0
SOUND trace_word index=30 us=1590912861 before=00080000 word=00000000 after=00040000 rc=0,0,0
SOUND trace_word index=31 us=1590912863 before=00040000 word=00000000 after=00000000 rc=0,0,0
SOUND codec reg=00 value=36
SOUND codec reg=01 value=60
SOUND codec reg=02 value=00
SOUND codec reg=03 value=00
SOUND codec reg=04 value=0c
SOUND codec reg=05 value=00
SOUND codec reg=06 value=00
SOUND codec reg=7c
SOUND codec reg=08 value=00
SOUND codec reg=09 value=88
SO2
SOUND codec reg=19 value=06
SOUND codec reg=1a value=30
SOUOUND codec reg=2b value=80
SOUND codec reg=30 value=14
SOUND c
SOUND pad ticks=480004 max_gap=35 counter_hz=24000000 complete=UND pad channel=0 high=24759 changes=37893
SOUND pad channel=1 
SOUND pad channel=3 high=50404 changes=0
SOUND pcm left_min=-1ft_max=13275648 left_nonzero=12000 right_min=-13401600 right_maxSOUND result=0 codec_stop=0 platform_restore=0 i2c_restore=0 amp_low=1
nsh> [K