k7sound tone
AUDIO_IO reset12=00000000 gate11=00000000 gate12=00000000 gate18=00000000 mux=00000000 source=00000000
AUDIO_IO con=00060300 ien=00000000 gpio_ve4d3050
SOUND platform_result=0 version=23073576 repair=fdffffffSOUND codec_prepare=0 state=2
SOUND adc_variant=0 settle_ms=0
SOUND playback_gain_db=0 dac_attenuation_db=24 maximum=0
SOUND experiment clear=0 reset=0 clockwait20=0
SOUND slot_mask offset=3c value=00000000
SOUND slot_mask offset=40 value=000000000000
SOUND slot_mask offset=50 value=00000000
SOUND slot_maslls=85800 stop=0 held=0 max_fifo=16
SOUND fifo first=00000208 lf FSCR=0101f03f CKR=00000018
SOUND codec reg=00 value=36
SOUND
SOUND codec reg=03 value=00
SOUND codec reg=04 value=0c
SOUNDOUND codec reg=0a value=f0
SOUND codec reg=0b value=82
SOUND c value=10
SOUND codec reg=0d value=02
SOUND codec reg=0f value
SOUND codec reg=17 value=20
SOUND codec reg=18 value=02
SOUND codec reg=19 value=02
SOUND codec reg=1a value=30
SOUND code=2a value=b8
SOUND codec reg=2b value=80
SOUND codec reg=30 va01 transitions=0 samples=50401
SOUND pad ticks=480004 max_gap=3
SOUND pad channel=0 high=24786 changes=37894
SOUND pad channel2 high=25202 changes=640
SOUND pad channel=3 high=50401 changesSOUND result=0 codec_stop=0 platform_restore=0 i2c_restore=0 amp_low=1
nsh> [K