TEXT=Lansee
D:\a\sherpa-onnx\sherpa-onnx\sherpa-onnx\csrc\lexicon.cc:ConvertTextToTokenIdsChinese:240 OOV lansee. Ignore it!
rc=0 frames=1126 sample_rate=8000 abs_sum=26624
exit=0
TEXT=Lansee_vistor
D:\a\sherpa-onnx\sherpa-onnx\sherpa-onnx\csrc\lexicon.cc:ConvertTextToTokenIdsChinese:240 OOV lansee. Ignore it!
D:\a\sherpa-onnx\sherpa-onnx\sherpa-onnx\csrc\lexicon.cc:ConvertTextToTokenIdsChinese:240 OOV _. Ignore it!
D:\a\sherpa-onnx\sherpa-onnx\sherpa-onnx\csrc\lexicon.cc:ConvertTextToTokenIdsChinese:240 OOV vistor. Ignore it!
rc=0 frames=819 sample_rate=8000 abs_sum=25162
exit=0
TEXT=Lansee_auto
D:\a\sherpa-onnx\sherpa-onnx\sherpa-onnx\csrc\lexicon.cc:ConvertTextToTokenIdsChinese:240 OOV lansee. Ignore it!
D:\a\sherpa-onnx\sherpa-onnx\sherpa-onnx\csrc\lexicon.cc:ConvertTextToTokenIdsChinese:240 OOV _. Ignore it!
D:\a\sherpa-onnx\sherpa-onnx\sherpa-onnx\csrc\lexicon.cc:ConvertTextToTokenIdsChinese:240 OOV auto. Ignore it!
rc=0 frames=921 sample_rate=8000 abs_sum=27067
exit=0
TEXT=艾勒艾恩艾丝伊伊
D:\a\sherpa-onnx\sherpa-onnx\sherpa-onnx\csrc\text-utils.cc:Gb2312ToUtf8:665 num of wchars: 8
D:\a\sherpa-onnx\sherpa-onnx\sherpa-onnx\csrc\offline-tts.cc:Generate:187 Detected GB2312 encoded string! Converting it to UTF8.
D:\a\sherpa-onnx\sherpa-onnx\sherpa-onnx\csrc\lexicon.cc:ConvertTextToTokenIdsChinese:240 OOV . Ignore it!
rc=0 frames=21234 sample_rate=8000 abs_sum=17092043
exit=0
