k7cloud chat-loop 10.3.1.125 1 &
k7cloud [112:100]
nsh> [KK7CLOUD chat listening round=1
RADIO Wi-Fi RX type=1 id=15 seq=2032 len=10
RADIO Wi-Fi cmd=15 seq=2032 ack=1 status=0 response=0 ret=0
RADIO Wi-Fi RX type=1 id=15 seq=2033 len=10
RADIO Wi-Fi cmd=15 seq=2033 ack=1 status=0 response=0 ret=0
RADIO Wi-Fi RX type=1 id=15 seq=2034 len=10
RADIO Wi-Fi cmd=15 seq=2034 ack=1 status=0 response=0 ret=0
AUDIO_IO reset12=00000000 gate11=00000000 gate12=00000000 gate18=00000000 mux=00000000 source=00000000
AUDIO_IO con=00060300 ieput=034d3050
SOUND platform_result=0 version=23073576 repair=fdffffff ack=00000001 idle=00000001
SOUND mclkout before=0000001fr=0000001d
RADIO Wi-Fi RX type=1 id=15 seq=2035 len=10
RADIO WSOUND codec_prepare=0 state=2
SOUND adc_variant=24 settle_ms=1000
SOUND playback_gain_db=24 dac_attenuation_db=0 maximum=1
RADIO Wi-Fi RX type=1 id=15 seq=2036 len=10
RADIO Wi-Fi cmd=15 seq=2036 ack=1 status=0 response=0 ret=0
RADIO Wi-Fi RX type=1 id=15 seq=2037 len=10
RADIO Wi-Fi cmd=15 seq=2037 ack=1 status=0 response=0 ret=0
RADIO Wi-Fi RX type=1 id=15 seq=2038 len=10
RADIO Wi-Fi cmd=15 seq=2038 ack=1 status=0 response=0 ret=0
RADIO Wi-Fi RX type=1 id=15 seq=2039 len=10
RADIO Wi-Fi cmd=15 seq=2039 ack=1 status=0 response=0 ret=0
RADIO Wi-Fi RX type=1 id=15 seq=2040 len=10
RADIO Wi-Fi cmd=15 seq=2040 ack=1 status=0 response=0 ret=0
RADIO Wi-Fi RX type=1 id=15 seq=2041 len=10
RADIO Wi-Fi cmd=15 seq=2041 ack=1 status=0 response=0 ret=0
RADIO Wi-Fi RX type=1 id=15 seq=2042 len=10
RADIO Wi-Fi cmd=15 seq=2042 ack=1 status=0 response=0 ret=0
RADIO Wi-Fi RX type=1 id=15 seq=2043 len=10
RADIO Wi-Fi cmd=15 seq=2043 ack=1 status=0 response=0 ret=0
RADIO Wi-Fi RX type=1 id=15 seq=2044 len=10
RADIO Wi-Fi cmd=15 seq=2044 ack=1 status=0 response=0 ret=0
RADIO Wi-Fi RX type=1 id=15 seq=2045 len=10
RADIO Wi-Fi cmd=15 seq=2045 ack=1 status=0 response=0 ret=0
RADIO Wi-Fi RX type=1 id=15 seq=2046 len=10
RADIO Wi-Fi cmd=15 seq=2046 ack=1 status=0 response=0 ret=0
RADIO Wi-Fi RX type=1 id=15 seq=2047 len=10
RADIO Wi-Fi cmd=15 seq=2047 ack=1 status=0 response=0 ret=0
RADIO Wi-Fi RX type=1 id=15 seq=2048 len=10
RADIO Wi-Fi cmd=15 seq=2048 ack=1 status=0 response=0 ret=0
RADIO Wi-Fi RX type=1 id=15 seq=2049 len=10
RADIO Wi-Fi cmd=15 seq=2049 ack=1 status=0 response=0 ret=0
RADIO Wi-Fi RX type=1 id=15 seq=2050 len=10
RADIO Wi-Fi cmd=15 seq=2050 ack=1 status=0 response=0 ret=0
RADIO Wi-Fi RX type=1 id=15 seq=2051 len=10
RADIO Wi-Fi cmd=15 seq=2051 ack=1 status=0 response=0 ret=0
RADIO Wi-Fi RX type=1 id=15 seq=2052 len=10
RADIO Wi-Fi cmd=15 seq=2052 ack=1 status=0 response=0 ret=0
RADIO Wi-Fi RX type=1 id=15 seq=2053 len=10
RADIO Wi-Fi cmd=15 seq=2053 ack=1 status=0 response=0 ret=0
RADIO Wi-Fi RX type=1 id=15 seq=2054 len=10
RADIO Wi-Fi cmd=15 seq=2054 ack=1 status=0 response=0 ret=0
RADIO Wi-Fi RX type=1 id=15 seq=2055 len=10
RADIO Wi-Fi cmd=15 seq=2055 ack=1 status=0 response=0 ret=0
RADIO Wi-Fi RX type=1 id=15 seq=2056 len=10
RADIO Wi-Fi cmd=15 seq=2056 ack=1 status=0 response=0 ret=0
RADIO Wi-Fi RX type=1 id=15 seq=2057 len=10
RADIO Wi-Fi cmd=15 seq=2057 ack=1 status=0 response=0 ret=0
RADIO Wi-Fi RX type=1 id=15 seq=2058 len=10
RADIO Wi-Fi cmd=15 seq=2058 ack=1 status=0 response=0 ret=0
RADIO Wi-Fi RX type=1 id=15 seq=2059 len=10
RADIO Wi-Fi cmd=15 seq=2059 ack=1 status=0 response=0 ret=0
RADIO Wi-Fi RX type=1 id=15 seq=2060 len=10
RADIO Wi-Fi cmd=15 seq=2060 ack=1 status=0 response=0 ret=0
RADIO Wi-Fi RX type=1 id=15 seq=2061 len=10
RADIO Wi-Fi cmd=15 seq=2061 ack=1 status=0 response=0 ret=0
RADIO Wi-Fi RX type=1 id=15 seq=2062 len=10
RADIO Wi-Fi cmd=15 seq=2062 ack=1 status=0 response=0 ret=0
RADIO Wi-Fi RX type=1 id=15 seq=2063 len=10
RADIO Wi-Fi cmd=15 seq=2063 ack=1 status=0 response=0 ret=0
RADIO Wi-Fi RX type=1 id=15 seq=2064 len=10
RADIO Wi-Fi cmd=15 seq=2064 ack=1 status=0 response=0 ret=0
RADIO Wi-Fi RX type=1 id=15 seq=2065 len=10
RADIO Wi-Fi cmd=15 seq=2065 ack=1 status=0 response=0 ret=0
RADIO Wi-Fi RX type=1 id=15 seq=2066 len=10
RADIO Wi-Fi cmd=15 seq=2066 ack=1 status=0 response=0 ret=0
RADIO Wi-Fi RX type=1 id=15 seq=2067 len=10
RADIO Wi-Fi cmd=15 seq=2067 ack=1 status=0 response=0 ret=0
RADIO Wi-Fi RX type=1 id=15 seq=2068 len=10
RADIO Wi-Fi cmd=15 seq=2068 ack=1 status=0 response=0 ret=0
RADIO Wi-Fi RX type=1 id=15 seq=2069 len=10
RADIO Wi-Fi cmd=15 seq=2069 ack=1 status=0 response=0 ret=0
RADIO Wi-Fi RX type=1 id=15 seq=2070 len=10
RADIO Wi-Fi cmd=15 seq=2070 ack=1 status=0 response=0 ret=0
RADIO Wi-Fi RX type=1 id=15 seq=2071 len=10
RADIO Wi-Fi cmd=15 seq=2071 ack=1 status=0 response=0 ret=0
RADIO Wi-Fi RX type=1 id=15 seq=2072 len=10
RADIO Wi-Fi cmd=15 seq=2072 ack=1 status=0 response=0 ret=0
RADIO Wi-Fi RX type=1 id=15 seq=2073 len=10
RADIO Wi-Fi cmd=15 seq=2073 ack=1 status=0 response=0 ret=0
RADIO Wi-Fi RX type=1 id=15 seq=2074 len=10
RADIO Wi-Fi cmd=15 seq=2074 ack=1 status=0 response=0 ret=0
RADIO Wi-Fi RX type=1 id=15 seq=2075 len=10
RADIO Wi-Fi cmd=15 seq=2075 ack=1 status=0 response=0 ret=0
RADIO Wi-Fi RX type=1 id=15 seq=2076 len=10
RADIO Wi-Fi cmd=15 seq=2076 ack=1 status=0 response=0 ret=0
RADIO Wi-Fi RX type=1 id=15 seq=2077 len=10
RADIO Wi-Fi cmd=15 seq=2077 ack=1 status=0 response=0 ret=0
RADIO Wi-Fi RX type=1 id=15 seq=2078 len=10
RADIO Wi-Fi cmd=15 seq=2078 ack=1 status=0 response=0 ret=0
RADIO Wi-Fi RX type=1 id=15 seq=2079 len=10
RADIO Wi-Fi cmd=15 seq=2079 ack=1 status=0 response=0 ret=0
RADIO Wi-Fi RX type=1 id=15 seq=2080 len=10
RADIO Wi-Fi cmd=15 seq=2080 ack=1 status=0 response=0 ret=0
RADIO Wi-Fi RX type=1 id=15 seq=2081 len=10
RADIO Wi-Fi cmd=15 seq=2081 ack=1 status=0 response=0 ret=0
RADIO Wi-Fi RX type=1 id=15 seq=2082 len=10
RADIO Wi-Fi cmd=15 seq=2082 ack=1 status=0 response=0 ret=0
RADIO Wi-Fi RX type=1 id=15 seq=2083 len=10
RADIO Wi-Fi cmd=15 seq=2083 ack=1 status=0 response=0 ret=0
RADIO Wi-Fi RX type=1 id=15 seq=2084 len=10
RADIO Wi-Fi cmd=15 seq=2084 ack=1 status=0 response=0 ret=0
RADIO Wi-Fi RX type=1 id=15 seq=2085 len=10
RADIO Wi-Fi cmd=15 seq=2085 ack=1 status=0 response=0 ret=0
RADIO Wi-Fi RX type=1 id=15 seq=2086 len=10
RADIO Wi-Fi cmd=15 seq=2086 ack=1 status=0 response=0 ret=0
RADIO Wi-Fi RX type=1 id=15 seq=2087 len=10
RADIO Wi-Fi cmd=15 seq=2087 ack=1 status=0 response=0 ret=0
RADIO Wi-Fi RX type=1 id=15 seq=2088 len=10
RADIO Wi-Fi cmd=15 seq=2088 ack=1 status=0 response=0 ret=0
RADIO Wi-Fi RX type=1 id=15 seq=2089 len=10
RADIO Wi-Fi cmd=15 seq=2089 ack=1 status=0 response=0 ret=0
RADIO Wi-Fi RX type=1 id=15 seq=2090 len=10
RADIO Wi-Fi cmd=15 seq=2090 ack=1 status=0 response=0 ret=0
RADIO Wi-Fi RX type=1 id=15 seq=2091 len=10
RADIO Wi-Fi cmd=15 seq=2091 ack=1 status=0 response=0 ret=0
RADIO Wi-Fi RX type=1 id=15 seq=2092 len=10
RADIO Wi-Fi cmd=15 seq=2092 ack=1 status=0 response=0 ret=0
RADIO Wi-Fi RX type=1 id=15 seq=2093 len=10
RADIO Wi-Fi cmd=15 seq=2093 ack=1 status=0 response=0 ret=0
RADIO Wi-Fi RX type=1 id=15 seq=2094 len=10
RADIO Wi-Fi cmd=15 seq=2094 ack=1 status=0 response=0 ret=0
RADIO Wi-Fi RX type=1 id=15 seq=2095 len=10
RADIO Wi-Fi cmd=15 seq=2095 ack=1 status=0 response=0 ret=0
RADIO Wi-Fi RX type=1 id=15 seq=2096 len=10
RADIO Wi-Fi cmd=15 seq=2096 ack=1 status=0 response=0 ret=0
RADIO Wi-Fi RX type=1 id=15 seq=2097 len=10
RADIO Wi-Fi cmd=15 seq=2097 ack=1 status=0 response=0 ret=0
RADIO Wi-Fi RX type=1 id=15 seq=2098 len=10
RADIO Wi-Fi cmd=15 seq=2098 ack=1 status=0 response=0 ret=0
RADIO Wi-Fi RX type=1 id=15 seq=2099 len=10
RADIO Wi-Fi cmd=15 seq=2099 ack=1 status=0 response=0 ret=0
RADIO Wi-Fi RX type=1 id=15 seq=2100 len=10
RADIO Wi-Fi cmd=15 seq=2100 ack=1 status=0 response=0 ret=0
RADIO Wi-Fi RX type=1 id=15 seq=2101 len=10
RADIO Wi-Fi cmd=15 seq=2101 ack=1 status=0 response=0 ret=0
RADIO Wi-Fi RX type=1 id=15 seq=2102 len=10
RADIO Wi-Fi cmd=15 seq=2102 ack=1 status=0 response=0 ret=0
RADIO Wi-Fi RX type=1 id=15 seq=2103 len=10
RADIO Wi-Fi cmd=15 seq=2103 ack=1 status=0 response=0 ret=0
RADIO Wi-Fi RX type=1 id=15 seq=2104 len=10
RADIO Wi-Fi cmd=15 seq=2104 ack=1 status=0 response=0 ret=0
RADIO Wi-Fi RX type=1 id=15 seq=2105 len=10
RADIO Wi-Fi cmd=15 seq=2105 ack=1 status=0 response=0 ret=0
RADIO Wi-Fi RX type=1 id=15 seq=2106 len=10
RADIO Wi-Fi cmd=15 seq=2106 ack=1 status=0 response=0 ret=0
RADIO Wi-Fi RX type=1 id=15 seq=2107 len=10
RADIO Wi-Fi cmd=15 seq=2107 ack=1 status=0 response=0 ret=0
RADIO Wi-Fi RX type=1 id=15 seq=2108 len=10
RADIO Wi-Fi cmd=15 seq=2108 ack=1 status=0 response=0 ret=0
RADIO Wi-Fi RX type=1 id=15 seq=2109 len=10
RADIO Wi-Fi cmd=15 seq=2109 ack=1 status=0 response=0 ret=0
RADIO Wi-Fi RX type=1 id=15 seq=2110 len=10
RADIO Wi-Fi cmd=15 seq=2110 ack=1 status=0 response=0 ret=0
RADIO Wi-Fi RX type=1 id=15 seq=2111 len=10
RADIO Wi-Fi cmd=15 seq=2111 ack=1 status=0 response=0 ret=0
RADIO Wi-Fi RX type=1 id=15 seq=2112 len=10
RADIO Wi-Fi cmd=15 seq=2112 ack=1 status=0 response=0 ret=0
RADIO Wi-Fi RX type=1 id=15 seq=2113 len=10
RADIO Wi-Fi cmd=15 seq=2113 ack=1 status=0 response=0 ret=0
RADIO Wi-Fi RX type=1 id=15 seq=2114 len=10
RADIO Wi-Fi cmd=15 seq=2114 ack=1 status=0 response=0 ret=0
RADIO Wi-Fi RX type=1 id=15 seq=2115 len=10
RADIO Wi-Fi cmd=15 seq=2115 ack=1 status=0 response=0 ret=0
RADIO Wi-Fi RX type=1 id=15 seq=2116 len=10
RADIO Wi-Fi cmd=15 seq=2116 ack=1 status=0 response=0 ret=0
RADIO Wi-Fi RX type=1 id=15 seq=2117 len=10
RADIO Wi-Fi cmd=15 seq=2117 ack=1 status=0 response=0 ret=0
RADIO Wi-Fi RX type=1 id=15 seq=2118 len=10
RADIO Wi-Fi cmd=15 seq=2118 ack=1 status=0 response=0 ret=0
RADIO Wi-Fi RX type=1 id=15 seq=2119 len=10
RADIO Wi-Fi cmd=15 seq=2119 ack=1 status=0 response=0 ret=0
RADIO Wi-Fi RX type=1 id=15 seq=2120 len=10
RADIO Wi-Fi cmd=15 seq=2120 ack=1 status=0 response=0 ret=0
RADIO Wi-Fi RX type=1 id=15 seq=2121 len=10
RADIO Wi-Fi cmd=15 seq=2121 ack=1 status=0 response=0 ret=0
RADIO Wi-Fi RX type=1 id=15 seq=2122 len=10
RADIO Wi-Fi cmd=15 seq=2122 ack=1 status=0 response=0 ret=0
RADIO Wi-Fi RX type=1 id=15 seq=2123 len=10
RADIO Wi-Fi cmd=15 seq=2123 ack=1 status=0 response=0 ret=0
RADIO Wi-Fi RX type=1 id=15 seq=2124 len=10
RADIO Wi-Fi cmd=15 seq=2124 ack=1 status=0 response=0 ret=0
RADIO Wi-Fi RX type=1 id=15 seq=2125 len=10
RADIO Wi-Fi cmd=15 seq=2125 ack=1 status=0 response=0 ret=0
RADIO Wi-Fi RX type=1 id=15 seq=2126 len=10
RADIO Wi-Fi cmd=15 seq=2126 ack=1 status=0 response=0 ret=0
RADIO Wi-Fi RX type=1 id=15 seq=2127 len=10
RADIO Wi-Fi cmd=15 seq=2127 ack=1 status=0 response=0 ret=0
RADIO Wi-Fi RX type=1 id=15 seq=2128 len=10
RADIO Wi-Fi cmd=15 seq=2128 ack=1 status=0 response=0 ret=0
RADIO Wi-Fi RX type=1 id=15 seq=2129 len=10
RADIO Wi-Fi cmd=15 seq=2129 ack=1 status=0 response=0 ret=0
RADIO Wi-Fi RX type=1 id=15 seq=2130 len=10
RADIO Wi-Fi cmd=15 seq=2130 ack=1 status=0 response=0 ret=0
RADIO Wi-Fi RX type=1 id=15 seq=2131 len=10
RADIO Wi-Fi cmd=15 seq=2131 ack=1 status=0 response=0 ret=0
RADIO Wi-Fi RX type=1 id=15 seq=2132 len=10
RADIO Wi-Fi cmd=15 seq=2132 ack=1 status=0 response=0 ret=0
RADIO Wi-Fi RX type=1 id=15 seq=2133 len=10
RADIO Wi-Fi cmd=15 seq=2133 ack=1 status=0 response=0 ret=0
RADIO Wi-Fi RX type=1 id=15 seq=2134 len=10
RADIO Wi-Fi cmd=15 seq=2134 ack=1 status=0 response=0 ret=0
RADIO Wi-Fi RX type=1 id=15 seq=2135 len=10
RADIO Wi-Fi cmd=15 seq=2135 ack=1 status=0 response=0 ret=0
RADIO Wi-Fi RX type=1 id=15 seq=2136 len=10
RADIO Wi-Fi cmd=15 seq=2136 ack=1 status=0 response=0 ret=0
RADIO Wi-Fi RX type=1 id=15 seq=2137 len=10
RADIO Wi-Fi cmd=15 seq=2137 ack=1 status=0 response=0 ret=0
RADIO Wi-Fi RX type=1 id=15 seq=2138 len=10
RADIO Wi-Fi cmd=15 seq=2138 ack=1 status=0 response=0 ret=0
RADIO Wi-Fi RX type=1 id=15 seq=2139 len=10
RADIO Wi-Fi cmd=15 seq=2139 ack=1 status=0 response=0 ret=0
RADIO Wi-Fi RX type=1 id=15 seq=2140 len=10
RADIO Wi-Fi cmd=15 seq=2140 ack=1 status=0 response=0 ret=0
RADIO Wi-Fi RX type=1 id=15 seq=2141 len=10
RADIO Wi-Fi cmd=15 seq=2141 ack=1 status=0 response=0 ret=0
RADIO Wi-Fi RX type=1 id=15 seq=2142 len=10
RADIO Wi-Fi cmd=15 seq=2142 ack=1 status=0 response=0 ret=0
RADIO Wi-Fi RX type=1 id=15 seq=2143 len=10
RADIO Wi-Fi cmd=15 seq=2143 ack=1 status=0 response=0 ret=0
RADIO Wi-Fi RX type=1 id=15 seq=2144 len=10
RADIO Wi-Fi cmd=15 seq=2144 ack=1 status=0 response=0 ret=0
RADIO Wi-Fi RX type=1 id=15 seq=2145 len=10
RADIO Wi-Fi cmd=15 seq=2145 ack=1 status=0 response=0 ret=0
RADIO Wi-Fi RX type=1 id=15 seq=2146 len=10
RADIO Wi-Fi cmd=15 seq=2146 ack=1 status=0 response=0 ret=0
RADIO Wi-Fi RX type=1 id=15 seq=2147 len=10
RADIO Wi-Fi cmd=15 seq=2147 ack=1 status=0 response=0 ret=0
RADIO Wi-Fi RX type=1 id=15 seq=2148 len=10
RADIO Wi-Fi cmd=15 seq=2148 ack=1 status=0 response=0 ret=0
RADIO Wi-Fi RX type=1 id=15 seq=2149 len=10
RADIO Wi-Fi cmd=15 seq=2149 ack=1 status=0 response=0 ret=0
RADIO Wi-Fi RX type=1 id=15 seq=2150 len=10
RADIO Wi-Fi cmd=15 seq=2150 ack=1 status=0 response=0 ret=0
RADIO Wi-Fi RX type=1 id=15 seq=2151 len=10
RADIO Wi-Fi cmd=15 seq=2151 ack=1 status=0 response=0 ret=0
RADIO Wi-Fi RX type=1 id=15 seq=2152 len=10
RADIO Wi-Fi cmd=15 seq=2152 ack=1 status=0 response=0 ret=0
RADIO Wi-Fi RX type=1 id=15 seq=2153 len=10
RADIO Wi-Fi cmd=15 seq=2153 ack=1 status=0 response=0 ret=0
RADIO Wi-Fi RX type=1 id=15 seq=2154 len=10
RADIO Wi-Fi cmd=15 seq=2154 ack=1 status=0 response=0 ret=0
RADIO Wi-Fi RX type=1 id=15 seq=2155 len=10
RADIO Wi-Fi cmd=15 seq=2155 ack=1 status=0 response=0 ret=0
RADIO Wi-Fi RX type=1 id=15 seq=2156 len=10
RADIO Wi-Fi cmd=15 seq=2156 ack=1 status=0 response=0 ret=0
RADIO Wi-Fi RX type=1 id=15 seq=2157 len=10
RADIO Wi-Fi cmd=15 seq=2157 ack=1 status=0 response=0 ret=0
RADIO Wi-Fi RX type=1 id=15 seq=2158 len=10
RADIO Wi-Fi cmd=15 seq=2158 ack=1 status=0 response=0 ret=0
RADIO Wi-Fi RX type=1 id=15 seq=2159 len=10
RADIO Wi-Fi cmd=15 seq=2159 ack=1 status=0 response=0 ret=0
RADIO Wi-Fi RX type=1 id=15 seq=2160 len=10
RADIO Wi-Fi cmd=15 seq=2160 ack=1 status=0 response=0 ret=0
RADIO Wi-Fi RX type=1 id=15 seq=2161 len=10
RADIO Wi-Fi cmd=15 seq=2161 ack=1 status=0 response=0 ret=0
RADIO Wi-Fi RX type=1 id=15 seq=2162 len=10
RADIO Wi-Fi cmd=15 seq=2162 ack=1 status=0 response=0 ret=0
RADIO Wi-Fi RX type=1 id=15 seq=2163 len=10
RADIO Wi-Fi cmd=15 seq=2163 ack=1 status=0 response=0 ret=0
RADIO Wi-Fi RX type=1 id=15 seq=2164 len=10
RADIO Wi-Fi cmd=15 seq=2164 ack=1 status=0 response=0 ret=0
RADIO Wi-Fi RX type=1 id=15 seq=2165 len=10
RADIO Wi-Fi cmd=15 seq=2165 ack=1 status=0 response=0 ret=0
RADIO Wi-Fi RX type=1 id=15 seq=2166 len=10
RADIO Wi-Fi cmd=15 seq=2166 ack=1 status=0 response=0 ret=0
RADIO Wi-Fi RX type=1 id=15 seq=2167 len=10
RADIO Wi-Fi cmd=15 seq=2167 ack=1 status=0 response=0 ret=0
RADIO Wi-Fi RX type=1 id=15 seq=2168 len=10
RADIO Wi-Fi cmd=15 seq=2168 ack=1 status=0 response=0 ret=0
RADIO Wi-Fi RX type=1 id=15 seq=2169 len=10
RADIO Wi-Fi cmd=15 seq=2169 ack=1 status=0 response=0 ret=0
RADIO Wi-Fi RX type=1 id=15 seq=2170 len=10
RADIO Wi-Fi cmd=15 seq=2170 ack=1 status=0 response=0 ret=0
RADIO Wi-Fi RX type=1 id=15 seq=2171 len=10
RADIO Wi-Fi cmd=15 seq=2171 ack=1 status=0 response=0 ret=0
RADIO Wi-Fi RX type=1 id=15 seq=2172 len=10
RADIO Wi-Fi cmd=15 seq=2172 ack=1 status=0 response=0 ret=0
RADIO Wi-Fi RX type=1 id=15 seq=2173 len=10
RADIO Wi-Fi cmd=15 seq=2173 ack=1 status=0 response=0 ret=0
RADIO Wi-Fi RX type=1 id=15 seq=2174 len=10
RADIO Wi-Fi cmd=15 seq=2174 ack=1 status=0 response=0 ret=0
RADIO Wi-Fi RX type=1 id=15 seq=2175 len=10
RADIO Wi-Fi cmd=15 seq=2175 ack=1 status=0 response=0 ret=0
RADIO Wi-Fi RX type=1 id=15 seq=2176 len=10
RADIO Wi-Fi cmd=15 seq=2176 ack=1 status=0 response=0 ret=0
RADIO Wi-Fi RX type=1 id=15 seq=2177 len=10
RADIO Wi-Fi cmd=15 seq=2177 ack=1 status=0 response=0 ret=0
RADIO Wi-Fi RX type=1 id=15 seq=2178 len=10
RADIO Wi-Fi cmd=15 seq=2178 ack=1 status=0 response=0 ret=0
RADIO Wi-Fi RX type=1 id=15 seq=2179 len=10
RADIO Wi-Fi cmd=15 seq=2179 ack=1 status=0 response=0 ret=0
RADIO Wi-Fi RX type=1 id=15 seq=2180 len=10
RADIO Wi-Fi cmd=15 seq=2180 ack=1 status=0 response=0 ret=0
RADIO Wi-Fi RX type=1 id=15 seq=2181 len=10
RADIO Wi-Fi cmd=15 seq=2181 ack=1 status=0 response=0 ret=0
RADIO Wi-Fi RX type=1 id=15 seq=2182 len=10
RADIO Wi-Fi cmd=15 seq=2182 ack=1 status=0 response=0 ret=0
RADIO Wi-Fi RX type=1 id=15 seq=2183 len=10
RADIO Wi-Fi cmd=15 seq=2183 ack=1 status=0 response=0 ret=0
RADIO Wi-Fi RX type=1 id=15 seq=2184 len=10
RADIO Wi-Fi cmd=15 seq=2184 ack=1 status=0 response=0 ret=0
RADIO Wi-Fi RX type=1 id=15 seq=2185 len=10
RADIO Wi-Fi cmd=15 seq=2185 ack=1 status=0 response=0 ret=0
RADIO Wi-Fi RX type=1 id=15 seq=2186 len=10
RADIO Wi-Fi cmd=15 seq=2186 ack=1 status=0 response=0 ret=0
RADIO Wi-Fi RX type=1 id=15 seq=2187 len=10
RADIO Wi-Fi cmd=15 seq=2187 ack=1 status=0 response=0 ret=0
RADIO Wi-Fi RX type=1 id=15 seq=2188 len=10
RADIO Wi-Fi cmd=15 seq=2188 ack=1 status=0 response=0 ret=0
RADIO Wi-Fi RX type=1 id=15 seq=2189 len=10
RADIO Wi-Fi cmd=15 seq=2189 ack=1 status=0 response=0 ret=0
RADIO Wi-Fi RX type=1 id=15 seq=2190 len=10
RADIO Wi-Fi cmd=15 seq=2190 ack=1 status=0 response=0 ret=0
RADIO Wi-Fi RX type=1 id=15 seq=2191 len=10
RADIO Wi-Fi cmd=15 seq=2191 ack=1 status=0 response=0 ret=0
RADIO Wi-Fi RX type=1 id=15 seq=2192 len=10
RADIO Wi-Fi cmd=15 seq=2192 ack=1 status=0 response=0 ret=0
RADIO Wi-Fi RX type=1 id=15 seq=2193 len=10
RADIO Wi-Fi cmd=15 seq=2193 ack=1 status=0 response=0 ret=0
RADIO Wi-Fi RX type=1 id=15 seq=2194 len=10
RADIO Wi-Fi cmd=15 seq=2194 ack=1 status=0 response=0 ret=0
RADIO Wi-Fi RX type=1 id=15 seq=2195 len=10
RADIO Wi-Fi cmd=15 seq=2195 ack=1 status=0 response=0 ret=0
RADIO Wi-Fi RX type=1 id=15 seq=2196 len=10
RADIO Wi-Fi cmd=15 seq=2196 ack=1 status=0 response=0 ret=0
RADIO Wi-Fi RX type=1 id=15 seq=2197 len=10
RADIO Wi-Fi cmd=15 seq=2197 ack=1 status=0 response=0 ret=0
RADIO Wi-Fi RX type=1 id=15 seq=2198 len=10
RADIO Wi-Fi cmd=15 seq=2198 ack=1 status=0 response=0 ret=0
RADIO Wi-Fi RX type=1 id=15 seq=2199 len=10
RADIO Wi-Fi cmd=15 seq=2199 ack=1 status=0 response=0 ret=0
RADIO Wi-Fi RX type=1 id=15 seq=2200 len=10
RADIO Wi-Fi cmd=15 seq=2200 ack=1 status=0 response=0 ret=0
RADIO Wi-Fi RX type=1 id=15 seq=2201 len=10
RADIO Wi-Fi cmd=15 seq=2201 ack=1 status=0 response=0 ret=0
RADIO Wi-Fi RX type=1 id=15 seq=2202 len=10
RADIO Wi-Fi cmd=15 seq=2202 ack=1 status=0 response=0 ret=0
RADIO Wi-Fi RX type=1 id=15 seq=2203 len=10
RADIO Wi-Fi cmd=15 seq=2203 ack=1 status=0 response=0 ret=0
RADIO Wi-Fi RX type=1 id=15 seq=2204 len=10
RADIO Wi-Fi cmd=15 seq=2204 ack=1 status=0 response=0 ret=0
RADIO Wi-Fi RX type=1 id=15 seq=2205 len=10
RADIO Wi-Fi cmd=15 seq=2205 ack=1 status=0 response=0 ret=0
RADIO Wi-Fi RX type=1 id=15 seq=2206 len=10
RADIO Wi-Fi cmd=15 seq=2206 ack=1 status=0 response=0 ret=0
RADIO Wi-Fi RX type=1 id=15 seq=2207 len=10
RADIO Wi-Fi cmd=15 seq=2207 ack=1 status=0 response=0 ret=0
RADIO Wi-Fi RX type=1 id=15 seq=2208 len=10
RADIO Wi-Fi cmd=15 seq=2208 ack=1 status=0 response=0 ret=0
RADIO Wi-Fi RX type=1 id=15 seq=2209 len=10
RADIO Wi-Fi cmd=15 seq=2209 ack=1 status=0 response=0 ret=0
RADIO Wi-Fi RX type=1 id=15 seq=2210 len=10
RADIO Wi-Fi cmd=15 seq=2210 ack=1 status=0 response=0 ret=0
RADIO Wi-Fi RX type=1 id=15 seq=2211 len=10
RADIO Wi-Fi cmd=15 seq=2211 ack=1 status=0 response=0 ret=0
RADIO Wi-Fi RX type=1 id=15 seq=2212 len=10
RADIO Wi-Fi cmd=15 seq=2212 ack=1 status=0 response=0 ret=0
RADIO Wi-Fi RX type=1 id=15 seq=2213 len=10
RADIO Wi-Fi cmd=15 seq=2213 ack=1 status=0 response=0 ret=0
RADIO Wi-Fi RX type=1 id=15 seq=2214 len=10
RADIO Wi-Fi cmd=15 seq=2214 ack=1 status=0 response=0 ret=0
RADIO Wi-Fi RX type=1 id=15 seq=2215 len=10
RADIO Wi-Fi cmd=15 seq=2215 ack=1 status=0 response=0 ret=0
RADIO Wi-Fi RX type=1 id=15 seq=2216 len=10
RADIO Wi-Fi cmd=15 seq=2216 ack=1 status=0 response=0 ret=0
RADIO Wi-Fi RX type=1 id=15 seq=2217 len=10
RADIO Wi-Fi cmd=15 seq=2217 ack=1 status=0 response=0 ret=0
RADIO Wi-Fi RX type=1 id=15 seq=2218 len=10
RADIO Wi-Fi cmd=15 seq=2218 ack=1 status=0 response=0 ret=0
RADIO Wi-Fi RX type=1 id=15 seq=2219 len=10
RADIO Wi-Fi cmd=15 seq=2219 ack=1 status=0 response=0 ret=0
RADIO Wi-Fi RX type=1 id=15 seq=2220 len=10
RADIO Wi-Fi cmd=15 seq=2220 ack=1 status=0 response=0 ret=0
RADIO Wi-Fi RX type=1 id=15 seq=2221 len=10
RADIO Wi-Fi cmd=15 seq=2221 ack=1 status=0 response=0 ret=0
RADIO Wi-Fi RX type=1 id=15 seq=2222 len=10
RADIO Wi-Fi cmd=15 seq=2222 ack=1 status=0 response=0 ret=0
RADIO Wi-Fi RX type=1 id=15 seq=2223 len=10
RADIO Wi-Fi cmd=15 seq=2223 ack=1 status=0 response=0 ret=0
RADIO Wi-Fi RX type=1 id=15 seq=2224 len=10
RADIO Wi-Fi cmd=15 seq=2224 ack=1 status=0 response=0 ret=0
RADIO Wi-Fi RX type=1 id=15 seq=2225 len=10
RADIO Wi-Fi cmd=15 seq=2225 ack=1 status=0 response=0 ret=0
RADIO Wi-Fi RX type=1 id=15 seq=2226 len=10
RADIO Wi-Fi cmd=15 seq=2226 ack=1 status=0 response=0 ret=0
RADIO Wi-Fi RX type=1 id=15 seq=2227 len=10
RADIO Wi-Fi cmd=15 seq=2227 ack=1 status=0 response=0 ret=0
RADIO Wi-Fi RX type=1 id=15 seq=2228 len=10
RADIO Wi-Fi cmd=15 seq=2228 ack=1 status=0 response=0 ret=0
RADIO Wi-Fi RX type=1 id=15 seq=2229 len=10
RADIO Wi-Fi cmd=15 seq=2229 ack=1 status=0 response=0 ret=0
RADIO Wi-Fi RX type=1 id=15 seq=2230 len=10
RADIO Wi-Fi cmd=15 seq=2230 ack=1 status=0 response=0 ret=0
RADIO Wi-Fi RX type=1 id=15 seq=2231 len=10
RADIO Wi-Fi cmd=15 seq=2231 ack=1 status=0 response=0 ret=0
RADIO Wi-Fi RX type=1 id=15 seq=2232 len=10
RADIO Wi-Fi cmd=15 seq=2232 ack=1 status=0 response=0 ret=0
RADIO Wi-Fi RX type=1 id=15 seq=2233 len=10
RADIO Wi-Fi cmd=15 seq=2233 ack=1 status=0 response=0 ret=0
RADIO Wi-Fi RX type=1 id=15 seq=2234 len=10
RADIO Wi-Fi cmd=15 seq=2234 ack=1 status=0 response=0 ret=0
RADIO Wi-Fi RX type=1 id=15 seq=2235 len=10
RADIO Wi-Fi cmd=15 seq=2235 ack=1 status=0 response=0 ret=0
RADIO Wi-Fi RX type=1 id=15 seq=2236 len=10
RADIO Wi-Fi cmd=15 seq=2236 ack=1 status=0 response=0 ret=0
RADIO Wi-Fi RX type=1 id=15 seq=2237 len=10
RADIO Wi-Fi cmd=15 seq=2237 ack=1 status=0 response=0 ret=0
RADIO Wi-Fi RX type=1 id=15 seq=2238 len=10
RADIO Wi-Fi cmd=15 seq=2238 ack=1 status=0 response=0 ret=0
RADIO Wi-Fi RX type=1 id=15 seq=2239 len=10
RADIO Wi-Fi cmd=15 seq=2239 ack=1 status=0 response=0 ret=0
RADIO Wi-Fi RX type=1 id=15 seq=2240 len=10
RADIO Wi-Fi cmd=15 seq=2240 ack=1 status=0 response=0 ret=0
RADIO Wi-Fi RX type=1 id=15 seq=2241 len=10
RADIO Wi-Fi cmd=15 seq=2241 ack=1 status=0 response=0 ret=0
RADIO Wi-Fi RX type=1 id=15 seq=2242 len=10
RADIO Wi-Fi cmd=15 seq=2242 ack=1 status=0 response=0 ret=0
RADIO Wi-Fi RX type=1 id=15 seq=2243 len=10
RADIO Wi-Fi cmd=15 seq=2243 ack=1 status=0 response=0 ret=0
RADIO Wi-Fi RX type=1 id=15 seq=2244 len=10
RADIO Wi-Fi cmd=15 seq=2244 ack=1 status=0 response=0 ret=0
RADIO Wi-Fi RX type=1 id=15 seq=2245 len=10
RADIO Wi-Fi cmd=15 seq=2245 ack=1 status=0 response=0 ret=0
RADIO Wi-Fi RX type=1 id=15 seq=2246 len=10
RADIO Wi-Fi cmd=15 seq=2246 ack=1 status=0 response=0 ret=0
RADIO Wi-Fi RX type=1 id=15 seq=2247 len=10
RADIO Wi-Fi cmd=15 seq=2247 ack=1 status=0 response=0 ret=0
RADIO Wi-Fi RX type=1 id=15 seq=2248 len=10
RADIO Wi-Fi cmd=15 seq=2248 ack=1 status=0 response=0 ret=0
RADIO Wi-Fi RX type=1 id=15 seq=2249 len=10
RADIO Wi-Fi cmd=15 seq=2249 ack=1 status=0 response=0 ret=0
RADIO Wi-Fi RX type=1 id=15 seq=2250 len=10
RADIO Wi-Fi cmd=15 seq=2250 ack=1 status=0 response=0 ret=0
RADIO Wi-Fi RX type=1 id=15 seq=2251 len=10
RADIO Wi-Fi cmd=15 seq=2251 ack=1 status=0 response=0 ret=0
RADIO Wi-Fi RX type=1 id=15 seq=2252 len=10
RADIO Wi-Fi cmd=15 seq=2252 ack=1 status=0 response=0 ret=0
RADIO Wi-Fi RX type=1 id=15 seq=2253 len=10
RADIO Wi-Fi cmd=15 seq=2253 ack=1 status=0 response=0 ret=0
RADIO Wi-Fi RX type=1 id=15 seq=2254 len=10
RADIO Wi-Fi cmd=15 seq=2254 ack=1 status=0 response=0 ret=0
SOUND experiment clear=0 reset=0 clockwait20=0
SOUND slot_mask offset=3c value=00000000
SOUND slot_mask offset=40 value=00000000
SOUND slot_mask offset=44 value=00000000
SOUND slot_mask offset=48 value=00000000
SOUND slot_mask offset=4c value=00000000
SOUND slot_mask offset=50 value=00000000
SOUND slot_mask offset=54 value=00000000
SOUND slot_mask offset=58 value=00000000
SOUND cue frames=3200 stop=0 held=0 end_us=1776967279 capture_start_us=1776999969
SOUND pio=0 frames=48000 polls=2291175 stop=0 held=0 max_fifo=4
SOUND grouped words=768000 mismatches=0
SOUND fifo first=00000000 last=00000000 TXCR=00400fff RXCR=00700fff FSCR=0101f03f CKR=00000018
SOUND trace start=1776999969 end=1780000027 started=1 count=32
RADIO Wi-Fi RX type=1 id=15 seq=2255 len=10
SOUND trace_init index=0 value=00000000 rc=0
RADIO Wi-Fi cmd=15 seq=2255 ack=1 status=0 response=0 ret=0
SOUND trace_init index=1 value=00000002 rc=0
SOUND trace_init index=2 value=00700fff rc=0
SOUND trace_init index=3 value=000000e4 rc=0
SOUND trace_init index=4 value=00000000 rc=0
SOUND trace_init index=5 value=0000000b rc=0
SOUND trace_word index=0 us=1777000053 before=00041041 word=00030e00 after=00041040 rc=0,0,0
SOUND t=00000000 after=00041040 rc=0,0,0
SOUND trace_word index=2 us=1ord=00030e00 after=00041000 rc=0,0,0
SOUND trace_word index=3 us=1777000058 before=00041000 word=00000000 after=00041000 rc=0,0,0
SOUND trace_word index=4 us=1777000060 before=00041000 word=00030e00 after=00040000 rc=0,0,0
SOUND trace_word index=5 us=1777000061 before=00040000 word=00000000 after=00040000 rc=0,0,0
SOUND trace_word index=6 us=1777000063 before=00040000 word=00030e00 after=00000000 rc=0,0,0
SOUND trace_word index=7 us=1777000065 before=00000000 word=00000000 after=00000000 rc=0,0,0
SOUND trace_word index=8 us=1777000085 before=00041041 word=fffcRADIO Wi-Fi RX type=1 id=15 seq=2256 len=10
e300 after=00041040 rc=0,0,0
RADIO Wi-Fi cmd=15 seq=2256 ack=1 status=0 response=0 ret=0
SOUND trace_word index=9 us=1777000086 before=00041040 word=00000000 after=00041040 rc=0,0,0
SOUND trace_word index=10 us=1777000088 before=00041040 word=fffce300 after=00041000 rc=0,0,0
SOUND trace_word index=11 us=1777000090 before=00041000 word=00000000 after=00041000 rc=0,0,0
SOUND trace_word index=12 us=1777000091 before=00041000 word=fffce300 after=00040000 rc=0,0,0
SOUND trace_word index=13 us=1777000093 before=00040000 word=00000000 after=00040000 rc=0,0,0
SOUND trace_word index=14 us=1777000095 before=00040000 word=fffce300 after=00000000 rc=0,0,0
SOUND trace_word index=15 us=1777000096 before=00000000 word=00000000 after=00000000 rc=0,0,0
SOUND trace_word index=16 us=1777000115 before=00041041 word=00033900 after=00041040 rc=0,0,0
SOUND trace_word index=17 us=1777000117 before=00041040 word=00000000 after=00041040 rc=0,0,0
SOUND trace_word index=18 us=1777000119 before=00041040 word=00033900 after=00041000 rc=0,0,0
SOUND trace_word index=19 us=1777000120 before=00041000 word=00000000 after=00041000 rc=0,0,0
SOUND trace_word index=20 us=1777000122 before=00041000 word=00033900 after=00040000 rc=0,0,0
SOUND tra4 before=00040000 word=00000000 after=00040000 rc=0,0,0
SOUND t3900 after=00000000 rc=0,0,0
SOUND trace_word index=23 us=1777000127 before=00000000 word=00000000 after=00000000 rc=0,0,0
SOUND trace_word index=24 us=1777000147 before=00041041 word=fffc8400 after=00041040 rc=0,0,0
SOUND trace_word index=25 us=1777000148 before=00041040 word=00000000 after=00041040 rc=0,0,0
SOUND trace_word index=26 us=1777000150 before=00041040 word=fffc8400 after=00041000 rc=0,0,0
SOUND trace_word index=27 us=1777000151 before=00041000 word=00000000 after=00041000 rc=0,0,0
SOUND trace_word index=28 us=1777000153 before=00041000 word=fffc8400 after=00040000 rc=0,0,0
SOUND trace_word index=29 us=1777000155 before=00040000 word=00000000 after=00040000 rc=0,0,0
SOUND trace_word index=30 us=1777000157 before=00040000 word=fffc8400 aftr=00000000 rc=0,0,0
SOUND trace_word index=31 us=1777000158 bef=00
SOUND codec reg=03 value=00
SOUND codec reg=04 value=0c
SOUND codec reg=05 value=00
SOUND codec reg=06 value=00
SOUND codec reg=07 value=7c
SOUND codec reg=08 value=00
SOUND codec reg=09 value=88
SOUND codec reg=0a value=f0
SOUND codec reg=0b value=82
SOUND codec reg=0c value=10
SOUND codec reg=0d value=02
SOUND codec reg=0f value=20
SOUND codec reg=17 value=20
SOUND codec reg=18 value=02
SOUND codec reg=19 value=06
SOUND codec reg=1a value=00
SOUND codec reg=1b value=00
SOUND codec reg=27 value=b8
SOUND codec reg=2a value=b8
SOUND codec reg=2b value=80
SOUND codec reg=30 value=21
SOUND codec reg=31 value=21
SOUND input pull=00005515 schmitt=000000ff path=000000e4 gpio_high=18743 transitions=3224 samples=50141
SOUND pad ticks=480004 max_gap=14 counter_hz=24000000 complete=1
SOUND pad channel=0 high=25000 changes=36722
SOUND pad channel=1 high=24885 changes=40959
SOUND pad channel=2 high=25043 changes=640
SOUND pad channel=3 high=18743 changes=322_max=635270144 left_nonzero=48000 right_min=-625534720 right_max=769328896 right_nonzero=48000
SOUND result=0 codec_stop=0 platform_restore=0 i2c_restore=0 amp_low=1
RADIO Wi-Fi RX type=1 id=15 seq=2257 len=10
RADIO Wi-Fi cmd=15 seq=2257 ack=1 status=0 response=0 ret=0
RADIO Wi-Fi RX type=1 id=15 seq=2258 len=10
RADIO Wi-Fi cmd=15 seq=2258 ack=1 status=0 response=0 ret=0
RADIO Wi-Fi RX type=1 id=15 seq=2259 len=10
RADIO Wi-Fi cmd=15 seq=2259 ack=1 status=0 response=0 ret=0
K7CLOUD asr result=0 frames_sent=150 completed=1
K7CLOUD chat answering
K7CLOUD prompt_started busy=1
RADIO Wi-Fi RX type=1 id=15 seq=2260 len=10
RADIO Wi-Fi cmd=15 seq=2260 ack=1 status=0 response=0 ret=0
RADIO Wi-Fi RX type=1 id=15 seq=2261 len=10
RADIO Wi-Fi cmd=15 seq=2261 ack=1 status=0 response=0 ret=0
RADIO Wi-Fi RX type=1 id=15 seq=2262 len=10
RADIO Wi-Fi cmd=15 seq=2262 ack=1 status=0 response=0 ret=0
RADIO Wi-Fi RX type=1 id=15 seq=2263 len=10
RADIO Wi-Fi cmd=15 seq=2263 ack=1 status=0 response=0 ret=0
RADIO Wi-Fi RX type=1 id=15 seq=2264 len=10
RADIO Wi-Fi cmd=15 seq=2264 ack=1 status=0 response=0 ret=0
RADIO Wi-Fi RX type=1 id=15 seq=2265 len=10
RADIO Wi-Fi cmd=15 seq=2265 ack=1 status=0 response=0 ret=0
RADIO Wi-Fi RX type=1 id=15 seq=2266 len=10
RADIO Wi-Fi cmd=15 seq=2266 ack=1 status=0 response=0 ret=0
RADIO Wi-Fi RX type=1 id=15 seq=2267 len=10
RADIO Wi-Fi cmd=15 seq=2267 ack=1 status=0 response=0 ret=0
RADIO Wi-Fi RX type=1 id=15 seq=2268 len=10
RADIO Wi-Fi cmd=15 seq=2268 ack=1 status=0 response=0 ret=0
RADIO Wi-Fi RX type=1 id=15 seq=2269 len=10
RADIO Wi-Fi cmd=15 seq=2269 ack=1 status=0 response=0 ret=0
RADIO Wi-Fi RX type=1 id=15 seq=2270 len=10
RADIO Wi-Fi cmd=15 seq=2270 ack=1 status=0 response=0 ret=0
RADIO Wi-Fi RX type=1 id=15 seq=2271 len=10
RADIO Wi-Fi cmd=15 seq=2271 ack=1 status=0 response=0 ret=0
RADIO Wi-Fi RX type=1 id=15 seq=2272 len=10
RADIO Wi-Fi cmd=15 seq=2272 ack=1 status=0 response=0 ret=0
RADIO Wi-Fi RX type=1 id=15 seq=2273 len=10
RADIO Wi-Fi cmd=15 seq=2273 ack=1 status=0 response=0 ret=0
RADIO Wi-Fi RX type=1 id=15 seq=2274 len=10
RADIO Wi-Fi cmd=15 seq=2274 ack=1 status=0 response=0 ret=0
RADIO Wi-Fi RX type=1 id=15 seq=2275 len=10
RADIO Wi-Fi cmd=15 seq=2275 ack=1 status=0 response=0 ret=0
RADIO Wi-Fi RX type=1 id=15 seq=2276 len=10
RADIO Wi-Fi cmd=15 seq=2276 ack=1 status=0 response=0 ret=0
RADIO Wi-Fi RX type=1 id=15 seq=2277 len=10
RADIO Wi-Fi cmd=15 seq=2277 ack=1 status=0 response=0 ret=0
RADIO Wi-Fi RX type=1 id=15 seq=2278 len=10
RADIO Wi-Fi cmd=15 seq=2278 ack=1 status=0 response=0 ret=0
RADIO Wi-Fi RX type=1 id=15 seq=2279 len=10
RADIO Wi-Fi cmd=15 seq=2279 ack=1 status=0 response=0 ret=0
RADIO Wi-Fi RX type=1 id=15 seq=2280 len=10
RADIO Wi-Fi cmd=15 seq=2280 ack=1 status=0 response=0 ret=0
RADIO Wi-Fi RX type=1 id=15 seq=2281 len=10
RADIO Wi-Fi cmd=15 seq=2281 ack=1 status=0 response=0 ret=0
RADIO Wi-Fi RX type=1 id=15 seq=2282 len=10
RADIO Wi-Fi cmd=15 seq=2282 ack=1 status=0 response=0 ret=0
RADIO Wi-Fi RX type=1 id=15 seq=2283 len=10
RADIO Wi-Fi cmd=15 seq=2283 ack=1 status=0 response=0 ret=0
RADIO Wi-Fi RX type=1 id=15 seq=2284 len=10
RADIO Wi-Fi cmd=15 seq=2284 ack=1 status=0 response=0 ret=0
RADIO Wi-Fi RX type=1 id=15 seq=2285 len=10
RADIO Wi-Fi cmd=15 seq=2285 ack=1 status=0 response=0 ret=0
RADIO Wi-Fi RX type=1 id=15 seq=2286 len=10
RADIO Wi-Fi cmd=15 seq=2286 ack=1 status=0 response=0 ret=0
RADIO Wi-Fi RX type=1 id=15 seq=2287 len=10
RADIO Wi-Fi cmd=15 seq=2287 ack=1 status=0 response=0 ret=0
RADIO Wi-Fi RX type=1 id=15 seq=2288 len=10
RADIO Wi-Fi cmd=15 seq=2288 ack=1 status=0 response=0 ret=0
RADIO Wi-Fi RX type=1 id=15 seq=2289 len=10
RADIO Wi-Fi cmd=15 seq=2289 ack=1 status=0 response=0 ret=0
RADIO Wi-Fi RX type=1 id=15 seq=2290 len=10
RADIO Wi-Fi cmd=15 seq=2290 ack=1 status=0 response=0 ret=0
RADIO Wi-Fi RX type=1 id=15 seq=2291 len=10
RADIO Wi-Fi cmd=15 seq=2291 ack=1 status=0 response=0 ret=0
RADIO Wi-Fi RX type=1 id=15 seq=2292 len=10
RADIO Wi-Fi cmd=15 seq=2292 ack=1 status=0 response=0 ret=0
RADIO Wi-Fi RX type=1 id=15 seq=2293 len=10
RADIO Wi-Fi cmd=15 seq=2293 ack=1 status=0 response=0 ret=0
RADIO Wi-Fi RX type=1 id=15 seq=2294 len=10
RADIO Wi-Fi cmd=15 seq=2294 ack=1 status=0 response=0 ret=0
RADIO Wi-Fi RX type=1 id=15 seq=2295 len=10
RADIO Wi-Fi cmd=15 seq=2295 ack=1 status=0 response=0 ret=0
RADIO Wi-Fi RX type=1 id=15 seq=2296 len=10
RADIO Wi-Fi cmd=15 seq=2296 ack=1 status=0 response=0 ret=0
RADIO Wi-Fi RX type=1 id=15 seq=2297 len=10
RADIO Wi-Fi cmd=15 seq=2297 ack=1 status=0 response=0 ret=0
RADIO Wi-Fi RX type=1 id=15 seq=2298 len=10
RADIO Wi-Fi cmd=15 seq=2298 ack=1 status=0 response=0 ret=0
RADIO Wi-Fi RX type=1 id=15 seq=2299 len=10
RADIO Wi-Fi cmd=15 seq=2299 ack=1 status=0 response=0 ret=0
RADIO Wi-Fi RX type=1 id=15 seq=2300 len=10
RADIO Wi-Fi cmd=15 seq=2300 ack=1 status=0 response=0 ret=0
RADIO Wi-Fi RX type=1 id=15 seq=2301 len=10
RADIO Wi-Fi cmd=15 seq=2301 ack=1 status=0 response=0 ret=0
RADIO Wi-Fi RX type=1 id=15 seq=2302 len=10
RADIO Wi-Fi cmd=15 seq=2302 ack=1 status=0 response=0 ret=0
RADIO Wi-Fi RX type=1 id=15 seq=2303 len=10
RADIO Wi-Fi cmd=15 seq=2303 ack=1 status=0 response=0 ret=0
RADIO Wi-Fi RX type=1 id=15 seq=2304 len=10
RADIO Wi-Fi cmd=15 seq=2304 ack=1 status=0 response=0 ret=0
RADIO Wi-Fi RX type=1 id=15 seq=2305 len=10
RADIO Wi-Fi cmd=15 seq=2305 ack=1 status=0 response=0 ret=0
RADIO Wi-Fi RX type=1 id=15 seq=2306 len=10
RADIO Wi-Fi cmd=15 seq=2306 ack=1 status=0 response=0 ret=0
RADIO Wi-Fi RX type=1 id=15 seq=2307 len=10
RADIO Wi-Fi cmd=15 seq=2307 ack=1 status=0 response=0 ret=0
RADIO Wi-Fi RX type=1 id=15 seq=2308 len=10
RADIO Wi-Fi cmd=15 seq=2308 ack=1 status=0 response=0 ret=0
RADIO Wi-Fi RX type=1 id=15 seq=2309 len=10
RADIO Wi-Fi cmd=15 seq=2309 ack=1 status=0 response=0 ret=0
RADIO Wi-Fi RX type=1 id=15 seq=2310 len=10
RADIO Wi-Fi cmd=15 seq=2310 ack=1 status=0 response=0 ret=0
RADIO Wi-Fi RX type=1 id=15 seq=2311 len=10
RADIO Wi-Fi cmd=15 seq=2311 ack=1 status=0 response=0 ret=0
RADIO Wi-Fi RX type=1 id=15 seq=2312 len=10
RADIO Wi-Fi cmd=15 seq=2312 ack=1 status=0 response=0 ret=0
RADIO Wi-Fi RX type=1 id=15 seq=2313 len=10
RADIO Wi-Fi cmd=15 seq=2313 ack=1 status=0 response=0 ret=0
RADIO Wi-Fi RX type=1 id=15 seq=2314 len=10
RADIO Wi-Fi cmd=15 seq=2314 ack=1 status=0 response=0 ret=0
RADIO Wi-Fi RX type=1 id=15 seq=2315 len=10
RADIO Wi-Fi cmd=15 seq=2315 ack=1 status=0 response=0 ret=0
RADIO Wi-Fi RX type=1 id=15 seq=2316 len=10
RADIO Wi-Fi cmd=15 seq=2316 ack=1 status=0 response=0 ret=0
RADIO Wi-Fi RX type=1 id=15 seq=2317 len=10
RADIO Wi-Fi cmd=15 seq=2317 ack=1 status=0 response=0 ret=0
RADIO Wi-Fi RX type=1 id=15 seq=2318 len=10
RADIO Wi-Fi cmd=15 seq=2318 ack=1 status=0 response=0 ret=0
RADIO Wi-Fi RX type=1 id=15 seq=2319 len=10
RADIO Wi-Fi cmd=15 seq=2319 ack=1 status=0 response=0 ret=0
AUDIO_IO reset12=00000000 gate11=00000000 gate12=00000000 gate18=00000000 mux=00000000 source=00000000
AUDIO_IO con=00060300 ien=00000000 gpio_version=010219c8 gpio_input=014d3050
SOUND platform_result=0 version=23073576 repair=fdffffff ack=00000001 idle=00000001
SOUND mclkout before=0000001f after=0000001d
RADIO Wi-Fi RX type=1 id=15 seq=2320 len=10
RADIO Wi-Fi cmd=15 seq=2320 ack=1 status=0 response=0 ret=0
SOUND codec_prepare=0 state=2
SOUND adc_variant=0 settle_ms=0
SOUND playback_gain_db=16 dac_attenuation_db=8 maximum=0
SOUND experiment clear=0 reset=0 clockwait20=0
SOUND slot_mask offset=3c value=00000000
SOUND slot_mask offset=40 value=00000000
SOUND slot_mask offset=44 value=00000000
SOUND slot_mask offset=48 value=00000000
SOUND slot_mask offset=4c value=00000000
SOUND slot_mask offset=50 valu
SOUND slot_mask offset=58 value=00000000
SOUND pio=0 frames=17s=977319 stop=0 held=0 max_fifo=16
SOUND fifo first=00104104 la value=36
SOUND codec reg=01 value=60
SOUND codec reg=02 valueue=0c
SOUND codec reg=05 value=00
SOUND codec reg=06 value=00ec reg=0d value=02
SOUND codec reg=0f value=24
SOUND codec reglue=10
SOUND codec reg=1b value=10
SOUND codec reg=27 value=b80005515 schmitt=000000ff path=000000e4 gpio_high=50394 transitio5 changes=40919
SOUND pad channel=2 high=25264 changes=640
SOU
SOUND result=0 codec_stop=0 platform_restore=0 i2c_restore=0 amp_low=1
K7CLOUD tts result=0 pcm_bytes=35840
K7CLOUD prompt_done result=0
RADIO Wi-Fi RX type=1 id=15 seq=2321 len=10
RADIO Wi-Fi cmd=15 seq=2321 ack=1 status=0 response=0 ret=0
K7CLOUD chat loop_done=0

