k7cloud chat-loop 10.3.1.125 1 &
k7cloud [118:100]
nsh> [KK7CLOUD chat listening round=1
RADIO Wi-Fi RX type=1 id=15 seq=2323 len=10
RADIO Wi-Fi cmd=15 seq=2323 ack=1 status=0 response=0 ret=0
RADIO Wi-Fi RX type=1 id=15 seq=2324 len=10
RADIO Wi-Fi cmd=15 seq=2324 ack=1 status=0 response=0 ret=0
RADIO Wi-Fi RX type=1 id=15 seq=2325 len=10
RADIO Wi-Fi cmd=15 seq=2325 ack=1 status=0 response=0 ret=0
AUDIO_IO reset12=00000000 gate11=00000000 gate12=00000000 gate18=00000000 mux=00000000 source=00000000
AUDIO_IO con=00060300 ieersion=23073576 repair=fdffffff ack=00000001 idle=00000001
SOUNSOUND codec_prepare=0 state=2
SOUND adc_variant=24 settle_ms=1000
SOUND playback_gain_db=24 dac_attenuation_db=0 maximum=1
RADIO Wi-Fi RX type=1 id=15 seq=2327 len=10
RADIO Wi-Fi cmd=15 seq=2327 ack=1 status=0 response=0 ret=0
RADIO Wi-Fi RX type=1 id=15 seq=2328 len=10
RADIO Wi-Fi cmd=15 seq=2328 ack=1 status=0 response=0 ret=0
RADIO Wi-Fi RX type=1 id=15 seq=2329 len=10
RADIO Wi-Fi cmd=15 seq=2329 ack=1 status=0 response=0 ret=0
RADIO Wi-Fi RX type=1 id=15 seq=2330 len=10
RADIO Wi-Fi cmd=15 seq=2330 ack=1 status=0 response=0 ret=0
RADIO Wi-Fi RX type=1 id=15 seq=2331 len=10
RADIO Wi-Fi cmd=15 seq=2331 ack=1 status=0 response=0 ret=0
RADIO Wi-Fi RX type=1 id=15 seq=2332 len=10
RADIO Wi-Fi cmd=15 seq=2332 ack=1 status=0 response=0 ret=0
RADIO Wi-Fi RX type=1 id=15 seq=2333 len=10
RADIO Wi-Fi cmd=15 seq=2333 ack=1 status=0 response=0 ret=0
RADIO Wi-Fi RX type=1 id=15 seq=2334 len=10
RADIO Wi-Fi cmd=15 seq=2334 ack=1 status=0 response=0 ret=0
RADIO Wi-Fi RX type=1 id=15 seq=2335 len=10
RADIO Wi-Fi cmd=15 seq=2335 ack=1 status=0 response=0 ret=0
RADIO Wi-Fi RX type=1 id=15 seq=2336 len=10
RADIO Wi-Fi cmd=15 seq=2336 ack=1 status=0 response=0 ret=0
RADIO Wi-Fi RX type=1 id=15 seq=2337 len=10
RADIO Wi-Fi cmd=15 seq=2337 ack=1 status=0 response=0 ret=0
RADIO Wi-Fi RX type=1 id=15 seq=2338 len=10
RADIO Wi-Fi cmd=15 seq=2338 ack=1 status=0 response=0 ret=0
RADIO Wi-Fi RX type=1 id=15 seq=2339 len=10
RADIO Wi-Fi cmd=15 seq=2339 ack=1 status=0 response=0 ret=0
RADIO Wi-Fi RX type=1 id=15 seq=2340 len=10
RADIO Wi-Fi cmd=15 seq=2340 ack=1 status=0 response=0 ret=0
RADIO Wi-Fi RX type=1 id=15 seq=2341 len=10
RADIO Wi-Fi cmd=15 seq=2341 ack=1 status=0 response=0 ret=0
RADIO Wi-Fi RX type=1 id=15 seq=2342 len=10
RADIO Wi-Fi cmd=15 seq=2342 ack=1 status=0 response=0 ret=0
RADIO Wi-Fi RX type=1 id=15 seq=2343 len=10
RADIO Wi-Fi cmd=15 seq=2343 ack=1 status=0 response=0 ret=0
RADIO Wi-Fi RX type=1 id=15 seq=2344 len=10
RADIO Wi-Fi cmd=15 seq=2344 ack=1 status=0 response=0 ret=0
RADIO Wi-Fi RX type=1 id=15 seq=2345 len=10
RADIO Wi-Fi cmd=15 seq=2345 ack=1 status=0 response=0 ret=0
RADIO Wi-Fi RX type=1 id=15 seq=2346 len=10
RADIO Wi-Fi cmd=15 seq=2346 ack=1 status=0 response=0 ret=0
RADIO Wi-Fi RX type=1 id=15 seq=2347 len=10
RADIO Wi-Fi cmd=15 seq=2347 ack=1 status=0 response=0 ret=0
RADIO Wi-Fi RX type=1 id=15 seq=2348 len=10
RADIO Wi-Fi cmd=15 seq=2348 ack=1 status=0 response=0 ret=0
RADIO Wi-Fi RX type=1 id=15 seq=2349 len=10
RADIO Wi-Fi cmd=15 seq=2349 ack=1 status=0 response=0 ret=0
RADIO Wi-Fi RX type=1 id=15 seq=2350 len=10
RADIO Wi-Fi cmd=15 seq=2350 ack=1 status=0 response=0 ret=0
RADIO Wi-Fi RX type=1 id=15 seq=2351 len=10
RADIO Wi-Fi cmd=15 seq=2351 ack=1 status=0 response=0 ret=0
RADIO Wi-Fi RX type=1 id=15 seq=2352 len=10
RADIO Wi-Fi cmd=15 seq=2352 ack=1 status=0 response=0 ret=0
RADIO Wi-Fi RX type=1 id=15 seq=2353 len=10
RADIO Wi-Fi cmd=15 seq=2353 ack=1 status=0 response=0 ret=0
RADIO Wi-Fi RX type=1 id=15 seq=2354 len=10
RADIO Wi-Fi cmd=15 seq=2354 ack=1 status=0 response=0 ret=0
RADIO Wi-Fi RX type=1 id=15 seq=2355 len=10
RADIO Wi-Fi cmd=15 seq=2355 ack=1 status=0 response=0 ret=0
RADIO Wi-Fi RX type=1 id=15 seq=2356 len=10
RADIO Wi-Fi cmd=15 seq=2356 ack=1 status=0 response=0 ret=0
RADIO Wi-Fi RX type=1 id=15 seq=2357 len=10
RADIO Wi-Fi cmd=15 seq=2357 ack=1 status=0 response=0 ret=0
RADIO Wi-Fi RX type=1 id=15 seq=2358 len=10
RADIO Wi-Fi cmd=15 seq=2358 ack=1 status=0 response=0 ret=0
RADIO Wi-Fi RX type=1 id=15 seq=2359 len=10
RADIO Wi-Fi cmd=15 seq=2359 ack=1 status=0 response=0 ret=0
RADIO Wi-Fi RX type=1 id=15 seq=2360 len=10
RADIO Wi-Fi cmd=15 seq=2360 ack=1 status=0 response=0 ret=0
RADIO Wi-Fi RX type=1 id=15 seq=2361 len=10
RADIO Wi-Fi cmd=15 seq=2361 ack=1 status=0 response=0 ret=0
RADIO Wi-Fi RX type=1 id=15 seq=2362 len=10
RADIO Wi-Fi cmd=15 seq=2362 ack=1 status=0 response=0 ret=0
RADIO Wi-Fi RX type=1 id=15 seq=2363 len=10
RADIO Wi-Fi cmd=15 seq=2363 ack=1 status=0 response=0 ret=0
RADIO Wi-Fi RX type=1 id=15 seq=2364 len=10
RADIO Wi-Fi cmd=15 seq=2364 ack=1 status=0 response=0 ret=0
RADIO Wi-Fi RX type=1 id=15 seq=2365 len=10
RADIO Wi-Fi cmd=15 seq=2365 ack=1 status=0 response=0 ret=0
RADIO Wi-Fi RX type=1 id=15 seq=2366 len=10
RADIO Wi-Fi cmd=15 seq=2366 ack=1 status=0 response=0 ret=0
RADIO Wi-Fi RX type=1 id=15 seq=2367 len=10
RADIO Wi-Fi cmd=15 seq=2367 ack=1 status=0 response=0 ret=0
RADIO Wi-Fi RX type=1 id=15 seq=2368 len=10
RADIO Wi-Fi cmd=15 seq=2368 ack=1 status=0 response=0 ret=0
RADIO Wi-Fi RX type=1 id=15 seq=2369 len=10
RADIO Wi-Fi cmd=15 seq=2369 ack=1 status=0 response=0 ret=0
RADIO Wi-Fi RX type=1 id=15 seq=2370 len=10
RADIO Wi-Fi cmd=15 seq=2370 ack=1 status=0 response=0 ret=0
RADIO Wi-Fi RX type=1 id=15 seq=2371 len=10
RADIO Wi-Fi cmd=15 seq=2371 ack=1 status=0 response=0 ret=0
RADIO Wi-Fi RX type=1 id=15 seq=2372 len=10
RADIO Wi-Fi cmd=15 seq=2372 ack=1 status=0 response=0 ret=0
RADIO Wi-Fi RX type=1 id=15 seq=2373 len=10
RADIO Wi-Fi cmd=15 seq=2373 ack=1 status=0 response=0 ret=0
RADIO Wi-Fi RX type=1 id=15 seq=2374 len=10
RADIO Wi-Fi cmd=15 seq=2374 ack=1 status=0 response=0 ret=0
RADIO Wi-Fi RX type=1 id=15 seq=2375 len=10
RADIO Wi-Fi cmd=15 seq=2375 ack=1 status=0 response=0 ret=0
RADIO Wi-Fi RX type=1 id=15 seq=2376 len=10
RADIO Wi-Fi cmd=15 seq=2376 ack=1 status=0 response=0 ret=0
RADIO Wi-Fi RX type=1 id=15 seq=2377 len=10
RADIO Wi-Fi cmd=15 seq=2377 ack=1 status=0 response=0 ret=0
RADIO Wi-Fi RX type=1 id=15 seq=2378 len=10
RADIO Wi-Fi cmd=15 seq=2378 ack=1 status=0 response=0 ret=0
RADIO Wi-Fi RX type=1 id=15 seq=2379 len=10
RADIO Wi-Fi cmd=15 seq=2379 ack=1 status=0 response=0 ret=0
RADIO Wi-Fi RX type=1 id=15 seq=2380 len=10
RADIO Wi-Fi cmd=15 seq=2380 ack=1 status=0 response=0 ret=0
RADIO Wi-Fi RX type=1 id=15 seq=2381 len=10
RADIO Wi-Fi cmd=15 seq=2381 ack=1 status=0 response=0 ret=0
RADIO Wi-Fi RX type=1 id=15 seq=2382 len=10
RADIO Wi-Fi cmd=15 seq=2382 ack=1 status=0 response=0 ret=0
RADIO Wi-Fi RX type=1 id=15 seq=2383 len=10
RADIO Wi-Fi cmd=15 seq=2383 ack=1 status=0 response=0 ret=0
RADIO Wi-Fi RX type=1 id=15 seq=2384 len=10
RADIO Wi-Fi cmd=15 seq=2384 ack=1 status=0 response=0 ret=0
RADIO Wi-Fi RX type=1 id=15 seq=2385 len=10
RADIO Wi-Fi cmd=15 seq=2385 ack=1 status=0 response=0 ret=0
RADIO Wi-Fi RX type=1 id=15 seq=2386 len=10
RADIO Wi-Fi cmd=15 seq=2386 ack=1 status=0 response=0 ret=0
RADIO Wi-Fi RX type=1 id=15 seq=2387 len=10
RADIO Wi-Fi cmd=15 seq=2387 ack=1 status=0 response=0 ret=0
RADIO Wi-Fi RX type=1 id=15 seq=2388 len=10
RADIO Wi-Fi cmd=15 seq=2388 ack=1 status=0 response=0 ret=0
RADIO Wi-Fi RX type=1 id=15 seq=2389 len=10
RADIO Wi-Fi cmd=15 seq=2389 ack=1 status=0 response=0 ret=0
RADIO Wi-Fi RX type=1 id=15 seq=2390 len=10
RADIO Wi-Fi cmd=15 seq=2390 ack=1 status=0 response=0 ret=0
RADIO Wi-Fi RX type=1 id=15 seq=2391 len=10
RADIO Wi-Fi cmd=15 seq=2391 ack=1 status=0 response=0 ret=0
RADIO Wi-Fi RX type=1 id=15 seq=2392 len=10
RADIO Wi-Fi cmd=15 seq=2392 ack=1 status=0 response=0 ret=0
RADIO Wi-Fi RX type=1 id=15 seq=2393 len=10
RADIO Wi-Fi cmd=15 seq=2393 ack=1 status=0 response=0 ret=0
RADIO Wi-Fi RX type=1 id=15 seq=2394 len=10
RADIO Wi-Fi cmd=15 seq=2394 ack=1 status=0 response=0 ret=0
RADIO Wi-Fi RX type=1 id=15 seq=2395 len=10
RADIO Wi-Fi cmd=15 seq=2395 ack=1 status=0 response=0 ret=0
RADIO Wi-Fi RX type=1 id=15 seq=2396 len=10
RADIO Wi-Fi cmd=15 seq=2396 ack=1 status=0 response=0 ret=0
RADIO Wi-Fi RX type=1 id=15 seq=2397 len=10
RADIO Wi-Fi cmd=15 seq=2397 ack=1 status=0 response=0 ret=0
RADIO Wi-Fi RX type=1 id=15 seq=2398 len=10
RADIO Wi-Fi cmd=15 seq=2398 ack=1 status=0 response=0 ret=0
RADIO Wi-Fi RX type=1 id=15 seq=2399 len=10
RADIO Wi-Fi cmd=15 seq=2399 ack=1 status=0 response=0 ret=0
RADIO Wi-Fi RX type=1 id=15 seq=2400 len=10
RADIO Wi-Fi cmd=15 seq=2400 ack=1 status=0 response=0 ret=0
RADIO Wi-Fi RX type=1 id=15 seq=2401 len=10
RADIO Wi-Fi cmd=15 seq=2401 ack=1 status=0 response=0 ret=0
RADIO Wi-Fi RX type=1 id=15 seq=2402 len=10
RADIO Wi-Fi cmd=15 seq=2402 ack=1 status=0 response=0 ret=0
RADIO Wi-Fi RX type=1 id=15 seq=2403 len=10
RADIO Wi-Fi cmd=15 seq=2403 ack=1 status=0 response=0 ret=0
RADIO Wi-Fi RX type=1 id=15 seq=2404 len=10
RADIO Wi-Fi cmd=15 seq=2404 ack=1 status=0 response=0 ret=0
RADIO Wi-Fi RX type=1 id=15 seq=2405 len=10
RADIO Wi-Fi cmd=15 seq=2405 ack=1 status=0 response=0 ret=0
RADIO Wi-Fi RX type=1 id=15 seq=2406 len=10
RADIO Wi-Fi cmd=15 seq=2406 ack=1 status=0 response=0 ret=0
RADIO Wi-Fi RX type=1 id=15 seq=2407 len=10
RADIO Wi-Fi cmd=15 seq=2407 ack=1 status=0 response=0 ret=0
RADIO Wi-Fi RX type=1 id=15 seq=2408 len=10
RADIO Wi-Fi cmd=15 seq=2408 ack=1 status=0 response=0 ret=0
RADIO Wi-Fi RX type=1 id=15 seq=2409 len=10
RADIO Wi-Fi cmd=15 seq=2409 ack=1 status=0 response=0 ret=0
RADIO Wi-Fi RX type=1 id=15 seq=2410 len=10
RADIO Wi-Fi cmd=15 seq=2410 ack=1 status=0 response=0 ret=0
RADIO Wi-Fi RX type=1 id=15 seq=2411 len=10
RADIO Wi-Fi cmd=15 seq=2411 ack=1 status=0 response=0 ret=0
RADIO Wi-Fi RX type=1 id=15 seq=2412 len=10
RADIO Wi-Fi cmd=15 seq=2412 ack=1 status=0 response=0 ret=0
RADIO Wi-Fi RX type=1 id=15 seq=2413 len=10
RADIO Wi-Fi cmd=15 seq=2413 ack=1 status=0 response=0 ret=0
RADIO Wi-Fi RX type=1 id=15 seq=2414 len=10
RADIO Wi-Fi cmd=15 seq=2414 ack=1 status=0 response=0 ret=0
RADIO Wi-Fi RX type=1 id=15 seq=2415 len=10
RADIO Wi-Fi cmd=15 seq=2415 ack=1 status=0 response=0 ret=0
RADIO Wi-Fi RX type=1 id=15 seq=2416 len=10
RADIO Wi-Fi cmd=15 seq=2416 ack=1 status=0 response=0 ret=0
RADIO Wi-Fi RX type=1 id=15 seq=2417 len=10
RADIO Wi-Fi cmd=15 seq=2417 ack=1 status=0 response=0 ret=0
RADIO Wi-Fi RX type=1 id=15 seq=2418 len=10
RADIO Wi-Fi cmd=15 seq=2418 ack=1 status=0 response=0 ret=0
RADIO Wi-Fi RX type=1 id=15 seq=2419 len=10
RADIO Wi-Fi cmd=15 seq=2419 ack=1 status=0 response=0 ret=0
RADIO Wi-Fi RX type=1 id=15 seq=2420 len=10
RADIO Wi-Fi cmd=15 seq=2420 ack=1 status=0 response=0 ret=0
RADIO Wi-Fi RX type=1 id=15 seq=2421 len=10
RADIO Wi-Fi cmd=15 seq=2421 ack=1 status=0 response=0 ret=0
RADIO Wi-Fi RX type=1 id=15 seq=2422 len=10
RADIO Wi-Fi cmd=15 seq=2422 ack=1 status=0 response=0 ret=0
RADIO Wi-Fi RX type=1 id=15 seq=2423 len=10
RADIO Wi-Fi cmd=15 seq=2423 ack=1 status=0 response=0 ret=0
RADIO Wi-Fi RX type=1 id=15 seq=2424 len=10
RADIO Wi-Fi cmd=15 seq=2424 ack=1 status=0 response=0 ret=0
RADIO Wi-Fi RX type=1 id=15 seq=2425 len=10
RADIO Wi-Fi cmd=15 seq=2425 ack=1 status=0 response=0 ret=0
RADIO Wi-Fi RX type=1 id=15 seq=2426 len=10
RADIO Wi-Fi cmd=15 seq=2426 ack=1 status=0 response=0 ret=0
RADIO Wi-Fi RX type=1 id=15 seq=2427 len=10
RADIO Wi-Fi cmd=15 seq=2427 ack=1 status=0 response=0 ret=0
RADIO Wi-Fi RX type=1 id=15 seq=2428 len=10
RADIO Wi-Fi cmd=15 seq=2428 ack=1 status=0 response=0 ret=0
RADIO Wi-Fi RX type=1 id=15 seq=2429 len=10
RADIO Wi-Fi cmd=15 seq=2429 ack=1 status=0 response=0 ret=0
RADIO Wi-Fi RX type=1 id=15 seq=2430 len=10
RADIO Wi-Fi cmd=15 seq=2430 ack=1 status=0 response=0 ret=0
RADIO Wi-Fi RX type=1 id=15 seq=2431 len=10
RADIO Wi-Fi cmd=15 seq=2431 ack=1 status=0 response=0 ret=0
RADIO Wi-Fi RX type=1 id=15 seq=2432 len=10
RADIO Wi-Fi cmd=15 seq=2432 ack=1 status=0 response=0 ret=0
RADIO Wi-Fi RX type=1 id=15 seq=2433 len=10
RADIO Wi-Fi cmd=15 seq=2433 ack=1 status=0 response=0 ret=0
RADIO Wi-Fi RX type=1 id=15 seq=2434 len=10
RADIO Wi-Fi cmd=15 seq=2434 ack=1 status=0 response=0 ret=0
RADIO Wi-Fi RX type=1 id=15 seq=2435 len=10
RADIO Wi-Fi cmd=15 seq=2435 ack=1 status=0 response=0 ret=0
RADIO Wi-Fi RX type=1 id=15 seq=2436 len=10
RADIO Wi-Fi cmd=15 seq=2436 ack=1 status=0 response=0 ret=0
RADIO Wi-Fi RX type=1 id=15 seq=2437 len=10
RADIO Wi-Fi cmd=15 seq=2437 ack=1 status=0 response=0 ret=0
RADIO Wi-Fi RX type=1 id=15 seq=2438 len=10
RADIO Wi-Fi cmd=15 seq=2438 ack=1 status=0 response=0 ret=0
RADIO Wi-Fi RX type=1 id=15 seq=2439 len=10
RADIO Wi-Fi cmd=15 seq=2439 ack=1 status=0 response=0 ret=0
RADIO Wi-Fi RX type=1 id=15 seq=2440 len=10
RADIO Wi-Fi cmd=15 seq=2440 ack=1 status=0 response=0 ret=0
RADIO Wi-Fi RX type=1 id=15 seq=2441 len=10
RADIO Wi-Fi cmd=15 seq=2441 ack=1 status=0 response=0 ret=0
RADIO Wi-Fi RX type=1 id=15 seq=2442 len=10
RADIO Wi-Fi cmd=15 seq=2442 ack=1 status=0 response=0 ret=0
RADIO Wi-Fi RX type=1 id=15 seq=2443 len=10
RADIO Wi-Fi cmd=15 seq=2443 ack=1 status=0 response=0 ret=0
RADIO Wi-Fi RX type=1 id=15 seq=2444 len=10
RADIO Wi-Fi cmd=15 seq=2444 ack=1 status=0 response=0 ret=0
RADIO Wi-Fi RX type=1 id=15 seq=2445 len=10
RADIO Wi-Fi cmd=15 seq=2445 ack=1 status=0 response=0 ret=0
RADIO Wi-Fi RX type=1 id=15 seq=2446 len=10
RADIO Wi-Fi cmd=15 seq=2446 ack=1 status=0 response=0 ret=0
RADIO Wi-Fi RX type=1 id=15 seq=2447 len=10
RADIO Wi-Fi cmd=15 seq=2447 ack=1 status=0 response=0 ret=0
RADIO Wi-Fi RX type=1 id=15 seq=2448 len=10
RADIO Wi-Fi cmd=15 seq=2448 ack=1 status=0 response=0 ret=0
RADIO Wi-Fi RX type=1 id=15 seq=2449 len=10
RADIO Wi-Fi cmd=15 seq=2449 ack=1 status=0 response=0 ret=0
RADIO Wi-Fi RX type=1 id=15 seq=2450 len=10
RADIO Wi-Fi cmd=15 seq=2450 ack=1 status=0 response=0 ret=0
RADIO Wi-Fi RX type=1 id=15 seq=2451 len=10
RADIO Wi-Fi cmd=15 seq=2451 ack=1 status=0 response=0 ret=0
RADIO Wi-Fi RX type=1 id=15 seq=2452 len=10
RADIO Wi-Fi cmd=15 seq=2452 ack=1 status=0 response=0 ret=0
RADIO Wi-Fi RX type=1 id=15 seq=2453 len=10
RADIO Wi-Fi cmd=15 seq=2453 ack=1 status=0 response=0 ret=0
RADIO Wi-Fi RX type=1 id=15 seq=2454 len=10
RADIO Wi-Fi cmd=15 seq=2454 ack=1 status=0 response=0 ret=0
RADIO Wi-Fi RX type=1 id=15 seq=2455 len=10
RADIO Wi-Fi cmd=15 seq=2455 ack=1 status=0 response=0 ret=0
RADIO Wi-Fi RX type=1 id=15 seq=2456 len=10
RADIO Wi-Fi cmd=15 seq=2456 ack=1 status=0 response=0 ret=0
RADIO Wi-Fi RX type=1 id=15 seq=2457 len=10
RADIO Wi-Fi cmd=15 seq=2457 ack=1 status=0 response=0 ret=0
RADIO Wi-Fi RX type=1 id=15 seq=2458 len=10
RADIO Wi-Fi cmd=15 seq=2458 ack=1 status=0 response=0 ret=0
RADIO Wi-Fi RX type=1 id=15 seq=2459 len=10
RADIO Wi-Fi cmd=15 seq=2459 ack=1 status=0 response=0 ret=0
RADIO Wi-Fi RX type=1 id=15 seq=2460 len=10
RADIO Wi-Fi cmd=15 seq=2460 ack=1 status=0 response=0 ret=0
RADIO Wi-Fi RX type=1 id=15 seq=2461 len=10
RADIO Wi-Fi cmd=15 seq=2461 ack=1 status=0 response=0 ret=0
RADIO Wi-Fi RX type=1 id=15 seq=2462 len=10
RADIO Wi-Fi cmd=15 seq=2462 ack=1 status=0 response=0 ret=0
RADIO Wi-Fi RX type=1 id=15 seq=2463 len=10
RADIO Wi-Fi cmd=15 seq=2463 ack=1 status=0 response=0 ret=0
RADIO Wi-Fi RX type=1 id=15 seq=2464 len=10
RADIO Wi-Fi cmd=15 seq=2464 ack=1 status=0 response=0 ret=0
RADIO Wi-Fi RX type=1 id=15 seq=2465 len=10
RADIO Wi-Fi cmd=15 seq=2465 ack=1 status=0 response=0 ret=0
RADIO Wi-Fi RX type=1 id=15 seq=2466 len=10
RADIO Wi-Fi cmd=15 seq=2466 ack=1 status=0 response=0 ret=0
RADIO Wi-Fi RX type=1 id=15 seq=2467 len=10
RADIO Wi-Fi cmd=15 seq=2467 ack=1 status=0 response=0 ret=0
RADIO Wi-Fi RX type=1 id=15 seq=2468 len=10
RADIO Wi-Fi cmd=15 seq=2468 ack=1 status=0 response=0 ret=0
RADIO Wi-Fi RX type=1 id=15 seq=2469 len=10
RADIO Wi-Fi cmd=15 seq=2469 ack=1 status=0 response=0 ret=0
RADIO Wi-Fi RX type=1 id=15 seq=2470 len=10
RADIO Wi-Fi cmd=15 seq=2470 ack=1 status=0 response=0 ret=0
RADIO Wi-Fi RX type=1 id=15 seq=2471 len=10
RADIO Wi-Fi cmd=15 seq=2471 ack=1 status=0 response=0 ret=0
RADIO Wi-Fi RX type=1 id=15 seq=2472 len=10
RADIO Wi-Fi cmd=15 seq=2472 ack=1 status=0 response=0 ret=0
RADIO Wi-Fi RX type=1 id=15 seq=2473 len=10
RADIO Wi-Fi cmd=15 seq=2473 ack=1 status=0 response=0 ret=0
RADIO Wi-Fi RX type=1 id=15 seq=2474 len=10
RADIO Wi-Fi cmd=15 seq=2474 ack=1 status=0 response=0 ret=0
RADIO Wi-Fi RX type=1 id=15 seq=2475 len=10
RADIO Wi-Fi cmd=15 seq=2475 ack=1 status=0 response=0 ret=0
RADIO Wi-Fi RX type=1 id=15 seq=2476 len=10
RADIO Wi-Fi cmd=15 seq=2476 ack=1 status=0 response=0 ret=0
RADIO Wi-Fi RX type=1 id=15 seq=2477 len=10
RADIO Wi-Fi cmd=15 seq=2477 ack=1 status=0 response=0 ret=0
RADIO Wi-Fi RX type=1 id=15 seq=2478 len=10
RADIO Wi-Fi cmd=15 seq=2478 ack=1 status=0 response=0 ret=0
RADIO Wi-Fi RX type=1 id=15 seq=2479 len=10
RADIO Wi-Fi cmd=15 seq=2479 ack=1 status=0 response=0 ret=0
RADIO Wi-Fi RX type=1 id=15 seq=2480 len=10
RADIO Wi-Fi cmd=15 seq=2480 ack=1 status=0 response=0 ret=0
RADIO Wi-Fi RX type=1 id=15 seq=2481 len=10
RADIO Wi-Fi cmd=15 seq=2481 ack=1 status=0 response=0 ret=0
RADIO Wi-Fi RX type=1 id=15 seq=2482 len=10
RADIO Wi-Fi cmd=15 seq=2482 ack=1 status=0 response=0 ret=0
RADIO Wi-Fi RX type=1 id=15 seq=2483 len=10
RADIO Wi-Fi cmd=15 seq=2483 ack=1 status=0 response=0 ret=0
RADIO Wi-Fi RX type=1 id=15 seq=2484 len=10
RADIO Wi-Fi cmd=15 seq=2484 ack=1 status=0 response=0 ret=0
RADIO Wi-Fi RX type=1 id=15 seq=2485 len=10
RADIO Wi-Fi cmd=15 seq=2485 ack=1 status=0 response=0 ret=0
RADIO Wi-Fi RX type=1 id=15 seq=2486 len=10
RADIO Wi-Fi cmd=15 seq=2486 ack=1 status=0 response=0 ret=0
RADIO Wi-Fi RX type=1 id=15 seq=2487 len=10
RADIO Wi-Fi cmd=15 seq=2487 ack=1 status=0 response=0 ret=0
RADIO Wi-Fi RX type=1 id=15 seq=2488 len=10
RADIO Wi-Fi cmd=15 seq=2488 ack=1 status=0 response=0 ret=0
RADIO Wi-Fi RX type=1 id=15 seq=2489 len=10
RADIO Wi-Fi cmd=15 seq=2489 ack=1 status=0 response=0 ret=0
RADIO Wi-Fi RX type=1 id=15 seq=2490 len=10
RADIO Wi-Fi cmd=15 seq=2490 ack=1 status=0 response=0 ret=0
RADIO Wi-Fi RX type=1 id=15 seq=2491 len=10
RADIO Wi-Fi cmd=15 seq=2491 ack=1 status=0 response=0 ret=0
RADIO Wi-Fi RX type=1 id=15 seq=2492 len=10
RADIO Wi-Fi cmd=15 seq=2492 ack=1 status=0 response=0 ret=0
RADIO Wi-Fi RX type=1 id=15 seq=2493 len=10
RADIO Wi-Fi cmd=15 seq=2493 ack=1 status=0 response=0 ret=0
RADIO Wi-Fi RX type=1 id=15 seq=2494 len=10
RADIO Wi-Fi cmd=15 seq=2494 ack=1 status=0 response=0 ret=0
RADIO Wi-Fi RX type=1 id=15 seq=2495 len=10
RADIO Wi-Fi cmd=15 seq=2495 ack=1 status=0 response=0 ret=0
RADIO Wi-Fi RX type=1 id=15 seq=2496 len=10
RADIO Wi-Fi cmd=15 seq=2496 ack=1 status=0 response=0 ret=0
RADIO Wi-Fi RX type=1 id=15 seq=2497 len=10
RADIO Wi-Fi cmd=15 seq=2497 ack=1 status=0 response=0 ret=0
RADIO Wi-Fi RX type=1 id=15 seq=2498 len=10
RADIO Wi-Fi cmd=15 seq=2498 ack=1 status=0 response=0 ret=0
RADIO Wi-Fi RX type=1 id=15 seq=2499 len=10
RADIO Wi-Fi cmd=15 seq=2499 ack=1 status=0 response=0 ret=0
RADIO Wi-Fi RX type=1 id=15 seq=2500 len=10
RADIO Wi-Fi cmd=15 seq=2500 ack=1 status=0 response=0 ret=0
RADIO Wi-Fi RX type=1 id=15 seq=2501 len=10
RADIO Wi-Fi cmd=15 seq=2501 ack=1 status=0 response=0 ret=0
RADIO Wi-Fi RX type=1 id=15 seq=2502 len=10
RADIO Wi-Fi cmd=15 seq=2502 ack=1 status=0 response=0 ret=0
RADIO Wi-Fi RX type=1 id=15 seq=2503 len=10
RADIO Wi-Fi cmd=15 seq=2503 ack=1 status=0 response=0 ret=0
RADIO Wi-Fi RX type=1 id=15 seq=2504 len=10
RADIO Wi-Fi cmd=15 seq=2504 ack=1 status=0 response=0 ret=0
RADIO Wi-Fi RX type=1 id=15 seq=2505 len=10
RADIO Wi-Fi cmd=15 seq=2505 ack=1 status=0 response=0 ret=0
RADIO Wi-Fi RX type=1 id=15 seq=2506 len=10
RADIO Wi-Fi cmd=15 seq=2506 ack=1 status=0 response=0 ret=0
RADIO Wi-Fi RX type=1 id=15 seq=2507 len=10
RADIO Wi-Fi cmd=15 seq=2507 ack=1 status=0 response=0 ret=0
RADIO Wi-Fi RX type=1 id=15 seq=2508 len=10
RADIO Wi-Fi cmd=15 seq=2508 ack=1 status=0 response=0 ret=0
RADIO Wi-Fi RX type=1 id=15 seq=2509 len=10
RADIO Wi-Fi cmd=15 seq=2509 ack=1 status=0 response=0 ret=0
RADIO Wi-Fi RX type=1 id=15 seq=2510 len=10
RADIO Wi-Fi cmd=15 seq=2510 ack=1 status=0 response=0 ret=0
RADIO Wi-Fi RX type=1 id=15 seq=2511 len=10
RADIO Wi-Fi cmd=15 seq=2511 ack=1 status=0 response=0 ret=0
RADIO Wi-Fi RX type=1 id=15 seq=2512 len=10
RADIO Wi-Fi cmd=15 seq=2512 ack=1 status=0 response=0 ret=0
RADIO Wi-Fi RX type=1 id=15 seq=2513 len=10
RADIO Wi-Fi cmd=15 seq=2513 ack=1 status=0 response=0 ret=0
RADIO Wi-Fi RX type=1 id=15 seq=2514 len=10
RADIO Wi-Fi cmd=15 seq=2514 ack=1 status=0 response=0 ret=0
RADIO Wi-Fi RX type=1 id=15 seq=2515 len=10
RADIO Wi-Fi cmd=15 seq=2515 ack=1 status=0 response=0 ret=0
RADIO Wi-Fi RX type=1 id=15 seq=2516 len=10
RADIO Wi-Fi cmd=15 seq=2516 ack=1 status=0 response=0 ret=0
RADIO Wi-Fi RX type=1 id=15 seq=2517 len=10
RADIO Wi-Fi cmd=15 seq=2517 ack=1 status=0 response=0 ret=0
RADIO Wi-Fi RX type=1 id=15 seq=2518 len=10
RADIO Wi-Fi cmd=15 seq=2518 ack=1 status=0 response=0 ret=0
RADIO Wi-Fi RX type=1 id=15 seq=2519 len=10
RADIO Wi-Fi cmd=15 seq=2519 ack=1 status=0 response=0 ret=0
RADIO Wi-Fi RX type=1 id=15 seq=2520 len=10
RADIO Wi-Fi cmd=15 seq=2520 ack=1 status=0 response=0 ret=0
RADIO Wi-Fi RX type=1 id=15 seq=2521 len=10
RADIO Wi-Fi cmd=15 seq=2521 ack=1 status=0 response=0 ret=0
RADIO Wi-Fi RX type=1 id=15 seq=2522 len=10
RADIO Wi-Fi cmd=15 seq=2522 ack=1 status=0 response=0 ret=0
RADIO Wi-Fi RX type=1 id=15 seq=2523 len=10
RADIO Wi-Fi cmd=15 seq=2523 ack=1 status=0 response=0 ret=0
RADIO Wi-Fi RX type=1 id=15 seq=2524 len=10
RADIO Wi-Fi cmd=15 seq=2524 ack=1 status=0 response=0 ret=0
RADIO Wi-Fi RX type=1 id=15 seq=2525 len=10
RADIO Wi-Fi cmd=15 seq=2525 ack=1 status=0 response=0 ret=0
RADIO Wi-Fi RX type=1 id=15 seq=2526 len=10
RADIO Wi-Fi cmd=15 seq=2526 ack=1 status=0 response=0 ret=0
RADIO Wi-Fi RX type=1 id=15 seq=2527 len=10
RADIO Wi-Fi cmd=15 seq=2527 ack=1 status=0 response=0 ret=0
RADIO Wi-Fi RX type=1 id=15 seq=2528 len=10
RADIO Wi-Fi cmd=15 seq=2528 ack=1 status=0 response=0 ret=0
RADIO Wi-Fi RX type=1 id=15 seq=2529 len=10
RADIO Wi-Fi cmd=15 seq=2529 ack=1 status=0 response=0 ret=0
RADIO Wi-Fi RX type=1 id=15 seq=2530 len=10
RADIO Wi-Fi cmd=15 seq=2530 ack=1 status=0 response=0 ret=0
RADIO Wi-Fi RX type=1 id=15 seq=2531 len=10
RADIO Wi-Fi cmd=15 seq=2531 ack=1 status=0 response=0 ret=0
RADIO Wi-Fi RX type=1 id=15 seq=2532 len=10
RADIO Wi-Fi cmd=15 seq=2532 ack=1 status=0 response=0 ret=0
RADIO Wi-Fi RX type=1 id=15 seq=2533 len=10
RADIO Wi-Fi cmd=15 seq=2533 ack=1 status=0 response=0 ret=0
RADIO Wi-Fi RX type=1 id=15 seq=2534 len=10
RADIO Wi-Fi cmd=15 seq=2534 ack=1 status=0 response=0 ret=0
RADIO Wi-Fi RX type=1 id=15 seq=2535 len=10
RADIO Wi-Fi cmd=15 seq=2535 ack=1 status=0 response=0 ret=0
RADIO Wi-Fi RX type=1 id=15 seq=2536 len=10
RADIO Wi-Fi cmd=15 seq=2536 ack=1 status=0 response=0 ret=0
RADIO Wi-Fi RX type=1 id=15 seq=2537 len=10
RADIO Wi-Fi cmd=15 seq=2537 ack=1 status=0 response=0 ret=0
RADIO Wi-Fi RX type=1 id=15 seq=2538 len=10
RADIO Wi-Fi cmd=15 seq=2538 ack=1 status=0 response=0 ret=0
RADIO Wi-Fi RX type=1 id=15 seq=2539 len=10
RADIO Wi-Fi cmd=15 seq=2539 ack=1 status=0 response=0 ret=0
RADIO Wi-Fi RX type=1 id=15 seq=2540 len=10
RADIO Wi-Fi cmd=15 seq=2540 ack=1 status=0 response=0 ret=0
RADIO Wi-Fi RX type=1 id=15 seq=2541 len=10
RADIO Wi-Fi cmd=15 seq=2541 ack=1 status=0 response=0 ret=0
RADIO Wi-Fi RX type=1 id=15 seq=2542 len=10
RADIO Wi-Fi cmd=15 seq=2542 ack=1 status=0 response=0 ret=0
RADIO Wi-Fi RX type=1 id=15 seq=2543 len=10
RADIO Wi-Fi cmd=15 seq=2543 ack=1 status=0 response=0 ret=0
RADIO Wi-Fi RX type=1 id=15 seq=2544 len=10
RADIO Wi-Fi cmd=15 seq=2544 ack=1 status=0 response=0 ret=0
RADIO Wi-Fi RX type=1 id=15 seq=2545 len=10
RADIO Wi-Fi cmd=15 seq=2545 ack=1 status=0 response=0 ret=0
RADIO Wi-Fi RX type=1 id=15 seq=2546 len=10
RADIO Wi-Fi cmd=15 seq=2546 ack=1 status=0 response=0 ret=0
SOUND experiment clear=0 reset=0 clockwait20=0
SOUND slot_mask offset=3c value=00000000
SOUND slot_mask offset=40 value=00000000
SOUND slot_mask offset=44 value=00000000
SOUND slot_mask offset=48 value=00000000
SOUND slot_mask offset=4c value=00000000
SOUND slot_mask offset=50 value=00000000
SOUND slot_mask offset=54 value=00000000
SOUND slot249969
SOUND pio=0 frames=48000 polls=2291140 stop=0 held=0 max_fifo=4
SOUND grouped words=768000 mismatches=0
SOUND fifo first=00000000 last=00000000 TXCR=00400fff RXCR=00700fff FSCR=0101f03f CKR=00000018
SOUND trace start=2428249969 end=2431250025 started=1 count=32
RADIO Wi-Fi RX type=1 id=15 seq=2547 len=10
SOUND trace_init index=0 value=00000000 rc=0
RADIO Wi-Fi cmd=15 seq=2547 ack=1 status=0 response=0 ret=0
SOUND trace_init index=1 value=00000002 rc=0
SOUND trace_init index=2 value=00700fff rc=0
SOUND trace_init index=3 value=000000e4 rc=0
SOUND trace_init index=4 value=00000000 rc=0
SOUND trace_init index=5 value=0000000b rc=0
SOUND trace_word index=0 us=2428250051 before=00041041 word=00001500 after=00041040 rc=0,0,0
SOUND trace_word index=1 us=2428250053 before=00041040 word=00000000 after=00041040 rc=0,0,0
SOUND trace_word index=2 us=2428250054 before=00041040 word=00001500 after=00041000 rc=0,0,0
SOUND trace_word index=3 us=2428250056 before=00041000 word=00000000 after=00041000 rc=0,0,0
SOUND trace_word index=4 us=2428250058 before=00041000 word=00001500 after=00040000 rc=0,0,0
SOUND trace_word index=5 us=2428250060 before=00040000 word=00000000 after=00040000 rc=0,0,0
SOUND trace_word index=6 us=2428250061 before=00040000 word=0 word=00000000 after=00000000 rc=0,0,0
SOUND trace_word index= after=00041040 rc=0,0,0
RADIO Wi-Fi cmd=15 seq=2548 ack=1 stat=9 us=2428250083 before=00041040 word=00000000 after=00041040 rcx=10 us=2428250085 before=00041040 word=ffff6e00 after=00041000 rc=0,0,0
SOUND trace_word index=11 us=2428250086 before=00041000 word=ffff6e00 after=00040000 rc=0,0,0
SOUND trace_word index=ore=00040000 word=00000000 after=00040000 rc=0,0,0
SOUND trace_r=00000000 rc=0,0,0
SOUND trace_word index=15 us=2428250093 before=00000000 word=00000000 after=00000000 rc=0,0,0
SOUND trace_word index=16 us=2428250113 before=00041041 word=00008a00 after=00041040 rc=0,0,0
SOUND trace_word index=17 us=2428250115 before=00041040 word=00000000 after=00041040 rc=0,0,0
SOUND trace_word index=18 us=2428250117 before=00041040 word=00008a00 after=00041000 rc=0,0,0
SOUND trace_word index=19 us=2428250118 before=00041000 word=00000000 after=00041000 rc=0,0,0
SOUND trace_word index=20 us=2428250120 before=00041000 word=00008a00 after=00040000 rc=0,0,0
SOUND trace_word index=21 us=2428250121 before=00040000 word=00000000 after=00040000 rc=0,0,0
SOUND trace_word index=22 us=2428250123 before=00040000 word=00008a00 after=00000000 rc=0,0,0
SOUND trace_word index=23 us=2428250125 before=00000000 word=00000000 after=00000000 rc=0,0,0
SOUND trace_word index=24 us=2428250144 before=00041041 word=00005a00 after=00041040 rc=0,0,0
SOUND trace_word index=25 us=2428250146 before=00041040 word=00000000 after=00041040 rc=0,0,0
SOUND trace_word index=26 us=2428250148 before=00041040 word=00005a00 after=00041000 r00041000 word=00000000 after=00041000 rc=0,0,0
SOUND trace_wordord index=29 us=2428250153 before=00040000 word=00000000 after=02428250154 before=00040000 word=00005a00 after=00000000 rc=0,0,0156 before=00000000 word=00000000 after=00000000 rc=0,0,0
SOUND codec reg=00 value=36
SOUND codec reg=01 value=60
SOUND codec reg=02 value=00
SOUND codec reg=03 value=00
SOUND codec reg=04 value=0c
SOUND codec reg=05 value=00
SOUND codec reg=06 value=00
SOUND codec reg=07 value=7c
SOUND codec reg=08 value=00
SOUND codec reg=09 value=88
SOUND codec reg=0a value=f0
SOUND codec reg=0b value=82
SOUND codec reg=0c value=10
SOUND codec reg=0d value=02
SOUND codec reg=0f value=20
SOUND codec reg=17 value=20
SOUND codec reg=18 value=02
SOUND codec reg=19 value=06
SOUND codec reg=1a value=00
SOUND codec reg=1b value=00
SOUND codec reg=27 value=b8
SOUND codec reg=2a value=b8
SOUND codec reg=2b value=80
SOUND codec reg=30 value=21
SOUND codec reg=31 value=21
SOUND input pull=00005515 schmitt=000000ff path=000000e4 gpio_high=18881 transitions=2555 samples=50167
SOUND pad ticks=480011 max_gap=14 counter_hz=24000000 complete=1
SOUND pad channel=0 high=25024 changes=36825
SOUND pad channel=1 high=24794 changes=40960
SOUND pad channel=2 high=25086 changes=640
SOUND pad channel=3 high=18881 changes=2555
SOUND pcm left_m0 right_max=678279936 right_nonzero=48000
SOUND result=0 codec_stop=0 platform_restore=0 i2c_restore=0 amp_low=1
RADIO Wi-Fi RX type=1 id=15 seq=2549 len=10
RADIO Wi-Fi cmd=15 seq=2549 ack=1 status=0 response=0 ret=0
RADIO Wi-Fi RX type=1 id=15 seq=2550 len=10
RADIO Wi-Fi cmd=15 seq=2550 ack=1 status=0 response=0 ret=0
K7CLOUD asr result=0 frames_sent=150 completed=1
K7CLOUD chat answering
K7CLOUD prompt_started busy=1
RADIO Wi-Fi RX type=1 id=15 seq=2551 len=10
RADIO Wi-Fi cmd=15 seq=2551 ack=1 status=0 response=0 ret=0
RADIO Wi-Fi RX type=1 id=15 seq=2552 len=10
RADIO Wi-Fi cmd=15 seq=2552 ack=1 status=0 response=0 ret=0
RADIO Wi-Fi RX type=1 id=15 seq=2553 len=10
RADIO Wi-Fi cmd=15 seq=2553 ack=1 status=0 response=0 ret=0
RADIO Wi-Fi RX type=1 id=15 seq=2554 len=10
RADIO Wi-Fi cmd=15 seq=2554 ack=1 status=0 response=0 ret=0
RADIO Wi-Fi RX type=1 id=15 seq=2555 len=10
RADIO Wi-Fi cmd=15 seq=2555 ack=1 status=0 response=0 ret=0
RADIO Wi-Fi RX type=1 id=15 seq=2556 len=10
RADIO Wi-Fi cmd=15 seq=2556 ack=1 status=0 response=0 ret=0
RADIO Wi-Fi RX type=1 id=15 seq=2557 len=10
RADIO Wi-Fi cmd=15 seq=2557 ack=1 status=0 response=0 ret=0
RADIO Wi-Fi RX type=1 id=15 seq=2558 len=10
RADIO Wi-Fi cmd=15 seq=2558 ack=1 status=0 response=0 ret=0
RADIO Wi-Fi RX type=1 id=15 seq=2559 len=10
RADIO Wi-Fi cmd=15 seq=2559 ack=1 status=0 response=0 ret=0
RADIO Wi-Fi RX type=1 id=15 seq=2560 len=10
RADIO Wi-Fi cmd=15 seq=2560 ack=1 status=0 response=0 ret=0
RADIO Wi-Fi RX type=1 id=15 seq=2561 len=10
RADIO Wi-Fi cmd=15 seq=2561 ack=1 status=0 response=0 ret=0
RADIO Wi-Fi RX type=1 id=15 seq=2562 len=10
RADIO Wi-Fi cmd=15 seq=2562 ack=1 status=0 response=0 ret=0
RADIO Wi-Fi RX type=1 id=15 seq=2563 len=10
RADIO Wi-Fi cmd=15 seq=2563 ack=1 status=0 response=0 ret=0
RADIO Wi-Fi RX type=1 id=15 seq=2564 len=10
RADIO Wi-Fi cmd=15 seq=2564 ack=1 status=0 response=0 ret=0
RADIO Wi-Fi RX type=1 id=15 seq=2565 len=10
RADIO Wi-Fi cmd=15 seq=2565 ack=1 status=0 response=0 ret=0
RADIO Wi-Fi RX type=1 id=15 seq=2566 len=10
RADIO Wi-Fi cmd=15 seq=2566 ack=1 status=0 response=0 ret=0
RADIO Wi-Fi RX type=1 id=15 seq=2567 len=10
RADIO Wi-Fi cmd=15 seq=2567 ack=1 status=0 response=0 ret=0
RADIO Wi-Fi RX type=1 id=15 seq=2568 len=10
RADIO Wi-Fi cmd=15 seq=2568 ack=1 status=0 response=0 ret=0
RADIO Wi-Fi RX type=1 id=15 seq=2569 len=10
RADIO Wi-Fi cmd=15 seq=2569 ack=1 status=0 response=0 ret=0
RADIO Wi-Fi RX type=1 id=15 seq=2570 len=10
RADIO Wi-Fi cmd=15 seq=2570 ack=1 status=0 response=0 ret=0
RADIO Wi-Fi RX type=1 id=15 seq=2571 len=10
RADIO Wi-Fi cmd=15 seq=2571 ack=1 status=0 response=0 ret=0
RADIO Wi-Fi RX type=1 id=15 seq=2572 len=10
RADIO Wi-Fi cmd=15 seq=2572 ack=1 status=0 response=0 ret=0
RADIO Wi-Fi RX type=1 id=15 seq=2573 len=10
RADIO Wi-Fi cmd=15 seq=2573 ack=1 status=0 response=0 ret=0
RADIO Wi-Fi RX type=1 id=15 seq=2574 len=10
RADIO Wi-Fi cmd=15 seq=2574 ack=1 status=0 response=0 ret=0
RADIO Wi-Fi RX type=1 id=15 seq=2575 len=10
RADIO Wi-Fi cmd=15 seq=2575 ack=1 status=0 response=0 ret=0
RADIO Wi-Fi RX type=1 id=15 seq=2576 len=10
RADIO Wi-Fi cmd=15 seq=2576 ack=1 status=0 response=0 ret=0
RADIO Wi-Fi RX type=1 id=15 seq=2577 len=10
RADIO Wi-Fi cmd=15 seq=2577 ack=1 status=0 response=0 ret=0
RADIO Wi-Fi RX type=1 id=15 seq=2578 len=10
RADIO Wi-Fi cmd=15 seq=2578 ack=1 status=0 response=0 ret=0
RADIO Wi-Fi RX type=1 id=15 seq=2579 len=10
RADIO Wi-Fi cmd=15 seq=2579 ack=1 status=0 response=0 ret=0
RADIO Wi-Fi RX type=1 id=15 seq=2580 len=10
RADIO Wi-Fi cmd=15 seq=2580 ack=1 status=0 response=0 ret=0
RADIO Wi-Fi RX type=1 id=15 seq=2581 len=10
RADIO Wi-Fi cmd=15 seq=2581 ack=1 status=0 response=0 ret=0
RADIO Wi-Fi RX type=1 id=15 seq=2582 len=10
RADIO Wi-Fi cmd=15 seq=2582 ack=1 status=0 response=0 ret=0
RADIO Wi-Fi RX type=1 id=15 seq=2583 len=10
RADIO Wi-Fi cmd=15 seq=2583 ack=1 status=0 response=0 ret=0
RADIO Wi-Fi RX type=1 id=15 seq=2584 len=10
RADIO Wi-Fi cmd=15 seq=2584 ack=1 status=0 response=0 ret=0
RADIO Wi-Fi RX type=1 id=15 seq=2585 len=10
RADIO Wi-Fi cmd=15 seq=2585 ack=1 status=0 response=0 ret=0
RADIO Wi-Fi RX type=1 id=15 seq=2586 len=10
RADIO Wi-Fi cmd=15 seq=2586 ack=1 status=0 response=0 ret=0
RADIO Wi-Fi RX type=1 id=15 seq=2587 len=10
RADIO Wi-Fi cmd=15 seq=2587 ack=1 status=0 response=0 ret=0
RADIO Wi-Fi RX type=1 id=15 seq=2588 len=10
RADIO Wi-Fi cmd=15 seq=2588 ack=1 status=0 response=0 ret=0
RADIO Wi-Fi RX type=1 id=15 seq=2589 len=10
RADIO Wi-Fi cmd=15 seq=2589 ack=1 status=0 response=0 ret=0
RADIO Wi-Fi RX type=1 id=15 seq=2590 len=10
RADIO Wi-Fi cmd=15 seq=2590 ack=1 status=0 response=0 ret=0
RADIO Wi-Fi RX type=1 id=15 seq=2591 len=10
RADIO Wi-Fi cmd=15 seq=2591 ack=1 status=0 response=0 ret=0
RADIO Wi-Fi RX type=1 id=15 seq=2592 len=10
RADIO Wi-Fi cmd=15 seq=2592 ack=1 status=0 response=0 ret=0
RADIO Wi-Fi RX type=1 id=15 seq=2593 len=10
RADIO Wi-Fi cmd=15 seq=2593 ack=1 status=0 response=0 ret=0
RADIO Wi-Fi RX type=1 id=15 seq=2594 len=10
RADIO Wi-Fi cmd=15 seq=2594 ack=1 status=0 response=0 ret=0
RADIO Wi-Fi RX type=1 id=15 seq=2595 len=10
RADIO Wi-Fi cmd=15 seq=2595 ack=1 status=0 response=0 ret=0
RADIO Wi-Fi RX type=1 id=15 seq=2596 len=10
RADIO Wi-Fi cmd=15 seq=2596 ack=1 status=0 response=0 ret=0
RADIO Wi-Fi RX type=1 id=15 seq=2597 len=10
RADIO Wi-Fi cmd=15 seq=2597 ack=1 status=0 response=0 ret=0
RADIO Wi-Fi RX type=1 id=15 seq=2598 len=10
RADIO Wi-Fi cmd=15 seq=2598 ack=1 status=0 response=0 ret=0
RADIO Wi-Fi RX type=1 id=15 seq=2599 len=10
RADIO Wi-Fi cmd=15 seq=2599 ack=1 status=0 response=0 ret=0
RADIO Wi-Fi RX type=1 id=15 seq=2600 len=10
RADIO Wi-Fi cmd=15 seq=2600 ack=1 status=0 response=0 ret=0
RADIO Wi-Fi RX type=1 id=15 seq=2601 len=10
RADIO Wi-Fi cmd=15 seq=2601 ack=1 status=0 response=0 ret=0
RADIO Wi-Fi RX type=1 id=15 seq=2602 len=10
RADIO Wi-Fi cmd=15 seq=2602 ack=1 status=0 response=0 ret=0
RADIO Wi-Fi RX type=1 id=15 seq=2603 len=10
RADIO Wi-Fi cmd=15 seq=2603 ack=1 status=0 response=0 ret=0
RADIO Wi-Fi RX type=1 id=15 seq=2604 len=10
RADIO Wi-Fi cmd=15 seq=2604 ack=1 status=0 response=0 ret=0
RADIO Wi-Fi RX type=1 id=15 seq=2605 len=10
RADIO Wi-Fi cmd=15 seq=2605 ack=1 status=0 response=0 ret=0
RADIO Wi-Fi RX type=1 id=15 seq=2606 len=10
RADIO Wi-Fi cmd=15 seq=2606 ack=1 status=0 response=0 ret=0
RADIO Wi-Fi RX type=1 id=15 seq=2607 len=10
RADIO Wi-Fi cmd=15 seq=2607 ack=1 status=0 response=0 ret=0
RADIO Wi-Fi RX type=1 id=15 seq=2608 len=10
RADIO Wi-Fi cmd=15 seq=2608 ack=1 status=0 response=0 ret=0
RADIO Wi-Fi RX type=1 id=15 seq=2609 len=10
RADIO Wi-Fi cmd=15 seq=2609 ack=1 status=0 response=0 ret=0
RADIO Wi-Fi RX type=1 id=15 seq=2610 len=10
RADIO Wi-Fi cmd=15 seq=2610 ack=1 status=0 response=0 ret=0
RADIO Wi-Fi RX type=1 id=15 seq=2611 len=10
RADIO Wi-Fi cmd=15 seq=2611 ack=1 status=0 response=0 ret=0
RADIO Wi-Fi RX type=1 id=15 seq=2612 len=10
RADIO Wi-Fi cmd=15 seq=2612 ack=1 status=0 response=0 ret=0
RADIO Wi-Fi RX type=1 id=15 seq=2613 len=10
RADIO Wi-Fi cmd=15 seq=2613 ack=1 status=0 response=0 ret=0
RADIO Wi-Fi RX type=1 id=15 seq=2614 len=10
RADIO Wi-Fi cmd=15 seq=2614 ack=1 status=0 response=0 ret=0
RADIO Wi-Fi RX type=1 id=15 seq=2615 len=10
RADIO Wi-Fi cmd=15 seq=2615 ack=1 status=0 response=0 ret=0
RADIO Wi-Fi RX type=1 id=15 seq=2616 len=10
RADIO Wi-Fi cmd=15 seq=2616 ack=1 status=0 response=0 ret=0
RADIO Wi-Fi RX type=1 id=15 seq=2617 len=10
RADIO Wi-Fi cmd=15 seq=2617 ack=1 status=0 response=0 ret=0
RADIO Wi-Fi RX type=1 id=15 seq=2618 len=10
RADIO Wi-Fi cmd=15 seq=2618 ack=1 status=0 response=0 ret=0
RADIO Wi-Fi RX type=1 id=15 seq=2619 len=10
RADIO Wi-Fi cmd=15 seq=2619 ack=1 status=0 response=0 ret=0
RADIO Wi-Fi RX type=1 id=15 seq=2620 len=10
RADIO Wi-Fi cmd=15 seq=2620 ack=1 status=0 response=0 ret=0
RADIO Wi-Fi RX type=1 id=15 seq=2621 len=10
RADIO Wi-Fi cmd=15 seq=2621 ack=1 status=0 response=0 ret=0
RADIO Wi-Fi RX type=1 id=15 seq=2622 len=10
RADIO Wi-Fi cmd=15 seq=2622 ack=1 status=0 response=0 ret=0
AUDIO_IO reset12=00000000 gate11=00000000 gate12=00000000 gate18=00000000 mux=00000000 source=00000000
AUDIO_IO con=00060300 ien=00000000 gpio_version=010219c8 gpio_input=014d3050
SOUND platform_result=0 version=23073576 repair=fdffffff ack=00000001 idle=00000001
SOUND mclkout before=0000001f after=0000001d
RADIO Wi-Fi RX type=1 id=15 seq=2623 len=10
RADIO Wi-Fi cmd=15 seq=2623 ack=1 status=0 response=0 ret=0
SOUND codec_prepare=0 state=2
SOUND adc_variant=0 settle_ms=0
SOUND playback_gain_db=16 dac_attenuation_db=8 maximum=0
SOUND experiment clear=0 reset=0 clockwait20=0
SOUND slot_mask offset=3c value=00000000
SOUND slot_mask offset=40 value=00000000
SOUND slot_mask offset=44 va
SOUND slot_mask offset=4c value=00000000
SOUND slot_mask offse=0 max_fifo=16
SOUND fifo first=00104104 last=00000000 TXCR=00400fff RXCR=00700fff FSCR=0101f03f CKR=00000018
SOUND codec reg=00 value=36
SOUND codec reg=01 value=60
SOUND codec reg=02 value=00
SOUND codec reg=03 value=00
SOUND codec reg=04 value=0c
SOUND codec reg=05 value=00
SOSOUND codec reg=08 value=00
SOUND codec reg=09 value=44
SOUND 
SOUND codec reg=0b value=82
SOUND codec reg=0c value=10
SOUND codec reg=0d value=02
SOUND codec reg=0f value=24
SOUND codec reg=17 value=20
SOUND codec reg=18 value=02
SOUND codec reg=19 value=02
SOUND codec reg=1a value=10
SOUND codec reg=1b value=10
SOUND codec reg=27 value=b8
SOUND codec reg=2a value=b8
SOUND codec reg=2b value=80
SOUND codec reg=30 value=21
SOUND codec reg=31 value=21
SOUND input pull=00005515 schmitt=000000ff path=000000e4 gpio_high=50423 004 max_gap=35 counter_hz=24000000 complete=1
SOUND pad channel
SOUND pad channel=2 high=25279 changes=640
SOUND pad channel=3 high=50423 changes=0
SOUND result=0 codec_stop=0 platform_restore=0 i2c_restore=0 amp_low=1
K7CLOUD tts result=0 pcm_bytes=40960
K7CLOUD prompt_donRADIO Wi-Fi RX type=1 id=15 seq=2624 len=10
RADIO Wi-Fi cmd=15 seq=2624 ack=1 status=0 response=0 ret=0
K7CLOUD chat loop_done=0

