k7cloud chat-loop 10.3.1.125 1 &
k7cloud [92:100]
nsh> [KK7CLOUD chat listening round=1
RADIO Wi-Fi RX type=1 id=15 seq=1796 len=10
RADIO Wi-Fi cmd=15 seq=1796 ack=1 status=0 response=0 ret=0
RADIO Wi-Fi RX type=1 id=15 seq=1797 len=10
RADIO Wi-Fi cmd=15 seq=1797 ack=1 status=0 response=0 ret=0
RADIO Wi-Fi RX type=1 id=15 seq=1798 len=10
RADIO Wi-Fi cmd=15 seq=1798 ack=1 status=0 response=0 ret=0
RADIO Wi-Fi RX type=1 id=15 seq=1799 len=10
RADIO Wi-Fi cmd=15 seq=1799 ack=1 status=0 response=0 ret=0
AUDIO_IO reset12=00000000 gate11=00000000 gate12=00000000 gate18=00000000 mux=00000000 source=00000000
AUDIO_IO con=00060300 ien=00000000 gpio_version=010219c8 gpio_input=014d3050
SOUND platform_result=0 version=23073576 repair=fdffffff ack=00000001 idle=00000001
SOUND mclkout before=0000001f after=0000001d
RADIO Wi-Fi RX type=1 id=15 seq=1800 len=10
RADIO Wi-Fi cmd=15 seq=1800 ack=1 status=0 response=0 ret=0
SOUND codec_prepare=0 state=2
SOUND adc_variant=24 settle_ms=1000
SOUND playback_gain_db=24 dac_attenuation_db=0 maximum=1
RADIO Wi-Fi RX type=1 id=15 seq=1801 len=10
RADIO Wi-Fi cmd=15 seq=1801 ack=1 status=0 response=0 ret=0
RADIO Wi-Fi RX type=1 id=15 seq=1802 len=10
RADIO Wi-Fi cmd=15 seq=1802 ack=1 status=0 response=0 ret=0
RADIO Wi-Fi RX type=1 id=15 seq=1803 len=10
RADIO Wi-Fi cmd=15 seq=1803 ack=1 status=0 response=0 ret=0
RADIO Wi-Fi RX type=1 id=15 seq=1804 len=10
RADIO Wi-Fi cmd=15 seq=1804 ack=1 status=0 response=0 ret=0
RADIO Wi-Fi RX type=1 id=15 seq=1805 len=10
RADIO Wi-Fi cmd=15 seq=1805 ack=1 status=0 response=0 ret=0
RADIO Wi-Fi RX type=1 id=15 seq=1806 len=10
RADIO Wi-Fi cmd=15 seq=1806 ack=1 status=0 response=0 ret=0
RADIO Wi-Fi RX type=1 id=15 seq=1807 len=10
RADIO Wi-Fi cmd=15 seq=1807 ack=1 status=0 response=0 ret=0
RADIO Wi-Fi RX type=1 id=15 seq=1808 len=10
RADIO Wi-Fi cmd=15 seq=1808 ack=1 status=0 response=0 ret=0
RADIO Wi-Fi RX type=1 id=15 seq=1809 len=10
RADIO Wi-Fi cmd=15 seq=1809 ack=1 status=0 response=0 ret=0
RADIO Wi-Fi RX type=1 id=15 seq=1810 len=10
RADIO Wi-Fi cmd=15 seq=1810 ack=1 status=0 response=0 ret=0
RADIO Wi-Fi RX type=1 id=15 seq=1811 len=10
RADIO Wi-Fi cmd=15 seq=1811 ack=1 status=0 response=0 ret=0
RADIO Wi-Fi RX type=1 id=15 seq=1812 len=10
RADIO Wi-Fi cmd=15 seq=1812 ack=1 status=0 response=0 ret=0
RADIO Wi-Fi RX type=1 id=15 seq=1813 len=10
RADIO Wi-Fi cmd=15 seq=1813 ack=1 status=0 response=0 ret=0
RADIO Wi-Fi RX type=1 id=15 seq=1814 len=10
RADIO Wi-Fi cmd=15 seq=1814 ack=1 status=0 response=0 ret=0
RADIO Wi-Fi RX type=1 id=15 seq=1815 len=10
RADIO Wi-Fi cmd=15 seq=1815 ack=1 status=0 response=0 ret=0
RADIO Wi-Fi RX type=1 id=15 seq=1816 len=10
RADIO Wi-Fi cmd=15 seq=1816 ack=1 status=0 response=0 ret=0
RADIO Wi-Fi RX type=1 id=15 seq=1817 len=10
RADIO Wi-Fi cmd=15 seq=1817 ack=1 status=0 response=0 ret=0
RADIO Wi-Fi RX type=1 id=15 seq=1818 len=10
RADIO Wi-Fi cmd=15 seq=1818 ack=1 status=0 response=0 ret=0
RADIO Wi-Fi RX type=1 id=15 seq=1819 len=10
RADIO Wi-Fi cmd=15 seq=1819 ack=1 status=0 response=0 ret=0
RADIO Wi-Fi RX type=1 id=15 seq=1820 len=10
RADIO Wi-Fi cmd=15 seq=1820 ack=1 status=0 response=0 ret=0
RADIO Wi-Fi RX type=1 id=15 seq=1821 len=10
RADIO Wi-Fi cmd=15 seq=1821 ack=1 status=0 response=0 ret=0
RADIO Wi-Fi RX type=1 id=15 seq=1822 len=10
RADIO Wi-Fi cmd=15 seq=1822 ack=1 status=0 response=0 ret=0
RADIO Wi-Fi RX type=1 id=15 seq=1823 len=10
RADIO Wi-Fi cmd=15 seq=1823 ack=1 status=0 response=0 ret=0
RADIO Wi-Fi RX type=1 id=15 seq=1824 len=10
RADIO Wi-Fi cmd=15 seq=1824 ack=1 status=0 response=0 ret=0
RADIO Wi-Fi RX type=1 id=15 seq=1825 len=10
RADIO Wi-Fi cmd=15 seq=1825 ack=1 status=0 response=0 ret=0
RADIO Wi-Fi RX type=1 id=15 seq=1826 len=10
RADIO Wi-Fi cmd=15 seq=1826 ack=1 status=0 response=0 ret=0
RADIO Wi-Fi RX type=1 id=15 seq=1827 len=10
RADIO Wi-Fi cmd=15 seq=1827 ack=1 status=0 response=0 ret=0
RADIO Wi-Fi RX type=1 id=15 seq=1828 len=10
RADIO Wi-Fi cmd=15 seq=1828 ack=1 status=0 response=0 ret=0
RADIO Wi-Fi RX type=1 id=15 seq=1829 len=10
RADIO Wi-Fi cmd=15 seq=1829 ack=1 status=0 response=0 ret=0
RADIO Wi-Fi RX type=1 id=15 seq=1830 len=10
RADIO Wi-Fi cmd=15 seq=1830 ack=1 status=0 response=0 ret=0
RADIO Wi-Fi RX type=1 id=15 seq=1831 len=10
RADIO Wi-Fi cmd=15 seq=1831 ack=1 status=0 response=0 ret=0
RADIO Wi-Fi RX type=1 id=15 seq=1832 len=10
RADIO Wi-Fi cmd=15 seq=1832 ack=1 status=0 response=0 ret=0
RADIO Wi-Fi RX type=1 id=15 seq=1833 len=10
RADIO Wi-Fi cmd=15 seq=1833 ack=1 status=0 response=0 ret=0
RADIO Wi-Fi RX type=1 id=15 seq=1834 len=10
RADIO Wi-Fi cmd=15 seq=1834 ack=1 status=0 response=0 ret=0
RADIO Wi-Fi RX type=1 id=15 seq=1835 len=10
RADIO Wi-Fi cmd=15 seq=1835 ack=1 status=0 response=0 ret=0
RADIO Wi-Fi RX type=1 id=15 seq=1836 len=10
RADIO Wi-Fi cmd=15 seq=1836 ack=1 status=0 response=0 ret=0
RADIO Wi-Fi RX type=1 id=15 seq=1837 len=10
RADIO Wi-Fi cmd=15 seq=1837 ack=1 status=0 response=0 ret=0
RADIO Wi-Fi RX type=1 id=15 seq=1838 len=10
RADIO Wi-Fi cmd=15 seq=1838 ack=1 status=0 response=0 ret=0
RADIO Wi-Fi RX type=1 id=15 seq=1839 len=10
RADIO Wi-Fi cmd=15 seq=1839 ack=1 status=0 response=0 ret=0
RADIO Wi-Fi RX type=1 id=15 seq=1840 len=10
RADIO Wi-Fi cmd=15 seq=1840 ack=1 status=0 response=0 ret=0
RADIO Wi-Fi RX type=1 id=15 seq=1841 len=10
RADIO Wi-Fi cmd=15 seq=1841 ack=1 status=0 response=0 ret=0
RADIO Wi-Fi RX type=1 id=15 seq=1842 len=10
RADIO Wi-Fi cmd=15 seq=1842 ack=1 status=0 response=0 ret=0
RADIO Wi-Fi RX type=1 id=15 seq=1843 len=10
RADIO Wi-Fi cmd=15 seq=1843 ack=1 status=0 response=0 ret=0
RADIO Wi-Fi RX type=1 id=15 seq=1844 len=10
RADIO Wi-Fi cmd=15 seq=1844 ack=1 status=0 response=0 ret=0
RADIO Wi-Fi RX type=1 id=15 seq=1845 len=10
RADIO Wi-Fi cmd=15 seq=1845 ack=1 status=0 response=0 ret=0
RADIO Wi-Fi RX type=1 id=15 seq=1846 len=10
RADIO Wi-Fi cmd=15 seq=1846 ack=1 status=0 response=0 ret=0
RADIO Wi-Fi RX type=1 id=15 seq=1847 len=10
RADIO Wi-Fi cmd=15 seq=1847 ack=1 status=0 response=0 ret=0
RADIO Wi-Fi RX type=1 id=15 seq=1848 len=10
RADIO Wi-Fi cmd=15 seq=1848 ack=1 status=0 response=0 ret=0
RADIO Wi-Fi RX type=1 id=15 seq=1849 len=10
RADIO Wi-Fi cmd=15 seq=1849 ack=1 status=0 response=0 ret=0
RADIO Wi-Fi RX type=1 id=15 seq=1850 len=10
RADIO Wi-Fi cmd=15 seq=1850 ack=1 status=0 response=0 ret=0
RADIO Wi-Fi RX type=1 id=15 seq=1851 len=10
RADIO Wi-Fi cmd=15 seq=1851 ack=1 status=0 response=0 ret=0
RADIO Wi-Fi RX type=1 id=15 seq=1852 len=10
RADIO Wi-Fi cmd=15 seq=1852 ack=1 status=0 response=0 ret=0
RADIO Wi-Fi RX type=1 id=15 seq=1853 len=10
RADIO Wi-Fi cmd=15 seq=1853 ack=1 status=0 response=0 ret=0
RADIO Wi-Fi RX type=1 id=15 seq=1854 len=10
RADIO Wi-Fi cmd=15 seq=1854 ack=1 status=0 response=0 ret=0
RADIO Wi-Fi RX type=1 id=15 seq=1855 len=10
RADIO Wi-Fi cmd=15 seq=1855 ack=1 status=0 response=0 ret=0
RADIO Wi-Fi RX type=1 id=15 seq=1856 len=10
RADIO Wi-Fi cmd=15 seq=1856 ack=1 status=0 response=0 ret=0
RADIO Wi-Fi RX type=1 id=15 seq=1857 len=10
RADIO Wi-Fi cmd=15 seq=1857 ack=1 status=0 response=0 ret=0
RADIO Wi-Fi RX type=1 id=15 seq=1858 len=10
RADIO Wi-Fi cmd=15 seq=1858 ack=1 status=0 response=0 ret=0
RADIO Wi-Fi RX type=1 id=15 seq=1859 len=10
RADIO Wi-Fi cmd=15 seq=1859 ack=1 status=0 response=0 ret=0
RADIO Wi-Fi RX type=1 id=15 seq=1860 len=10
RADIO Wi-Fi cmd=15 seq=1860 ack=1 status=0 response=0 ret=0
RADIO Wi-Fi RX type=1 id=15 seq=1861 len=10
RADIO Wi-Fi cmd=15 seq=1861 ack=1 status=0 response=0 ret=0
RADIO Wi-Fi RX type=1 id=15 seq=1862 len=10
RADIO Wi-Fi cmd=15 seq=1862 ack=1 status=0 response=0 ret=0
RADIO Wi-Fi RX type=1 id=15 seq=1863 len=10
RADIO Wi-Fi cmd=15 seq=1863 ack=1 status=0 response=0 ret=0
RADIO Wi-Fi RX type=1 id=15 seq=1864 len=10
RADIO Wi-Fi cmd=15 seq=1864 ack=1 status=0 response=0 ret=0
RADIO Wi-Fi RX type=1 id=15 seq=1865 len=10
RADIO Wi-Fi cmd=15 seq=1865 ack=1 status=0 response=0 ret=0
RADIO Wi-Fi RX type=1 id=15 seq=1866 len=10
RADIO Wi-Fi cmd=15 seq=1866 ack=1 status=0 response=0 ret=0
RADIO Wi-Fi RX type=1 id=15 seq=1867 len=10
RADIO Wi-Fi cmd=15 seq=1867 ack=1 status=0 response=0 ret=0
RADIO Wi-Fi RX type=1 id=15 seq=1868 len=10
RADIO Wi-Fi cmd=15 seq=1868 ack=1 status=0 response=0 ret=0
RADIO Wi-Fi RX type=1 id=15 seq=1869 len=10
RADIO Wi-Fi cmd=15 seq=1869 ack=1 status=0 response=0 ret=0
RADIO Wi-Fi RX type=1 id=15 seq=1870 len=10
RADIO Wi-Fi cmd=15 seq=1870 ack=1 status=0 response=0 ret=0
RADIO Wi-Fi RX type=1 id=15 seq=1871 len=10
RADIO Wi-Fi cmd=15 seq=1871 ack=1 status=0 response=0 ret=0
RADIO Wi-Fi RX type=1 id=15 seq=1872 len=10
RADIO Wi-Fi cmd=15 seq=1872 ack=1 status=0 response=0 ret=0
RADIO Wi-Fi RX type=1 id=15 seq=1873 len=10
RADIO Wi-Fi cmd=15 seq=1873 ack=1 status=0 response=0 ret=0
RADIO Wi-Fi RX type=1 id=15 seq=1874 len=10
RADIO Wi-Fi cmd=15 seq=1874 ack=1 status=0 response=0 ret=0
RADIO Wi-Fi RX type=1 id=15 seq=1875 len=10
RADIO Wi-Fi cmd=15 seq=1875 ack=1 status=0 response=0 ret=0
RADIO Wi-Fi RX type=1 id=15 seq=1876 len=10
RADIO Wi-Fi cmd=15 seq=1876 ack=1 status=0 response=0 ret=0
RADIO Wi-Fi RX type=1 id=15 seq=1877 len=10
RADIO Wi-Fi cmd=15 seq=1877 ack=1 status=0 response=0 ret=0
RADIO Wi-Fi RX type=1 id=15 seq=1878 len=10
RADIO Wi-Fi cmd=15 seq=1878 ack=1 status=0 response=0 ret=0
RADIO Wi-Fi RX type=1 id=15 seq=1879 len=10
RADIO Wi-Fi cmd=15 seq=1879 ack=1 status=0 response=0 ret=0
RADIO Wi-Fi RX type=1 id=15 seq=1880 len=10
RADIO Wi-Fi cmd=15 seq=1880 ack=1 status=0 response=0 ret=0
RADIO Wi-Fi RX type=1 id=15 seq=1881 len=10
RADIO Wi-Fi cmd=15 seq=1881 ack=1 status=0 response=0 ret=0
RADIO Wi-Fi RX type=1 id=15 seq=1882 len=10
RADIO Wi-Fi cmd=15 seq=1882 ack=1 status=0 response=0 ret=0
RADIO Wi-Fi RX type=1 id=15 seq=1883 len=10
RADIO Wi-Fi cmd=15 seq=1883 ack=1 status=0 response=0 ret=0
RADIO Wi-Fi RX type=1 id=15 seq=1884 len=10
RADIO Wi-Fi cmd=15 seq=1884 ack=1 status=0 response=0 ret=0
RADIO Wi-Fi RX type=1 id=15 seq=1885 len=10
RADIO Wi-Fi cmd=15 seq=1885 ack=1 status=0 response=0 ret=0
RADIO Wi-Fi RX type=1 id=15 seq=1886 len=10
RADIO Wi-Fi cmd=15 seq=1886 ack=1 status=0 response=0 ret=0
RADIO Wi-Fi RX type=1 id=15 seq=1887 len=10
RADIO Wi-Fi cmd=15 seq=1887 ack=1 status=0 response=0 ret=0
RADIO Wi-Fi RX type=1 id=15 seq=1888 len=10
RADIO Wi-Fi cmd=15 seq=1888 ack=1 status=0 response=0 ret=0
RADIO Wi-Fi RX type=1 id=15 seq=1889 len=10
RADIO Wi-Fi cmd=15 seq=1889 ack=1 status=0 response=0 ret=0
RADIO Wi-Fi RX type=1 id=15 seq=1890 len=10
RADIO Wi-Fi cmd=15 seq=1890 ack=1 status=0 response=0 ret=0
RADIO Wi-Fi RX type=1 id=15 seq=1891 len=10
RADIO Wi-Fi cmd=15 seq=1891 ack=1 status=0 response=0 ret=0
RADIO Wi-Fi RX type=1 id=15 seq=1892 len=10
RADIO Wi-Fi cmd=15 seq=1892 ack=1 status=0 response=0 ret=0
RADIO Wi-Fi RX type=1 id=15 seq=1893 len=10
RADIO Wi-Fi cmd=15 seq=1893 ack=1 status=0 response=0 ret=0
RADIO Wi-Fi RX type=1 id=15 seq=1894 len=10
RADIO Wi-Fi cmd=15 seq=1894 ack=1 status=0 response=0 ret=0
RADIO Wi-Fi RX type=1 id=15 seq=1895 len=10
RADIO Wi-Fi cmd=15 seq=1895 ack=1 status=0 response=0 ret=0
RADIO Wi-Fi RX type=1 id=15 seq=1896 len=10
RADIO Wi-Fi cmd=15 seq=1896 ack=1 status=0 response=0 ret=0
RADIO Wi-Fi RX type=1 id=15 seq=1897 len=10
RADIO Wi-Fi cmd=15 seq=1897 ack=1 status=0 response=0 ret=0
RADIO Wi-Fi RX type=1 id=15 seq=1898 len=10
RADIO Wi-Fi cmd=15 seq=1898 ack=1 status=0 response=0 ret=0
RADIO Wi-Fi RX type=1 id=15 seq=1899 len=10
RADIO Wi-Fi cmd=15 seq=1899 ack=1 status=0 response=0 ret=0
RADIO Wi-Fi RX type=1 id=15 seq=1900 len=10
RADIO Wi-Fi cmd=15 seq=1900 ack=1 status=0 response=0 ret=0
RADIO Wi-Fi RX type=1 id=15 seq=1901 len=10
RADIO Wi-Fi cmd=15 seq=1901 ack=1 status=0 response=0 ret=0
RADIO Wi-Fi RX type=1 id=15 seq=1902 len=10
RADIO Wi-Fi cmd=15 seq=1902 ack=1 status=0 response=0 ret=0
RADIO Wi-Fi RX type=1 id=15 seq=1903 len=10
RADIO Wi-Fi cmd=15 seq=1903 ack=1 status=0 response=0 ret=0
RADIO Wi-Fi RX type=1 id=15 seq=1904 len=10
RADIO Wi-Fi cmd=15 seq=1904 ack=1 status=0 response=0 ret=0
RADIO Wi-Fi RX type=1 id=15 seq=1905 len=10
RADIO Wi-Fi cmd=15 seq=1905 ack=1 status=0 response=0 ret=0
RADIO Wi-Fi RX type=1 id=15 seq=1906 len=10
RADIO Wi-Fi cmd=15 seq=1906 ack=1 status=0 response=0 ret=0
RADIO Wi-Fi RX type=1 id=15 seq=1907 len=10
RADIO Wi-Fi cmd=15 seq=1907 ack=1 status=0 response=0 ret=0
RADIO Wi-Fi RX type=1 id=15 seq=1908 len=10
RADIO Wi-Fi cmd=15 seq=1908 ack=1 status=0 response=0 ret=0
RADIO Wi-Fi RX type=1 id=15 seq=1909 len=10
RADIO Wi-Fi cmd=15 seq=1909 ack=1 status=0 response=0 ret=0
RADIO Wi-Fi RX type=1 id=15 seq=1910 len=10
RADIO Wi-Fi cmd=15 seq=1910 ack=1 status=0 response=0 ret=0
RADIO Wi-Fi RX type=1 id=15 seq=1911 len=10
RADIO Wi-Fi cmd=15 seq=1911 ack=1 status=0 response=0 ret=0
RADIO Wi-Fi RX type=1 id=15 seq=1912 len=10
RADIO Wi-Fi cmd=15 seq=1912 ack=1 status=0 response=0 ret=0
RADIO Wi-Fi RX type=1 id=15 seq=1913 len=10
RADIO Wi-Fi cmd=15 seq=1913 ack=1 status=0 response=0 ret=0
RADIO Wi-Fi RX type=1 id=15 seq=1914 len=10
RADIO Wi-Fi cmd=15 seq=1914 ack=1 status=0 response=0 ret=0
RADIO Wi-Fi RX type=1 id=15 seq=1915 len=10
RADIO Wi-Fi cmd=15 seq=1915 ack=1 status=0 response=0 ret=0
RADIO Wi-Fi RX type=1 id=15 seq=1916 len=10
RADIO Wi-Fi cmd=15 seq=1916 ack=1 status=0 response=0 ret=0
RADIO Wi-Fi RX type=1 id=15 seq=1917 len=10
RADIO Wi-Fi cmd=15 seq=1917 ack=1 status=0 response=0 ret=0
RADIO Wi-Fi RX type=1 id=15 seq=1918 len=10
RADIO Wi-Fi cmd=15 seq=1918 ack=1 status=0 response=0 ret=0
RADIO Wi-Fi RX type=1 id=15 seq=1919 len=10
RADIO Wi-Fi cmd=15 seq=1919 ack=1 status=0 response=0 ret=0
RADIO Wi-Fi RX type=1 id=15 seq=1920 len=10
RADIO Wi-Fi cmd=15 seq=1920 ack=1 status=0 response=0 ret=0
RADIO Wi-Fi RX type=1 id=15 seq=1921 len=10
RADIO Wi-Fi cmd=15 seq=1921 ack=1 status=0 response=0 ret=0
RADIO Wi-Fi RX type=1 id=15 seq=1922 len=10
RADIO Wi-Fi cmd=15 seq=1922 ack=1 status=0 response=0 ret=0
RADIO Wi-Fi RX type=1 id=15 seq=1923 len=10
RADIO Wi-Fi cmd=15 seq=1923 ack=1 status=0 response=0 ret=0
RADIO Wi-Fi RX type=1 id=15 seq=1924 len=10
RADIO Wi-Fi cmd=15 seq=1924 ack=1 status=0 response=0 ret=0
RADIO Wi-Fi RX type=1 id=15 seq=1925 len=10
RADIO Wi-Fi cmd=15 seq=1925 ack=1 status=0 response=0 ret=0
RADIO Wi-Fi RX type=1 id=15 seq=1926 len=10
RADIO Wi-Fi cmd=15 seq=1926 ack=1 status=0 response=0 ret=0
RADIO Wi-Fi RX type=1 id=15 seq=1927 len=10
RADIO Wi-Fi cmd=15 seq=1927 ack=1 status=0 response=0 ret=0
RADIO Wi-Fi RX type=1 id=15 seq=1928 len=10
RADIO Wi-Fi cmd=15 seq=1928 ack=1 status=0 response=0 ret=0
RADIO Wi-Fi RX type=1 id=15 seq=1929 len=10
RADIO Wi-Fi cmd=15 seq=1929 ack=1 status=0 response=0 ret=0
RADIO Wi-Fi RX type=1 id=15 seq=1930 len=10
RADIO Wi-Fi cmd=15 seq=1930 ack=1 status=0 response=0 ret=0
RADIO Wi-Fi RX type=1 id=15 seq=1931 len=10
RADIO Wi-Fi cmd=15 seq=1931 ack=1 status=0 response=0 ret=0
RADIO Wi-Fi RX type=1 id=15 seq=1932 len=10
RADIO Wi-Fi cmd=15 seq=1932 ack=1 status=0 response=0 ret=0
RADIO Wi-Fi RX type=1 id=15 seq=1933 len=10
RADIO Wi-Fi cmd=15 seq=1933 ack=1 status=0 response=0 ret=0
RADIO Wi-Fi RX type=1 id=15 seq=1934 len=10
RADIO Wi-Fi cmd=15 seq=1934 ack=1 status=0 response=0 ret=0
RADIO Wi-Fi RX type=1 id=15 seq=1935 len=10
RADIO Wi-Fi cmd=15 seq=1935 ack=1 status=0 response=0 ret=0
RADIO Wi-Fi RX type=1 id=15 seq=1936 len=10
RADIO Wi-Fi cmd=15 seq=1936 ack=1 status=0 response=0 ret=0
RADIO Wi-Fi RX type=1 id=15 seq=1937 len=10
RADIO Wi-Fi cmd=15 seq=1937 ack=1 status=0 response=0 ret=0
RADIO Wi-Fi RX type=1 id=15 seq=1938 len=10
RADIO Wi-Fi cmd=15 seq=1938 ack=1 status=0 response=0 ret=0
RADIO Wi-Fi RX type=1 id=15 seq=1939 len=10
RADIO Wi-Fi cmd=15 seq=1939 ack=1 status=0 response=0 ret=0
RADIO Wi-Fi RX type=1 id=15 seq=1940 len=10
RADIO Wi-Fi cmd=15 seq=1940 ack=1 status=0 response=0 ret=0
RADIO Wi-Fi RX type=1 id=15 seq=1941 len=10
RADIO Wi-Fi cmd=15 seq=1941 ack=1 status=0 response=0 ret=0
RADIO Wi-Fi RX type=1 id=15 seq=1942 len=10
RADIO Wi-Fi cmd=15 seq=1942 ack=1 status=0 response=0 ret=0
RADIO Wi-Fi RX type=1 id=15 seq=1943 len=10
RADIO Wi-Fi cmd=15 seq=1943 ack=1 status=0 response=0 ret=0
RADIO Wi-Fi RX type=1 id=15 seq=1944 len=10
RADIO Wi-Fi cmd=15 seq=1944 ack=1 status=0 response=0 ret=0
RADIO Wi-Fi RX type=1 id=15 seq=1945 len=10
RADIO Wi-Fi cmd=15 seq=1945 ack=1 status=0 response=0 ret=0
RADIO Wi-Fi RX type=1 id=15 seq=1946 len=10
RADIO Wi-Fi cmd=15 seq=1946 ack=1 status=0 response=0 ret=0
RADIO Wi-Fi RX type=1 id=15 seq=1947 len=10
RADIO Wi-Fi cmd=15 seq=1947 ack=1 status=0 response=0 ret=0
RADIO Wi-Fi RX type=1 id=15 seq=1948 len=10
RADIO Wi-Fi cmd=15 seq=1948 ack=1 status=0 response=0 ret=0
RADIO Wi-Fi RX type=1 id=15 seq=1949 len=10
RADIO Wi-Fi cmd=15 seq=1949 ack=1 status=0 response=0 ret=0
RADIO Wi-Fi RX type=1 id=15 seq=1950 len=10
RADIO Wi-Fi cmd=15 seq=1950 ack=1 status=0 response=0 ret=0
RADIO Wi-Fi RX type=1 id=15 seq=1951 len=10
RADIO Wi-Fi cmd=15 seq=1951 ack=1 status=0 response=0 ret=0
RADIO Wi-Fi RX type=1 id=15 seq=1952 len=10
RADIO Wi-Fi cmd=15 seq=1952 ack=1 status=0 response=0 ret=0
RADIO Wi-Fi RX type=1 id=15 seq=1953 len=10
RADIO Wi-Fi cmd=15 seq=1953 ack=1 status=0 response=0 ret=0
RADIO Wi-Fi RX type=1 id=15 seq=1954 len=10
RADIO Wi-Fi cmd=15 seq=1954 ack=1 status=0 response=0 ret=0
RADIO Wi-Fi RX type=1 id=15 seq=1955 len=10
RADIO Wi-Fi cmd=15 seq=1955 ack=1 status=0 response=0 ret=0
RADIO Wi-Fi RX type=1 id=15 seq=1956 len=10
RADIO Wi-Fi cmd=15 seq=1956 ack=1 status=0 response=0 ret=0
RADIO Wi-Fi RX type=1 id=15 seq=1957 len=10
RADIO Wi-Fi cmd=15 seq=1957 ack=1 status=0 response=0 ret=0
RADIO Wi-Fi RX type=1 id=15 seq=1958 len=10
RADIO Wi-Fi cmd=15 seq=1958 ack=1 status=0 response=0 ret=0
RADIO Wi-Fi RX type=1 id=15 seq=1959 len=10
RADIO Wi-Fi cmd=15 seq=1959 ack=1 status=0 response=0 ret=0
RADIO Wi-Fi RX type=1 id=15 seq=1960 len=10
RADIO Wi-Fi cmd=15 seq=1960 ack=1 status=0 response=0 ret=0
RADIO Wi-Fi RX type=1 id=15 seq=1961 len=10
RADIO Wi-Fi cmd=15 seq=1961 ack=1 status=0 response=0 ret=0
RADIO Wi-Fi RX type=1 id=15 seq=1962 len=10
RADIO Wi-Fi cmd=15 seq=1962 ack=1 status=0 response=0 ret=0
RADIO Wi-Fi RX type=1 id=15 seq=1963 len=10
RADIO Wi-Fi cmd=15 seq=1963 ack=1 status=0 response=0 ret=0
RADIO Wi-Fi RX type=1 id=15 seq=1964 len=10
RADIO Wi-Fi cmd=15 seq=1964 ack=1 status=0 response=0 ret=0
RADIO Wi-Fi RX type=1 id=15 seq=1965 len=10
RADIO Wi-Fi cmd=15 seq=1965 ack=1 status=0 response=0 ret=0
RADIO Wi-Fi RX type=1 id=15 seq=1966 len=10
RADIO Wi-Fi cmd=15 seq=1966 ack=1 status=0 response=0 ret=0
RADIO Wi-Fi RX type=1 id=15 seq=1967 len=10
RADIO Wi-Fi cmd=15 seq=1967 ack=1 status=0 response=0 ret=0
RADIO Wi-Fi RX type=1 id=15 seq=1968 len=10
RADIO Wi-Fi cmd=15 seq=1968 ack=1 status=0 response=0 ret=0
RADIO Wi-Fi RX type=1 id=15 seq=1969 len=10
RADIO Wi-Fi cmd=15 seq=1969 ack=1 status=0 response=0 ret=0
RADIO Wi-Fi RX type=1 id=15 seq=1970 len=10
RADIO Wi-Fi cmd=15 seq=1970 ack=1 status=0 response=0 ret=0
RADIO Wi-Fi RX type=1 id=15 seq=1971 len=10
RADIO Wi-Fi cmd=15 seq=1971 ack=1 status=0 response=0 ret=0
RADIO Wi-Fi RX type=1 id=15 seq=1972 len=10
RADIO Wi-Fi cmd=15 seq=1972 ack=1 status=0 response=0 ret=0
RADIO Wi-Fi RX type=1 id=15 seq=1973 len=10
RADIO Wi-Fi cmd=15 seq=1973 ack=1 status=0 response=0 ret=0
RADIO Wi-Fi RX type=1 id=15 seq=1974 len=10
RADIO Wi-Fi cmd=15 seq=1974 ack=1 status=0 response=0 ret=0
RADIO Wi-Fi RX type=1 id=15 seq=1975 len=10
RADIO Wi-Fi cmd=15 seq=1975 ack=1 status=0 response=0 ret=0
RADIO Wi-Fi RX type=1 id=15 seq=1976 len=10
RADIO Wi-Fi cmd=15 seq=1976 ack=1 status=0 response=0 ret=0
RADIO Wi-Fi RX type=1 id=15 seq=1977 len=10
RADIO Wi-Fi cmd=15 seq=1977 ack=1 status=0 response=0 ret=0
RADIO Wi-Fi RX type=1 id=15 seq=1978 len=10
RADIO Wi-Fi cmd=15 seq=1978 ack=1 status=0 response=0 ret=0
RADIO Wi-Fi RX type=1 id=15 seq=1979 len=10
RADIO Wi-Fi cmd=15 seq=1979 ack=1 status=0 response=0 ret=0
RADIO Wi-Fi RX type=1 id=15 seq=1980 len=10
RADIO Wi-Fi cmd=15 seq=1980 ack=1 status=0 response=0 ret=0
RADIO Wi-Fi RX type=1 id=15 seq=1981 len=10
RADIO Wi-Fi cmd=15 seq=1981 ack=1 status=0 response=0 ret=0
RADIO Wi-Fi RX type=1 id=15 seq=1982 len=10
RADIO Wi-Fi cmd=15 seq=1982 ack=1 status=0 response=0 ret=0
RADIO Wi-Fi RX type=1 id=15 seq=1983 len=10
RADIO Wi-Fi cmd=15 seq=1983 ack=1 status=0 response=0 ret=0
RADIO Wi-Fi RX type=1 id=15 seq=1984 len=10
RADIO Wi-Fi cmd=15 seq=1984 ack=1 status=0 response=0 ret=0
RADIO Wi-Fi RX type=1 id=15 seq=1985 len=10
RADIO Wi-Fi cmd=15 seq=1985 ack=1 status=0 response=0 ret=0
RADIO Wi-Fi RX type=1 id=15 seq=1986 len=10
RADIO Wi-Fi cmd=15 seq=1986 ack=1 status=0 response=0 ret=0
RADIO Wi-Fi RX type=1 id=15 seq=1987 len=10
RADIO Wi-Fi cmd=15 seq=1987 ack=1 status=0 response=0 ret=0
RADIO Wi-Fi RX type=1 id=15 seq=1988 len=10
RADIO Wi-Fi cmd=15 seq=1988 ack=1 status=0 response=0 ret=0
RADIO Wi-Fi RX type=1 id=15 seq=1989 len=10
RADIO Wi-Fi cmd=15 seq=1989 ack=1 status=0 response=0 ret=0
RADIO Wi-Fi RX type=1 id=15 seq=1990 len=10
RADIO Wi-Fi cmd=15 seq=1990 ack=1 status=0 response=0 ret=0
RADIO Wi-Fi RX type=1 id=15 seq=1991 len=10
RADIO Wi-Fi cmd=15 seq=1991 ack=1 status=0 response=0 ret=0
RADIO Wi-Fi RX type=1 id=15 seq=1992 len=10
RADIO Wi-Fi cmd=15 seq=1992 ack=1 status=0 response=0 ret=0
RADIO Wi-Fi RX type=1 id=15 seq=1993 len=10
RADIO Wi-Fi cmd=15 seq=1993 ack=1 status=0 response=0 ret=0
RADIO Wi-Fi RX type=1 id=15 seq=1994 len=10
RADIO Wi-Fi cmd=15 seq=1994 ack=1 status=0 response=0 ret=0
RADIO Wi-Fi RX type=1 id=15 seq=1995 len=10
RADIO Wi-Fi cmd=15 seq=1995 ack=1 status=0 response=0 ret=0
RADIO Wi-Fi RX type=1 id=15 seq=1996 len=10
RADIO Wi-Fi cmd=15 seq=1996 ack=1 status=0 response=0 ret=0
RADIO Wi-Fi RX type=1 id=15 seq=1997 len=10
RADIO Wi-Fi cmd=15 seq=1997 ack=1 status=0 response=0 ret=0
RADIO Wi-Fi RX type=1 id=15 seq=1998 len=10
RADIO Wi-Fi cmd=15 seq=1998 ack=1 status=0 response=0 ret=0
RADIO Wi-Fi RX type=1 id=15 seq=1999 len=10
RADIO Wi-Fi cmd=15 seq=1999 ack=1 status=0 response=0 ret=0
RADIO Wi-Fi RX type=1 id=15 seq=2000 len=10
RADIO Wi-Fi cmd=15 seq=2000 ack=1 status=0 response=0 ret=0
RADIO Wi-Fi RX type=1 id=15 seq=2001 len=10
RADIO Wi-Fi cmd=15 seq=2001 ack=1 status=0 response=0 ret=0
RADIO Wi-Fi RX type=1 id=15 seq=2002 len=10
RADIO Wi-Fi cmd=15 seq=2002 ack=1 status=0 response=0 ret=0
RADIO Wi-Fi RX type=1 id=15 seq=2003 len=10
RADIO Wi-Fi cmd=15 seq=2003 ack=1 status=0 response=0 ret=0
RADIO Wi-Fi RX type=1 id=15 seq=2004 len=10
RADIO Wi-Fi cmd=15 seq=2004 ack=1 status=0 response=0 ret=0
RADIO Wi-Fi RX type=1 id=15 seq=2005 len=10
RADIO Wi-Fi cmd=15 seq=2005 ack=1 status=0 response=0 ret=0
RADIO Wi-Fi RX type=1 id=15 seq=2006 len=10
RADIO Wi-Fi cmd=15 seq=2006 ack=1 status=0 response=0 ret=0
RADIO Wi-Fi RX type=1 id=15 seq=2007 len=10
RADIO Wi-Fi cmd=15 seq=2007 ack=1 status=0 response=0 ret=0
RADIO Wi-Fi RX type=1 id=15 seq=2008 len=10
RADIO Wi-Fi cmd=15 seq=2008 ack=1 status=0 response=0 ret=0
RADIO Wi-Fi RX type=1 id=15 seq=2009 len=10
RADIO Wi-Fi cmd=15 seq=2009 ack=1 status=0 response=0 ret=0
RADIO Wi-Fi RX type=1 id=15 seq=2010 len=10
RADIO Wi-Fi cmd=15 seq=2010 ack=1 status=0 response=0 ret=0
RADIO Wi-Fi RX type=1 id=15 seq=2011 len=10
RADIO Wi-Fi cmd=15 seq=2011 ack=1 status=0 response=0 ret=0
RADIO Wi-Fi RX type=1 id=15 seq=2012 len=10
RADIO Wi-Fi cmd=15 seq=2012 ack=1 status=0 response=0 ret=0
RADIO Wi-Fi RX type=1 id=15 seq=2013 len=10
RADIO Wi-Fi cmd=15 seq=2013 ack=1 status=0 response=0 ret=0
RADIO Wi-Fi RX type=1 id=15 seq=2014 len=10
RADIO Wi-Fi cmd=15 seq=2014 ack=1 status=0 response=0 ret=0
RADIO Wi-Fi RX type=1 id=15 seq=2015 len=10
RADIO Wi-Fi cmd=15 seq=2015 ack=1 status=0 response=0 ret=0
RADIO Wi-Fi RX type=1 id=15 seq=2016 len=10
RADIO Wi-Fi cmd=15 seq=2016 ack=1 status=0 response=0 ret=0
RADIO Wi-Fi RX type=1 id=15 seq=2017 len=10
RADIO Wi-Fi cmd=15 seq=2017 ack=1 status=0 response=0 ret=0
RADIO Wi-Fi RX type=1 id=15 seq=2018 len=10
RADIO Wi-Fi cmd=15 seq=2018 ack=1 status=0 response=0 ret=0
RADIO Wi-Fi RX type=1 id=15 seq=2019 len=10
RADIO Wi-Fi cmd=15 seq=2019 ack=1 status=0 response=0 ret=0
RADIO Wi-Fi RX type=1 id=15 seq=2020 len=10
RADIO Wi-Fi cmd=15 seq=2020 ack=1 status=0 response=0 ret=0
SOUND experiment clear=0 reset=0 clockwait20=0
SOUND slot_mask offset=3c value=00000000
SOUND slot_mask offset=40 value=000000sk offset=48 value=00000000
SOUND slot_mask offset=4c value=0000 end_us=1604108279 capture_start_us=1604140971
SOUND pio=0 fraf CKR=00000018
SOUND trace start=1604140971 end=1607141027 star count=32
SOUND trace_init index=0 value=00000000 rc=0
SOUND tce_init index=3 value=000000e4 rc=0
SOUND trace_init index=4 va value=0000000b rc=0
RADIO Wi-Fi RX type=1 id=15 seq=2021 len=141052 before=00041041 word=fffaRADIO Wi-Fi cmd=15 seq=2021 ack=140 rc=0,0,0
SOUND trace_word index=2 us=1604141056 before=00041=0,0,0
SOUND trace_word index=3 us=1604141057 before=00041000 w index=4 us=1604141059 before=00041000 word=fffa6f00 after=00040 us=1604141062 before=00040000 word=fffa6f00 after=00000000 rc=0ord index=7 us=1604141064 before=00000000 word=00000000 after=00efore=00041041 word=00050400 after=00041040 rc=0,0,0
SOUND trac040 word=00050400 after=00041000 rc=0,0,0
SOUND trace_word inde89 before=00041000 word=00000000 after=00041000 rc=0,0,0
SOUND 50400 after=00040000 rc=0,0,0
SOUND trace_word index=13 us=1604rc=0,0,0
SOUND trace_word index=15 us=1604141095 before=0000000rd=00000000 after=00000000 rc=0,0,0
SOUND trace_word index=16 uefore=00041040 word=00000000 after=00041040 rc=0,0,0
SOUND trac8 before=00041040 word=fffacf00 after=00041000 rc=0,0,0
SOUND tfter=00041000 rc=0,0,0
SOUND trace_word index=20 us=1604141121 ord index=21 us=1604141123 before=00040000 word=00000000 after=00040000 rc=0,0,0
SOUND trace_word index=22 us=1604141125 before=00040000 word=fffacf00 after=00000000 rc=0,0,0
SOUND trace_word index=23 us=1604141126 before=00000000 word=00000000 after=00000000 rc=0,0,0
SOUND trace_word index=24 us=1604141146 before=00041041 word=00056d00 after=00041040 rc=0,0,0
SOUND trace_word index=25 us=1604141148 before=00041040 word=00000000 after=00041040 rc=0,0,0
SOUND trace_word index=26 us=1604141149 before=00041040 word=00056d00 after=00041000 rc=0,0,0
SOUND trace_word index=27 us=1604141151 before=00041000 word=00000000 after=00041000 rc=0,0,0
SOUND trace_word index=28 us=1604141153 before=00041d=00000000 after=00040000 rc=0,0,0
SOUND trace_word index=30 us reg=00 value=36
SOUND codec reg=01 value=60
SOUND codec reg=0c reg=08 value=00
SOUND codec reg=09 value=88
SOUND codec reg=ND codec reg=18 value=02
SOUND codec reg=19 value=06
SOUND cod=2a value=b8
SOUND codec reg=2b value=80
SOUND codec reg=30 vareg=31 value=21
SOUND input pull=00005515 schmitt=000000ff pathks=480004 max_gap=14 counter_hz=24000000 complete=1
SOUND pad cchanges=40960
SOUND pad channel=2 high=25042 changes=640
SOUND0 left_nonzero=48000 right_min=-728693248 right_max=995413504 riSOUND result=0 codec_stop=0 platform_restore=0 i2c_restore=0 amp_low=1
RADIO Wi-Fi RX type=1 id=15 seq=2022 len=10
RADIO Wi-Fi cmd=15 seq=2022 ack=1 status=0 response=0 ret=0
K7CLOUD asr result=0 frames_sent=150 completed=1
K7CLOUD chat answering
K7CLOUD prompt_started busy=1
RADIO Wi-Fi RX type=1 id=15 seq=2023 len=10
RADIO Wi-Fi cmd=15 seq=2023 ack=1 status=0 response=0 ret=0
RADIO Wi-Fi RX type=1 id=15 seq=2024 len=10
RADIO Wi-Fi cmd=15 seq=2024 ack=1 status=0 response=0 ret=0
RADIO Wi-Fi RX type=1 id=15 seq=2025 len=10
RADIO Wi-Fi cmd=15 seq=2025 ack=1 status=0 response=0 ret=0
RADIO Wi-Fi RX type=1 id=15 seq=2026 len=10
RADIO Wi-Fi cmd=15 seq=2026 ack=1 status=0 response=0 ret=0
RADIO Wi-Fi RX type=1 id=15 seq=2027 len=10
RADIO Wi-Fi cmd=15 seq=2027 ack=1 status=0 response=0 ret=0
RADIO Wi-Fi RX type=1 id=15 seq=2028 len=10
RADIO Wi-Fi cmd=15 seq=2028 ack=1 status=0 response=0 ret=0
K7CLOUD prompt_done result=0
RADIO Wi-Fi RX type=1 id=15 seq=2029 len=10
RADIO Wi-Fi cmd=15 seq=2029 ack=1 status=0 response=0 ret=0
RADIO Wi-Fi RX type=1 id=15 seq=2030 len=10
RADIO Wi-Fi cmd=15 seq=2030 ack=1 status=0 response=0 ret=0
RADIO Wi-Fi RX type=1 id=15 seq=2031 len=10
RADIO Wi-Fi cmd=15 seq=2031 ack=1 status=0 response=0 ret=0
K7CLOUD chat loop_done=0

