k7cloud chat-loop 10.3.1.125 1 &
k7cloud [88:100]
nsh> [KK7CLOUD chat listening round=1
RADIO Wi-Fi RX type=1 id=15 seq=1560 len=10
RADIO Wi-Fi cmd=15 seq=1560 ack=1 status=0 response=0 ret=0
RADIO Wi-Fi RX type=1 id=15 seq=1561 len=10
RADIO Wi-Fi cmd=15 seq=1561 ack=1 status=0 response=0 ret=0
RADIO Wi-Fi RX type=1 id=15 seq=1562 len=10
RADIO Wi-Fi cmd=15 seq=1562 ack=1 status=0 response=0 ret=0
AUDIO_IO reset12=00000000 gate11=00000000 gate12=00000000 gate18=00000000 mux=00000000 source=00000000
AUDIO_IO con=00060300 ieresult=0 version=23073576 repair=fdffffff ack=00000001 idle=0000nse=0 ret=0
SOUND codec_prepare=0 state=2
SOUND adc_variant=24 settle_ms=1000
SOUND playback_gain_db=24 dac_attenuation_db=0 maximum=1
RADIO Wi-Fi RX type=1 id=15 seq=1564 len=10
RADIO Wi-Fi cmd=15 seq=1564 ack=1 status=0 response=0 ret=0
RADIO Wi-Fi RX type=1 id=15 seq=1565 len=10
RADIO Wi-Fi cmd=15 seq=1565 ack=1 status=0 response=0 ret=0
RADIO Wi-Fi RX type=1 id=15 seq=1566 len=10
RADIO Wi-Fi cmd=15 seq=1566 ack=1 status=0 response=0 ret=0
RADIO Wi-Fi RX type=1 id=15 seq=1567 len=10
RADIO Wi-Fi cmd=15 seq=1567 ack=1 status=0 response=0 ret=0
RADIO Wi-Fi RX type=1 id=15 seq=1568 len=10
RADIO Wi-Fi cmd=15 seq=1568 ack=1 status=0 response=0 ret=0
RADIO Wi-Fi RX type=1 id=15 seq=1569 len=10
RADIO Wi-Fi cmd=15 seq=1569 ack=1 status=0 response=0 ret=0
RADIO Wi-Fi RX type=1 id=15 seq=1570 len=10
RADIO Wi-Fi cmd=15 seq=1570 ack=1 status=0 response=0 ret=0
RADIO Wi-Fi RX type=1 id=15 seq=1571 len=10
RADIO Wi-Fi cmd=15 seq=1571 ack=1 status=0 response=0 ret=0
RADIO Wi-Fi RX type=1 id=15 seq=1572 len=10
RADIO Wi-Fi cmd=15 seq=1572 ack=1 status=0 response=0 ret=0
RADIO Wi-Fi RX type=1 id=15 seq=1573 len=10
RADIO Wi-Fi cmd=15 seq=1573 ack=1 status=0 response=0 ret=0
RADIO Wi-Fi RX type=1 id=15 seq=1574 len=10
RADIO Wi-Fi cmd=15 seq=1574 ack=1 status=0 response=0 ret=0
RADIO Wi-Fi RX type=1 id=15 seq=1575 len=10
RADIO Wi-Fi cmd=15 seq=1575 ack=1 status=0 response=0 ret=0
RADIO Wi-Fi RX type=1 id=15 seq=1576 len=10
RADIO Wi-Fi cmd=15 seq=1576 ack=1 status=0 response=0 ret=0
RADIO Wi-Fi RX type=1 id=15 seq=1577 len=10
RADIO Wi-Fi cmd=15 seq=1577 ack=1 status=0 response=0 ret=0
RADIO Wi-Fi RX type=1 id=15 seq=1578 len=10
RADIO Wi-Fi cmd=15 seq=1578 ack=1 status=0 response=0 ret=0
RADIO Wi-Fi RX type=1 id=15 seq=1579 len=10
RADIO Wi-Fi cmd=15 seq=1579 ack=1 status=0 response=0 ret=0
RADIO Wi-Fi RX type=1 id=15 seq=1580 len=10
RADIO Wi-Fi cmd=15 seq=1580 ack=1 status=0 response=0 ret=0
RADIO Wi-Fi RX type=1 id=15 seq=1581 len=10
RADIO Wi-Fi cmd=15 seq=1581 ack=1 status=0 response=0 ret=0
RADIO Wi-Fi RX type=1 id=15 seq=1582 len=10
RADIO Wi-Fi cmd=15 seq=1582 ack=1 status=0 response=0 ret=0
RADIO Wi-Fi RX type=1 id=15 seq=1583 len=10
RADIO Wi-Fi cmd=15 seq=1583 ack=1 status=0 response=0 ret=0
RADIO Wi-Fi RX type=1 id=15 seq=1584 len=10
RADIO Wi-Fi cmd=15 seq=1584 ack=1 status=0 response=0 ret=0
RADIO Wi-Fi RX type=1 id=15 seq=1585 len=10
RADIO Wi-Fi cmd=15 seq=1585 ack=1 status=0 response=0 ret=0
RADIO Wi-Fi RX type=1 id=15 seq=1586 len=10
RADIO Wi-Fi cmd=15 seq=1586 ack=1 status=0 response=0 ret=0
RADIO Wi-Fi RX type=1 id=15 seq=1587 len=10
RADIO Wi-Fi cmd=15 seq=1587 ack=1 status=0 response=0 ret=0
RADIO Wi-Fi RX type=1 id=15 seq=1588 len=10
RADIO Wi-Fi cmd=15 seq=1588 ack=1 status=0 response=0 ret=0
RADIO Wi-Fi RX type=1 id=15 seq=1589 len=10
RADIO Wi-Fi cmd=15 seq=1589 ack=1 status=0 response=0 ret=0
RADIO Wi-Fi RX type=1 id=15 seq=1590 len=10
RADIO Wi-Fi cmd=15 seq=1590 ack=1 status=0 response=0 ret=0
RADIO Wi-Fi RX type=1 id=15 seq=1591 len=10
RADIO Wi-Fi cmd=15 seq=1591 ack=1 status=0 response=0 ret=0
RADIO Wi-Fi RX type=1 id=15 seq=1592 len=10
RADIO Wi-Fi cmd=15 seq=1592 ack=1 status=0 response=0 ret=0
RADIO Wi-Fi RX type=1 id=15 seq=1593 len=10
RADIO Wi-Fi cmd=15 seq=1593 ack=1 status=0 response=0 ret=0
RADIO Wi-Fi RX type=1 id=15 seq=1594 len=10
RADIO Wi-Fi cmd=15 seq=1594 ack=1 status=0 response=0 ret=0
RADIO Wi-Fi RX type=1 id=15 seq=1595 len=10
RADIO Wi-Fi cmd=15 seq=1595 ack=1 status=0 response=0 ret=0
RADIO Wi-Fi RX type=1 id=15 seq=1596 len=10
RADIO Wi-Fi cmd=15 seq=1596 ack=1 status=0 response=0 ret=0
RADIO Wi-Fi RX type=1 id=15 seq=1597 len=10
RADIO Wi-Fi cmd=15 seq=1597 ack=1 status=0 response=0 ret=0
RADIO Wi-Fi RX type=1 id=15 seq=1598 len=10
RADIO Wi-Fi cmd=15 seq=1598 ack=1 status=0 response=0 ret=0
RADIO Wi-Fi RX type=1 id=15 seq=1599 len=10
RADIO Wi-Fi cmd=15 seq=1599 ack=1 status=0 response=0 ret=0
RADIO Wi-Fi RX type=1 id=15 seq=1600 len=10
RADIO Wi-Fi cmd=15 seq=1600 ack=1 status=0 response=0 ret=0
RADIO Wi-Fi RX type=1 id=15 seq=1601 len=10
RADIO Wi-Fi cmd=15 seq=1601 ack=1 status=0 response=0 ret=0
RADIO Wi-Fi RX type=1 id=15 seq=1602 len=10
RADIO Wi-Fi cmd=15 seq=1602 ack=1 status=0 response=0 ret=0
RADIO Wi-Fi RX type=1 id=15 seq=1603 len=10
RADIO Wi-Fi cmd=15 seq=1603 ack=1 status=0 response=0 ret=0
RADIO Wi-Fi RX type=1 id=15 seq=1604 len=10
RADIO Wi-Fi cmd=15 seq=1604 ack=1 status=0 response=0 ret=0
RADIO Wi-Fi RX type=1 id=15 seq=1605 len=10
RADIO Wi-Fi cmd=15 seq=1605 ack=1 status=0 response=0 ret=0
RADIO Wi-Fi RX type=1 id=15 seq=1606 len=10
RADIO Wi-Fi cmd=15 seq=1606 ack=1 status=0 response=0 ret=0
RADIO Wi-Fi RX type=1 id=15 seq=1607 len=10
RADIO Wi-Fi cmd=15 seq=1607 ack=1 status=0 response=0 ret=0
RADIO Wi-Fi RX type=1 id=15 seq=1608 len=10
RADIO Wi-Fi cmd=15 seq=1608 ack=1 status=0 response=0 ret=0
RADIO Wi-Fi RX type=1 id=15 seq=1609 len=10
RADIO Wi-Fi cmd=15 seq=1609 ack=1 status=0 response=0 ret=0
RADIO Wi-Fi RX type=1 id=15 seq=1610 len=10
RADIO Wi-Fi cmd=15 seq=1610 ack=1 status=0 response=0 ret=0
RADIO Wi-Fi RX type=1 id=15 seq=1611 len=10
RADIO Wi-Fi cmd=15 seq=1611 ack=1 status=0 response=0 ret=0
RADIO Wi-Fi RX type=1 id=15 seq=1612 len=10
RADIO Wi-Fi cmd=15 seq=1612 ack=1 status=0 response=0 ret=0
RADIO Wi-Fi RX type=1 id=15 seq=1613 len=10
RADIO Wi-Fi cmd=15 seq=1613 ack=1 status=0 response=0 ret=0
RADIO Wi-Fi RX type=1 id=15 seq=1614 len=10
RADIO Wi-Fi cmd=15 seq=1614 ack=1 status=0 response=0 ret=0
RADIO Wi-Fi RX type=1 id=15 seq=1615 len=10
RADIO Wi-Fi cmd=15 seq=1615 ack=1 status=0 response=0 ret=0
RADIO Wi-Fi RX type=1 id=15 seq=1616 len=10
RADIO Wi-Fi cmd=15 seq=1616 ack=1 status=0 response=0 ret=0
RADIO Wi-Fi RX type=1 id=15 seq=1617 len=10
RADIO Wi-Fi cmd=15 seq=1617 ack=1 status=0 response=0 ret=0
RADIO Wi-Fi RX type=1 id=15 seq=1618 len=10
RADIO Wi-Fi cmd=15 seq=1618 ack=1 status=0 response=0 ret=0
RADIO Wi-Fi RX type=1 id=15 seq=1619 len=10
RADIO Wi-Fi cmd=15 seq=1619 ack=1 status=0 response=0 ret=0
RADIO Wi-Fi RX type=1 id=15 seq=1620 len=10
RADIO Wi-Fi cmd=15 seq=1620 ack=1 status=0 response=0 ret=0
RADIO Wi-Fi RX type=1 id=15 seq=1621 len=10
RADIO Wi-Fi cmd=15 seq=1621 ack=1 status=0 response=0 ret=0
RADIO Wi-Fi RX type=1 id=15 seq=1622 len=10
RADIO Wi-Fi cmd=15 seq=1622 ack=1 status=0 response=0 ret=0
RADIO Wi-Fi RX type=1 id=15 seq=1623 len=10
RADIO Wi-Fi cmd=15 seq=1623 ack=1 status=0 response=0 ret=0
RADIO Wi-Fi RX type=1 id=15 seq=1624 len=10
RADIO Wi-Fi cmd=15 seq=1624 ack=1 status=0 response=0 ret=0
RADIO Wi-Fi RX type=1 id=15 seq=1625 len=10
RADIO Wi-Fi cmd=15 seq=1625 ack=1 status=0 response=0 ret=0
RADIO Wi-Fi RX type=1 id=15 seq=1626 len=10
RADIO Wi-Fi cmd=15 seq=1626 ack=1 status=0 response=0 ret=0
RADIO Wi-Fi RX type=1 id=15 seq=1627 len=10
RADIO Wi-Fi cmd=15 seq=1627 ack=1 status=0 response=0 ret=0
RADIO Wi-Fi RX type=1 id=15 seq=1628 len=10
RADIO Wi-Fi cmd=15 seq=1628 ack=1 status=0 response=0 ret=0
RADIO Wi-Fi RX type=1 id=15 seq=1629 len=10
RADIO Wi-Fi cmd=15 seq=1629 ack=1 status=0 response=0 ret=0
RADIO Wi-Fi RX type=1 id=15 seq=1630 len=10
RADIO Wi-Fi cmd=15 seq=1630 ack=1 status=0 response=0 ret=0
RADIO Wi-Fi RX type=1 id=15 seq=1631 len=10
RADIO Wi-Fi cmd=15 seq=1631 ack=1 status=0 response=0 ret=0
RADIO Wi-Fi RX type=1 id=15 seq=1632 len=10
RADIO Wi-Fi cmd=15 seq=1632 ack=1 status=0 response=0 ret=0
RADIO Wi-Fi RX type=1 id=15 seq=1633 len=10
RADIO Wi-Fi cmd=15 seq=1633 ack=1 status=0 response=0 ret=0
RADIO Wi-Fi RX type=1 id=15 seq=1634 len=10
RADIO Wi-Fi cmd=15 seq=1634 ack=1 status=0 response=0 ret=0
RADIO Wi-Fi RX type=1 id=15 seq=1635 len=10
RADIO Wi-Fi cmd=15 seq=1635 ack=1 status=0 response=0 ret=0
RADIO Wi-Fi RX type=1 id=15 seq=1636 len=10
RADIO Wi-Fi cmd=15 seq=1636 ack=1 status=0 response=0 ret=0
RADIO Wi-Fi RX type=1 id=15 seq=1637 len=10
RADIO Wi-Fi cmd=15 seq=1637 ack=1 status=0 response=0 ret=0
RADIO Wi-Fi RX type=1 id=15 seq=1638 len=10
RADIO Wi-Fi cmd=15 seq=1638 ack=1 status=0 response=0 ret=0
RADIO Wi-Fi RX type=1 id=15 seq=1639 len=10
RADIO Wi-Fi cmd=15 seq=1639 ack=1 status=0 response=0 ret=0
RADIO Wi-Fi RX type=1 id=15 seq=1640 len=10
RADIO Wi-Fi cmd=15 seq=1640 ack=1 status=0 response=0 ret=0
RADIO Wi-Fi RX type=1 id=15 seq=1641 len=10
RADIO Wi-Fi cmd=15 seq=1641 ack=1 status=0 response=0 ret=0
RADIO Wi-Fi RX type=1 id=15 seq=1642 len=10
RADIO Wi-Fi cmd=15 seq=1642 ack=1 status=0 response=0 ret=0
RADIO Wi-Fi RX type=1 id=15 seq=1643 len=10
RADIO Wi-Fi cmd=15 seq=1643 ack=1 status=0 response=0 ret=0
RADIO Wi-Fi RX type=1 id=15 seq=1644 len=10
RADIO Wi-Fi cmd=15 seq=1644 ack=1 status=0 response=0 ret=0
RADIO Wi-Fi RX type=1 id=15 seq=1645 len=10
RADIO Wi-Fi cmd=15 seq=1645 ack=1 status=0 response=0 ret=0
RADIO Wi-Fi RX type=1 id=15 seq=1646 len=10
RADIO Wi-Fi cmd=15 seq=1646 ack=1 status=0 response=0 ret=0
RADIO Wi-Fi RX type=1 id=15 seq=1647 len=10
RADIO Wi-Fi cmd=15 seq=1647 ack=1 status=0 response=0 ret=0
RADIO Wi-Fi RX type=1 id=15 seq=1648 len=10
RADIO Wi-Fi cmd=15 seq=1648 ack=1 status=0 response=0 ret=0
RADIO Wi-Fi RX type=1 id=15 seq=1649 len=10
RADIO Wi-Fi cmd=15 seq=1649 ack=1 status=0 response=0 ret=0
RADIO Wi-Fi RX type=1 id=15 seq=1650 len=10
RADIO Wi-Fi cmd=15 seq=1650 ack=1 status=0 response=0 ret=0
RADIO Wi-Fi RX type=1 id=15 seq=1651 len=10
RADIO Wi-Fi cmd=15 seq=1651 ack=1 status=0 response=0 ret=0
RADIO Wi-Fi RX type=1 id=15 seq=1652 len=10
RADIO Wi-Fi cmd=15 seq=1652 ack=1 status=0 response=0 ret=0
RADIO Wi-Fi RX type=1 id=15 seq=1653 len=10
RADIO Wi-Fi cmd=15 seq=1653 ack=1 status=0 response=0 ret=0
RADIO Wi-Fi RX type=1 id=15 seq=1654 len=10
RADIO Wi-Fi cmd=15 seq=1654 ack=1 status=0 response=0 ret=0
RADIO Wi-Fi RX type=1 id=15 seq=1655 len=10
RADIO Wi-Fi cmd=15 seq=1655 ack=1 status=0 response=0 ret=0
RADIO Wi-Fi RX type=1 id=15 seq=1656 len=10
RADIO Wi-Fi cmd=15 seq=1656 ack=1 status=0 response=0 ret=0
RADIO Wi-Fi RX type=1 id=15 seq=1657 len=10
RADIO Wi-Fi cmd=15 seq=1657 ack=1 status=0 response=0 ret=0
RADIO Wi-Fi RX type=1 id=15 seq=1658 len=10
RADIO Wi-Fi cmd=15 seq=1658 ack=1 status=0 response=0 ret=0
RADIO Wi-Fi RX type=1 id=15 seq=1659 len=10
RADIO Wi-Fi cmd=15 seq=1659 ack=1 status=0 response=0 ret=0
RADIO Wi-Fi RX type=1 id=15 seq=1660 len=10
RADIO Wi-Fi cmd=15 seq=1660 ack=1 status=0 response=0 ret=0
RADIO Wi-Fi RX type=1 id=15 seq=1661 len=10
RADIO Wi-Fi cmd=15 seq=1661 ack=1 status=0 response=0 ret=0
RADIO Wi-Fi RX type=1 id=15 seq=1662 len=10
RADIO Wi-Fi cmd=15 seq=1662 ack=1 status=0 response=0 ret=0
RADIO Wi-Fi RX type=1 id=15 seq=1663 len=10
RADIO Wi-Fi cmd=15 seq=1663 ack=1 status=0 response=0 ret=0
RADIO Wi-Fi RX type=1 id=15 seq=1664 len=10
RADIO Wi-Fi cmd=15 seq=1664 ack=1 status=0 response=0 ret=0
RADIO Wi-Fi RX type=1 id=15 seq=1665 len=10
RADIO Wi-Fi cmd=15 seq=1665 ack=1 status=0 response=0 ret=0
RADIO Wi-Fi RX type=1 id=15 seq=1666 len=10
RADIO Wi-Fi cmd=15 seq=1666 ack=1 status=0 response=0 ret=0
RADIO Wi-Fi RX type=1 id=15 seq=1667 len=10
RADIO Wi-Fi cmd=15 seq=1667 ack=1 status=0 response=0 ret=0
RADIO Wi-Fi RX type=1 id=15 seq=1668 len=10
RADIO Wi-Fi cmd=15 seq=1668 ack=1 status=0 response=0 ret=0
RADIO Wi-Fi RX type=1 id=15 seq=1669 len=10
RADIO Wi-Fi cmd=15 seq=1669 ack=1 status=0 response=0 ret=0
RADIO Wi-Fi RX type=1 id=15 seq=1670 len=10
RADIO Wi-Fi cmd=15 seq=1670 ack=1 status=0 response=0 ret=0
RADIO Wi-Fi RX type=1 id=15 seq=1671 len=10
RADIO Wi-Fi cmd=15 seq=1671 ack=1 status=0 response=0 ret=0
RADIO Wi-Fi RX type=1 id=15 seq=1672 len=10
RADIO Wi-Fi cmd=15 seq=1672 ack=1 status=0 response=0 ret=0
RADIO Wi-Fi RX type=1 id=15 seq=1673 len=10
RADIO Wi-Fi cmd=15 seq=1673 ack=1 status=0 response=0 ret=0
RADIO Wi-Fi RX type=1 id=15 seq=1674 len=10
RADIO Wi-Fi cmd=15 seq=1674 ack=1 status=0 response=0 ret=0
RADIO Wi-Fi RX type=1 id=15 seq=1675 len=10
RADIO Wi-Fi cmd=15 seq=1675 ack=1 status=0 response=0 ret=0
RADIO Wi-Fi RX type=1 id=15 seq=1676 len=10
RADIO Wi-Fi cmd=15 seq=1676 ack=1 status=0 response=0 ret=0
RADIO Wi-Fi RX type=1 id=15 seq=1677 len=10
RADIO Wi-Fi cmd=15 seq=1677 ack=1 status=0 response=0 ret=0
RADIO Wi-Fi RX type=1 id=15 seq=1678 len=10
RADIO Wi-Fi cmd=15 seq=1678 ack=1 status=0 response=0 ret=0
RADIO Wi-Fi RX type=1 id=15 seq=1679 len=10
RADIO Wi-Fi cmd=15 seq=1679 ack=1 status=0 response=0 ret=0
RADIO Wi-Fi RX type=1 id=15 seq=1680 len=10
RADIO Wi-Fi cmd=15 seq=1680 ack=1 status=0 response=0 ret=0
RADIO Wi-Fi RX type=1 id=15 seq=1681 len=10
RADIO Wi-Fi cmd=15 seq=1681 ack=1 status=0 response=0 ret=0
RADIO Wi-Fi RX type=1 id=15 seq=1682 len=10
RADIO Wi-Fi cmd=15 seq=1682 ack=1 status=0 response=0 ret=0
RADIO Wi-Fi RX type=1 id=15 seq=1683 len=10
RADIO Wi-Fi cmd=15 seq=1683 ack=1 status=0 response=0 ret=0
RADIO Wi-Fi RX type=1 id=15 seq=1684 len=10
RADIO Wi-Fi cmd=15 seq=1684 ack=1 status=0 response=0 ret=0
RADIO Wi-Fi RX type=1 id=15 seq=1685 len=10
RADIO Wi-Fi cmd=15 seq=1685 ack=1 status=0 response=0 ret=0
RADIO Wi-Fi RX type=1 id=15 seq=1686 len=10
RADIO Wi-Fi cmd=15 seq=1686 ack=1 status=0 response=0 ret=0
RADIO Wi-Fi RX type=1 id=15 seq=1687 len=10
RADIO Wi-Fi cmd=15 seq=1687 ack=1 status=0 response=0 ret=0
RADIO Wi-Fi RX type=1 id=15 seq=1688 len=10
RADIO Wi-Fi cmd=15 seq=1688 ack=1 status=0 response=0 ret=0
RADIO Wi-Fi RX type=1 id=15 seq=1689 len=10
RADIO Wi-Fi cmd=15 seq=1689 ack=1 status=0 response=0 ret=0
RADIO Wi-Fi RX type=1 id=15 seq=1690 len=10
RADIO Wi-Fi cmd=15 seq=1690 ack=1 status=0 response=0 ret=0
RADIO Wi-Fi RX type=1 id=15 seq=1691 len=10
RADIO Wi-Fi cmd=15 seq=1691 ack=1 status=0 response=0 ret=0
RADIO Wi-Fi RX type=1 id=15 seq=1692 len=10
RADIO Wi-Fi cmd=15 seq=1692 ack=1 status=0 response=0 ret=0
RADIO Wi-Fi RX type=1 id=15 seq=1693 len=10
RADIO Wi-Fi cmd=15 seq=1693 ack=1 status=0 response=0 ret=0
RADIO Wi-Fi RX type=1 id=15 seq=1694 len=10
RADIO Wi-Fi cmd=15 seq=1694 ack=1 status=0 response=0 ret=0
RADIO Wi-Fi RX type=1 id=15 seq=1695 len=10
RADIO Wi-Fi cmd=15 seq=1695 ack=1 status=0 response=0 ret=0
RADIO Wi-Fi RX type=1 id=15 seq=1696 len=10
RADIO Wi-Fi cmd=15 seq=1696 ack=1 status=0 response=0 ret=0
RADIO Wi-Fi RX type=1 id=15 seq=1697 len=10
RADIO Wi-Fi cmd=15 seq=1697 ack=1 status=0 response=0 ret=0
RADIO Wi-Fi RX type=1 id=15 seq=1698 len=10
RADIO Wi-Fi cmd=15 seq=1698 ack=1 status=0 response=0 ret=0
RADIO Wi-Fi RX type=1 id=15 seq=1699 len=10
RADIO Wi-Fi cmd=15 seq=1699 ack=1 status=0 response=0 ret=0
RADIO Wi-Fi RX type=1 id=15 seq=1700 len=10
RADIO Wi-Fi cmd=15 seq=1700 ack=1 status=0 response=0 ret=0
RADIO Wi-Fi RX type=1 id=15 seq=1701 len=10
RADIO Wi-Fi cmd=15 seq=1701 ack=1 status=0 response=0 ret=0
RADIO Wi-Fi RX type=1 id=15 seq=1702 len=10
RADIO Wi-Fi cmd=15 seq=1702 ack=1 status=0 response=0 ret=0
RADIO Wi-Fi RX type=1 id=15 seq=1703 len=10
RADIO Wi-Fi cmd=15 seq=1703 ack=1 status=0 response=0 ret=0
RADIO Wi-Fi RX type=1 id=15 seq=1704 len=10
RADIO Wi-Fi cmd=15 seq=1704 ack=1 status=0 response=0 ret=0
RADIO Wi-Fi RX type=1 id=15 seq=1705 len=10
RADIO Wi-Fi cmd=15 seq=1705 ack=1 status=0 response=0 ret=0
RADIO Wi-Fi RX type=1 id=15 seq=1706 len=10
RADIO Wi-Fi cmd=15 seq=1706 ack=1 status=0 response=0 ret=0
RADIO Wi-Fi RX type=1 id=15 seq=1707 len=10
RADIO Wi-Fi cmd=15 seq=1707 ack=1 status=0 response=0 ret=0
RADIO Wi-Fi RX type=1 id=15 seq=1708 len=10
RADIO Wi-Fi cmd=15 seq=1708 ack=1 status=0 response=0 ret=0
RADIO Wi-Fi RX type=1 id=15 seq=1709 len=10
RADIO Wi-Fi cmd=15 seq=1709 ack=1 status=0 response=0 ret=0
RADIO Wi-Fi RX type=1 id=15 seq=1710 len=10
RADIO Wi-Fi cmd=15 seq=1710 ack=1 status=0 response=0 ret=0
RADIO Wi-Fi RX type=1 id=15 seq=1711 len=10
RADIO Wi-Fi cmd=15 seq=1711 ack=1 status=0 response=0 ret=0
RADIO Wi-Fi RX type=1 id=15 seq=1712 len=10
RADIO Wi-Fi cmd=15 seq=1712 ack=1 status=0 response=0 ret=0
RADIO Wi-Fi RX type=1 id=15 seq=1713 len=10
RADIO Wi-Fi cmd=15 seq=1713 ack=1 status=0 response=0 ret=0
RADIO Wi-Fi RX type=1 id=15 seq=1714 len=10
RADIO Wi-Fi cmd=15 seq=1714 ack=1 status=0 response=0 ret=0
RADIO Wi-Fi RX type=1 id=15 seq=1715 len=10
RADIO Wi-Fi cmd=15 seq=1715 ack=1 status=0 response=0 ret=0
RADIO Wi-Fi RX type=1 id=15 seq=1716 len=10
RADIO Wi-Fi cmd=15 seq=1716 ack=1 status=0 response=0 ret=0
RADIO Wi-Fi RX type=1 id=15 seq=1717 len=10
RADIO Wi-Fi cmd=15 seq=1717 ack=1 status=0 response=0 ret=0
RADIO Wi-Fi RX type=1 id=15 seq=1718 len=10
RADIO Wi-Fi cmd=15 seq=1718 ack=1 status=0 response=0 ret=0
RADIO Wi-Fi RX type=1 id=15 seq=1719 len=10
RADIO Wi-Fi cmd=15 seq=1719 ack=1 status=0 response=0 ret=0
RADIO Wi-Fi RX type=1 id=15 seq=1720 len=10
RADIO Wi-Fi cmd=15 seq=1720 ack=1 status=0 response=0 ret=0
RADIO Wi-Fi RX type=1 id=15 seq=1721 len=10
RADIO Wi-Fi cmd=15 seq=1721 ack=1 status=0 response=0 ret=0
RADIO Wi-Fi RX type=1 id=15 seq=1722 len=10
RADIO Wi-Fi cmd=15 seq=1722 ack=1 status=0 response=0 ret=0
RADIO Wi-Fi RX type=1 id=15 seq=1723 len=10
RADIO Wi-Fi cmd=15 seq=1723 ack=1 status=0 response=0 ret=0
RADIO Wi-Fi RX type=1 id=15 seq=1724 len=10
RADIO Wi-Fi cmd=15 seq=1724 ack=1 status=0 response=0 ret=0
RADIO Wi-Fi RX type=1 id=15 seq=1725 len=10
RADIO Wi-Fi cmd=15 seq=1725 ack=1 status=0 response=0 ret=0
RADIO Wi-Fi RX type=1 id=15 seq=1726 len=10
RADIO Wi-Fi cmd=15 seq=1726 ack=1 status=0 response=0 ret=0
RADIO Wi-Fi RX type=1 id=15 seq=1727 len=10
RADIO Wi-Fi cmd=15 seq=1727 ack=1 status=0 response=0 ret=0
RADIO Wi-Fi RX type=1 id=15 seq=1728 len=10
RADIO Wi-Fi cmd=15 seq=1728 ack=1 status=0 response=0 ret=0
RADIO Wi-Fi RX type=1 id=15 seq=1729 len=10
RADIO Wi-Fi cmd=15 seq=1729 ack=1 status=0 response=0 ret=0
RADIO Wi-Fi RX type=1 id=15 seq=1730 len=10
RADIO Wi-Fi cmd=15 seq=1730 ack=1 status=0 response=0 ret=0
RADIO Wi-Fi RX type=1 id=15 seq=1731 len=10
RADIO Wi-Fi cmd=15 seq=1731 ack=1 status=0 response=0 ret=0
RADIO Wi-Fi RX type=1 id=15 seq=1732 len=10
RADIO Wi-Fi cmd=15 seq=1732 ack=1 status=0 response=0 ret=0
RADIO Wi-Fi RX type=1 id=15 seq=1733 len=10
RADIO Wi-Fi cmd=15 seq=1733 ack=1 status=0 response=0 ret=0
RADIO Wi-Fi RX type=1 id=15 seq=1734 len=10
RADIO Wi-Fi cmd=15 seq=1734 ack=1 status=0 response=0 ret=0
RADIO Wi-Fi RX type=1 id=15 seq=1735 len=10
RADIO Wi-Fi cmd=15 seq=1735 ack=1 status=0 response=0 ret=0
RADIO Wi-Fi RX type=1 id=15 seq=1736 len=10
RADIO Wi-Fi cmd=15 seq=1736 ack=1 status=0 response=0 ret=0
RADIO Wi-Fi RX type=1 id=15 seq=1737 len=10
RADIO Wi-Fi cmd=15 seq=1737 ack=1 status=0 response=0 ret=0
RADIO Wi-Fi RX type=1 id=15 seq=1738 len=10
RADIO Wi-Fi cmd=15 seq=1738 ack=1 status=0 response=0 ret=0
RADIO Wi-Fi RX type=1 id=15 seq=1739 len=10
RADIO Wi-Fi cmd=15 seq=1739 ack=1 status=0 response=0 ret=0
RADIO Wi-Fi RX type=1 id=15 seq=1740 len=10
RADIO Wi-Fi cmd=15 seq=1740 ack=1 status=0 response=0 ret=0
RADIO Wi-Fi RX type=1 id=15 seq=1741 len=10
RADIO Wi-Fi cmd=15 seq=1741 ack=1 status=0 response=0 ret=0
RADIO Wi-Fi RX type=1 id=15 seq=1742 len=10
RADIO Wi-Fi cmd=15 seq=1742 ack=1 status=0 response=0 ret=0
RADIO Wi-Fi RX type=1 id=15 seq=1743 len=10
RADIO Wi-Fi cmd=15 seq=1743 ack=1 status=0 response=0 ret=0
RADIO Wi-Fi RX type=1 id=15 seq=1744 len=10
RADIO Wi-Fi cmd=15 seq=1744 ack=1 status=0 response=0 ret=0
RADIO Wi-Fi RX type=1 id=15 seq=1745 len=10
RADIO Wi-Fi cmd=15 seq=1745 ack=1 status=0 response=0 ret=0
RADIO Wi-Fi RX type=1 id=15 seq=1746 len=10
RADIO Wi-Fi cmd=15 seq=1746 ack=1 status=0 response=0 ret=0
RADIO Wi-Fi RX type=1 id=15 seq=1747 len=10
RADIO Wi-Fi cmd=15 seq=1747 ack=1 status=0 response=0 ret=0
RADIO Wi-Fi RX type=1 id=15 seq=1748 len=10
RADIO Wi-Fi cmd=15 seq=1748 ack=1 status=0 response=0 ret=0
RADIO Wi-Fi RX type=1 id=15 seq=1749 len=10
RADIO Wi-Fi cmd=15 seq=1749 ack=1 status=0 response=0 ret=0
RADIO Wi-Fi RX type=1 id=15 seq=1750 len=10
RADIO Wi-Fi cmd=15 seq=1750 ack=1 status=0 response=0 ret=0
RADIO Wi-Fi RX type=1 id=15 seq=1751 len=10
RADIO Wi-Fi cmd=15 seq=1751 ack=1 status=0 response=0 ret=0
RADIO Wi-Fi RX type=1 id=15 seq=1752 len=10
RADIO Wi-Fi cmd=15 seq=1752 ack=1 status=0 response=0 ret=0
RADIO Wi-Fi RX type=1 id=15 seq=1753 len=10
RADIO Wi-Fi cmd=15 seq=1753 ack=1 status=0 response=0 ret=0
RADIO Wi-Fi RX type=1 id=15 seq=1754 len=10
RADIO Wi-Fi cmd=15 seq=1754 ack=1 status=0 response=0 ret=0
RADIO Wi-Fi RX type=1 id=15 seq=1755 len=10
RADIO Wi-Fi cmd=15 seq=1755 ack=1 status=0 response=0 ret=0
RADIO Wi-Fi RX type=1 id=15 seq=1756 len=10
RADIO Wi-Fi cmd=15 seq=1756 ack=1 status=0 response=0 ret=0
RADIO Wi-Fi RX type=1 id=15 seq=1757 len=10
RADIO Wi-Fi cmd=15 seq=1757 ack=1 status=0 response=0 ret=0
RADIO Wi-Fi RX type=1 id=15 seq=1758 len=10
RADIO Wi-Fi cmd=15 seq=1758 ack=1 status=0 response=0 ret=0
RADIO Wi-Fi RX type=1 id=15 seq=1759 len=10
RADIO Wi-Fi cmd=15 seq=1759 ack=1 status=0 response=0 ret=0
RADIO Wi-Fi RX type=1 id=15 seq=1760 len=10
RADIO Wi-Fi cmd=15 seq=1760 ack=1 status=0 response=0 ret=0
RADIO Wi-Fi RX type=1 id=15 seq=1761 len=10
RADIO Wi-Fi cmd=15 seq=1761 ack=1 status=0 response=0 ret=0
RADIO Wi-Fi RX type=1 id=15 seq=1762 len=10
RADIO Wi-Fi cmd=15 seq=1762 ack=1 status=0 response=0 ret=0
RADIO Wi-Fi RX type=1 id=15 seq=1763 len=10
RADIO Wi-Fi cmd=15 seq=1763 ack=1 status=0 response=0 ret=0
RADIO Wi-Fi RX type=1 id=15 seq=1764 len=10
RADIO Wi-Fi cmd=15 seq=1764 ack=1 status=0 response=0 ret=0
RADIO Wi-Fi RX type=1 id=15 seq=1765 len=10
RADIO Wi-Fi cmd=15 seq=1765 ack=1 status=0 response=0 ret=0
RADIO Wi-Fi RX type=1 id=15 seq=1766 len=10
RADIO Wi-Fi cmd=15 seq=1766 ack=1 status=0 response=0 ret=0
RADIO Wi-Fi RX type=1 id=15 seq=1767 len=10
RADIO Wi-Fi cmd=15 seq=1767 ack=1 status=0 response=0 ret=0
RADIO Wi-Fi RX type=1 id=15 seq=1768 len=10
RADIO Wi-Fi cmd=15 seq=1768 ack=1 status=0 response=0 ret=0
RADIO Wi-Fi RX type=1 id=15 seq=1769 len=10
RADIO Wi-Fi cmd=15 seq=1769 ack=1 status=0 response=0 ret=0
RADIO Wi-Fi RX type=1 id=15 seq=1770 len=10
RADIO Wi-Fi cmd=15 seq=1770 ack=1 status=0 response=0 ret=0
RADIO Wi-Fi RX type=1 id=15 seq=1771 len=10
RADIO Wi-Fi cmd=15 seq=1771 ack=1 status=0 response=0 ret=0
RADIO Wi-Fi RX type=1 id=15 seq=1772 len=10
RADIO Wi-Fi cmd=15 seq=1772 ack=1 status=0 response=0 ret=0
RADIO Wi-Fi RX type=1 id=15 seq=1773 len=10
RADIO Wi-Fi cmd=15 seq=1773 ack=1 status=0 response=0 ret=0
RADIO Wi-Fi RX type=1 id=15 seq=1774 len=10
RADIO Wi-Fi cmd=15 seq=1774 ack=1 status=0 response=0 ret=0
RADIO Wi-Fi RX type=1 id=15 seq=1775 len=10
RADIO Wi-Fi cmd=15 seq=1775 ack=1 status=0 response=0 ret=0
RADIO Wi-Fi RX type=1 id=15 seq=1776 len=10
RADIO Wi-Fi cmd=15 seq=1776 ack=1 status=0 response=0 ret=0
RADIO Wi-Fi RX type=1 id=15 seq=1777 len=10
RADIO Wi-Fi cmd=15 seq=1777 ack=1 status=0 response=0 ret=0
RADIO Wi-Fi RX type=1 id=15 seq=1778 len=10
RADIO Wi-Fi cmd=15 seq=1778 ack=1 status=0 response=0 ret=0
RADIO Wi-Fi RX type=1 id=15 seq=1779 len=10
RADIO Wi-Fi cmd=15 seq=1779 ack=1 status=0 response=0 ret=0
RADIO Wi-Fi RX type=1 id=15 seq=1780 len=10
RADIO Wi-Fi cmd=15 seq=1780 ack=1 status=0 response=0 ret=0
RADIO Wi-Fi RX type=1 id=15 seq=1781 len=10
RADIO Wi-Fi cmd=15 seq=1781 ack=1 status=0 response=0 ret=0
RADIO Wi-Fi RX type=1 id=15 seq=1782 len=10
RADIO Wi-Fi cmd=15 seq=1782 ack=1 status=0 response=0 ret=0
RADIO Wi-Fi RX type=1 id=15 seq=1783 len=10
RADIO Wi-Fi cmd=15 seq=1783 ack=1 status=0 response=0 ret=0
SOUND experiment clear=0 reset=0 clockwait20=0
SOUND slot_mask offset=3c value=00000000
SOUND slot_mask offset=40 value=000000et=48 value=00000000
SOUND slot_mask offset=4c value=00000000
rames=3200 stop=0 held=0 end_us=1522189278 capture_start_us=15229
SOUND pio=0 frames=48000 polls=2291171 stop=0 held=0 max_fifo0fff RXCR=00700fff FSCR=0101f03f CKR=00000018
SOUND trace startnt=32
RADIO Wi-Fi RX type=1 id=15 seq=1784 len=10
SOUND trace_4 ack=1 status=0 response=0 ret=0
SOUND trace_init index=1 valu3 value=000000e4 rc=0
SOUND trace_init index=4 value=00000000 rord index=0 us=1522222052 before=00041041 word=0003eb00 after=00055 before=00041040 word=0003eb00 after=00041000 rc=0,0,0
SOUND trace_word index=3 us=1522222057 before=00041000 word=00000000 b00 after=00040000 rc=0,0,0
SOUND trace_word index=5 us=1522222040000 rc=0,0,0
SOUND trace_word index=6 us=1522222062 before=00000 rc=0,0,0
SOUND trace_word index=7 us=1522222064 before=000ce_word index=9 us=1522222085 before=00041040 word=00000000 afteafter=00040000 rc=0,0,0
SOUND trace_word index=13 us=1522222091 us=1522222093 before=00040000 word=fffb6c00 after=00000000 rc=0=00000000 rc=0,0,0
SOUND trace_word index=16 us=1522222115 befo Wi-Fi RX type=1 id=15 seq=1785 len=10
SOUND trace_word index=1OUND trace_word index=18 us=1522222118 before=00041040 word=0004er=00041000 rc=0,0,0
SOUND trace_word index=19 us=1522222120 be_word index=20 us=1522222122 before=00041000 word=00048c00 after0 after=00040000 rc=0,0,0
SOUND trace_word index=22 us=15222221r=00000000 rc=0,0,0
SOUND trace_word index=24 us=1522222146 before=00041041 word=fffb8e00 after=00041040 rc=0,0,0
SOUND trace_word index=25 us=1522222148 before=00041040 word=00000000 after=00041040 rc=0,0,0
SOUND trace_word index=26 us=1522222150 before=00041040 word=fffb8e00 after=00041000 rc=0,0,0
SOUND trace_word index=27 us=1522222151 before=00041000 word=00000000 after=00041000 rc=0,0,0
SOUND trace_word index=28 us=1522222153 before=00041000 word=fffb8e00 after=00040000 rc=0,0,0
SOUND trace_word index=29 us=1522222155 before=00040000 word=00000000 after=00040000 rc=0,0,0
SOUND trace_word index=30 us=1522222156 before=00040000 word=fffb8e00 after=00000000 rc=0,0,0
SOUND trace_word index=31 us=1522222158 before=00000000 word=00000000 after=00000000 rc=0,0,0
SOUND codec reg=00 value=36
SOUND codec reg=01 value=60
SOUND codec reg=02 value=00
SOUND codec reg=03 value=00reg=06 value=00
SOUND codec reg=07 value=7c
SOUND codec reg=08lue=20
SOUND codec reg=17 value=20
SOUND codec reg=18 value=02
SOUND codec reg=19 value=06
SOUND codec reg=1a value=00
SOUND codec reg=1b value=00
SOUND c8
SOUND codec reg=2a value=b8
SOUND codec reg=2b value=80
SOU00e4 gpio_high=18687 transitions=2942 samples=50172
SOUND pad tz=24000000 complete=1
SOUND pad channel=0 high=25020 changes=36OUND pad channel=2 high=25073 changes=640
SOUND pad channel=3 h000
SOUND result=0 codec_stop=0 platform_restore=0 i2c_restore=0 amp_low=1
RADIO Wi-Fi RX type=1 id=15 seq=1786 len=10
RADIO Wi-Fi cmd=15 seq=1786 ack=1 status=0 response=0 ret=0
K7CLOUD asr result=0 frames_sent=150 completed=1
K7CLOUD chat answering
K7CLOUD prompt_started busy=1
RADIO Wi-Fi RX type=1 id=15 seq=1787 len=10
RADIO Wi-Fi cmd=15 seq=1787 ack=1 status=0 response=0 ret=0
RADIO Wi-Fi RX type=1 id=15 seq=1788 len=10
RADIO Wi-Fi cmd=15 seq=1788 ack=1 status=0 response=0 ret=0
RADIO Wi-Fi RX type=1 id=15 seq=1789 len=10
RADIO Wi-Fi cmd=15 seq=1789 ack=1 status=0 response=0 ret=0
RADIO Wi-Fi RX type=1 id=15 seq=1790 len=10
RADIO Wi-Fi cmd=15 seq=1790 ack=1 status=0 response=0 ret=0
RADIO Wi-Fi RX type=1 id=15 seq=1791 len=10
RADIO Wi-Fi cmd=15 seq=1791 ack=1 status=0 response=0 ret=0
RADIO Wi-Fi RX type=1 id=15 seq=1792 len=10
RADIO Wi-Fi cmd=15 seq=1792 ack=1 status=0 response=0 ret=0
K7CLOUD prompt_done result=0
RADIO Wi-Fi RX type=1 id=15 seq=1793 len=10
RADIO Wi-Fi cmd=15 seq=1793 ack=1 status=0 response=0 ret=0
RADIO Wi-Fi RX type=1 id=15 seq=1794 len=10
RADIO Wi-Fi cmd=15 seq=1794 ack=1 status=0 response=0 ret=0
RADIO Wi-Fi RX type=1 id=15 seq=1795 len=10
RADIO Wi-Fi cmd=15 seq=1795 ack=1 status=0 response=0 ret=0
K7CLOUD chat loop_done=0

