k7cloud chat-loop 10.3.1.125 1 &
k7cloud [83:100]
nsh> [KK7CLOUD chat listening round=1
RADIO Wi-Fi RX type=1 id=15 seq=1061 len=10
RADIO Wi-Fi cmd=15 seq=1061 ack=1 status=0 response=0 ret=0
RADIO Wi-Fi RX type=1 id=15 seq=1062 len=10
RADIO Wi-Fi cmd=15 seq=1062 ack=1 status=0 response=0 ret=0
RADIO Wi-Fi RX type=1 id=15 seq=1063 len=10
RADIO Wi-Fi cmd=15 seq=1063 ack=1 status=0 response=0 ret=0
AUDIO_IO reset12=00000000 gate11=00000000 gate12=00000000 gate18=00000000 mux=00000000 source=00000000
AUDIO_IO con=00060300 ien=00000000 gpio_version=010219c8 gpio_input=034d3050
SOUND platform_result=0 version=23073576 repair=fdffffff ack=00000001 idle=00000001
SOUND mclkout before=0000001f after=0000001d
RADIO Wi-Fi RX type=1 id=15 seq=1064 len=10
RADIO Wi-Fi cmd=15 seq=1064 ack=1 status=0 response=0 ret=0
SOUND codec_prepare=0 state=2
SOUND adc_variant=24 settle_ms=1000
SOUND playback_gain_db=24 dac_attenuation_db=0 maximum=1
RADIO Wi-Fi RX type=1 id=15 seq=1065 len=10
RADIO Wi-Fi cmd=15 seq=1065 ack=1 status=0 response=0 ret=0
RADIO Wi-Fi RX type=1 id=15 seq=1066 len=10
RADIO Wi-Fi cmd=15 seq=1066 ack=1 status=0 response=0 ret=0
RADIO Wi-Fi RX type=1 id=15 seq=1067 len=10
RADIO Wi-Fi cmd=15 seq=1067 ack=1 status=0 response=0 ret=0
RADIO Wi-Fi RX type=1 id=15 seq=1068 len=10
RADIO Wi-Fi cmd=15 seq=1068 ack=1 status=0 response=0 ret=0
RADIO Wi-Fi RX type=1 id=15 seq=1069 len=10
RADIO Wi-Fi cmd=15 seq=1069 ack=1 status=0 response=0 ret=0
RADIO Wi-Fi RX type=1 id=15 seq=1070 len=10
RADIO Wi-Fi cmd=15 seq=1070 ack=1 status=0 response=0 ret=0
RADIO Wi-Fi RX type=1 id=15 seq=1071 len=10
RADIO Wi-Fi cmd=15 seq=1071 ack=1 status=0 response=0 ret=0
RADIO Wi-Fi RX type=1 id=15 seq=1072 len=10
RADIO Wi-Fi cmd=15 seq=1072 ack=1 status=0 response=0 ret=0
RADIO Wi-Fi RX type=1 id=15 seq=1073 len=10
RADIO Wi-Fi cmd=15 seq=1073 ack=1 status=0 response=0 ret=0
RADIO Wi-Fi RX type=1 id=15 seq=1074 len=10
RADIO Wi-Fi cmd=15 seq=1074 ack=1 status=0 response=0 ret=0
RADIO Wi-Fi RX type=1 id=15 seq=1075 len=10
RADIO Wi-Fi cmd=15 seq=1075 ack=1 status=0 response=0 ret=0
RADIO Wi-Fi RX type=1 id=15 seq=1076 len=10
RADIO Wi-Fi cmd=15 seq=1076 ack=1 status=0 response=0 ret=0
RADIO Wi-Fi RX type=1 id=15 seq=1077 len=10
RADIO Wi-Fi cmd=15 seq=1077 ack=1 status=0 response=0 ret=0
RADIO Wi-Fi RX type=1 id=15 seq=1078 len=10
RADIO Wi-Fi cmd=15 seq=1078 ack=1 status=0 response=0 ret=0
RADIO Wi-Fi RX type=1 id=15 seq=1079 len=10
RADIO Wi-Fi cmd=15 seq=1079 ack=1 status=0 response=0 ret=0
RADIO Wi-Fi RX type=1 id=15 seq=1080 len=10
RADIO Wi-Fi cmd=15 seq=1080 ack=1 status=0 response=0 ret=0
RADIO Wi-Fi RX type=1 id=15 seq=1081 len=10
RADIO Wi-Fi cmd=15 seq=1081 ack=1 status=0 response=0 ret=0
RADIO Wi-Fi RX type=1 id=15 seq=1082 len=10
RADIO Wi-Fi cmd=15 seq=1082 ack=1 status=0 response=0 ret=0
RADIO Wi-Fi RX type=1 id=15 seq=1083 len=10
RADIO Wi-Fi cmd=15 seq=1083 ack=1 status=0 response=0 ret=0
RADIO Wi-Fi RX type=1 id=15 seq=1084 len=10
RADIO Wi-Fi cmd=15 seq=1084 ack=1 status=0 response=0 ret=0
RADIO Wi-Fi RX type=1 id=15 seq=1085 len=10
RADIO Wi-Fi cmd=15 seq=1085 ack=1 status=0 response=0 ret=0
RADIO Wi-Fi RX type=1 id=15 seq=1086 len=10
RADIO Wi-Fi cmd=15 seq=1086 ack=1 status=0 response=0 ret=0
RADIO Wi-Fi RX type=1 id=15 seq=1087 len=10
RADIO Wi-Fi cmd=15 seq=1087 ack=1 status=0 response=0 ret=0
RADIO Wi-Fi RX type=1 id=15 seq=1088 len=10
RADIO Wi-Fi cmd=15 seq=1088 ack=1 status=0 response=0 ret=0
RADIO Wi-Fi RX type=1 id=15 seq=1089 len=10
RADIO Wi-Fi cmd=15 seq=1089 ack=1 status=0 response=0 ret=0
RADIO Wi-Fi RX type=1 id=15 seq=1090 len=10
RADIO Wi-Fi cmd=15 seq=1090 ack=1 status=0 response=0 ret=0
RADIO Wi-Fi RX type=1 id=15 seq=1091 len=10
RADIO Wi-Fi cmd=15 seq=1091 ack=1 status=0 response=0 ret=0
RADIO Wi-Fi RX type=1 id=15 seq=1092 len=10
RADIO Wi-Fi cmd=15 seq=1092 ack=1 status=0 response=0 ret=0
RADIO Wi-Fi RX type=1 id=15 seq=1093 len=10
RADIO Wi-Fi cmd=15 seq=1093 ack=1 status=0 response=0 ret=0
RADIO Wi-Fi RX type=1 id=15 seq=1094 len=10
RADIO Wi-Fi cmd=15 seq=1094 ack=1 status=0 response=0 ret=0
RADIO Wi-Fi RX type=1 id=15 seq=1095 len=10
RADIO Wi-Fi cmd=15 seq=1095 ack=1 status=0 response=0 ret=0
RADIO Wi-Fi RX type=1 id=15 seq=1096 len=10
RADIO Wi-Fi cmd=15 seq=1096 ack=1 status=0 response=0 ret=0
RADIO Wi-Fi RX type=1 id=15 seq=1097 len=10
RADIO Wi-Fi cmd=15 seq=1097 ack=1 status=0 response=0 ret=0
RADIO Wi-Fi RX type=1 id=15 seq=1098 len=10
RADIO Wi-Fi cmd=15 seq=1098 ack=1 status=0 response=0 ret=0
RADIO Wi-Fi RX type=1 id=15 seq=1099 len=10
RADIO Wi-Fi cmd=15 seq=1099 ack=1 status=0 response=0 ret=0
RADIO Wi-Fi RX type=1 id=15 seq=1100 len=10
RADIO Wi-Fi cmd=15 seq=1100 ack=1 status=0 response=0 ret=0
RADIO Wi-Fi RX type=1 id=15 seq=1101 len=10
RADIO Wi-Fi cmd=15 seq=1101 ack=1 status=0 response=0 ret=0
RADIO Wi-Fi RX type=1 id=15 seq=1102 len=10
RADIO Wi-Fi cmd=15 seq=1102 ack=1 status=0 response=0 ret=0
RADIO Wi-Fi RX type=1 id=15 seq=1103 len=10
RADIO Wi-Fi cmd=15 seq=1103 ack=1 status=0 response=0 ret=0
RADIO Wi-Fi RX type=1 id=15 seq=1104 len=10
RADIO Wi-Fi cmd=15 seq=1104 ack=1 status=0 response=0 ret=0
RADIO Wi-Fi RX type=1 id=15 seq=1105 len=10
RADIO Wi-Fi cmd=15 seq=1105 ack=1 status=0 response=0 ret=0
RADIO Wi-Fi RX type=1 id=15 seq=1106 len=10
RADIO Wi-Fi cmd=15 seq=1106 ack=1 status=0 response=0 ret=0
RADIO Wi-Fi RX type=1 id=15 seq=1107 len=10
RADIO Wi-Fi cmd=15 seq=1107 ack=1 status=0 response=0 ret=0
RADIO Wi-Fi RX type=1 id=15 seq=1108 len=10
RADIO Wi-Fi cmd=15 seq=1108 ack=1 status=0 response=0 ret=0
RADIO Wi-Fi RX type=1 id=15 seq=1109 len=10
RADIO Wi-Fi cmd=15 seq=1109 ack=1 status=0 response=0 ret=0
RADIO Wi-Fi RX type=1 id=15 seq=1110 len=10
RADIO Wi-Fi cmd=15 seq=1110 ack=1 status=0 response=0 ret=0
RADIO Wi-Fi RX type=1 id=15 seq=1111 len=10
RADIO Wi-Fi cmd=15 seq=1111 ack=1 status=0 response=0 ret=0
RADIO Wi-Fi RX type=1 id=15 seq=1112 len=10
RADIO Wi-Fi cmd=15 seq=1112 ack=1 status=0 response=0 ret=0
RADIO Wi-Fi RX type=1 id=15 seq=1113 len=10
RADIO Wi-Fi cmd=15 seq=1113 ack=1 status=0 response=0 ret=0
RADIO Wi-Fi RX type=1 id=15 seq=1114 len=10
RADIO Wi-Fi cmd=15 seq=1114 ack=1 status=0 response=0 ret=0
RADIO Wi-Fi RX type=1 id=15 seq=1115 len=10
RADIO Wi-Fi cmd=15 seq=1115 ack=1 status=0 response=0 ret=0
RADIO Wi-Fi RX type=1 id=15 seq=1116 len=10
RADIO Wi-Fi cmd=15 seq=1116 ack=1 status=0 response=0 ret=0
RADIO Wi-Fi RX type=1 id=15 seq=1117 len=10
RADIO Wi-Fi cmd=15 seq=1117 ack=1 status=0 response=0 ret=0
RADIO Wi-Fi RX type=1 id=15 seq=1118 len=10
RADIO Wi-Fi cmd=15 seq=1118 ack=1 status=0 response=0 ret=0
RADIO Wi-Fi RX type=1 id=15 seq=1119 len=10
RADIO Wi-Fi cmd=15 seq=1119 ack=1 status=0 response=0 ret=0
RADIO Wi-Fi RX type=1 id=15 seq=1120 len=10
RADIO Wi-Fi cmd=15 seq=1120 ack=1 status=0 response=0 ret=0
RADIO Wi-Fi RX type=1 id=15 seq=1121 len=10
RADIO Wi-Fi cmd=15 seq=1121 ack=1 status=0 response=0 ret=0
RADIO Wi-Fi RX type=1 id=15 seq=1122 len=10
RADIO Wi-Fi cmd=15 seq=1122 ack=1 status=0 response=0 ret=0
RADIO Wi-Fi RX type=1 id=15 seq=1123 len=10
RADIO Wi-Fi cmd=15 seq=1123 ack=1 status=0 response=0 ret=0
RADIO Wi-Fi RX type=1 id=15 seq=1124 len=10
RADIO Wi-Fi cmd=15 seq=1124 ack=1 status=0 response=0 ret=0
RADIO Wi-Fi RX type=1 id=15 seq=1125 len=10
RADIO Wi-Fi cmd=15 seq=1125 ack=1 status=0 response=0 ret=0
RADIO Wi-Fi RX type=1 id=15 seq=1126 len=10
RADIO Wi-Fi cmd=15 seq=1126 ack=1 status=0 response=0 ret=0
RADIO Wi-Fi RX type=1 id=15 seq=1127 len=10
RADIO Wi-Fi cmd=15 seq=1127 ack=1 status=0 response=0 ret=0
RADIO Wi-Fi RX type=1 id=15 seq=1128 len=10
RADIO Wi-Fi cmd=15 seq=1128 ack=1 status=0 response=0 ret=0
RADIO Wi-Fi RX type=1 id=15 seq=1129 len=10
RADIO Wi-Fi cmd=15 seq=1129 ack=1 status=0 response=0 ret=0
RADIO Wi-Fi RX type=1 id=15 seq=1130 len=10
RADIO Wi-Fi cmd=15 seq=1130 ack=1 status=0 response=0 ret=0
RADIO Wi-Fi RX type=1 id=15 seq=1131 len=10
RADIO Wi-Fi cmd=15 seq=1131 ack=1 status=0 response=0 ret=0
RADIO Wi-Fi RX type=1 id=15 seq=1132 len=10
RADIO Wi-Fi cmd=15 seq=1132 ack=1 status=0 response=0 ret=0
RADIO Wi-Fi RX type=1 id=15 seq=1133 len=10
RADIO Wi-Fi cmd=15 seq=1133 ack=1 status=0 response=0 ret=0
RADIO Wi-Fi RX type=1 id=15 seq=1134 len=10
RADIO Wi-Fi cmd=15 seq=1134 ack=1 status=0 response=0 ret=0
RADIO Wi-Fi RX type=1 id=15 seq=1135 len=10
RADIO Wi-Fi cmd=15 seq=1135 ack=1 status=0 response=0 ret=0
RADIO Wi-Fi RX type=1 id=15 seq=1136 len=10
RADIO Wi-Fi cmd=15 seq=1136 ack=1 status=0 response=0 ret=0
RADIO Wi-Fi RX type=1 id=15 seq=1137 len=10
RADIO Wi-Fi cmd=15 seq=1137 ack=1 status=0 response=0 ret=0
RADIO Wi-Fi RX type=1 id=15 seq=1138 len=10
RADIO Wi-Fi cmd=15 seq=1138 ack=1 status=0 response=0 ret=0
RADIO Wi-Fi RX type=1 id=15 seq=1139 len=10
RADIO Wi-Fi cmd=15 seq=1139 ack=1 status=0 response=0 ret=0
RADIO Wi-Fi RX type=1 id=15 seq=1140 len=10
RADIO Wi-Fi cmd=15 seq=1140 ack=1 status=0 response=0 ret=0
RADIO Wi-Fi RX type=1 id=15 seq=1141 len=10
RADIO Wi-Fi cmd=15 seq=1141 ack=1 status=0 response=0 ret=0
RADIO Wi-Fi RX type=1 id=15 seq=1142 len=10
RADIO Wi-Fi cmd=15 seq=1142 ack=1 status=0 response=0 ret=0
RADIO Wi-Fi RX type=1 id=15 seq=1143 len=10
RADIO Wi-Fi cmd=15 seq=1143 ack=1 status=0 response=0 ret=0
RADIO Wi-Fi RX type=1 id=15 seq=1144 len=10
RADIO Wi-Fi cmd=15 seq=1144 ack=1 status=0 response=0 ret=0
RADIO Wi-Fi RX type=1 id=15 seq=1145 len=10
RADIO Wi-Fi cmd=15 seq=1145 ack=1 status=0 response=0 ret=0
RADIO Wi-Fi RX type=1 id=15 seq=1146 len=10
RADIO Wi-Fi cmd=15 seq=1146 ack=1 status=0 response=0 ret=0
RADIO Wi-Fi RX type=1 id=15 seq=1147 len=10
RADIO Wi-Fi cmd=15 seq=1147 ack=1 status=0 response=0 ret=0
RADIO Wi-Fi RX type=1 id=15 seq=1148 len=10
RADIO Wi-Fi cmd=15 seq=1148 ack=1 status=0 response=0 ret=0
RADIO Wi-Fi RX type=1 id=15 seq=1149 len=10
RADIO Wi-Fi cmd=15 seq=1149 ack=1 status=0 response=0 ret=0
RADIO Wi-Fi RX type=1 id=15 seq=1150 len=10
RADIO Wi-Fi cmd=15 seq=1150 ack=1 status=0 response=0 ret=0
RADIO Wi-Fi RX type=1 id=15 seq=1151 len=10
RADIO Wi-Fi cmd=15 seq=1151 ack=1 status=0 response=0 ret=0
RADIO Wi-Fi RX type=1 id=15 seq=1152 len=10
RADIO Wi-Fi cmd=15 seq=1152 ack=1 status=0 response=0 ret=0
RADIO Wi-Fi RX type=1 id=15 seq=1153 len=10
RADIO Wi-Fi cmd=15 seq=1153 ack=1 status=0 response=0 ret=0
RADIO Wi-Fi RX type=1 id=15 seq=1154 len=10
RADIO Wi-Fi cmd=15 seq=1154 ack=1 status=0 response=0 ret=0
RADIO Wi-Fi RX type=1 id=15 seq=1155 len=10
RADIO Wi-Fi cmd=15 seq=1155 ack=1 status=0 response=0 ret=0
RADIO Wi-Fi RX type=1 id=15 seq=1156 len=10
RADIO Wi-Fi cmd=15 seq=1156 ack=1 status=0 response=0 ret=0
RADIO Wi-Fi RX type=1 id=15 seq=1157 len=10
RADIO Wi-Fi cmd=15 seq=1157 ack=1 status=0 response=0 ret=0
RADIO Wi-Fi RX type=1 id=15 seq=1158 len=10
RADIO Wi-Fi cmd=15 seq=1158 ack=1 status=0 response=0 ret=0
RADIO Wi-Fi RX type=1 id=15 seq=1159 len=10
RADIO Wi-Fi cmd=15 seq=1159 ack=1 status=0 response=0 ret=0
RADIO Wi-Fi RX type=1 id=15 seq=1160 len=10
RADIO Wi-Fi cmd=15 seq=1160 ack=1 status=0 response=0 ret=0
RADIO Wi-Fi RX type=1 id=15 seq=1161 len=10
RADIO Wi-Fi cmd=15 seq=1161 ack=1 status=0 response=0 ret=0
RADIO Wi-Fi RX type=1 id=15 seq=1162 len=10
RADIO Wi-Fi cmd=15 seq=1162 ack=1 status=0 response=0 ret=0
RADIO Wi-Fi RX type=1 id=15 seq=1163 len=10
RADIO Wi-Fi cmd=15 seq=1163 ack=1 status=0 response=0 ret=0
RADIO Wi-Fi RX type=1 id=15 seq=1164 len=10
RADIO Wi-Fi cmd=15 seq=1164 ack=1 status=0 response=0 ret=0
RADIO Wi-Fi RX type=1 id=15 seq=1165 len=10
RADIO Wi-Fi cmd=15 seq=1165 ack=1 status=0 response=0 ret=0
RADIO Wi-Fi RX type=1 id=15 seq=1166 len=10
RADIO Wi-Fi cmd=15 seq=1166 ack=1 status=0 response=0 ret=0
RADIO Wi-Fi RX type=1 id=15 seq=1167 len=10
RADIO Wi-Fi cmd=15 seq=1167 ack=1 status=0 response=0 ret=0
RADIO Wi-Fi RX type=1 id=15 seq=1168 len=10
RADIO Wi-Fi cmd=15 seq=1168 ack=1 status=0 response=0 ret=0
RADIO Wi-Fi RX type=1 id=15 seq=1169 len=10
RADIO Wi-Fi cmd=15 seq=1169 ack=1 status=0 response=0 ret=0
RADIO Wi-Fi RX type=1 id=15 seq=1170 len=10
RADIO Wi-Fi cmd=15 seq=1170 ack=1 status=0 response=0 ret=0
RADIO Wi-Fi RX type=1 id=15 seq=1171 len=10
RADIO Wi-Fi cmd=15 seq=1171 ack=1 status=0 response=0 ret=0
RADIO Wi-Fi RX type=1 id=15 seq=1172 len=10
RADIO Wi-Fi cmd=15 seq=1172 ack=1 status=0 response=0 ret=0
RADIO Wi-Fi RX type=1 id=15 seq=1173 len=10
RADIO Wi-Fi cmd=15 seq=1173 ack=1 status=0 response=0 ret=0
RADIO Wi-Fi RX type=1 id=15 seq=1174 len=10
RADIO Wi-Fi cmd=15 seq=1174 ack=1 status=0 response=0 ret=0
RADIO Wi-Fi RX type=1 id=15 seq=1175 len=10
RADIO Wi-Fi cmd=15 seq=1175 ack=1 status=0 response=0 ret=0
RADIO Wi-Fi RX type=1 id=15 seq=1176 len=10
RADIO Wi-Fi cmd=15 seq=1176 ack=1 status=0 response=0 ret=0
RADIO Wi-Fi RX type=1 id=15 seq=1177 len=10
RADIO Wi-Fi cmd=15 seq=1177 ack=1 status=0 response=0 ret=0
RADIO Wi-Fi RX type=1 id=15 seq=1178 len=10
RADIO Wi-Fi cmd=15 seq=1178 ack=1 status=0 response=0 ret=0
RADIO Wi-Fi RX type=1 id=15 seq=1179 len=10
RADIO Wi-Fi cmd=15 seq=1179 ack=1 status=0 response=0 ret=0
RADIO Wi-Fi RX type=1 id=15 seq=1180 len=10
RADIO Wi-Fi cmd=15 seq=1180 ack=1 status=0 response=0 ret=0
RADIO Wi-Fi RX type=1 id=15 seq=1181 len=10
RADIO Wi-Fi cmd=15 seq=1181 ack=1 status=0 response=0 ret=0
RADIO Wi-Fi RX type=1 id=15 seq=1182 len=10
RADIO Wi-Fi cmd=15 seq=1182 ack=1 status=0 response=0 ret=0
RADIO Wi-Fi RX type=1 id=15 seq=1183 len=10
RADIO Wi-Fi cmd=15 seq=1183 ack=1 status=0 response=0 ret=0
RADIO Wi-Fi RX type=1 id=15 seq=1184 len=10
RADIO Wi-Fi cmd=15 seq=1184 ack=1 status=0 response=0 ret=0
RADIO Wi-Fi RX type=1 id=15 seq=1185 len=10
RADIO Wi-Fi cmd=15 seq=1185 ack=1 status=0 response=0 ret=0
RADIO Wi-Fi RX type=1 id=15 seq=1186 len=10
RADIO Wi-Fi cmd=15 seq=1186 ack=1 status=0 response=0 ret=0
RADIO Wi-Fi RX type=1 id=15 seq=1187 len=10
RADIO Wi-Fi cmd=15 seq=1187 ack=1 status=0 response=0 ret=0
RADIO Wi-Fi RX type=1 id=15 seq=1188 len=10
RADIO Wi-Fi cmd=15 seq=1188 ack=1 status=0 response=0 ret=0
RADIO Wi-Fi RX type=1 id=15 seq=1189 len=10
RADIO Wi-Fi cmd=15 seq=1189 ack=1 status=0 response=0 ret=0
RADIO Wi-Fi RX type=1 id=15 seq=1190 len=10
RADIO Wi-Fi cmd=15 seq=1190 ack=1 status=0 response=0 ret=0
RADIO Wi-Fi RX type=1 id=15 seq=1191 len=10
RADIO Wi-Fi cmd=15 seq=1191 ack=1 status=0 response=0 ret=0
RADIO Wi-Fi RX type=1 id=15 seq=1192 len=10
RADIO Wi-Fi cmd=15 seq=1192 ack=1 status=0 response=0 ret=0
RADIO Wi-Fi RX type=1 id=15 seq=1193 len=10
RADIO Wi-Fi cmd=15 seq=1193 ack=1 status=0 response=0 ret=0
RADIO Wi-Fi RX type=1 id=15 seq=1194 len=10
RADIO Wi-Fi cmd=15 seq=1194 ack=1 status=0 response=0 ret=0
RADIO Wi-Fi RX type=1 id=15 seq=1195 len=10
RADIO Wi-Fi cmd=15 seq=1195 ack=1 status=0 response=0 ret=0
RADIO Wi-Fi RX type=1 id=15 seq=1196 len=10
RADIO Wi-Fi cmd=15 seq=1196 ack=1 status=0 response=0 ret=0
RADIO Wi-Fi RX type=1 id=15 seq=1197 len=10
RADIO Wi-Fi cmd=15 seq=1197 ack=1 status=0 response=0 ret=0
RADIO Wi-Fi RX type=1 id=15 seq=1198 len=10
RADIO Wi-Fi cmd=15 seq=1198 ack=1 status=0 response=0 ret=0
RADIO Wi-Fi RX type=1 id=15 seq=1199 len=10
RADIO Wi-Fi cmd=15 seq=1199 ack=1 status=0 response=0 ret=0
RADIO Wi-Fi RX type=1 id=15 seq=1200 len=10
RADIO Wi-Fi cmd=15 seq=1200 ack=1 status=0 response=0 ret=0
RADIO Wi-Fi RX type=1 id=15 seq=1201 len=10
RADIO Wi-Fi cmd=15 seq=1201 ack=1 status=0 response=0 ret=0
RADIO Wi-Fi RX type=1 id=15 seq=1202 len=10
RADIO Wi-Fi cmd=15 seq=1202 ack=1 status=0 response=0 ret=0
RADIO Wi-Fi RX type=1 id=15 seq=1203 len=10
RADIO Wi-Fi cmd=15 seq=1203 ack=1 status=0 response=0 ret=0
RADIO Wi-Fi RX type=1 id=15 seq=1204 len=10
RADIO Wi-Fi cmd=15 seq=1204 ack=1 status=0 response=0 ret=0
RADIO Wi-Fi RX type=1 id=15 seq=1205 len=10
RADIO Wi-Fi cmd=15 seq=1205 ack=1 status=0 response=0 ret=0
RADIO Wi-Fi RX type=1 id=15 seq=1206 len=10
RADIO Wi-Fi cmd=15 seq=1206 ack=1 status=0 response=0 ret=0
RADIO Wi-Fi RX type=1 id=15 seq=1207 len=10
RADIO Wi-Fi cmd=15 seq=1207 ack=1 status=0 response=0 ret=0
RADIO Wi-Fi RX type=1 id=15 seq=1208 len=10
RADIO Wi-Fi cmd=15 seq=1208 ack=1 status=0 response=0 ret=0
RADIO Wi-Fi RX type=1 id=15 seq=1209 len=10
RADIO Wi-Fi cmd=15 seq=1209 ack=1 status=0 response=0 ret=0
RADIO Wi-Fi RX type=1 id=15 seq=1210 len=10
RADIO Wi-Fi cmd=15 seq=1210 ack=1 status=0 response=0 ret=0
RADIO Wi-Fi RX type=1 id=15 seq=1211 len=10
RADIO Wi-Fi cmd=15 seq=1211 ack=1 status=0 response=0 ret=0
RADIO Wi-Fi RX type=1 id=15 seq=1212 len=10
RADIO Wi-Fi cmd=15 seq=1212 ack=1 status=0 response=0 ret=0
RADIO Wi-Fi RX type=1 id=15 seq=1213 len=10
RADIO Wi-Fi cmd=15 seq=1213 ack=1 status=0 response=0 ret=0
RADIO Wi-Fi RX type=1 id=15 seq=1214 len=10
RADIO Wi-Fi cmd=15 seq=1214 ack=1 status=0 response=0 ret=0
RADIO Wi-Fi RX type=1 id=15 seq=1215 len=10
RADIO Wi-Fi cmd=15 seq=1215 ack=1 status=0 response=0 ret=0
RADIO Wi-Fi RX type=1 id=15 seq=1216 len=10
RADIO Wi-Fi cmd=15 seq=1216 ack=1 status=0 response=0 ret=0
RADIO Wi-Fi RX type=1 id=15 seq=1217 len=10
RADIO Wi-Fi cmd=15 seq=1217 ack=1 status=0 response=0 ret=0
RADIO Wi-Fi RX type=1 id=15 seq=1218 len=10
RADIO Wi-Fi cmd=15 seq=1218 ack=1 status=0 response=0 ret=0
RADIO Wi-Fi RX type=1 id=15 seq=1219 len=10
RADIO Wi-Fi cmd=15 seq=1219 ack=1 status=0 response=0 ret=0
RADIO Wi-Fi RX type=1 id=15 seq=1220 len=10
RADIO Wi-Fi cmd=15 seq=1220 ack=1 status=0 response=0 ret=0
RADIO Wi-Fi RX type=1 id=15 seq=1221 len=10
RADIO Wi-Fi cmd=15 seq=1221 ack=1 status=0 response=0 ret=0
RADIO Wi-Fi RX type=1 id=15 seq=1222 len=10
RADIO Wi-Fi cmd=15 seq=1222 ack=1 status=0 response=0 ret=0
RADIO Wi-Fi RX type=1 id=15 seq=1223 len=10
RADIO Wi-Fi cmd=15 seq=1223 ack=1 status=0 response=0 ret=0
RADIO Wi-Fi RX type=1 id=15 seq=1224 len=10
RADIO Wi-Fi cmd=15 seq=1224 ack=1 status=0 response=0 ret=0
RADIO Wi-Fi RX type=1 id=15 seq=1225 len=10
RADIO Wi-Fi cmd=15 seq=1225 ack=1 status=0 response=0 ret=0
RADIO Wi-Fi RX type=1 id=15 seq=1226 len=10
RADIO Wi-Fi cmd=15 seq=1226 ack=1 status=0 response=0 ret=0
RADIO Wi-Fi RX type=1 id=15 seq=1227 len=10
RADIO Wi-Fi cmd=15 seq=1227 ack=1 status=0 response=0 ret=0
RADIO Wi-Fi RX type=1 id=15 seq=1228 len=10
RADIO Wi-Fi cmd=15 seq=1228 ack=1 status=0 response=0 ret=0
RADIO Wi-Fi RX type=1 id=15 seq=1229 len=10
RADIO Wi-Fi cmd=15 seq=1229 ack=1 status=0 response=0 ret=0
RADIO Wi-Fi RX type=1 id=15 seq=1230 len=10
RADIO Wi-Fi cmd=15 seq=1230 ack=1 status=0 response=0 ret=0
RADIO Wi-Fi RX type=1 id=15 seq=1231 len=10
RADIO Wi-Fi cmd=15 seq=1231 ack=1 status=0 response=0 ret=0
RADIO Wi-Fi RX type=1 id=15 seq=1232 len=10
RADIO Wi-Fi cmd=15 seq=1232 ack=1 status=0 response=0 ret=0
RADIO Wi-Fi RX type=1 id=15 seq=1233 len=10
RADIO Wi-Fi cmd=15 seq=1233 ack=1 status=0 response=0 ret=0
RADIO Wi-Fi RX type=1 id=15 seq=1234 len=10
RADIO Wi-Fi cmd=15 seq=1234 ack=1 status=0 response=0 ret=0
RADIO Wi-Fi RX type=1 id=15 seq=1235 len=10
RADIO Wi-Fi cmd=15 seq=1235 ack=1 status=0 response=0 ret=0
RADIO Wi-Fi RX type=1 id=15 seq=1236 len=10
RADIO Wi-Fi cmd=15 seq=1236 ack=1 status=0 response=0 ret=0
RADIO Wi-Fi RX type=1 id=15 seq=1237 len=10
RADIO Wi-Fi cmd=15 seq=1237 ack=1 status=0 response=0 ret=0
RADIO Wi-Fi RX type=1 id=15 seq=1238 len=10
RADIO Wi-Fi cmd=15 seq=1238 ack=1 status=0 response=0 ret=0
RADIO Wi-Fi RX type=1 id=15 seq=1239 len=10
RADIO Wi-Fi cmd=15 seq=1239 ack=1 status=0 response=0 ret=0
RADIO Wi-Fi RX type=1 id=15 seq=1240 len=10
RADIO Wi-Fi cmd=15 seq=1240 ack=1 status=0 response=0 ret=0
RADIO Wi-Fi RX type=1 id=15 seq=1241 len=10
RADIO Wi-Fi cmd=15 seq=1241 ack=1 status=0 response=0 ret=0
RADIO Wi-Fi RX type=1 id=15 seq=1242 len=10
RADIO Wi-Fi cmd=15 seq=1242 ack=1 status=0 response=0 ret=0
RADIO Wi-Fi RX type=1 id=15 seq=1243 len=10
RADIO Wi-Fi cmd=15 seq=1243 ack=1 status=0 response=0 ret=0
RADIO Wi-Fi RX type=1 id=15 seq=1244 len=10
RADIO Wi-Fi cmd=15 seq=1244 ack=1 status=0 response=0 ret=0
RADIO Wi-Fi RX type=1 id=15 seq=1245 len=10
RADIO Wi-Fi cmd=15 seq=1245 ack=1 status=0 response=0 ret=0
RADIO Wi-Fi RX type=1 id=15 seq=1246 len=10
RADIO Wi-Fi cmd=15 seq=1246 ack=1 status=0 response=0 ret=0
RADIO Wi-Fi RX type=1 id=15 seq=1247 len=10
RADIO Wi-Fi cmd=15 seq=1247 ack=1 status=0 response=0 ret=0
RADIO Wi-Fi RX type=1 id=15 seq=1248 len=10
RADIO Wi-Fi cmd=15 seq=1248 ack=1 status=0 response=0 ret=0
RADIO Wi-Fi RX type=1 id=15 seq=1249 len=10
RADIO Wi-Fi cmd=15 seq=1249 ack=1 status=0 response=0 ret=0
RADIO Wi-Fi RX type=1 id=15 seq=1250 len=10
RADIO Wi-Fi cmd=15 seq=1250 ack=1 status=0 response=0 ret=0
RADIO Wi-Fi RX type=1 id=15 seq=1251 len=10
RADIO Wi-Fi cmd=15 seq=1251 ack=1 status=0 response=0 ret=0
RADIO Wi-Fi RX type=1 id=15 seq=1252 len=10
RADIO Wi-Fi cmd=15 seq=1252 ack=1 status=0 response=0 ret=0
RADIO Wi-Fi RX type=1 id=15 seq=1253 len=10
RADIO Wi-Fi cmd=15 seq=1253 ack=1 status=0 response=0 ret=0
RADIO Wi-Fi RX type=1 id=15 seq=1254 len=10
RADIO Wi-Fi cmd=15 seq=1254 ack=1 status=0 response=0 ret=0
RADIO Wi-Fi RX type=1 id=15 seq=1255 len=10
RADIO Wi-Fi cmd=15 seq=1255 ack=1 status=0 response=0 ret=0
RADIO Wi-Fi RX type=1 id=15 seq=1256 len=10
RADIO Wi-Fi cmd=15 seq=1256 ack=1 status=0 response=0 ret=0
RADIO Wi-Fi RX type=1 id=15 seq=1257 len=10
RADIO Wi-Fi cmd=15 seq=1257 ack=1 status=0 response=0 ret=0
RADIO Wi-Fi RX type=1 id=15 seq=1258 len=10
RADIO Wi-Fi cmd=15 seq=1258 ack=1 status=0 response=0 ret=0
RADIO Wi-Fi RX type=1 id=15 seq=1259 len=10
RADIO Wi-Fi cmd=15 seq=1259 ack=1 status=0 response=0 ret=0
RADIO Wi-Fi RX type=1 id=15 seq=1260 len=10
RADIO Wi-Fi cmd=15 seq=1260 ack=1 status=0 response=0 ret=0
RADIO Wi-Fi RX type=1 id=15 seq=1261 len=10
RADIO Wi-Fi cmd=15 seq=1261 ack=1 status=0 response=0 ret=0
RADIO Wi-Fi RX type=1 id=15 seq=1262 len=10
RADIO Wi-Fi cmd=15 seq=1262 ack=1 status=0 response=0 ret=0
RADIO Wi-Fi RX type=1 id=15 seq=1263 len=10
RADIO Wi-Fi cmd=15 seq=1263 ack=1 status=0 response=0 ret=0
RADIO Wi-Fi RX type=1 id=15 seq=1264 len=10
RADIO Wi-Fi cmd=15 seq=1264 ack=1 status=0 response=0 ret=0
RADIO Wi-Fi RX type=1 id=15 seq=1265 len=10
RADIO Wi-Fi cmd=15 seq=1265 ack=1 status=0 response=0 ret=0
RADIO Wi-Fi RX type=1 id=15 seq=1266 len=10
RADIO Wi-Fi cmd=15 seq=1266 ack=1 status=0 response=0 ret=0
RADIO Wi-Fi RX type=1 id=15 seq=1267 len=10
RADIO Wi-Fi cmd=15 seq=1267 ack=1 status=0 response=0 ret=0
RADIO Wi-Fi RX type=1 id=15 seq=1268 len=10
RADIO Wi-Fi cmd=15 seq=1268 ack=1 status=0 response=0 ret=0
RADIO Wi-Fi RX type=1 id=15 seq=1269 len=10
RADIO Wi-Fi cmd=15 seq=1269 ack=1 status=0 response=0 ret=0
RADIO Wi-Fi RX type=1 id=15 seq=1270 len=10
RADIO Wi-Fi cmd=15 seq=1270 ack=1 status=0 response=0 ret=0
RADIO Wi-Fi RX type=1 id=15 seq=1271 len=10
RADIO Wi-Fi cmd=15 seq=1271 ack=1 status=0 response=0 ret=0
RADIO Wi-Fi RX type=1 id=15 seq=1272 len=10
RADIO Wi-Fi cmd=15 seq=1272 ack=1 status=0 response=0 ret=0
RADIO Wi-Fi RX type=1 id=15 seq=1273 len=10
RADIO Wi-Fi cmd=15 seq=1273 ack=1 status=0 response=0 ret=0
RADIO Wi-Fi RX type=1 id=15 seq=1274 len=10
RADIO Wi-Fi cmd=15 seq=1274 ack=1 status=0 response=0 ret=0
RADIO Wi-Fi RX type=1 id=15 seq=1275 len=10
RADIO Wi-Fi cmd=15 seq=1275 ack=1 status=0 response=0 ret=0
RADIO Wi-Fi RX type=1 id=15 seq=1276 len=10
RADIO Wi-Fi cmd=15 seq=1276 ack=1 status=0 response=0 ret=0
RADIO Wi-Fi RX type=1 id=15 seq=1277 len=10
RADIO Wi-Fi cmd=15 seq=1277 ack=1 status=0 response=0 ret=0
RADIO Wi-Fi RX type=1 id=15 seq=1278 len=10
RADIO Wi-Fi cmd=15 seq=1278 ack=1 status=0 response=0 ret=0
RADIO Wi-Fi RX type=1 id=15 seq=1279 len=10
RADIO Wi-Fi cmd=15 seq=1279 ack=1 status=0 response=0 ret=0
RADIO Wi-Fi RX type=1 id=15 seq=1280 len=10
RADIO Wi-Fi cmd=15 seq=1280 ack=1 status=0 response=0 ret=0
RADIO Wi-Fi RX type=1 id=15 seq=1281 len=10
RADIO Wi-Fi cmd=15 seq=1281 ack=1 status=0 response=0 ret=0
RADIO Wi-Fi RX type=1 id=15 seq=1282 len=10
RADIO Wi-Fi cmd=15 seq=1282 ack=1 status=0 response=0 ret=0
RADIO Wi-Fi RX type=1 id=15 seq=1283 len=10
RADIO Wi-Fi cmd=15 seq=1283 ack=1 status=0 response=0 ret=0
RADIO Wi-Fi RX type=1 id=15 seq=1284 len=10
RADIO Wi-Fi cmd=15 seq=1284 ack=1 status=0 response=0 ret=0
RADIO Wi-Fi RX type=1 id=15 seq=1285 len=10
RADIO Wi-Fi cmd=15 seq=1285 ack=1 status=0 response=0 ret=0
RADIO Wi-Fi RX type=1 id=15 seq=1286 len=10
RADIO Wi-Fi cmd=15 seq=1286 ack=1 status=0 response=0 ret=0
SOUND experiment clear=0 reset=0 clockwait20=0
SOUND slot_mask offset=3c value=00000000
SOUND slot_mask offset=40 value=00000000
SOUND slot_mask offset=44 value=00000000
SOUND slot_mask offset=48 value=00000000
SOUND slot_mask offset=4c value=00000000
SOUND slot_mask offset=50 value=00000000
SOUND slot_mask offset=54 value=00000000
SOUND slot_mask offset=58 value=00000000
SOUND cue frames=3200 stop=0 held=0 end_us=992496278 capture_start_us=992528972
SOUND pio=0 frames=48000 polls=2291141 stop=0 held=0 max_fifo=4
SOUND grouped words=768000 mismatches=0
SOUND fifo first=00000000 last=00000000 TXCR=00400fff RXCR=00700fff FSCR=0101f03f CKR=00000018
SOUND trace start=992528972 end=995529027 started=1 count=32
SOUND trace_init index=0 value=00000000 rc=0
SOUND trace_init index=1 value=00000002 rc=0
SOUND trace_init index=2 value=00700fff rc=0
SOUND trace_init index=3 value=000000e4 rc=0
SOUND trace_init index=4 value=00000000 rc=0
SOUND trace_init index=5 value=0000000b rc=0
SOUND trace_word index=0 us=992529053 before=00041041 word=fffd8b00 after=00041040 rc=0,0,0
SOUND trace_word index=1 us=992529055 before=00041040 word=00000000 after=00041040 rc=0,0,0
SOUND trace_word index=2 us=992529056 before=00041040 word=fffd8RADIO Wi-Fi RX type=1 id=n=10
b00 after=00041000 rc=0,0,0
RADIO Wi-Fi cmd=15 seq=1287 a index=4 us=992529060 before=00041000 word=fffd8b00 after=000400word index=5 us=992529061 before=00040000 word=00000000 after=00e=00040000 word=fffd8b00 after=00000000 rc=0,0,0
SOUND trace_wofter=00041040 rc=0,0,0
SOUND trace_word index=9 us=992529086 before=00041040 word=00000000 after=00041040 rc=0,0,0
SOUND trace11 us=992529089 before=00041000 word=00000000 after=00041000 rc= us=992529091 before=00041000 word=0001d600 after=00040000 rc=0,UND trace_word index=13 us=992529093 before=00040000 word=0000RArd=0001d600 after=00000000 rc=0,0,0
SOUND trace_word index=15 u96 before=00000000 word=00000000 after=00000000 rc=0,0,0
SOUND 40 rc=0,0,0
SOUND trace_word index=17 us=992529117 before=00041x=18 us=992529118 before=00041040 word=fffde600 after=00041000 r0 word=fffde600 after=00040000 rc=0,0,0
SOUND trace_word index=21 us=992529123 before=00040000 word=00000000 after=00040000 rc=0,0,0
SOUND trace_word index=22 us=992529125 before=00040000 word=fffde600 after=00000000 rc=0,0,0
SOUND trace_word index=23 us=992529127 before=00000000 word=00000000 after=00000000 rc=0,0,0
SOUND trace_word index=24 us=992529146 before=00041041 word=00027d00 after=00041040 rc=0,0,0
SOUND trace_word index=25 us=992529148 before=00041040 word=00000000 after=00041040 rc=0,0,0
SOUND trace_word index=26 us=99250 after=00041000 rc=0,0,0
SOUND trace_word index=27 us=992529151 before=00041000 word=00000000 after=00041000 rc=0,0,0
SOUND trace_word index=28 us=992529153 before=00041000 word=00027d00 after=00040000 rc=0,0,0
SOUND trace_word index=29 us=992529154 before=00040000 word=00000000 after=00040000 rc=0,0,0
SOUND trace_word index=30 us=992529156 before=00040000 word=00027d00 after=00000000 rc=0,0,0
SOUND trace_word index=31 us=992529158 before=00000000 word=00000000 after=00000000 rc=0,0,0
SOUND codec reg=00 value=36
SOUND codec reg=01 value=60
SOUND codec reg=02 value=00
SOUND codec reg=03 value=00
SOUND codec reg=04 value=0c
SOUND codec reg=05 value=00
SOUND codec reg=06 value=00
SOUND codec reg=07 value=7c
SOUND codec reg=08 value=00
SOUND codec reg=09 value=88
SOUND codec reg=0a value=f0
SOUND codec reg=0b value=82
SOUND codec reg=0c value=10
SOUND codec reg=0d value=02
SOUND codec reg=0f value=20
SOUND codec reg=17 value=20
SOUND codec reg=18 value=02
SOUND codec reg=19 value=06
SOUND codec reg=1a value=00
SOUND codec reg=1b value=00
SOUND codec reg=27 value=b8
SOUND codec reg=2a value=b8
SOUND codec reg=2b value=80
SOUND codec reg=30 value=21
SOUND codec reg=31 value=21
SOUND input pull=00005515 schmitt=000000ff path=000000e4 gpio_high=18522 transitions=3284 samples=50041
SOUND pad ticks=480004 max_gap=14 counter_hz=24000000 complete=1
SOUND pad channel=0 high=24750 changes=36321
SOUND pad channel=1 high=25102 changes=40960
SOUND pad channel=2 high=25040 changes=640
SOUND pad channel=3 high=18522 changes=3284
SOUND pcm left_min=-661132288 left_max=775022848 left_nonzero=47999 right_min=-763314944 right_max=650487552 right_nonzero=47999
RADIO Wi-Fi RX type=1 id=15 seq=1289 len=10
RADIO Wi-Fi cmd=15 seq=1289 ack=1 status=0 response=0 ret=0
SOUND result=0 codec_stop=0 platform_restore=0 i2c_restore=0 amp_low=1
RADIO Wi-Fi RX type=1 id=15 seq=1290 len=10
RADIO Wi-Fi cmd=15 seq=1290 ack=1 status=0 response=0 ret=0
K7CLOUD asr result=0 frames_sent=150 completed=1
K7CLOUD chat answering
K7CLOUD prompt_started busy=1
RADIO Wi-Fi RX type=1 id=15 seq=1291 len=10
RADIO Wi-Fi cmd=15 seq=1291 ack=1 status=0 response=0 ret=0
RADIO Wi-Fi RX type=1 id=15 seq=1292 len=10
RADIO Wi-Fi cmd=15 seq=1292 ack=1 status=0 response=0 ret=0
RADIO Wi-Fi RX type=1 id=15 seq=1293 len=10
RADIO Wi-Fi cmd=15 seq=1293 ack=1 status=0 response=0 ret=0
RADIO Wi-Fi RX type=1 id=15 seq=1294 len=10
RADIO Wi-Fi cmd=15 seq=1294 ack=1 status=0 response=0 ret=0
RADIO Wi-Fi RX type=1 id=15 seq=1295 len=10
RADIO Wi-Fi cmd=15 seq=1295 ack=1 status=0 response=0 ret=0
RADIO Wi-Fi RX type=1 id=15 seq=1296 len=10
RADIO Wi-Fi cmd=15 seq=1296 ack=1 status=0 response=0 ret=0
RADIO Wi-Fi RX type=1 id=15 seq=1297 len=10
RADIO Wi-Fi cmd=15 seq=1297 ack=1 status=0 response=0 ret=0
RADIO Wi-Fi RX type=1 id=15 seq=1298 len=10
RADIO Wi-Fi cmd=15 seq=1298 ack=1 status=0 response=0 ret=0
RADIO Wi-Fi RX type=1 id=15 seq=1299 len=10
RADIO Wi-Fi cmd=15 seq=1299 ack=1 status=0 response=0 ret=0
RADIO Wi-Fi RX type=1 id=15 seq=1300 len=10
RADIO Wi-Fi cmd=15 seq=1300 ack=1 status=0 response=0 ret=0
RADIO Wi-Fi RX type=1 id=15 seq=1301 len=10
RADIO Wi-Fi cmd=15 seq=1301 ack=1 status=0 response=0 ret=0
RADIO Wi-Fi RX type=1 id=15 seq=1302 len=10
RADIO Wi-Fi cmd=15 seq=1302 ack=1 status=0 response=0 ret=0
RADIO Wi-Fi RX type=1 id=15 seq=1303 len=10
RADIO Wi-Fi cmd=15 seq=1303 ack=1 status=0 response=0 ret=0
RADIO Wi-Fi RX type=1 id=15 seq=1304 len=10
RADIO Wi-Fi cmd=15 seq=1304 ack=1 status=0 response=0 ret=0
RADIO Wi-Fi RX type=1 id=15 seq=1305 len=10
RADIO Wi-Fi cmd=15 seq=1305 ack=1 status=0 response=0 ret=0
RADIO Wi-Fi RX type=1 id=15 seq=1306 len=10
RADIO Wi-Fi cmd=15 seq=1306 ack=1 status=0 response=0 ret=0
RADIO Wi-Fi RX type=1 id=15 seq=1307 len=10
RADIO Wi-Fi cmd=15 seq=1307 ack=1 status=0 response=0 ret=0
RADIO Wi-Fi RX type=1 id=15 seq=1308 len=10
RADIO Wi-Fi cmd=15 seq=1308 ack=1 status=0 response=0 ret=0
RADIO Wi-Fi RX type=1 id=15 seq=1309 len=10
RADIO Wi-Fi cmd=15 seq=1309 ack=1 status=0 response=0 ret=0
RADIO Wi-Fi RX type=1 id=15 seq=1310 len=10
RADIO Wi-Fi cmd=15 seq=1310 ack=1 status=0 response=0 ret=0
RADIO Wi-Fi RX type=1 id=15 seq=1311 len=10
RADIO Wi-Fi cmd=15 seq=1311 ack=1 status=0 response=0 ret=0
RADIO Wi-Fi RX type=1 id=15 seq=1312 len=10
RADIO Wi-Fi cmd=15 seq=1312 ack=1 status=0 response=0 ret=0
RADIO Wi-Fi RX type=1 id=15 seq=1313 len=10
RADIO Wi-Fi cmd=15 seq=1313 ack=1 status=0 response=0 ret=0
RADIO Wi-Fi RX type=1 id=15 seq=1314 len=10
RADIO Wi-Fi cmd=15 seq=1314 ack=1 status=0 response=0 ret=0
RADIO Wi-Fi RX type=1 id=15 seq=1315 len=10
RADIO Wi-Fi cmd=15 seq=1315 ack=1 status=0 response=0 ret=0
RADIO Wi-Fi RX type=1 id=15 seq=1316 len=10
RADIO Wi-Fi cmd=15 seq=1316 ack=1 status=0 response=0 ret=0
RADIO Wi-Fi RX type=1 id=15 seq=1317 len=10
RADIO Wi-Fi cmd=15 seq=1317 ack=1 status=0 response=0 ret=0
RADIO Wi-Fi RX type=1 id=15 seq=1318 len=10
RADIO Wi-Fi cmd=15 seq=1318 ack=1 status=0 response=0 ret=0
RADIO Wi-Fi RX type=1 id=15 seq=1319 len=10
RADIO Wi-Fi cmd=15 seq=1319 ack=1 status=0 response=0 ret=0
RADIO Wi-Fi RX type=1 id=15 seq=1320 len=10
RADIO Wi-Fi cmd=15 seq=1320 ack=1 status=0 response=0 ret=0
RADIO Wi-Fi RX type=1 id=15 seq=1321 len=10
RADIO Wi-Fi cmd=15 seq=1321 ack=1 status=0 response=0 ret=0
RADIO Wi-Fi RX type=1 id=15 seq=1322 len=10
RADIO Wi-Fi cmd=15 seq=1322 ack=1 status=0 response=0 ret=0
RADIO Wi-Fi RX type=1 id=15 seq=1323 len=10
RADIO Wi-Fi cmd=15 seq=1323 ack=1 status=0 response=0 ret=0
RADIO Wi-Fi RX type=1 id=15 seq=1324 len=10
RADIO Wi-Fi cmd=15 seq=1324 ack=1 status=0 response=0 ret=0
RADIO Wi-Fi RX type=1 id=15 seq=1325 len=10
RADIO Wi-Fi cmd=15 seq=1325 ack=1 status=0 response=0 ret=0
RADIO Wi-Fi RX type=1 id=15 seq=1326 len=10
RADIO Wi-Fi cmd=15 seq=1326 ack=1 status=0 response=0 ret=0
RADIO Wi-Fi RX type=1 id=15 seq=1327 len=10
RADIO Wi-Fi cmd=15 seq=1327 ack=1 status=0 response=0 ret=0
RADIO Wi-Fi RX type=1 id=15 seq=1328 len=10
RADIO Wi-Fi cmd=15 seq=1328 ack=1 status=0 response=0 ret=0
RADIO Wi-Fi RX type=1 id=15 seq=1329 len=10
RADIO Wi-Fi cmd=15 seq=1329 ack=1 status=0 response=0 ret=0
RADIO Wi-Fi RX type=1 id=15 seq=1330 len=10
RADIO Wi-Fi cmd=15 seq=1330 ack=1 status=0 response=0 ret=0
RADIO Wi-Fi RX type=1 id=15 seq=1331 len=10
RADIO Wi-Fi cmd=15 seq=1331 ack=1 status=0 response=0 ret=0
RADIO Wi-Fi RX type=1 id=15 seq=1332 len=10
RADIO Wi-Fi cmd=15 seq=1332 ack=1 status=0 response=0 ret=0
RADIO Wi-Fi RX type=1 id=15 seq=1333 len=10
RADIO Wi-Fi cmd=15 seq=1333 ack=1 status=0 response=0 ret=0
RADIO Wi-Fi RX type=1 id=15 seq=1334 len=10
RADIO Wi-Fi cmd=15 seq=1334 ack=1 status=0 response=0 ret=0
RADIO Wi-Fi RX type=1 id=15 seq=1335 len=10
RADIO Wi-Fi cmd=15 seq=1335 ack=1 status=0 response=0 ret=0
RADIO Wi-Fi RX type=1 id=15 seq=1336 len=10
RADIO Wi-Fi cmd=15 seq=1336 ack=1 status=0 response=0 ret=0
RADIO Wi-Fi RX type=1 id=15 seq=1337 len=10
RADIO Wi-Fi cmd=15 seq=1337 ack=1 status=0 response=0 ret=0
RADIO Wi-Fi RX type=1 id=15 seq=1338 len=10
RADIO Wi-Fi cmd=15 seq=1338 ack=1 status=0 response=0 ret=0
RADIO Wi-Fi RX type=1 id=15 seq=1339 len=10
RADIO Wi-Fi cmd=15 seq=1339 ack=1 status=0 response=0 ret=0
RADIO Wi-Fi RX type=1 id=15 seq=1340 len=10
RADIO Wi-Fi cmd=15 seq=1340 ack=1 status=0 response=0 ret=0
RADIO Wi-Fi RX type=1 id=15 seq=1341 len=10
RADIO Wi-Fi cmd=15 seq=1341 ack=1 status=0 response=0 ret=0
RADIO Wi-Fi RX type=1 id=15 seq=1342 len=10
RADIO Wi-Fi cmd=15 seq=1342 ack=1 status=0 response=0 ret=0
RADIO Wi-Fi RX type=1 id=15 seq=1343 len=10
RADIO Wi-Fi cmd=15 seq=1343 ack=1 status=0 response=0 ret=0
RADIO Wi-Fi RX type=1 id=15 seq=1344 len=10
RADIO Wi-Fi cmd=15 seq=1344 ack=1 status=0 response=0 ret=0
RADIO Wi-Fi RX type=1 id=15 seq=1345 len=10
RADIO Wi-Fi cmd=15 seq=1345 ack=1 status=0 response=0 ret=0
RADIO Wi-Fi RX type=1 id=15 seq=1346 len=10
RADIO Wi-Fi cmd=15 seq=1346 ack=1 status=0 response=0 ret=0
RADIO Wi-Fi RX type=1 id=15 seq=1347 len=10
RADIO Wi-Fi cmd=15 seq=1347 ack=1 status=0 response=0 ret=0
RADIO Wi-Fi RX type=1 id=15 seq=1348 len=10
RADIO Wi-Fi cmd=15 seq=1348 ack=1 status=0 response=0 ret=0
RADIO Wi-Fi RX type=1 id=15 seq=1349 len=10
RADIO Wi-Fi cmd=15 seq=1349 ack=1 status=0 response=0 ret=0
RADIO Wi-Fi RX type=1 id=15 seq=1350 len=10
RADIO Wi-Fi cmd=15 seq=1350 ack=1 status=0 response=0 ret=0
RADIO Wi-Fi RX type=1 id=15 seq=1351 len=10
RADIO Wi-Fi cmd=15 seq=1351 ack=1 status=0 response=0 ret=0
RADIO Wi-Fi RX type=1 id=15 seq=1352 len=10
RADIO Wi-Fi cmd=15 seq=1352 ack=1 status=0 response=0 ret=0
RADIO Wi-Fi RX type=1 id=15 seq=1353 len=10
RADIO Wi-Fi cmd=15 seq=1353 ack=1 status=0 response=0 ret=0
RADIO Wi-Fi RX type=1 id=15 seq=1354 len=10
RADIO Wi-Fi cmd=15 seq=1354 ack=1 status=0 response=0 ret=0
RADIO Wi-Fi RX type=1 id=15 seq=1355 len=10
RADIO Wi-Fi cmd=15 seq=1355 ack=1 status=0 response=0 ret=0
RADIO Wi-Fi RX type=1 id=15 seq=1356 len=10
RADIO Wi-Fi cmd=15 seq=1356 ack=1 status=0 response=0 ret=0
RADIO Wi-Fi RX type=1 id=15 seq=1357 len=10
RADIO Wi-Fi cmd=15 seq=1357 ack=1 status=0 response=0 ret=0
RADIO Wi-Fi RX type=1 id=15 seq=1358 len=10
RADIO Wi-Fi cmd=15 seq=1358 ack=1 status=0 response=0 ret=0
RADIO Wi-Fi RX type=1 id=15 seq=1359 len=10
RADIO Wi-Fi cmd=15 seq=1359 ack=1 status=0 response=0 ret=0
RADIO Wi-Fi RX type=1 id=15 seq=1360 len=10
RADIO Wi-Fi cmd=15 seq=1360 ack=1 status=0 response=0 ret=0
RADIO Wi-Fi RX type=1 id=15 seq=1361 len=10
RADIO Wi-Fi cmd=15 seq=1361 ack=1 status=0 response=0 ret=0
RADIO Wi-Fi RX type=1 id=15 seq=1362 len=10
RADIO Wi-Fi cmd=15 seq=1362 ack=1 status=0 response=0 ret=0
RADIO Wi-Fi RX type=1 id=15 seq=1363 len=10
RADIO Wi-Fi cmd=15 seq=1363 ack=1 status=0 response=0 ret=0
RADIO Wi-Fi RX type=1 id=15 seq=1364 len=10
RADIO Wi-Fi cmd=15 seq=1364 ack=1 status=0 response=0 ret=0
RADIO Wi-Fi RX type=1 id=15 seq=1365 len=10
RADIO Wi-Fi cmd=15 seq=1365 ack=1 status=0 response=0 ret=0
RADIO Wi-Fi RX type=1 id=15 seq=1366 len=10
RADIO Wi-Fi cmd=15 seq=1366 ack=1 status=0 response=0 ret=0
RADIO Wi-Fi RX type=1 id=15 seq=1367 len=10
RADIO Wi-Fi cmd=15 seq=1367 ack=1 status=0 response=0 ret=0
RADIO Wi-Fi RX type=1 id=15 seq=1368 len=10
RADIO Wi-Fi cmd=15 seq=1368 ack=1 status=0 response=0 ret=0
RADIO Wi-Fi RX type=1 id=15 seq=1369 len=10
RADIO Wi-Fi cmd=15 seq=1369 ack=1 status=0 response=0 ret=0
RADIO Wi-Fi RX type=1 id=15 seq=1370 len=10
RADIO Wi-Fi cmd=15 seq=1370 ack=1 status=0 response=0 ret=0
RADIO Wi-Fi RX type=1 id=15 seq=1371 len=10
RADIO Wi-Fi cmd=15 seq=1371 ack=1 status=0 response=0 ret=0
RADIO Wi-Fi RX type=1 id=15 seq=1372 len=10
RADIO Wi-Fi cmd=15 seq=1372 ack=1 status=0 response=0 ret=0
RADIO Wi-Fi RX type=1 id=15 seq=1373 len=10
RADIO Wi-Fi cmd=15 seq=1373 ack=1 status=0 response=0 ret=0
RADIO Wi-Fi RX type=1 id=15 seq=1374 len=10
RADIO Wi-Fi cmd=15 seq=1374 ack=1 status=0 response=0 ret=0
RADIO Wi-Fi RX type=1 id=15 seq=1375 len=10
RADIO Wi-Fi cmd=15 seq=1375 ack=1 status=0 response=0 ret=0
RADIO Wi-Fi RX type=1 id=15 seq=1376 len=10
RADIO Wi-Fi cmd=15 seq=1376 ack=1 status=0 response=0 ret=0
RADIO Wi-Fi RX type=1 id=15 seq=1377 len=10
RADIO Wi-Fi cmd=15 seq=1377 ack=1 status=0 response=0 ret=0
RADIO Wi-Fi RX type=1 id=15 seq=1378 len=10
RADIO Wi-Fi cmd=15 seq=1378 ack=1 status=0 response=0 ret=0
RADIO Wi-Fi RX type=1 id=15 seq=1379 len=10
RADIO Wi-Fi cmd=15 seq=1379 ack=1 status=0 response=0 ret=0
RADIO Wi-Fi RX type=1 id=15 seq=1380 len=10
RADIO Wi-Fi cmd=15 seq=1380 ack=1 status=0 response=0 ret=0
RADIO Wi-Fi RX type=1 id=15 seq=1381 len=10
RADIO Wi-Fi cmd=15 seq=1381 ack=1 status=0 response=0 ret=0
RADIO Wi-Fi RX type=1 id=15 seq=1382 len=10
RADIO Wi-Fi cmd=15 seq=1382 ack=1 status=0 response=0 ret=0
RADIO Wi-Fi RX type=1 id=15 seq=1383 len=10
RADIO Wi-Fi cmd=15 seq=1383 ack=1 status=0 response=0 ret=0
RADIO Wi-Fi RX type=1 id=15 seq=1384 len=10
RADIO Wi-Fi cmd=15 seq=1384 ack=1 status=0 response=0 ret=0
RADIO Wi-Fi RX type=1 id=15 seq=1385 len=10
RADIO Wi-Fi cmd=15 seq=1385 ack=1 status=0 response=0 ret=0
RADIO Wi-Fi RX type=1 id=15 seq=1386 len=10
RADIO Wi-Fi cmd=15 seq=1386 ack=1 status=0 response=0 ret=0
RADIO Wi-Fi RX type=1 id=15 seq=1387 len=10
RADIO Wi-Fi cmd=15 seq=1387 ack=1 status=0 response=0 ret=0
RADIO Wi-Fi RX type=1 id=15 seq=1388 len=10
RADIO Wi-Fi cmd=15 seq=1388 ack=1 status=0 response=0 ret=0
RADIO Wi-Fi RX type=1 id=15 seq=1389 len=10
RADIO Wi-Fi cmd=15 seq=1389 ack=1 status=0 response=0 ret=0
RADIO Wi-Fi RX type=1 id=15 seq=1390 len=10
RADIO Wi-Fi cmd=15 seq=1390 ack=1 status=0 response=0 ret=0
RADIO Wi-Fi RX type=1 id=15 seq=1391 len=10
RADIO Wi-Fi cmd=15 seq=1391 ack=1 status=0 response=0 ret=0
RADIO Wi-Fi RX type=1 id=15 seq=1392 len=10
RADIO Wi-Fi cmd=15 seq=1392 ack=1 status=0 response=0 ret=0
RADIO Wi-Fi RX type=1 id=15 seq=1393 len=10
RADIO Wi-Fi cmd=15 seq=1393 ack=1 status=0 response=0 ret=0
RADIO Wi-Fi RX type=1 id=15 seq=1394 len=10
RADIO Wi-Fi cmd=15 seq=1394 ack=1 status=0 response=0 ret=0
RADIO Wi-Fi RX type=1 id=15 seq=1395 len=10
RADIO Wi-Fi cmd=15 seq=1395 ack=1 status=0 response=0 ret=0
RADIO Wi-Fi RX type=1 id=15 seq=1396 len=10
RADIO Wi-Fi cmd=15 seq=1396 ack=1 status=0 response=0 ret=0
RADIO Wi-Fi RX type=1 id=15 seq=1397 len=10
RADIO Wi-Fi cmd=15 seq=1397 ack=1 status=0 response=0 ret=0
RADIO Wi-Fi RX type=1 id=15 seq=1398 len=10
RADIO Wi-Fi cmd=15 seq=1398 ack=1 status=0 response=0 ret=0
RADIO Wi-Fi RX type=1 id=15 seq=1399 len=10
RADIO Wi-Fi cmd=15 seq=1399 ack=1 status=0 response=0 ret=0
RADIO Wi-Fi RX type=1 id=15 seq=1400 len=10
RADIO Wi-Fi cmd=15 seq=1400 ack=1 status=0 response=0 ret=0
RADIO Wi-Fi RX type=1 id=15 seq=1401 len=10
RADIO Wi-Fi cmd=15 seq=1401 ack=1 status=0 response=0 ret=0
RADIO Wi-Fi RX type=1 id=15 seq=1402 len=10
RADIO Wi-Fi cmd=15 seq=1402 ack=1 status=0 response=0 ret=0
RADIO Wi-Fi RX type=1 id=15 seq=1403 len=10
RADIO Wi-Fi cmd=15 seq=1403 ack=1 status=0 response=0 ret=0
RADIO Wi-Fi RX type=1 id=15 seq=1404 len=10
RADIO Wi-Fi cmd=15 seq=1404 ack=1 status=0 response=0 ret=0
RADIO Wi-Fi RX type=1 id=15 seq=1405 len=10
RADIO Wi-Fi cmd=15 seq=1405 ack=1 status=0 response=0 ret=0
RADIO Wi-Fi RX type=1 id=15 seq=1406 len=10
RADIO Wi-Fi cmd=15 seq=1406 ack=1 status=0 response=0 ret=0
RADIO Wi-Fi RX type=1 id=15 seq=1407 len=10
RADIO Wi-Fi cmd=15 seq=1407 ack=1 status=0 response=0 ret=0
RADIO Wi-Fi RX type=1 id=15 seq=1408 len=10
RADIO Wi-Fi cmd=15 seq=1408 ack=1 status=0 response=0 ret=0
RADIO Wi-Fi RX type=1 id=15 seq=1409 len=10
RADIO Wi-Fi cmd=15 seq=1409 ack=1 status=0 response=0 ret=0
RADIO Wi-Fi RX type=1 id=15 seq=1410 len=10
RADIO Wi-Fi cmd=15 seq=1410 ack=1 status=0 response=0 ret=0
RADIO Wi-Fi RX type=1 id=15 seq=1411 len=10
RADIO Wi-Fi cmd=15 seq=1411 ack=1 status=0 response=0 ret=0
RADIO Wi-Fi RX type=1 id=15 seq=1412 len=10
RADIO Wi-Fi cmd=15 seq=1412 ack=1 status=0 response=0 ret=0
RADIO Wi-Fi RX type=1 id=15 seq=1413 len=10
RADIO Wi-Fi cmd=15 seq=1413 ack=1 status=0 response=0 ret=0
RADIO Wi-Fi RX type=1 id=15 seq=1414 len=10
RADIO Wi-Fi cmd=15 seq=1414 ack=1 status=0 response=0 ret=0
RADIO Wi-Fi RX type=1 id=15 seq=1415 len=10
RADIO Wi-Fi cmd=15 seq=1415 ack=1 status=0 response=0 ret=0
RADIO Wi-Fi RX type=1 id=15 seq=1416 len=10
RADIO Wi-Fi cmd=15 seq=1416 ack=1 status=0 response=0 ret=0
RADIO Wi-Fi RX type=1 id=15 seq=1417 len=10
RADIO Wi-Fi cmd=15 seq=1417 ack=1 status=0 response=0 ret=0
RADIO Wi-Fi RX type=1 id=15 seq=1418 len=10
RADIO Wi-Fi cmd=15 seq=1418 ack=1 status=0 response=0 ret=0
RADIO Wi-Fi RX type=1 id=15 seq=1419 len=10
RADIO Wi-Fi cmd=15 seq=1419 ack=1 status=0 response=0 ret=0
RADIO Wi-Fi RX type=1 id=15 seq=1420 len=10
RADIO Wi-Fi cmd=15 seq=1420 ack=1 status=0 response=0 ret=0
RADIO Wi-Fi RX type=1 id=15 seq=1421 len=10
RADIO Wi-Fi cmd=15 seq=1421 ack=1 status=0 response=0 ret=0
RADIO Wi-Fi RX type=1 id=15 seq=1422 len=10
RADIO Wi-Fi cmd=15 seq=1422 ack=1 status=0 response=0 ret=0
RADIO Wi-Fi RX type=1 id=15 seq=1423 len=10
RADIO Wi-Fi cmd=15 seq=1423 ack=1 status=0 response=0 ret=0
RADIO Wi-Fi RX type=1 id=15 seq=1424 len=10
RADIO Wi-Fi cmd=15 seq=1424 ack=1 status=0 response=0 ret=0
RADIO Wi-Fi RX type=1 id=15 seq=1425 len=10
RADIO Wi-Fi cmd=15 seq=1425 ack=1 status=0 response=0 ret=0
RADIO Wi-Fi RX type=1 id=15 seq=1426 len=10
RADIO Wi-Fi cmd=15 seq=1426 ack=1 status=0 response=0 ret=0
RADIO Wi-Fi RX type=1 id=15 seq=1427 len=10
RADIO Wi-Fi cmd=15 seq=1427 ack=1 status=0 response=0 ret=0
RADIO Wi-Fi RX type=1 id=15 seq=1428 len=10
RADIO Wi-Fi cmd=15 seq=1428 ack=1 status=0 response=0 ret=0
RADIO Wi-Fi RX type=1 id=15 seq=1429 len=10
RADIO Wi-Fi cmd=15 seq=1429 ack=1 status=0 response=0 ret=0
RADIO Wi-Fi RX type=1 id=15 seq=1430 len=10
RADIO Wi-Fi cmd=15 seq=1430 ack=1 status=0 response=0 ret=0
RADIO Wi-Fi RX type=1 id=15 seq=1431 len=10
RADIO Wi-Fi cmd=15 seq=1431 ack=1 status=0 response=0 ret=0
RADIO Wi-Fi RX type=1 id=15 seq=1432 len=10
RADIO Wi-Fi cmd=15 seq=1432 ack=1 status=0 response=0 ret=0
RADIO Wi-Fi RX type=1 id=15 seq=1433 len=10
RADIO Wi-Fi cmd=15 seq=1433 ack=1 status=0 response=0 ret=0
RADIO Wi-Fi RX type=1 id=15 seq=1434 len=10
RADIO Wi-Fi cmd=15 seq=1434 ack=1 status=0 response=0 ret=0
RADIO Wi-Fi RX type=1 id=15 seq=1435 len=10
RADIO Wi-Fi cmd=15 seq=1435 ack=1 status=0 response=0 ret=0
RADIO Wi-Fi RX type=1 id=15 seq=1436 len=10
RADIO Wi-Fi cmd=15 seq=1436 ack=1 status=0 response=0 ret=0
RADIO Wi-Fi RX type=1 id=15 seq=1437 len=10
RADIO Wi-Fi cmd=15 seq=1437 ack=1 status=0 response=0 ret=0
RADIO Wi-Fi RX type=1 id=15 seq=1438 len=10
RADIO Wi-Fi cmd=15 seq=1438 ack=1 status=0 response=0 ret=0
RADIO Wi-Fi RX type=1 id=15 seq=1439 len=10
RADIO Wi-Fi cmd=15 seq=1439 ack=1 status=0 response=0 ret=0
RADIO Wi-Fi RX type=1 id=15 seq=1440 len=10
RADIO Wi-Fi cmd=15 seq=1440 ack=1 status=0 response=0 ret=0
RADIO Wi-Fi RX type=1 id=15 seq=1441 len=10
RADIO Wi-Fi cmd=15 seq=1441 ack=1 status=0 response=0 ret=0
RADIO Wi-Fi RX type=1 id=15 seq=1442 len=10
RADIO Wi-Fi cmd=15 seq=1442 ack=1 status=0 response=0 ret=0
RADIO Wi-Fi RX type=1 id=15 seq=1443 len=10
RADIO Wi-Fi cmd=15 seq=1443 ack=1 status=0 response=0 ret=0
RADIO Wi-Fi RX type=1 id=15 seq=1444 len=10
RADIO Wi-Fi cmd=15 seq=1444 ack=1 status=0 response=0 ret=0
RADIO Wi-Fi RX type=1 id=15 seq=1445 len=10
RADIO Wi-Fi cmd=15 seq=1445 ack=1 status=0 response=0 ret=0
RADIO Wi-Fi RX type=1 id=15 seq=1446 len=10
RADIO Wi-Fi cmd=15 seq=1446 ack=1 status=0 response=0 ret=0
RADIO Wi-Fi RX type=1 id=15 seq=1447 len=10
RADIO Wi-Fi cmd=15 seq=1447 ack=1 status=0 response=0 ret=0
RADIO Wi-Fi RX type=1 id=15 seq=1448 len=10
RADIO Wi-Fi cmd=15 seq=1448 ack=1 status=0 response=0 ret=0
RADIO Wi-Fi RX type=1 id=15 seq=1449 len=10
RADIO Wi-Fi cmd=15 seq=1449 ack=1 status=0 response=0 ret=0
RADIO Wi-Fi RX type=1 id=15 seq=1450 len=10
RADIO Wi-Fi cmd=15 seq=1450 ack=1 status=0 response=0 ret=0
RADIO Wi-Fi RX type=1 id=15 seq=1451 len=10
RADIO Wi-Fi cmd=15 seq=1451 ack=1 status=0 response=0 ret=0
RADIO Wi-Fi RX type=1 id=15 seq=1452 len=10
RADIO Wi-Fi cmd=15 seq=1452 ack=1 status=0 response=0 ret=0
RADIO Wi-Fi RX type=1 id=15 seq=1453 len=10
RADIO Wi-Fi cmd=15 seq=1453 ack=1 status=0 response=0 ret=0
RADIO Wi-Fi RX type=1 id=15 seq=1454 len=10
RADIO Wi-Fi cmd=15 seq=1454 ack=1 status=0 response=0 ret=0
RADIO Wi-Fi RX type=1 id=15 seq=1455 len=10
RADIO Wi-Fi cmd=15 seq=1455 ack=1 status=0 response=0 ret=0
RADIO Wi-Fi RX type=1 id=15 seq=1456 len=10
RADIO Wi-Fi cmd=15 seq=1456 ack=1 status=0 response=0 ret=0
RADIO Wi-Fi RX type=1 id=15 seq=1457 len=10
RADIO Wi-Fi cmd=15 seq=1457 ack=1 status=0 response=0 ret=0
RADIO Wi-Fi RX type=1 id=15 seq=1458 len=10
RADIO Wi-Fi cmd=15 seq=1458 ack=1 status=0 response=0 ret=0
RADIO Wi-Fi RX type=1 id=15 seq=1459 len=10
RADIO Wi-Fi cmd=15 seq=1459 ack=1 status=0 response=0 ret=0
RADIO Wi-Fi RX type=1 id=15 seq=1460 len=10
RADIO Wi-Fi cmd=15 seq=1460 ack=1 status=0 response=0 ret=0
RADIO Wi-Fi RX type=1 id=15 seq=1461 len=10
RADIO Wi-Fi cmd=15 seq=1461 ack=1 status=0 response=0 ret=0
RADIO Wi-Fi RX type=1 id=15 seq=1462 len=10
RADIO Wi-Fi cmd=15 seq=1462 ack=1 status=0 response=0 ret=0
RADIO Wi-Fi RX type=1 id=15 seq=1463 len=10
RADIO Wi-Fi cmd=15 seq=1463 ack=1 status=0 response=0 ret=0
RADIO Wi-Fi RX type=1 id=15 seq=1464 len=10
RADIO Wi-Fi cmd=15 seq=1464 ack=1 status=0 response=0 ret=0
RADIO Wi-Fi RX type=1 id=15 seq=1465 len=10
RADIO Wi-Fi cmd=15 seq=1465 ack=1 status=0 response=0 ret=0
RADIO Wi-Fi RX type=1 id=15 seq=1466 len=10
RADIO Wi-Fi cmd=15 seq=1466 ack=1 status=0 response=0 ret=0
RADIO Wi-Fi RX type=1 id=15 seq=1467 len=10
RADIO Wi-Fi cmd=15 seq=1467 ack=1 status=0 response=0 ret=0
RADIO Wi-Fi RX type=1 id=15 seq=1468 len=10
RADIO Wi-Fi cmd=15 seq=1468 ack=1 status=0 response=0 ret=0
RADIO Wi-Fi RX type=1 id=15 seq=1469 len=10
RADIO Wi-Fi cmd=15 seq=1469 ack=1 status=0 response=0 ret=0
RADIO Wi-Fi RX type=1 id=15 seq=1470 len=10
RADIO Wi-Fi cmd=15 seq=1470 ack=1 status=0 response=0 ret=0
RADIO Wi-Fi RX type=1 id=15 seq=1471 len=10
RADIO Wi-Fi cmd=15 seq=1471 ack=1 status=0 response=0 ret=0
RADIO Wi-Fi RX type=1 id=15 seq=1472 len=10
RADIO Wi-Fi cmd=15 seq=1472 ack=1 status=0 response=0 ret=0
RADIO Wi-Fi RX type=1 id=15 seq=1473 len=10
RADIO Wi-Fi cmd=15 seq=1473 ack=1 status=0 response=0 ret=0
RADIO Wi-Fi RX type=1 id=15 seq=1474 len=10
RADIO Wi-Fi cmd=15 seq=1474 ack=1 status=0 response=0 ret=0
RADIO Wi-Fi RX type=1 id=15 seq=1475 len=10
RADIO Wi-Fi cmd=15 seq=1475 ack=1 status=0 response=0 ret=0
RADIO Wi-Fi RX type=1 id=15 seq=1476 len=10
RADIO Wi-Fi cmd=15 seq=1476 ack=1 status=0 response=0 ret=0
RADIO Wi-Fi RX type=1 id=15 seq=1477 len=10
RADIO Wi-Fi cmd=15 seq=1477 ack=1 status=0 response=0 ret=0
RADIO Wi-Fi RX type=1 id=15 seq=1478 len=10
RADIO Wi-Fi cmd=15 seq=1478 ack=1 status=0 response=0 ret=0
RADIO Wi-Fi RX type=1 id=15 seq=1479 len=10
RADIO Wi-Fi cmd=15 seq=1479 ack=1 status=0 response=0 ret=0
RADIO Wi-Fi RX type=1 id=15 seq=1480 len=10
RADIO Wi-Fi cmd=15 seq=1480 ack=1 status=0 response=0 ret=0
RADIO Wi-Fi RX type=1 id=15 seq=1481 len=10
RADIO Wi-Fi cmd=15 seq=1481 ack=1 status=0 response=0 ret=0
RADIO Wi-Fi RX type=1 id=15 seq=1482 len=10
RADIO Wi-Fi cmd=15 seq=1482 ack=1 status=0 response=0 ret=0
RADIO Wi-Fi RX type=1 id=15 seq=1483 len=10
RADIO Wi-Fi cmd=15 seq=1483 ack=1 status=0 response=0 ret=0
RADIO Wi-Fi RX type=1 id=15 seq=1484 len=10
RADIO Wi-Fi cmd=15 seq=1484 ack=1 status=0 response=0 ret=0
RADIO Wi-Fi RX type=1 id=15 seq=1485 len=10
RADIO Wi-Fi cmd=15 seq=1485 ack=1 status=0 response=0 ret=0
RADIO Wi-Fi RX type=1 id=15 seq=1486 len=10
RADIO Wi-Fi cmd=15 seq=1486 ack=1 status=0 response=0 ret=0
RADIO Wi-Fi RX type=1 id=15 seq=1487 len=10
RADIO Wi-Fi cmd=15 seq=1487 ack=1 status=0 response=0 ret=0
RADIO Wi-Fi RX type=1 id=15 seq=1488 len=10
RADIO Wi-Fi cmd=15 seq=1488 ack=1 status=0 response=0 ret=0
RADIO Wi-Fi RX type=1 id=15 seq=1489 len=10
RADIO Wi-Fi cmd=15 seq=1489 ack=1 status=0 response=0 ret=0
RADIO Wi-Fi RX type=1 id=15 seq=1490 len=10
RADIO Wi-Fi cmd=15 seq=1490 ack=1 status=0 response=0 ret=0
RADIO Wi-Fi RX type=1 id=15 seq=1491 len=10
RADIO Wi-Fi cmd=15 seq=1491 ack=1 status=0 response=0 ret=0
RADIO Wi-Fi RX type=1 id=15 seq=1492 len=10
RADIO Wi-Fi cmd=15 seq=1492 ack=1 status=0 response=0 ret=0
RADIO Wi-Fi RX type=1 id=15 seq=1493 len=10
RADIO Wi-Fi cmd=15 seq=1493 ack=1 status=0 response=0 ret=0
RADIO Wi-Fi RX type=1 id=15 seq=1494 len=10
RADIO Wi-Fi cmd=15 seq=1494 ack=1 status=0 response=0 ret=0
RADIO Wi-Fi RX type=1 id=15 seq=1495 len=10
RADIO Wi-Fi cmd=15 seq=1495 ack=1 status=0 response=0 ret=0
RADIO Wi-Fi RX type=1 id=15 seq=1496 len=10
RADIO Wi-Fi cmd=15 seq=1496 ack=1 status=0 response=0 ret=0
RADIO Wi-Fi RX type=1 id=15 seq=1497 len=10
RADIO Wi-Fi cmd=15 seq=1497 ack=1 status=0 response=0 ret=0
RADIO Wi-Fi RX type=1 id=15 seq=1498 len=10
RADIO Wi-Fi cmd=15 seq=1498 ack=1 status=0 response=0 ret=0
RADIO Wi-Fi RX type=1 id=15 seq=1499 len=10
RADIO Wi-Fi cmd=15 seq=1499 ack=1 status=0 response=0 ret=0
RADIO Wi-Fi RX type=1 id=15 seq=1500 len=10
RADIO Wi-Fi cmd=15 seq=1500 ack=1 status=0 response=0 ret=0
RADIO Wi-Fi RX type=1 id=15 seq=1501 len=10
RADIO Wi-Fi cmd=15 seq=1501 ack=1 status=0 response=0 ret=0
RADIO Wi-Fi RX type=1 id=15 seq=1502 len=10
RADIO Wi-Fi cmd=15 seq=1502 ack=1 status=0 response=0 ret=0
RADIO Wi-Fi RX type=1 id=15 seq=1503 len=10
RADIO Wi-Fi cmd=15 seq=1503 ack=1 status=0 response=0 ret=0
RADIO Wi-Fi RX type=1 id=15 seq=1504 len=10
RADIO Wi-Fi cmd=15 seq=1504 ack=1 status=0 response=0 ret=0
RADIO Wi-Fi RX type=1 id=15 seq=1505 len=10
RADIO Wi-Fi cmd=15 seq=1505 ack=1 status=0 response=0 ret=0
RADIO Wi-Fi RX type=1 id=15 seq=1506 len=10
RADIO Wi-Fi cmd=15 seq=1506 ack=1 status=0 response=0 ret=0
RADIO Wi-Fi RX type=1 id=15 seq=1507 len=10
RADIO Wi-Fi cmd=15 seq=1507 ack=1 status=0 response=0 ret=0
RADIO Wi-Fi RX type=1 id=15 seq=1508 len=10
RADIO Wi-Fi cmd=15 seq=1508 ack=1 status=0 response=0 ret=0
RADIO Wi-Fi RX type=1 id=15 seq=1509 len=10
RADIO Wi-Fi cmd=15 seq=1509 ack=1 status=0 response=0 ret=0
RADIO Wi-Fi RX type=1 id=15 seq=1510 len=10
RADIO Wi-Fi cmd=15 seq=1510 ack=1 status=0 response=0 ret=0
RADIO Wi-Fi RX type=1 id=15 seq=1511 len=10
RADIO Wi-Fi cmd=15 seq=1511 ack=1 status=0 response=0 ret=0
RADIO Wi-Fi RX type=1 id=15 seq=1512 len=10
RADIO Wi-Fi cmd=15 seq=1512 ack=1 status=0 response=0 ret=0
RADIO Wi-Fi RX type=1 id=15 seq=1513 len=10
RADIO Wi-Fi cmd=15 seq=1513 ack=1 status=0 response=0 ret=0
RADIO Wi-Fi RX type=1 id=15 seq=1514 len=10
RADIO Wi-Fi cmd=15 seq=1514 ack=1 status=0 response=0 ret=0
RADIO Wi-Fi RX type=1 id=15 seq=1515 len=10
RADIO Wi-Fi cmd=15 seq=1515 ack=1 status=0 response=0 ret=0
RADIO Wi-Fi RX type=1 id=15 seq=1516 len=10
RADIO Wi-Fi cmd=15 seq=1516 ack=1 status=0 response=0 ret=0
RADIO Wi-Fi RX type=1 id=15 seq=1517 len=10
RADIO Wi-Fi cmd=15 seq=1517 ack=1 status=0 response=0 ret=0
RADIO Wi-Fi RX type=1 id=15 seq=1518 len=10
RADIO Wi-Fi cmd=15 seq=1518 ack=1 status=0 response=0 ret=0
RADIO Wi-Fi RX type=1 id=15 seq=1519 len=10
RADIO Wi-Fi cmd=15 seq=1519 ack=1 status=0 response=0 ret=0
RADIO Wi-Fi RX type=1 id=15 seq=1520 len=10
RADIO Wi-Fi cmd=15 seq=1520 ack=1 status=0 response=0 ret=0
RADIO Wi-Fi RX type=1 id=15 seq=1521 len=10
RADIO Wi-Fi cmd=15 seq=1521 ack=1 status=0 response=0 ret=0
RADIO Wi-Fi RX type=1 id=15 seq=1522 len=10
RADIO Wi-Fi cmd=15 seq=1522 ack=1 status=0 response=0 ret=0
RADIO Wi-Fi RX type=1 id=15 seq=1523 len=10
RADIO Wi-Fi cmd=15 seq=1523 ack=1 status=0 response=0 ret=0
RADIO Wi-Fi RX type=1 id=15 seq=1524 len=10
RADIO Wi-Fi cmd=15 seq=1524 ack=1 status=0 response=0 ret=0
RADIO Wi-Fi RX type=1 id=15 seq=1525 len=10
RADIO Wi-Fi cmd=15 seq=1525 ack=1 status=0 response=0 ret=0
RADIO Wi-Fi RX type=1 id=15 seq=1526 len=10
RADIO Wi-Fi cmd=15 seq=1526 ack=1 status=0 response=0 ret=0
RADIO Wi-Fi RX type=1 id=15 seq=1527 len=10
RADIO Wi-Fi cmd=15 seq=1527 ack=1 status=0 response=0 ret=0
RADIO Wi-Fi RX type=1 id=15 seq=1528 len=10
RADIO Wi-Fi cmd=15 seq=1528 ack=1 status=0 response=0 ret=0
RADIO Wi-Fi RX type=1 id=15 seq=1529 len=10
RADIO Wi-Fi cmd=15 seq=1529 ack=1 status=0 response=0 ret=0
RADIO Wi-Fi RX type=1 id=15 seq=1530 len=10
RADIO Wi-Fi cmd=15 seq=1530 ack=1 status=0 response=0 ret=0
RADIO Wi-Fi RX type=1 id=15 seq=1531 len=10
RADIO Wi-Fi cmd=15 seq=1531 ack=1 status=0 response=0 ret=0
RADIO Wi-Fi RX type=1 id=15 seq=1532 len=10
RADIO Wi-Fi cmd=15 seq=1532 ack=1 status=0 response=0 ret=0
RADIO Wi-Fi RX type=1 id=15 seq=1533 len=10
RADIO Wi-Fi cmd=15 seq=1533 ack=1 status=0 response=0 ret=0
RADIO Wi-Fi RX type=1 id=15 seq=1534 len=10
RADIO Wi-Fi cmd=15 seq=1534 ack=1 status=0 response=0 ret=0
RADIO Wi-Fi RX type=1 id=15 seq=1535 len=10
RADIO Wi-Fi cmd=15 seq=1535 ack=1 status=0 response=0 ret=0
RADIO Wi-Fi RX type=1 id=15 seq=1536 len=10
RADIO Wi-Fi cmd=15 seq=1536 ack=1 status=0 response=0 ret=0
RADIO Wi-Fi RX type=1 id=15 seq=1537 len=10
RADIO Wi-Fi cmd=15 seq=1537 ack=1 status=0 response=0 ret=0
RADIO Wi-Fi RX type=1 id=15 seq=1538 len=10
RADIO Wi-Fi cmd=15 seq=1538 ack=1 status=0 response=0 ret=0
RADIO Wi-Fi RX type=1 id=15 seq=1539 len=10
RADIO Wi-Fi cmd=15 seq=1539 ack=1 status=0 response=0 ret=0
RADIO Wi-Fi RX type=1 id=15 seq=1540 len=10
RADIO Wi-Fi cmd=15 seq=1540 ack=1 status=0 response=0 ret=0
RADIO Wi-Fi RX type=1 id=15 seq=1541 len=10
RADIO Wi-Fi cmd=15 seq=1541 ack=1 status=0 response=0 ret=0
RADIO Wi-Fi RX type=1 id=15 seq=1542 len=10
RADIO Wi-Fi cmd=15 seq=1542 ack=1 status=0 response=0 ret=0
RADIO Wi-Fi RX type=1 id=15 seq=1543 len=10
RADIO Wi-Fi cmd=15 seq=1543 ack=1 status=0 response=0 ret=0
RADIO Wi-Fi RX type=1 id=15 seq=1544 len=10
RADIO Wi-Fi cmd=15 seq=1544 ack=1 status=0 response=0 ret=0
RADIO Wi-Fi RX type=1 id=15 seq=1545 len=10
RADIO Wi-Fi cmd=15 seq=1545 ack=1 status=0 response=0 ret=0
RADIO Wi-Fi RX type=1 id=15 seq=1546 len=10
RADIO Wi-Fi cmd=15 seq=1546 ack=1 status=0 response=0 ret=0
RADIO Wi-Fi RX type=1 id=15 seq=1547 len=10
RADIO Wi-Fi cmd=15 seq=1547 ack=1 status=0 response=0 ret=0
RADIO Wi-Fi RX type=1 id=15 seq=1548 len=10
RADIO Wi-Fi cmd=15 seq=1548 ack=1 status=0 response=0 ret=0
RADIO Wi-Fi RX type=1 id=15 seq=1549 len=10
RADIO Wi-Fi cmd=15 seq=1549 ack=1 status=0 response=0 ret=0
RADIO Wi-Fi RX type=1 id=15 seq=1550 len=10
RADIO Wi-Fi cmd=15 seq=1550 ack=1 status=0 response=0 ret=0
RADIO Wi-Fi RX type=1 id=15 seq=1551 len=10
RADIO Wi-Fi cmd=15 seq=1551 ack=1 status=0 response=0 ret=0
RADIO Wi-Fi RX type=1 id=15 seq=1552 len=10
RADIO Wi-Fi cmd=15 seq=1552 ack=1 status=0 response=0 ret=0
RADIO Wi-Fi RX type=1 id=15 seq=1553 len=10
RADIO Wi-Fi cmd=15 seq=1553 ack=1 status=0 response=0 ret=0
RADIO Wi-Fi RX type=1 id=15 seq=1554 len=10
RADIO Wi-Fi cmd=15 seq=1554 ack=1 status=0 response=0 ret=0
RADIO Wi-Fi RX type=1 id=15 seq=1555 len=10
RADIO Wi-Fi cmd=15 seq=1555 ack=1 status=0 response=0 ret=0
AUDIO_IO reset12=00000000 gate11=00000000 gate12=00000000 gate18=00000000 mux=00000000 source=00000000
AUDIO_IO con=00060300 ien=00000000 gpio_version=010219c8 gpio_input=014d3050
SOUND platform_result=0 version=23073576 repair=fdffffff ack=00000001 idleRADIO Wi-Fi RX type=1 id=15 seq=1556 len=10
RADIO Wi-Fi cmd=15 seq=1556 ack=1 status=0 response=0 ret=0
SOUND codec_prepare=0 state=2
SOUND adc_variant=0 settle_ms=0
SOUND playback_gain_db=16 dac_attenuation_db=8 maximum=0
SOUND experiment clear=0 reset=0 clockwait20=0
SOUND slot_mask offset=3c value=00000000
SOUND slot_mask offset=40 value=00000000
SOUND slot_mask offset=44 vae=00000000
SOUND slot_mask offset=4c value=00000000
SOUND slot stop=0 held=0 max_fifo=16
SOUND fifo first=00104104 last=00000700fff FSCR=0101f03f CKR=00000018
SOUND codec reg=00 value=36
e=00
SOUND codec reg=03 value=00
SOUND codec reg=04 value=0c
e=7c
SOUND codec reg=08 value=00
SOUND codec reg=09 value=44
codec reg=0c value=10
SOUND codec reg=0d value=02
SOUND codec 2
SOUND codec reg=19 value=02
SOUND codec reg=1a value=10
SOUND codec reg=1b value=10
SOUND codec reg=27 value=b8
SOUND codue=21
SOUND codec reg=31 value=21
SOUND input pull=00005515 schmitt=000000ff path=000000e4 gpio_high=50430 transitions=0 samples=50430
SOUND pad ticks=480011 max_gap=35 counter_hz=24000000 complete=1
SOUND pad channel=0 high=24860 changes=38021
SOUND pad channel=1 high=25298 changes=40920
SOUND pad channel=2 high=25248 changes=640
SOUND pad channel=3 high=50430 changes=0
SOUND result=0 codec_stop=0 platform_restore=0 i2c_restore=0 amp_low=1
K7CLOUD tts result=0 pcm_bytes=148480
K7CLOUD prompt_done result=0
RADIO Wi-Fi RX type=1 id=15 seq=1557 len=10
RADIO Wi-Fi cmd=15 seq=1557 ack=1 status=0 response=0 ret=0
K7CLOUD chat loop_done=0

