k7cloud chat-loop 10.3.1.125 2 &
k7cloud [56:100]
nsh> [KK7CLOUD chat listening round=1
RADIO Wi-Fi RX type=1 id=15 seq=91 len=10
RADIO Wi-Fi cmd=15 seq=91 ack=1 status=0 response=0 ret=0
RADIO Wi-Fi RX type=1 id=15 seq=92 len=10
RADIO Wi-Fi cmd=15 seq=92 ack=1 status=0 response=0 ret=0
RADIO Wi-Fi RX type=1 id=15 seq=93 len=10
RADIO Wi-Fi cmd=15 seq=93 ack=1 status=0 response=0 ret=0
AUDIO_IO reset12=00000000 gate11=00000000 gate12=00000000 gate18=00000000 mux=00000000 source=00000000
AUDIO_IO con=00060300 ien=00000000 gpio_version=010219c8 gpio_input=034d3050
SOUND platform_result=0 version=23073576 repair=fdffffff ack=00000001 idleRADIO Wi-Fi RX type=1 id=15 seq=94 len=10
RADIO Wi-Fi cmd=15 seSOUND codec_prepare=0 state=2
SOUND adc_variant=24 settle_ms=1000
SOUND playback_gain_db=24 dac_attenuation_db=0 maximum=1
RADIO Wi-Fi RX type=1 id=15 seq=95 len=10
RADIO Wi-Fi cmd=15 seq=95 ack=1 status=0 response=0 ret=0
RADIO Wi-Fi RX type=1 id=15 seq=96 len=10
RADIO Wi-Fi cmd=15 seq=96 ack=1 status=0 response=0 ret=0
RADIO Wi-Fi RX type=1 id=15 seq=97 len=10
RADIO Wi-Fi cmd=15 seq=97 ack=1 status=0 response=0 ret=0
RADIO Wi-Fi RX type=1 id=15 seq=98 len=10
RADIO Wi-Fi cmd=15 seq=98 ack=1 status=0 response=0 ret=0
RADIO Wi-Fi RX type=1 id=15 seq=99 len=10
RADIO Wi-Fi cmd=15 seq=99 ack=1 status=0 response=0 ret=0
RADIO Wi-Fi RX type=1 id=15 seq=100 len=10
RADIO Wi-Fi cmd=15 seq=100 ack=1 status=0 response=0 ret=0
RADIO Wi-Fi RX type=1 id=15 seq=101 len=10
RADIO Wi-Fi cmd=15 seq=101 ack=1 status=0 response=0 ret=0
RADIO Wi-Fi RX type=1 id=15 seq=102 len=10
RADIO Wi-Fi cmd=15 seq=102 ack=1 status=0 response=0 ret=0
RADIO Wi-Fi RX type=1 id=15 seq=103 len=10
RADIO Wi-Fi cmd=15 seq=103 ack=1 status=0 response=0 ret=0
RADIO Wi-Fi RX type=1 id=15 seq=104 len=10
RADIO Wi-Fi cmd=15 seq=104 ack=1 status=0 response=0 ret=0
RADIO Wi-Fi RX type=1 id=15 seq=105 len=10
RADIO Wi-Fi cmd=15 seq=105 ack=1 status=0 response=0 ret=0
RADIO Wi-Fi RX type=1 id=15 seq=106 len=10
RADIO Wi-Fi cmd=15 seq=106 ack=1 status=0 response=0 ret=0
RADIO Wi-Fi RX type=1 id=15 seq=107 len=10
RADIO Wi-Fi cmd=15 seq=107 ack=1 status=0 response=0 ret=0
RADIO Wi-Fi RX type=1 id=15 seq=108 len=10
RADIO Wi-Fi cmd=15 seq=108 ack=1 status=0 response=0 ret=0
RADIO Wi-Fi RX type=1 id=15 seq=109 len=10
RADIO Wi-Fi cmd=15 seq=109 ack=1 status=0 response=0 ret=0
RADIO Wi-Fi RX type=1 id=15 seq=110 len=10
RADIO Wi-Fi cmd=15 seq=110 ack=1 status=0 response=0 ret=0
RADIO Wi-Fi RX type=1 id=15 seq=111 len=10
RADIO Wi-Fi cmd=15 seq=111 ack=1 status=0 response=0 ret=0
RADIO Wi-Fi RX type=1 id=15 seq=112 len=10
RADIO Wi-Fi cmd=15 seq=112 ack=1 status=0 response=0 ret=0
RADIO Wi-Fi RX type=1 id=15 seq=113 len=10
RADIO Wi-Fi cmd=15 seq=113 ack=1 status=0 response=0 ret=0
RADIO Wi-Fi RX type=1 id=15 seq=114 len=10
RADIO Wi-Fi cmd=15 seq=114 ack=1 status=0 response=0 ret=0
RADIO Wi-Fi RX type=1 id=15 seq=115 len=10
RADIO Wi-Fi cmd=15 seq=115 ack=1 status=0 response=0 ret=0
RADIO Wi-Fi RX type=1 id=15 seq=116 len=10
RADIO Wi-Fi cmd=15 seq=116 ack=1 status=0 response=0 ret=0
RADIO Wi-Fi RX type=1 id=15 seq=117 len=10
RADIO Wi-Fi cmd=15 seq=117 ack=1 status=0 response=0 ret=0
RADIO Wi-Fi RX type=1 id=15 seq=118 len=10
RADIO Wi-Fi cmd=15 seq=118 ack=1 status=0 response=0 ret=0
RADIO Wi-Fi RX type=1 id=15 seq=119 len=10
RADIO Wi-Fi cmd=15 seq=119 ack=1 status=0 response=0 ret=0
RADIO Wi-Fi RX type=1 id=15 seq=120 len=10
RADIO Wi-Fi cmd=15 seq=120 ack=1 status=0 response=0 ret=0
RADIO Wi-Fi RX type=1 id=15 seq=121 len=10
RADIO Wi-Fi cmd=15 seq=121 ack=1 status=0 response=0 ret=0
RADIO Wi-Fi RX type=1 id=15 seq=122 len=10
RADIO Wi-Fi cmd=15 seq=122 ack=1 status=0 response=0 ret=0
RADIO Wi-Fi RX type=1 id=15 seq=123 len=10
RADIO Wi-Fi cmd=15 seq=123 ack=1 status=0 response=0 ret=0
RADIO Wi-Fi RX type=1 id=15 seq=124 len=10
RADIO Wi-Fi cmd=15 seq=124 ack=1 status=0 response=0 ret=0
RADIO Wi-Fi RX type=1 id=15 seq=125 len=10
RADIO Wi-Fi cmd=15 seq=125 ack=1 status=0 response=0 ret=0
RADIO Wi-Fi RX type=1 id=15 seq=126 len=10
RADIO Wi-Fi cmd=15 seq=126 ack=1 status=0 response=0 ret=0
RADIO Wi-Fi RX type=1 id=15 seq=127 len=10
RADIO Wi-Fi cmd=15 seq=127 ack=1 status=0 response=0 ret=0
RADIO Wi-Fi RX type=1 id=15 seq=128 len=10
RADIO Wi-Fi cmd=15 seq=128 ack=1 status=0 response=0 ret=0
RADIO Wi-Fi RX type=1 id=15 seq=129 len=10
RADIO Wi-Fi cmd=15 seq=129 ack=1 status=0 response=0 ret=0
RADIO Wi-Fi RX type=1 id=15 seq=130 len=10
RADIO Wi-Fi cmd=15 seq=130 ack=1 status=0 response=0 ret=0
RADIO Wi-Fi RX type=1 id=15 seq=131 len=10
RADIO Wi-Fi cmd=15 seq=131 ack=1 status=0 response=0 ret=0
RADIO Wi-Fi RX type=1 id=15 seq=132 len=10
RADIO Wi-Fi cmd=15 seq=132 ack=1 status=0 response=0 ret=0
RADIO Wi-Fi RX type=1 id=15 seq=133 len=10
RADIO Wi-Fi cmd=15 seq=133 ack=1 status=0 response=0 ret=0
RADIO Wi-Fi RX type=1 id=15 seq=134 len=10
RADIO Wi-Fi cmd=15 seq=134 ack=1 status=0 response=0 ret=0
RADIO Wi-Fi RX type=1 id=15 seq=135 len=10
RADIO Wi-Fi cmd=15 seq=135 ack=1 status=0 response=0 ret=0
RADIO Wi-Fi RX type=1 id=15 seq=136 len=10
RADIO Wi-Fi cmd=15 seq=136 ack=1 status=0 response=0 ret=0
RADIO Wi-Fi RX type=1 id=15 seq=137 len=10
RADIO Wi-Fi cmd=15 seq=137 ack=1 status=0 response=0 ret=0
RADIO Wi-Fi RX type=1 id=15 seq=138 len=10
RADIO Wi-Fi cmd=15 seq=138 ack=1 status=0 response=0 ret=0
RADIO Wi-Fi RX type=1 id=15 seq=139 len=10
RADIO Wi-Fi cmd=15 seq=139 ack=1 status=0 response=0 ret=0
RADIO Wi-Fi RX type=1 id=15 seq=140 len=10
RADIO Wi-Fi cmd=15 seq=140 ack=1 status=0 response=0 ret=0
RADIO Wi-Fi RX type=1 id=15 seq=141 len=10
RADIO Wi-Fi cmd=15 seq=141 ack=1 status=0 response=0 ret=0
RADIO Wi-Fi RX type=1 id=15 seq=142 len=10
RADIO Wi-Fi cmd=15 seq=142 ack=1 status=0 response=0 ret=0
RADIO Wi-Fi RX type=1 id=15 seq=143 len=10
RADIO Wi-Fi cmd=15 seq=143 ack=1 status=0 response=0 ret=0
RADIO Wi-Fi RX type=1 id=15 seq=144 len=10
RADIO Wi-Fi cmd=15 seq=144 ack=1 status=0 response=0 ret=0
RADIO Wi-Fi RX type=1 id=15 seq=145 len=10
RADIO Wi-Fi cmd=15 seq=145 ack=1 status=0 response=0 ret=0
RADIO Wi-Fi RX type=1 id=15 seq=146 len=10
RADIO Wi-Fi cmd=15 seq=146 ack=1 status=0 response=0 ret=0
RADIO Wi-Fi RX type=1 id=15 seq=147 len=10
RADIO Wi-Fi cmd=15 seq=147 ack=1 status=0 response=0 ret=0
RADIO Wi-Fi RX type=1 id=15 seq=148 len=10
RADIO Wi-Fi cmd=15 seq=148 ack=1 status=0 response=0 ret=0
RADIO Wi-Fi RX type=1 id=15 seq=149 len=10
RADIO Wi-Fi cmd=15 seq=149 ack=1 status=0 response=0 ret=0
RADIO Wi-Fi RX type=1 id=15 seq=150 len=10
RADIO Wi-Fi cmd=15 seq=150 ack=1 status=0 response=0 ret=0
RADIO Wi-Fi RX type=1 id=15 seq=151 len=10
RADIO Wi-Fi cmd=15 seq=151 ack=1 status=0 response=0 ret=0
RADIO Wi-Fi RX type=1 id=15 seq=152 len=10
RADIO Wi-Fi cmd=15 seq=152 ack=1 status=0 response=0 ret=0
RADIO Wi-Fi RX type=1 id=15 seq=153 len=10
RADIO Wi-Fi cmd=15 seq=153 ack=1 status=0 response=0 ret=0
RADIO Wi-Fi RX type=1 id=15 seq=154 len=10
RADIO Wi-Fi cmd=15 seq=154 ack=1 status=0 response=0 ret=0
RADIO Wi-Fi RX type=1 id=15 seq=155 len=10
RADIO Wi-Fi cmd=15 seq=155 ack=1 status=0 response=0 ret=0
RADIO Wi-Fi RX type=1 id=15 seq=156 len=10
RADIO Wi-Fi cmd=15 seq=156 ack=1 status=0 response=0 ret=0
RADIO Wi-Fi RX type=1 id=15 seq=157 len=10
RADIO Wi-Fi cmd=15 seq=157 ack=1 status=0 response=0 ret=0
RADIO Wi-Fi RX type=1 id=15 seq=158 len=10
RADIO Wi-Fi cmd=15 seq=158 ack=1 status=0 response=0 ret=0
RADIO Wi-Fi RX type=1 id=15 seq=159 len=10
RADIO Wi-Fi cmd=15 seq=159 ack=1 status=0 response=0 ret=0
RADIO Wi-Fi RX type=1 id=15 seq=160 len=10
RADIO Wi-Fi cmd=15 seq=160 ack=1 status=0 response=0 ret=0
RADIO Wi-Fi RX type=1 id=15 seq=161 len=10
RADIO Wi-Fi cmd=15 seq=161 ack=1 status=0 response=0 ret=0
RADIO Wi-Fi RX type=1 id=15 seq=162 len=10
RADIO Wi-Fi cmd=15 seq=162 ack=1 status=0 response=0 ret=0
RADIO Wi-Fi RX type=1 id=15 seq=163 len=10
RADIO Wi-Fi cmd=15 seq=163 ack=1 status=0 response=0 ret=0
RADIO Wi-Fi RX type=1 id=15 seq=164 len=10
RADIO Wi-Fi cmd=15 seq=164 ack=1 status=0 response=0 ret=0
RADIO Wi-Fi RX type=1 id=15 seq=165 len=10
RADIO Wi-Fi cmd=15 seq=165 ack=1 status=0 response=0 ret=0
RADIO Wi-Fi RX type=1 id=15 seq=166 len=10
RADIO Wi-Fi cmd=15 seq=166 ack=1 status=0 response=0 ret=0
RADIO Wi-Fi RX type=1 id=15 seq=167 len=10
RADIO Wi-Fi cmd=15 seq=167 ack=1 status=0 response=0 ret=0
RADIO Wi-Fi RX type=1 id=15 seq=168 len=10
RADIO Wi-Fi cmd=15 seq=168 ack=1 status=0 response=0 ret=0
RADIO Wi-Fi RX type=1 id=15 seq=169 len=10
RADIO Wi-Fi cmd=15 seq=169 ack=1 status=0 response=0 ret=0
RADIO Wi-Fi RX type=1 id=15 seq=170 len=10
RADIO Wi-Fi cmd=15 seq=170 ack=1 status=0 response=0 ret=0
RADIO Wi-Fi RX type=1 id=15 seq=171 len=10
RADIO Wi-Fi cmd=15 seq=171 ack=1 status=0 response=0 ret=0
RADIO Wi-Fi RX type=1 id=15 seq=172 len=10
RADIO Wi-Fi cmd=15 seq=172 ack=1 status=0 response=0 ret=0
RADIO Wi-Fi RX type=1 id=15 seq=173 len=10
RADIO Wi-Fi cmd=15 seq=173 ack=1 status=0 response=0 ret=0
RADIO Wi-Fi RX type=1 id=15 seq=174 len=10
RADIO Wi-Fi cmd=15 seq=174 ack=1 status=0 response=0 ret=0
RADIO Wi-Fi RX type=1 id=15 seq=175 len=10
RADIO Wi-Fi cmd=15 seq=175 ack=1 status=0 response=0 ret=0
RADIO Wi-Fi RX type=1 id=15 seq=176 len=10
RADIO Wi-Fi cmd=15 seq=176 ack=1 status=0 response=0 ret=0
RADIO Wi-Fi RX type=1 id=15 seq=177 len=10
RADIO Wi-Fi cmd=15 seq=177 ack=1 status=0 response=0 ret=0
RADIO Wi-Fi RX type=1 id=15 seq=178 len=10
RADIO Wi-Fi cmd=15 seq=178 ack=1 status=0 response=0 ret=0
RADIO Wi-Fi RX type=1 id=15 seq=179 len=10
RADIO Wi-Fi cmd=15 seq=179 ack=1 status=0 response=0 ret=0
RADIO Wi-Fi RX type=1 id=15 seq=180 len=10
RADIO Wi-Fi cmd=15 seq=180 ack=1 status=0 response=0 ret=0
RADIO Wi-Fi RX type=1 id=15 seq=181 len=10
RADIO Wi-Fi cmd=15 seq=181 ack=1 status=0 response=0 ret=0
RADIO Wi-Fi RX type=1 id=15 seq=182 len=10
RADIO Wi-Fi cmd=15 seq=182 ack=1 status=0 response=0 ret=0
RADIO Wi-Fi RX type=1 id=15 seq=183 len=10
RADIO Wi-Fi cmd=15 seq=183 ack=1 status=0 response=0 ret=0
RADIO Wi-Fi RX type=1 id=15 seq=184 len=10
RADIO Wi-Fi cmd=15 seq=184 ack=1 status=0 response=0 ret=0
RADIO Wi-Fi RX type=1 id=15 seq=185 len=10
RADIO Wi-Fi cmd=15 seq=185 ack=1 status=0 response=0 ret=0
RADIO Wi-Fi RX type=1 id=15 seq=186 len=10
RADIO Wi-Fi cmd=15 seq=186 ack=1 status=0 response=0 ret=0
RADIO Wi-Fi RX type=1 id=15 seq=187 len=10
RADIO Wi-Fi cmd=15 seq=187 ack=1 status=0 response=0 ret=0
RADIO Wi-Fi RX type=1 id=15 seq=188 len=10
RADIO Wi-Fi cmd=15 seq=188 ack=1 status=0 response=0 ret=0
RADIO Wi-Fi RX type=1 id=15 seq=189 len=10
RADIO Wi-Fi cmd=15 seq=189 ack=1 status=0 response=0 ret=0
RADIO Wi-Fi RX type=1 id=15 seq=190 len=10
RADIO Wi-Fi cmd=15 seq=190 ack=1 status=0 response=0 ret=0
RADIO Wi-Fi RX type=1 id=15 seq=191 len=10
RADIO Wi-Fi cmd=15 seq=191 ack=1 status=0 response=0 ret=0
RADIO Wi-Fi RX type=1 id=15 seq=192 len=10
RADIO Wi-Fi cmd=15 seq=192 ack=1 status=0 response=0 ret=0
RADIO Wi-Fi RX type=1 id=15 seq=193 len=10
RADIO Wi-Fi cmd=15 seq=193 ack=1 status=0 response=0 ret=0
RADIO Wi-Fi RX type=1 id=15 seq=194 len=10
RADIO Wi-Fi cmd=15 seq=194 ack=1 status=0 response=0 ret=0
RADIO Wi-Fi RX type=1 id=15 seq=195 len=10
RADIO Wi-Fi cmd=15 seq=195 ack=1 status=0 response=0 ret=0
RADIO Wi-Fi RX type=1 id=15 seq=196 len=10
RADIO Wi-Fi cmd=15 seq=196 ack=1 status=0 response=0 ret=0
RADIO Wi-Fi RX type=1 id=15 seq=197 len=10
RADIO Wi-Fi cmd=15 seq=197 ack=1 status=0 response=0 ret=0
RADIO Wi-Fi RX type=1 id=15 seq=198 len=10
RADIO Wi-Fi cmd=15 seq=198 ack=1 status=0 response=0 ret=0
RADIO Wi-Fi RX type=1 id=15 seq=199 len=10
RADIO Wi-Fi cmd=15 seq=199 ack=1 status=0 response=0 ret=0
RADIO Wi-Fi RX type=1 id=15 seq=200 len=10
RADIO Wi-Fi cmd=15 seq=200 ack=1 status=0 response=0 ret=0
RADIO Wi-Fi RX type=1 id=15 seq=201 len=10
RADIO Wi-Fi cmd=15 seq=201 ack=1 status=0 response=0 ret=0
RADIO Wi-Fi RX type=1 id=15 seq=202 len=10
RADIO Wi-Fi cmd=15 seq=202 ack=1 status=0 response=0 ret=0
RADIO Wi-Fi RX type=1 id=15 seq=203 len=10
RADIO Wi-Fi cmd=15 seq=203 ack=1 status=0 response=0 ret=0
RADIO Wi-Fi RX type=1 id=15 seq=204 len=10
RADIO Wi-Fi cmd=15 seq=204 ack=1 status=0 response=0 ret=0
RADIO Wi-Fi RX type=1 id=15 seq=205 len=10
RADIO Wi-Fi cmd=15 seq=205 ack=1 status=0 response=0 ret=0
RADIO Wi-Fi RX type=1 id=15 seq=206 len=10
RADIO Wi-Fi cmd=15 seq=206 ack=1 status=0 response=0 ret=0
RADIO Wi-Fi RX type=1 id=15 seq=207 len=10
RADIO Wi-Fi cmd=15 seq=207 ack=1 status=0 response=0 ret=0
RADIO Wi-Fi RX type=1 id=15 seq=208 len=10
RADIO Wi-Fi cmd=15 seq=208 ack=1 status=0 response=0 ret=0
RADIO Wi-Fi RX type=1 id=15 seq=209 len=10
RADIO Wi-Fi cmd=15 seq=209 ack=1 status=0 response=0 ret=0
RADIO Wi-Fi RX type=1 id=15 seq=210 len=10
RADIO Wi-Fi cmd=15 seq=210 ack=1 status=0 response=0 ret=0
RADIO Wi-Fi RX type=1 id=15 seq=211 len=10
RADIO Wi-Fi cmd=15 seq=211 ack=1 status=0 response=0 ret=0
RADIO Wi-Fi RX type=1 id=15 seq=212 len=10
RADIO Wi-Fi cmd=15 seq=212 ack=1 status=0 response=0 ret=0
RADIO Wi-Fi RX type=1 id=15 seq=213 len=10
RADIO Wi-Fi cmd=15 seq=213 ack=1 status=0 response=0 ret=0
RADIO Wi-Fi RX type=1 id=15 seq=214 len=10
RADIO Wi-Fi cmd=15 seq=214 ack=1 status=0 response=0 ret=0
RADIO Wi-Fi RX type=1 id=15 seq=215 len=10
RADIO Wi-Fi cmd=15 seq=215 ack=1 status=0 response=0 ret=0
RADIO Wi-Fi RX type=1 id=15 seq=216 len=10
RADIO Wi-Fi cmd=15 seq=216 ack=1 status=0 response=0 ret=0
RADIO Wi-Fi RX type=1 id=15 seq=217 len=10
RADIO Wi-Fi cmd=15 seq=217 ack=1 status=0 response=0 ret=0
RADIO Wi-Fi RX type=1 id=15 seq=218 len=10
RADIO Wi-Fi cmd=15 seq=218 ack=1 status=0 response=0 ret=0
RADIO Wi-Fi RX type=1 id=15 seq=219 len=10
RADIO Wi-Fi cmd=15 seq=219 ack=1 status=0 response=0 ret=0
RADIO Wi-Fi RX type=1 id=15 seq=220 len=10
RADIO Wi-Fi cmd=15 seq=220 ack=1 status=0 response=0 ret=0
RADIO Wi-Fi RX type=1 id=15 seq=221 len=10
RADIO Wi-Fi cmd=15 seq=221 ack=1 status=0 response=0 ret=0
RADIO Wi-Fi RX type=1 id=15 seq=222 len=10
RADIO Wi-Fi cmd=15 seq=222 ack=1 status=0 response=0 ret=0
RADIO Wi-Fi RX type=1 id=15 seq=223 len=10
RADIO Wi-Fi cmd=15 seq=223 ack=1 status=0 response=0 ret=0
RADIO Wi-Fi RX type=1 id=15 seq=224 len=10
RADIO Wi-Fi cmd=15 seq=224 ack=1 status=0 response=0 ret=0
RADIO Wi-Fi RX type=1 id=15 seq=225 len=10
RADIO Wi-Fi cmd=15 seq=225 ack=1 status=0 response=0 ret=0
RADIO Wi-Fi RX type=1 id=15 seq=226 len=10
RADIO Wi-Fi cmd=15 seq=226 ack=1 status=0 response=0 ret=0
RADIO Wi-Fi RX type=1 id=15 seq=227 len=10
RADIO Wi-Fi cmd=15 seq=227 ack=1 status=0 response=0 ret=0
RADIO Wi-Fi RX type=1 id=15 seq=228 len=10
RADIO Wi-Fi cmd=15 seq=228 ack=1 status=0 response=0 ret=0
RADIO Wi-Fi RX type=1 id=15 seq=229 len=10
RADIO Wi-Fi cmd=15 seq=229 ack=1 status=0 response=0 ret=0
RADIO Wi-Fi RX type=1 id=15 seq=230 len=10
RADIO Wi-Fi cmd=15 seq=230 ack=1 status=0 response=0 ret=0
RADIO Wi-Fi RX type=1 id=15 seq=231 len=10
RADIO Wi-Fi cmd=15 seq=231 ack=1 status=0 response=0 ret=0
RADIO Wi-Fi RX type=1 id=15 seq=232 len=10
RADIO Wi-Fi cmd=15 seq=232 ack=1 status=0 response=0 ret=0
RADIO Wi-Fi RX type=1 id=15 seq=233 len=10
RADIO Wi-Fi cmd=15 seq=233 ack=1 status=0 response=0 ret=0
RADIO Wi-Fi RX type=1 id=15 seq=234 len=10
RADIO Wi-Fi cmd=15 seq=234 ack=1 status=0 response=0 ret=0
RADIO Wi-Fi RX type=1 id=15 seq=235 len=10
RADIO Wi-Fi cmd=15 seq=235 ack=1 status=0 response=0 ret=0
RADIO Wi-Fi RX type=1 id=15 seq=236 len=10
RADIO Wi-Fi cmd=15 seq=236 ack=1 status=0 response=0 ret=0
RADIO Wi-Fi RX type=1 id=15 seq=237 len=10
RADIO Wi-Fi cmd=15 seq=237 ack=1 status=0 response=0 ret=0
RADIO Wi-Fi RX type=1 id=15 seq=238 len=10
RADIO Wi-Fi cmd=15 seq=238 ack=1 status=0 response=0 ret=0
RADIO Wi-Fi RX type=1 id=15 seq=239 len=10
RADIO Wi-Fi cmd=15 seq=239 ack=1 status=0 response=0 ret=0
RADIO Wi-Fi RX type=1 id=15 seq=240 len=10
RADIO Wi-Fi cmd=15 seq=240 ack=1 status=0 response=0 ret=0
RADIO Wi-Fi RX type=1 id=15 seq=241 len=10
RADIO Wi-Fi cmd=15 seq=241 ack=1 status=0 response=0 ret=0
RADIO Wi-Fi RX type=1 id=15 seq=242 len=10
RADIO Wi-Fi cmd=15 seq=242 ack=1 status=0 response=0 ret=0
RADIO Wi-Fi RX type=1 id=15 seq=243 len=10
RADIO Wi-Fi cmd=15 seq=243 ack=1 status=0 response=0 ret=0
RADIO Wi-Fi RX type=1 id=15 seq=244 len=10
RADIO Wi-Fi cmd=15 seq=244 ack=1 status=0 response=0 ret=0
RADIO Wi-Fi RX type=1 id=15 seq=245 len=10
RADIO Wi-Fi cmd=15 seq=245 ack=1 status=0 response=0 ret=0
RADIO Wi-Fi RX type=1 id=15 seq=246 len=10
RADIO Wi-Fi cmd=15 seq=246 ack=1 status=0 response=0 ret=0
RADIO Wi-Fi RX type=1 id=15 seq=247 len=10
RADIO Wi-Fi cmd=15 seq=247 ack=1 status=0 response=0 ret=0
RADIO Wi-Fi RX type=1 id=15 seq=248 len=10
RADIO Wi-Fi cmd=15 seq=248 ack=1 status=0 response=0 ret=0
RADIO Wi-Fi RX type=1 id=15 seq=249 len=10
RADIO Wi-Fi cmd=15 seq=249 ack=1 status=0 response=0 ret=0
RADIO Wi-Fi RX type=1 id=15 seq=250 len=10
RADIO Wi-Fi cmd=15 seq=250 ack=1 status=0 response=0 ret=0
RADIO Wi-Fi RX type=1 id=15 seq=251 len=10
RADIO Wi-Fi cmd=15 seq=251 ack=1 status=0 response=0 ret=0
RADIO Wi-Fi RX type=1 id=15 seq=252 len=10
RADIO Wi-Fi cmd=15 seq=252 ack=1 status=0 response=0 ret=0
RADIO Wi-Fi RX type=1 id=15 seq=253 len=10
RADIO Wi-Fi cmd=15 seq=253 ack=1 status=0 response=0 ret=0
RADIO Wi-Fi RX type=1 id=15 seq=254 len=10
RADIO Wi-Fi cmd=15 seq=254 ack=1 status=0 response=0 ret=0
RADIO Wi-Fi RX type=1 id=15 seq=255 len=10
RADIO Wi-Fi cmd=15 seq=255 ack=1 status=0 response=0 ret=0
RADIO Wi-Fi RX type=1 id=15 seq=256 len=10
RADIO Wi-Fi cmd=15 seq=256 ack=1 status=0 response=0 ret=0
RADIO Wi-Fi RX type=1 id=15 seq=257 len=10
RADIO Wi-Fi cmd=15 seq=257 ack=1 status=0 response=0 ret=0
RADIO Wi-Fi RX type=1 id=15 seq=258 len=10
RADIO Wi-Fi cmd=15 seq=258 ack=1 status=0 response=0 ret=0
RADIO Wi-Fi RX type=1 id=15 seq=259 len=10
RADIO Wi-Fi cmd=15 seq=259 ack=1 status=0 response=0 ret=0
RADIO Wi-Fi RX type=1 id=15 seq=260 len=10
RADIO Wi-Fi cmd=15 seq=260 ack=1 status=0 response=0 ret=0
RADIO Wi-Fi RX type=1 id=15 seq=261 len=10
RADIO Wi-Fi cmd=15 seq=261 ack=1 status=0 response=0 ret=0
RADIO Wi-Fi RX type=1 id=15 seq=262 len=10
RADIO Wi-Fi cmd=15 seq=262 ack=1 status=0 response=0 ret=0
RADIO Wi-Fi RX type=1 id=15 seq=263 len=10
RADIO Wi-Fi cmd=15 seq=263 ack=1 status=0 response=0 ret=0
RADIO Wi-Fi RX type=1 id=15 seq=264 len=10
RADIO Wi-Fi cmd=15 seq=264 ack=1 status=0 response=0 ret=0
RADIO Wi-Fi RX type=1 id=15 seq=265 len=10
RADIO Wi-Fi cmd=15 seq=265 ack=1 status=0 response=0 ret=0
RADIO Wi-Fi RX type=1 id=15 seq=266 len=10
RADIO Wi-Fi cmd=15 seq=266 ack=1 status=0 response=0 ret=0
RADIO Wi-Fi RX type=1 id=15 seq=267 len=10
RADIO Wi-Fi cmd=15 seq=267 ack=1 status=0 response=0 ret=0
RADIO Wi-Fi RX type=1 id=15 seq=268 len=10
RADIO Wi-Fi cmd=15 seq=268 ack=1 status=0 response=0 ret=0
RADIO Wi-Fi RX type=1 id=15 seq=269 len=10
RADIO Wi-Fi cmd=15 seq=269 ack=1 status=0 response=0 ret=0
RADIO Wi-Fi RX type=1 id=15 seq=270 len=10
RADIO Wi-Fi cmd=15 seq=270 ack=1 status=0 response=0 ret=0
RADIO Wi-Fi RX type=1 id=15 seq=271 len=10
RADIO Wi-Fi cmd=15 seq=271 ack=1 status=0 response=0 ret=0
RADIO Wi-Fi RX type=1 id=15 seq=272 len=10
RADIO Wi-Fi cmd=15 seq=272 ack=1 status=0 response=0 ret=0
RADIO Wi-Fi RX type=1 id=15 seq=273 len=10
RADIO Wi-Fi cmd=15 seq=273 ack=1 status=0 response=0 ret=0
RADIO Wi-Fi RX type=1 id=15 seq=274 len=10
RADIO Wi-Fi cmd=15 seq=274 ack=1 status=0 response=0 ret=0
RADIO Wi-Fi RX type=1 id=15 seq=275 len=10
RADIO Wi-Fi cmd=15 seq=275 ack=1 status=0 response=0 ret=0
RADIO Wi-Fi RX type=1 id=15 seq=276 len=10
RADIO Wi-Fi cmd=15 seq=276 ack=1 status=0 response=0 ret=0
RADIO Wi-Fi RX type=1 id=15 seq=277 len=10
RADIO Wi-Fi cmd=15 seq=277 ack=1 status=0 response=0 ret=0
RADIO Wi-Fi RX type=1 id=15 seq=278 len=10
RADIO Wi-Fi cmd=15 seq=278 ack=1 status=0 response=0 ret=0
RADIO Wi-Fi RX type=1 id=15 seq=279 len=10
RADIO Wi-Fi cmd=15 seq=279 ack=1 status=0 response=0 ret=0
RADIO Wi-Fi RX type=1 id=15 seq=280 len=10
RADIO Wi-Fi cmd=15 seq=280 ack=1 status=0 response=0 ret=0
RADIO Wi-Fi RX type=1 id=15 seq=281 len=10
RADIO Wi-Fi cmd=15 seq=281 ack=1 status=0 response=0 ret=0
RADIO Wi-Fi RX type=1 id=15 seq=282 len=10
RADIO Wi-Fi cmd=15 seq=282 ack=1 status=0 response=0 ret=0
RADIO Wi-Fi RX type=1 id=15 seq=283 len=10
RADIO Wi-Fi cmd=15 seq=283 ack=1 status=0 response=0 ret=0
RADIO Wi-Fi RX type=1 id=15 seq=284 len=10
RADIO Wi-Fi cmd=15 seq=284 ack=1 status=0 response=0 ret=0
RADIO Wi-Fi RX type=1 id=15 seq=285 len=10
RADIO Wi-Fi cmd=15 seq=285 ack=1 status=0 response=0 ret=0
RADIO Wi-Fi RX type=1 id=15 seq=286 len=10
RADIO Wi-Fi cmd=15 seq=286 ack=1 status=0 response=0 ret=0
RADIO Wi-Fi RX type=1 id=15 seq=287 len=10
RADIO Wi-Fi cmd=15 seq=287 ack=1 status=0 response=0 ret=0
RADIO Wi-Fi RX type=1 id=15 seq=288 len=10
RADIO Wi-Fi cmd=15 seq=288 ack=1 status=0 response=0 ret=0
RADIO Wi-Fi RX type=1 id=15 seq=289 len=10
RADIO Wi-Fi cmd=15 seq=289 ack=1 status=0 response=0 ret=0
RADIO Wi-Fi RX type=1 id=15 seq=290 len=10
RADIO Wi-Fi cmd=15 seq=290 ack=1 status=0 response=0 ret=0
RADIO Wi-Fi RX type=1 id=15 seq=291 len=10
RADIO Wi-Fi cmd=15 seq=291 ack=1 status=0 response=0 ret=0
RADIO Wi-Fi RX type=1 id=15 seq=292 len=10
RADIO Wi-Fi cmd=15 seq=292 ack=1 status=0 response=0 ret=0
RADIO Wi-Fi RX type=1 id=15 seq=293 len=10
RADIO Wi-Fi cmd=15 seq=293 ack=1 status=0 response=0 ret=0
RADIO Wi-Fi RX type=1 id=15 seq=294 len=10
RADIO Wi-Fi cmd=15 seq=294 ack=1 status=0 response=0 ret=0
RADIO Wi-Fi RX type=1 id=15 seq=295 len=10
RADIO Wi-Fi cmd=15 seq=295 ack=1 status=0 response=0 ret=0
RADIO Wi-Fi RX type=1 id=15 seq=296 len=10
RADIO Wi-Fi cmd=15 seq=296 ack=1 status=0 response=0 ret=0
RADIO Wi-Fi RX type=1 id=15 seq=297 len=10
RADIO Wi-Fi cmd=15 seq=297 ack=1 status=0 response=0 ret=0
RADIO Wi-Fi RX type=1 id=15 seq=298 len=10
RADIO Wi-Fi cmd=15 seq=298 ack=1 status=0 response=0 ret=0
RADIO Wi-Fi RX type=1 id=15 seq=299 len=10
RADIO Wi-Fi cmd=15 seq=299 ack=1 status=0 response=0 ret=0
RADIO Wi-Fi RX type=1 id=15 seq=300 len=10
RADIO Wi-Fi cmd=15 seq=300 ack=1 status=0 response=0 ret=0
RADIO Wi-Fi RX type=1 id=15 seq=301 len=10
RADIO Wi-Fi cmd=15 seq=301 ack=1 status=0 response=0 ret=0
RADIO Wi-Fi RX type=1 id=15 seq=302 len=10
RADIO Wi-Fi cmd=15 seq=302 ack=1 status=0 response=0 ret=0
RADIO Wi-Fi RX type=1 id=15 seq=303 len=10
RADIO Wi-Fi cmd=15 seq=303 ack=1 status=0 response=0 ret=0
RADIO Wi-Fi RX type=1 id=15 seq=304 len=10
RADIO Wi-Fi cmd=15 seq=304 ack=1 status=0 response=0 ret=0
RADIO Wi-Fi RX type=1 id=15 seq=305 len=10
RADIO Wi-Fi cmd=15 seq=305 ack=1 status=0 response=0 ret=0
RADIO Wi-Fi RX type=1 id=15 seq=306 len=10
RADIO Wi-Fi cmd=15 seq=306 ack=1 status=0 response=0 ret=0
RADIO Wi-Fi RX type=1 id=15 seq=307 len=10
RADIO Wi-Fi cmd=15 seq=307 ack=1 status=0 response=0 ret=0
RADIO Wi-Fi RX type=1 id=15 seq=308 len=10
RADIO Wi-Fi cmd=15 seq=308 ack=1 status=0 response=0 ret=0
RADIO Wi-Fi RX type=1 id=15 seq=309 len=10
RADIO Wi-Fi cmd=15 seq=309 ack=1 status=0 response=0 ret=0
RADIO Wi-Fi RX type=1 id=15 seq=310 len=10
RADIO Wi-Fi cmd=15 seq=310 ack=1 status=0 response=0 ret=0
RADIO Wi-Fi RX type=1 id=15 seq=311 len=10
RADIO Wi-Fi cmd=15 seq=311 ack=1 status=0 response=0 ret=0
RADIO Wi-Fi RX type=1 id=15 seq=312 len=10
RADIO Wi-Fi cmd=15 seq=312 ack=1 status=0 response=0 ret=0
RADIO Wi-Fi RX type=1 id=15 seq=313 len=10
RADIO Wi-Fi cmd=15 seq=313 ack=1 status=0 response=0 ret=0
RADIO Wi-Fi RX type=1 id=15 seq=314 len=10
RADIO Wi-Fi cmd=15 seq=314 ack=1 status=0 response=0 ret=0
RADIO Wi-Fi RX type=1 id=15 seq=315 len=10
RADIO Wi-Fi cmd=15 seq=315 ack=1 status=0 response=0 ret=0
SOUND experiment clear=0 reset=0 clockwait20=0
SOUND slot_mask offset=3c value=00000000
SOUND slot_mask offset=40 value=00000000
SOUND slot_mask offset=44 value=00000000
SOUND slot_mask offset=48 value=00000000
SOUND slot_mask offset=4c value=00000000
SOUND slot_mask offset=50 value=00000000
SOUND slot_mask offset=54 value=00000000
SOUND slot_mask offset=58 value=00000000
SOUND cue frames=3200 stop=0 held=0 end_us=520965277 capture_start_us=520997970
SOUND pio=0 frames=48000 polls=2291174 stop=0 held=0 max_fifo=4
SOUND grouped words=768000 mismatches=0
SOUND fifo first=00000000 last=00000000 TXCR=00400fff RXCR=00700fff FSCR=0101f03f CKR=00000018
SOUNDrted=1 count=32
SOUND trace_init index=0 value=00000000 rc=0
Svalue=00000000 rc=0
SOUND trace_init index=5 value=0000000b rc=0
SOUND trace_word index=0 us=520998051 before=00041041 word=fffea100 after=00041040 rc=0,0,0
SOUND trace_word index=1 us=520998053 before=00041040 word=00000000 after=00041040 rc=0,0,0
SOUND trace_word index=2 us=520998055 before=00041040 word=fffeaRADIO Wi-Fi RX type=1 id=15 seq=316 len=10
100 after=00041000 rc=0,0,0
RADIO Wi-Fi cmd=15 seq=316 ack=1 status=0 response=0 ret=0
SOUND trace_word index=3 us=520998056 before=00041000 word=00000000 after=00041000 rc=0,0,0
SOUND trace_word index=4 us=520998058 before=00041000 word=fffea100 after=00040000 rc=0,0,0
SOUND trace_word index=5 us=520998060 before=00040000 word=00000000 after=00040000 rc=0,0,0
SOUND trace_word index=6 us=520998061 before=00040000 word=fffea100 after=00000000 rc=0,0,0
SOUND trace_word index=7 us=520998063 before=00000000 word=00000000 after=00000000 rc=0,0,0
SOUND trace_word index=8 us=520998082 before=00041041 word=00020900 after=00041040 rc=0,0,0
SOUND trace_word index=9 us=520998083 before=00041040 word=00000000 after=00041040 rc=0,0,0
SOUND trace_word index=10 us=520998085 before=00041040 word=00020900 after=00041000 rc=0,0,0
SOUND trace_word index=11 us=520998087 before=00041000 word=00000000 after=00041000 rc=0,0,0
SOUND trace_word index=12 us=520998088 before=00041000 word=00020900 after=00040000 rc=0,0,0
SOUND trace_word index=13 us=520998090 before=00040000 word=00000000 after=00040000 rc=0,0,0
SOUND trace_word index=14 us=520998092 before=00040000 word=00020900 after=00000000 rc=0,0,0
SOUND trace_word index=15 us=520998093 before=00000000 word=00000000 after=00000000 rc=0,0,017 us=520998115 before=00041040 word=00000000 after=00041040 rc=SOUND trace_word index=19 us=520998119 before=00041000 word=0000ace_word index=20 us=520998120 before=00041000 word=fffde800 aftd index=21 us=520998122 before=00040000 word=0000RADIO Wi-Fi RX  index=22 us=520998124 before=00040000 word=fffde800 after=00000D trace_word index=23 us=520998125 before=00000000 word=00000000 after=00000000 rc=0,0,0
SOUND trace_word index=24 us=520998145 before=00041041 word=00025400 after=00041040 rc=0,0,0
SOUND trace_word index=25 us=520998147 before=00041040 word=00000000 after=00041040 rc=0,0,0
SOUND trace_word index=26 us=520998148 before=00041040 word=00025400 after=00041000 rc=0,0,0
SOUND trace_word index=27 us=520998150 before=00041000 word=00000000 after=00041000 rc=0,0,0
SOUND trace_word index=28 us=520998152 before=00041000 word=00025400 after=00040000 rc=0,0,0
SOUND trace_word index=29 us=520998153 before=00040000 word=00000000 after=00040000 rc=0,0,0
SOUND trace_word index=30 us=520998155 before=00040000 word=00025400 after=00000000 rc=0,0,0
SOUND trace_word index=31 us=520998157 before=00000000 word=00000000 after=00000000 rc=0,0,0
SOUND codec reg=00 value=36
SOUND codec reg=01 value=60
SOUND codec reg=02 value=00
SOUND codec reg=03 value=00
SOUND codec reg=04 value=0c
SOUND codec reg=05 value=00
SOUND codec reg=06 value=00
SOUND codec reg=07 value=7c
SOUND codec reg=08 value=00
SOUND codec reg=09 value=88
SOUND codec reg=0a value=f0
SOUND codec reg=0b value=82
SOUND codec reg=0c value=10
SOUND codec reg=0d value=02
SOUND codec reg=0f value=20
SOUND codec reg=17 value=20
SOUND codec reg=18 value=02
SOUND codec reg=19 value=06
SOUND codec reg=1a value=00
SOUND codec regvalue=00
SOUND codec reg=27 valb8
SOUND codec reg=2b value=80
SOUND codec reg=30 value=21
SOmax_gap=14 counter_hz=24000000 complete=1
SOUND pad channel=0 high=24979 changes=36825
SOUND pad channel=1 high=24837 changes=40960
SOUND pad channel=2 high=25095 changes=640
SOUND pad channel=3 high=18811 changes=2867
SOUND pcm left_min=-203529472 left_max=239032064 left_nonzero=47999 right_min=-235312128 right_max=199929344 right_nonzero=48000
SOUND result=0 codec_stop=0 platform_restore=0 i2c_restore=0 amp_low=1
RADIO Wi-Fi RX type=1 id=15 seq=318 len=10
RADIO Wi-Fi cmd=15 seq=318 ack=1 status=0 response=0 ret=0
K7CLOUD asr result=0 frames_sent=150 completed=1
K7CLOUD chat answering
K7CLOUD prompt_started busy=1
RADIO Wi-Fi RX type=1 id=15 seq=319 len=10
RADIO Wi-Fi cmd=15 seq=319 ack=1 status=0 response=0 ret=0
RADIO Wi-Fi RX type=1 id=15 seq=320 len=10
RADIO Wi-Fi cmd=15 seq=320 ack=1 status=0 response=0 ret=0
RADIO Wi-Fi RX type=1 id=15 seq=321 len=10
RADIO Wi-Fi cmd=15 seq=321 ack=1 status=0 response=0 ret=0
RADIO Wi-Fi RX type=1 id=15 seq=322 len=10
RADIO Wi-Fi cmd=15 seq=322 ack=1 status=0 response=0 ret=0
RADIO Wi-Fi RX type=1 id=15 seq=323 len=10
RADIO Wi-Fi cmd=15 seq=323 ack=1 status=0 response=0 ret=0
RADIO Wi-Fi RX type=1 id=15 seq=324 len=10
RADIO Wi-Fi cmd=15 seq=324 ack=1 status=0 response=0 ret=0
RADIO Wi-Fi RX type=1 id=15 seq=325 len=10
RADIO Wi-Fi cmd=15 seq=325 ack=1 status=0 response=0 ret=0
RADIO Wi-Fi RX type=1 id=15 seq=326 len=10
RADIO Wi-Fi cmd=15 seq=326 ack=1 status=0 response=0 ret=0
RADIO Wi-Fi RX type=1 id=15 seq=327 len=10
RADIO Wi-Fi cmd=15 seq=327 ack=1 status=0 response=0 ret=0
K7CLOUD tts result=-22 pcm_bytes=21
K7CLOUD prompt_done result=-22
K7CLOUD chat loop_done=-22
RADIO Wi-Fi RX type=1 id=15 seq=328 len=10
RADIO Wi-Fi cmd=15 seq=328 ack=1 status=0 response=0 ret=0
RADIO Wi-Fi RX type=1 id=15 seq=329 len=10
RADIO Wi-Fi cmd=15 seq=329 ack=1 status=0 response=0 ret=0
RADIO Wi-Fi RX type=1 id=15 seq=330 len=10
RADIO Wi-Fi cmd=15 seq=330 ack=1 status=0 response=0 ret=0

