Bus 001 Device 001: ID 1d6b:0002 Linux Foundation 2.0 root hub
Bus 002 Device 021: ID 1a86:7523 QinHeng Electronics CH340 serial converter
Bus 002 Device 004: ID 0e0f:0008 VMware, Inc. Virtual Bluetooth Adapter
Bus 002 Device 003: ID 0e0f:0002 VMware, Inc. Virtual USB Hub
Bus 002 Device 002: ID 0e0f:0003 VMware, Inc. Virtual Mouse
Bus 002 Device 001: ID 1d6b:0001 Linux Foundation 1.1 root hub

PASSIVE b'TRACK q=39260 s=4 dx=0.0 dy=0.0 x=0 y=0 tx=0 age=102953\r\nTRACK q=39263 s=4 dx=0.0 dy=0.0 x=0 y=0 tx=0 age=90340\r\nTRACK q=39265 s=4 dx=0.0 dy=0.0 x=0 y=0 tx=0 age=110090\r\nTRACK q=39268 s=4 dx=0.0 dy=0.0 x=0 y=0 tx=0 age=97472\r\nTRACK q=39271 s=4 dx=0.0 dy=0.0 x=0 y=0 tx=0 age=84849\r\nTRACK q=39273 s=4 dx=0.0 dy=0.0 x=0 y=0 tx=0 age=104415\r\nTRACK q=39276 s=4 dx=0.0 dy=0.0 x=0 y=0 tx=0 age=91763\r\nTRACK q=39277 s=4 dx=0.0 dy=0.0 x=0 y=0 tx=0 age=111316\r\nTRACK q=39280 s=4 dx=0.0 dy=0.0 x=0 y=0 tx=0 age=98890\r\nTRACK q=39283 s=4 dx=0.0 dy=0.0 x=0 y=0 tx=0 age=86484\r\nTRACK q=39285 s=4 dx=0.0 dy=0.0 x=0 y=0 tx=0 age=105861\r\nTRACK q=39288 s=4 dx=0.0 dy=0.0 x=0 y=0 tx=0 age=93207\r\nTRACK q=39290 s=4 dx=0.0 dy=0.0 x=0 y=0 tx=0 age=112865\r\nTRACK q=39293 s=4 dx=0.0 dy=0.0 x=0 y=0 tx=0 age=100333\r\nTRACK q=39296 s=4 dx=0.0 dy=0.0 x=0 y=0 tx=0 age=87918\r\nTRACK q=39298 s=4 dx=0.0 dy=0.0 x=0 y=0 tx=0 age=107305\r\nTRACK q=39300 s=4 dx=0.0 dy=0.0 x=0 y=0 tx=0 age=94998\r\nTRACK q=39302 s=4 dx=0.0 dy=0.0 x=0 y=0 tx=0 age=114405\r\nTRACK q=39305 s=4 dx=0.0 dy=0.0 x=0 y=0 tx=0 age=101988\r\nTRACK q=39308 s=4 dx=0.0 dy=0.0 x=0 y=0 tx=0 age=89697\r\nTRACK q=39310 s=4 dx=0.0 dy=0.0 x=0 y=0 tx=0 age=109369\r\nTRACK q=39313 s=4 dx=0.0 dy=0.0 x=0 y=0 tx=0 age=96809\r\nTRACK q=39316 s=4 dx=0.0 dy=0.0 x=0 y=0 tx=0 age=84196\r\nTRACK q=39318 s=4 dx=0.0 dy=0.0 x=0 y=0 tx=0 age=103841\r\nTRACK q=39320 s=4 dx=0.0 dy=0.0 x=0 y=0 tx=0 age=123190\r\nTRACK q=39322 s=4 dx=0.0 dy=0.0 x=0 y=0 tx=0 age=110805\r\nTRACK q=39325 s=4 dx=0.0 dy=0.0 x=0 y=0 tx=0 age=98098\r\nTRACK q=39328 s=4 dx=0.0 dy=0.0 x=0 y=0 tx=0 age=85458\r\nTRACK q=39330 s=4 dx=0.0 dy=0.0 x=0 y=0 tx=0 age=104839\r\nTRACK q=39333 s=4 dx=0.0 dy=0.0 x=0 y=0 tx=0 age=92145\r\nTRACK q=39335 s=4 dx=0.0 dy=0.0 x=0 y=0 tx=0 age=111482\r\nTRACK q=39338 s=4 dx=0.0 dy=0.0 x=0 y=0 tx=0 age=98838\r\nTRACK q=39341 s=4 dx=0.0 dy=0.0 x=0 y=0 tx=0 age=86223\r\nTRACK q=39342 s=4 dx=0.0 dy=0.0 x=0 y=0 tx=0 age=137627\r\nTRACK q=39345 s=4 dx=0.0 dy=0.0 x=0 y=0 tx=0 age=93289\r\nTRACK q=39347 s=4 dx=0.0 dy=0.0 x=0 y=0 tx=0 age=112551\r\nTRACK q=39350 s=4 dx=0.0 dy=0.0 x=0 y=0 tx=0 age=100017\r\nTRACK q=39353 s=4 dx=0.0 dy=0.0 x=0 y=0 tx=0 age=87664\r\nTRACK q=39355 s=4 dx=0.0 dy=0.0 x=0 y=0 tx=0 age=106983\r\nTRACK q=39358 s=4 dx=0.0 dy=0.0 x=0 y=0 tx=0 age=94485\r\nTRACK q=39360 s=4 dx=0.0 dy=0.0 x=0 y=0 tx=0 age=113775\r\nTRACK q=39363 s=4 dx=0.0 dy=0.0 x=0 y=0 tx=0 age=101121\r\nTRACK q=39365 s=4 dx=0.0 dy=0.0 x=0 y=0 tx=0 age=88638\r\nTRACK q=39367 s=4 dx=0.0 dy=0.0 x=0 y=0 tx=0 age=108009\r\nTRACK q=39370 s=4 dx=0.0 dy=0.0 x=0 y=0 tx=0 age=95344\r\nTRACK q=39372 s=4 dx=0.0 dy=0.0 x=0 y=0 tx=0 age=114594\r\nTRACK q=39375 s=4 dx=0.0 dy=0.0 x=0 y=0 tx=0 age=102152\r\nTRACK q=39378 s=4 dx=0.0 dy=0.0 x=0 y=0 tx=0 age=89490\r\nTRACK q=39380 s=4 dx=0.0 dy=0.0 x=0 y=0 tx=0 age=109118\r\nTRACK q=39383 s=4 dx=0.0 dy=0.0 x=0 y=0 tx=0 age=96570\r\nTRACK q=39386 s=4 dx=0.0 dy=0.0 x=0 y=0 tx=0 age=84172\r\nTRACK q=39387 s=4 dx=0.0 dy=0.0 x=0 y=0 tx=0 age=103690\r\nTRACK q=39390 s=4 dx=0.0 dy=0.0 x=0 y=0 tx=0 age=91201\r\nTRACK q=39392 s=4 dx=0.0 dy=0.0 x=0 y=0 tx=0 age=110597\r\nTRACK q=39395 s=4 dx=0.0 dy=0.0 x=0 y=0 tx=0 age=97888\r\nTRACK q=39398 s=4 dx=0.0 dy=0.0 x=0 y=0 tx=0 age=85284\r\nTRACK q=39400 s=4 dx=0.0 dy=0.0 x=0 y=0 tx=0 age=104611\r\nTRACK q=39403 s=4 dx=0.0 dy=0.0 x=0 y=0 tx=0 age=91960\r\nTRACK q=39405 s=4 dx=0.0 dy=0.0 x=0 y=0 tx=0 age=111445\r\nTRACK q=39408 s=4 dx=0.0 dy=0.0 x=0 y=0 tx=0 age=98725\r\nTRACK q=39410 s=4 dx=0.0 dy=0.0 x=0 y=0 tx=0 age=86276\r\nTRACK q=39412 s=4 dx=0.0 dy=0.0 x=0 y=0 tx=0 age=105626\r\nTRACK q=39415 s=4 dx=0.0 dy=0.0 x=0 y=0 tx=0 age=93071\r\nTRACK q=39417 s=4 dx=0.0 dy=0.0 x=0 y=0 tx=0 age=112481\r\nTRACK q=39420 s=4 dx=0.0 dy=0.0 x=0 y=0 tx=0 age=99764\r\nTRACK q=39423 s=4 dx=0.0 dy=0.0 x=0 y=0 tx=0 age=87095\r\nTRACK q=39425 s=4 dx=0.0 dy=0.0 x=0 y=0 tx=0 age=106428\r\nTRACK q=39428 s=4 dx=0.0 dy=0.0 x=0 y=0 tx=0 age=93833\r\nTRACK q=39430 s=4 dx=0.0 dy=0.0 x=0 y=0 tx=0 age=113124\r\nTRACK q=39432 s=4 dx=0.0 dy=0.0 x=0 y=0 tx=0 age=100590\r\nTRACK q=39435 s=4 dx=0.0 dy=0.0 x=0 y=0 tx=0 age=87943\r\nTRACK q=39437 s=4 dx=0.0 dy=0.0 x=0 y=0 tx=0 age=107255\r\nTRACK q=39440 s=4 dx=0.0 dy=0.0 x=0 y=0 tx=0 age=94560\r\nTRACK q=39442 s=4 dx=0.0 dy=0.0 x=0 y=0 tx=0 age=113954\r\nTRACK q=39445 s=4 dx=0.0 dy=0.0 x=0 y=0 tx=0 age=101476\r\nTRACK q=39448 s=4 dx=0.0 dy=0.0 x=0 y=0 tx=0 age=89071\r\nTRACK q=39450 s=4 dx=0.0 dy=0.0 x=0 y=0 tx=0 age=108475\r\nTRACK q=39453 s=4 dx=0.0 dy=0.0 x=0 y=0 tx=0 age=95760\r\nTRACK q=39454 s=4 dx=0.0 dy=0.0 x=0 y=0 tx=0 age=115224\r\nTRACK q=39457 s=4 dx=0.0 dy=0.0 x=0 y=0 tx=0 age=102555\r\nTRACK q=39460 s=4 dx=0.0 dy=0.0 x=0 y=0 tx=0 age=89829\r\nTRACK q=39462 s=4 dx=0.0 dy=0.0 x=0 y=0 tx=0 age=109227\r\nTRACK q=39465 s=4 dx=0.0 dy=0.0 x=0 y=0 tx=0 age=96579\r\nTRACK q=39468 s=4 dx=0.0 dy=0.0 x=0 y=0 tx=0 age=84209\r\nTRACK q=39470 s=4 dx=0.0 dy=0.0 x=0 y=0 tx=0 age=103513\r\nTRACK q=39473 s=4 dx=0.0 dy=0.0 x=0 y=0 tx=0 age=91120\r\nTRACK q=39475 s=4 dx=0.0 dy=0.0 x=0 y=0 tx=0 age=110552\r\nTRACK q=39477 s=4 dx=0.0 dy=0.0 x=0 y=0 tx=0 age=98114\r\nTRACK q=39480 s=4 dx=0.0 dy=0.0 x=0 y=0 tx=0 age=85374\r\nTRACK q=39482 s=4 dx=0.0 dy=0.0 x=0 y=0 tx=0 age=104607\r\nTRACK q=39485 s=4 dx=0.0 dy=0.0 x=0 y=0 tx=0 age=92020\r\nTRACK q=39487 s=4 dx=0.0 dy=0.0 x=0 y=0 tx=0 age=111237\r\nTRACK q=39490 s=4 dx=0.0 dy=0.0 x=0 y=0 tx=0 age=98500\r\nTRACK q=39493 s=4 dx=0.0 dy=0.0 x=0 y=0 tx=0 age=85846\r\nTRACK q=39495 s=4 dx=0.0 dy=0.0 x=0 y=0 tx=0 age=105201\r\nTRACK q=39497 s=4 dx=0.0 dy=0.0 x=0 y=0 tx=0 age=124518\r\n'
PROMPT 
nsh> [KTRACK q=39499 s=4 dx=0.0 dy=0.0 x=0 y=0 tx=0 age=112036
TRACK q=39502 s=4 dx=0.0 dy=0.0 x=0 y=0 tx=0 age=99341
TRACK q=39505 s=4 dx=0.0 dy=0.0 x=0 y=0 tx=0 age=86663
TRACK q=39507 s=4 dx=0.0 dy=0.0 x=0 y=0 tx=0 age=105918
TRACK q=39510 s=4 dx=0.0 dy=0.0 x=0 y=0 tx=0 age=93269
TRACK q=39512 s=4 dx=0.0 dy=0.0 x=0 y=0 tx=0 age=112477
TRACK q=39515 s=4 dx=0.0 dy=0.0 x=0 y=0 tx=0 age=99832
TRACK q=39518 s=4 dx=0.0 dy=0.0 x=0 y=0 tx=0 age=87134
TRACK q=39519 s=4 dx=0.0 dy=0.0 x=0 y=0 tx=0 age=138466
TRACK q=39522 s=4 dx=0.0 dy=0.0 x=0 y=0 tx=0 age=93996
TRACK q=39524 s=4 dx=0.0 dy=0.0 x=0 y=0 tx=0 age=113257
TRACK q=39527 s=4 dx=0.0 dy=0.0 x=0 y=0 tx=0 age=100527
TRACK q=39530 s=4 dx=0.0 dy=0.0 x=0 y=0 tx=0 age=88099
TRACK q=39532 s=4 dx=0.0 dy=0.0 x=0 y=0 tx=0 age=107390
TRACK q=39535 s=4 dx=0.0 dy=0.0 x=0 y=0 tx=0 age=94729
TRACK q=39537 s=4 dx=0.0 dy=0.0 x=0 y=0 tx=0 age=113985
TRACK q=39540 s=4 dx=0.0 dy=0.0 x=0 y=0 tx=0 age=101336
TRACK q=39542 s=4 dx=0.0 dy=0.0 x=0 y=0 tx=0 age=88768
TRACK q=39544 s=4 dx=0.0 dy=0.0 x=0 y=0 tx=0 age=108218
TRACK q=39547 s=4 dx=0.0 dy=0.0 x=0 y=0 tx=0 age=95512
TRACK q=39549 s=4 dx=0.0 dy=0.0 x=0 y=0 tx=0 age=114831
TRACK q=39552 s=4 dx=0.0 dy=0.0 x=0 y=0 tx=0 age=102263
TRACK q=39555 s=4 dx=0.0 dy=0.0 x=0 y=0 tx=0 age=89716
TRACK q=39557 s=4 dx=0.0 dy=0.0 x=0 y=0 tx=0 age=108962
TRACK q=39560 s=4 dx=0.0 dy=0.0 x=0 y=0 tx=0 age=96213
TRACK q=39563 s=4 dx=0.0 dy=0.0 x=0 y=0 tx=0 age=83648
TRACK q=39564 s=4 dx=0.0 dy=0.0 x=0 y=0 tx=0 age=103083
TRACK q=39567 s=4 dx=0.0 dy=0.0 x=0 y=0 tx=0 age=90436
TRACK q=39569 s=4 dx=0.0 dy=0.0 x=0 y=0 tx=0 age=109873
TRACK q=39572 s=4 dx=0.0 dy=0.0 x=0 y=0 tx=0 age=97263
TRACK q=39575 s=4 dx=0.0 dy=0.0 x=0 y=0 tx=0 age=84570
TRACK q=39577 s=4 dx=0.0 dy=0.0 x=0 y=0 tx=0 age=104045
TRACK q=39580 s=4 dx=0.0 dy=0.0 x=0 y=0 tx=0 age=91484
TRACK q=39582 s=4 dx=0.0 dy=0.0 x=0 y=0 tx=0 age=110966
TRACK q=39585 s=4 dx=0.0 dy=0.0 x=0 y=0 tx=0 age=98419
TRACK q=39587 s=4 dx=0.0 dy=0.0 x=0 y=0 tx=0 age=86101
TRACK q=39589 s=4 dx=0.0 dy=0.0 x=0 y=0 tx=0 age=105523
TRACK q=39592 s=4 dx=0.0 dy=0.0 x=0 y=0 tx=0 age=93015
TRACK q=39594 s=4 dx=0.0 dy=0.0 x=0 y=0 tx=0 age=112334
TRACK q=39597 s=4 dx=0.0 dy=0.0 x=0 y=0 tx=0 age=99865
TRACK q=39600 s=4 dx=0.0 dy=0.0 x=0 y=0 tx=0 age=87585
TRACK q=39602 s=4 dx=0.0 dy=0.0 x=0 y=0 tx=0 age=107388
TRACK q=39605 s=4 dx=0.0 dy=0.0 x=0 y=0 tx=0 age=94803
TRACK q=39607 s=4 dx=0.0 dy=0.0 x=0 y=0 tx=0 age=114129
TRACK q=39609 s=4 dx=0.0 dy=0.0 x=0 y=0 tx=0 age=101615
TRACK q=39612 s=4 dx=0.0 dy=0.0 x=0 y=0 tx=0 age=88922
TRACK q=39614 s=4 dx=0.0 dy=0.0 x=0 y=0 tx=0 age=108333
TRACK q=39617 s=4 dx=0.0 dy=0.0 x=0 y=0 tx=0 age=95701
TRACK q=39619 s=4 dx=0.0 dy=0.0 x=0 y=0 tx=0 age=114952
TRACK q=39622 s=4 dx=0.0 dy=0.0 x=0 y=0 tx=0 age=102265
TRACK q=39625 s=4 dx=0.0 dy=0.0 x=0 y=0 tx=0 age=89676
TRACK q=39627 s=4 dx=0.0 dy=0.0 x=0 y=0 tx=0 age=109022
TRACK q=39629 s=4 dx=0.0 dy=0.0 x=0 y=0 tx=0 age=128416
TRACK q=39632 s=4 dx=0.0 dy=0.0 x=0 y=0 tx=0 age=84099
TRACK q=39634 s=4 dx=0.0 dy=0.0 x=0 y=0 tx=0 age=103405
TRACK q=39637 s=4 dx=0.0 dy=0.0 x=0 y=0 tx=0 age=90770
TRACK q=39639 s=4 dx=0.0 dy=0.0 x=0 y=0 tx=0 age=110414
TRACK q=39642 s=4 dx=0.0 dy=0.0 x=0 y=0 tx=0 age=97994
TRACK q=39645 s=4 dx=0.0 dy=0.0 x=0 y=0 tx=0 age=85333
TRACK q=39647 s=4 dx=0.0 dy=0.0 x=0 y=0 tx=0 age=104718

