{"result": "PASS", "source_files": 486, "changes": 6, "applied": true}
-- Found Python3: /usr/bin/python3.10 (found version "3.10.12") found components: Interpreter 
-- Initializing NuttX
Loaded configuration '/home/swl/openvela/cmake_out/velavision_cxx_probe_20260910/.config.compressed'
Minimal configuration saved to '/home/swl/openvela/cmake_out/velavision_cxx_probe_20260910/defconfig.tmp'
  Select HOST_LINUX=y
--   CMake:  3.23.0
--   Ninja:  1.12.1
--   Board:  kickpi_k7
--   Config: velavision_cxx_probe_local
--   Appdir: /home/swl/openvela/apps
-- The C compiler identification is GNU 11.4.0
-- Detecting C compiler ABI info
-- Detecting C compiler ABI info - done
-- Check for working C compiler: /home/swl/openvela/prebuilts/tools/linux/x86_64/cc - skipped
-- Detecting C compile features
-- Detecting C compile features - done
-- NuttX Host Tools
-- Configuring done
-- Generating done
-- Build files have been written to: /home/swl/openvela/cmake_out/velavision_cxx_probe_20260910/bin_host
-- The C compiler identification is GNU 13.4.0
-- The CXX compiler identification is GNU 13.4.0
-- The ASM compiler identification is GNU
-- Found assembler: /home/swl/openvela/prebuilts/gcc/linux-x86_64/aarch64-none-elf/bin/aarch64-none-elf-gcc
-- Detecting C compiler ABI info
-- Detecting C compiler ABI info - done
-- Check for working C compiler: /home/swl/openvela/prebuilts/gcc/linux-x86_64/aarch64-none-elf/bin/aarch64-none-elf-gcc - skipped
-- Detecting C compile features
-- Detecting C compile features - done
-- Detecting CXX compiler ABI info
-- Detecting CXX compiler ABI info - done
-- Check for working CXX compiler: /home/swl/openvela/prebuilts/gcc/linux-x86_64/aarch64-none-elf/bin/aarch64-none-elf-g++ - skipped
-- Detecting CXX compile features
-- Detecting CXX compile features - done
-- Configuring done
-- Generating done
-- Build files have been written to: /home/swl/openvela/cmake_out/velavision_cxx_probe_20260910
[1/1] cd /home/swl/openvela/nuttx && /home/swl/openvela/prebuilts/tools/cmake/bin/cmake -E copy /home/swl/openvela/nuttx/boards/arm64/rk3576/kickpi_k7/configs/velavision_cxx_probe_local/defconfig /home/swl/openvela/cmake_out/velavision_cxx_probe_20260910/.config && /home/swl/openvela/prebuilts/tools/cmake/bin/cmake -E env KCONFIG_CONFIG=/home/swl/openvela/cmake_out/velavision_cxx_probe_20260910/.config EXTERNALDIR=dummy APPSDIR=/home/swl/openvela/apps DRIVERS_PLATFORM_DIR=dummy APPSBINDIR=/home/swl/openvela/cmake_out/velavision_cxx_probe_20260910/apps BINDIR=/home/swl/openvela/cmake_out/velavision_cxx_probe_20260910 olddefconfig && /home/swl/openvela/prebuilts/tools/cmake/bin/cmake -E copy /home/swl/openvela/cmake_out/velavision_cxx_probe_20260910/.config /home/swl/openvela/cmake_out/velavision_cxx_probe_20260910/.config.orig && /home/swl/openvela/prebuilts/tools/cmake/bin/cmake -E touch /home/swl/openvela/nuttx/CMakeLists.txt
Loaded configuration '/home/swl/openvela/cmake_out/velavision_cxx_probe_20260910/.config'
Configuration saved to '/home/swl/openvela/cmake_out/velavision_cxx_probe_20260910/.config'
[0/1] Re-running CMake...
-- NuttX Host Tools
-- Configuring done
-- Generating done
-- Build files have been written to: /home/swl/openvela/cmake_out/velavision_cxx_probe_20260910/bin_host
-- Configuring done
-- Generating done
-- Build files have been written to: /home/swl/openvela/cmake_out/velavision_cxx_probe_20260910
[1/1582] cd /home/swl/openvela/cmake_out/velavision_cxx_probe_20260910/libs/libc/misc && /home/swl/openvela/prebuilts/tools/cmake/bin/cmake -E touch /home/swl/openvela/nuttx/libs/libc/misc/lib_utsname.c
[2/1582] Generating bin output directories
[3/1582] Generating dramboot.ld.tmp
[4/1582] cd /home/swl/openvela/nuttx && /home/swl/openvela/prebuilts/tools/cmake/bin/cmake -DKCONFIG_CONFIG=/home/swl/openvela/nuttx/boards/arm64/rk3576/kickpi_k7/configs/velavision_cxx_probe_local/defconfig -DNUTTX_DIR=/home/swl/openvela/nuttx -DCMAKE_BINARY_DIR=/home/swl/openvela/cmake_out/velavision_cxx_probe_20260910 -P /home/swl/openvela/nuttx/cmake/nuttx_generate_dts.cmake
[5/1582] Building C object apps/external/libjpeg-turbo/CMakeFiles/turbojpeg-static.dir/libjpeg-turbo/jaricom.c.o
[6/1582] Building C object apps/external/libjpeg-turbo/CMakeFiles/turbojpeg-static.dir/libjpeg-turbo/jcapistd.c.o
[7/1582] Building C object apps/external/libjpeg-turbo/CMakeFiles/turbojpeg-static.dir/libjpeg-turbo/jcapimin.c.o
[8/1582] Building C object apps/external/libjpeg-turbo/CMakeFiles/turbojpeg-static.dir/libjpeg-turbo/jccoefct.c.o
[9/1582] Building C object apps/external/libjpeg-turbo/CMakeFiles/turbojpeg-static.dir/libjpeg-turbo/jcicc.c.o
[10/1582] Building C object apps/external/libjpeg-turbo/CMakeFiles/turbojpeg-static.dir/libjpeg-turbo/jcdctmgr.c.o
[11/1582] Building C object apps/external/libjpeg-turbo/CMakeFiles/turbojpeg-static.dir/libjpeg-turbo/jcinit.c.o
[12/1582] Building C object apps/external/libjpeg-turbo/CMakeFiles/turbojpeg-static.dir/libjpeg-turbo/jcarith.c.o
[13/1582] Building C object apps/external/libjpeg-turbo/CMakeFiles/turbojpeg-static.dir/libjpeg-turbo/jcmainct.c.o
[14/1582] Building C object apps/external/libjpeg-turbo/CMakeFiles/turbojpeg-static.dir/libjpeg-turbo/jccolor.c.o
[15/1582] Building C object apps/external/libjpeg-turbo/CMakeFiles/turbojpeg-static.dir/libjpeg-turbo/jcomapi.c.o
[16/1582] Building C object apps/external/libjpeg-turbo/CMakeFiles/turbojpeg-static.dir/libjpeg-turbo/jcmarker.c.o
[17/1582] Building C object apps/external/libjpeg-turbo/CMakeFiles/turbojpeg-static.dir/libjpeg-turbo/jcmaster.c.o
[18/1582] Building C object apps/external/libjpeg-turbo/CMakeFiles/turbojpeg-static.dir/libjpeg-turbo/jcparam.c.o
[19/1582] Building C object apps/external/libjpeg-turbo/CMakeFiles/turbojpeg-static.dir/libjpeg-turbo/jcprepct.c.o
[20/1582] Building C object apps/external/libjpeg-turbo/CMakeFiles/turbojpeg-static.dir/libjpeg-turbo/jctrans.c.o
[21/1582] Building C object apps/external/libjpeg-turbo/CMakeFiles/turbojpeg-static.dir/libjpeg-turbo/jdapimin.c.o
[22/1582] Building C object apps/external/libjpeg-turbo/CMakeFiles/turbojpeg-static.dir/libjpeg-turbo/jcphuff.c.o
[23/1582] Building C object apps/external/libjpeg-turbo/CMakeFiles/turbojpeg-static.dir/libjpeg-turbo/jcsample.c.o
[24/1582] Building C object apps/external/libjpeg-turbo/CMakeFiles/turbojpeg-static.dir/libjpeg-turbo/jdatasrc-tj.c.o
[25/1582] Building C object apps/external/libjpeg-turbo/CMakeFiles/turbojpeg-static.dir/libjpeg-turbo/jdatadst-tj.c.o
[26/1582] Building C object apps/external/libjpeg-turbo/CMakeFiles/turbojpeg-static.dir/libjpeg-turbo/jdatadst.c.o
[27/1582] Building C object apps/external/libjpeg-turbo/CMakeFiles/turbojpeg-static.dir/libjpeg-turbo/jdapistd.c.o
[28/1582] Building C object apps/external/libjpeg-turbo/CMakeFiles/turbojpeg-static.dir/libjpeg-turbo/jdatasrc.c.o
[29/1582] Building C object apps/external/libjpeg-turbo/CMakeFiles/turbojpeg-static.dir/libjpeg-turbo/jddctmgr.c.o
[30/1582] Building C object apps/external/libjpeg-turbo/CMakeFiles/turbojpeg-static.dir/libjpeg-turbo/jdarith.c.o
[31/1582] Building C object apps/external/libjpeg-turbo/CMakeFiles/turbojpeg-static.dir/libjpeg-turbo/jdicc.c.o
[32/1582] Building C object apps/external/libjpeg-turbo/CMakeFiles/turbojpeg-static.dir/libjpeg-turbo/jdinput.c.o
[33/1582] Building C object apps/external/libjpeg-turbo/CMakeFiles/turbojpeg-static.dir/libjpeg-turbo/jdcoefct.c.o
[34/1582] Building C object apps/external/libjpeg-turbo/CMakeFiles/turbojpeg-static.dir/libjpeg-turbo/jdmainct.c.o
[35/1582] Building C object apps/external/libjpeg-turbo/CMakeFiles/turbojpeg-static.dir/libjpeg-turbo/jdhuff.c.o
[36/1582] Building C object apps/external/libjpeg-turbo/CMakeFiles/turbojpeg-static.dir/libjpeg-turbo/jdmaster.c.o
[37/1582] Building C object apps/external/libjpeg-turbo/CMakeFiles/turbojpeg-static.dir/libjpeg-turbo/jdcolor.c.o
[38/1582] Building C object apps/external/libjpeg-turbo/CMakeFiles/turbojpeg-static.dir/libjpeg-turbo/jdpostct.c.o
[39/1582] Building C object apps/external/libjpeg-turbo/CMakeFiles/turbojpeg-static.dir/libjpeg-turbo/jdphuff.c.o
[40/1582] Building C object apps/external/libjpeg-turbo/CMakeFiles/turbojpeg-static.dir/libjpeg-turbo/jdtrans.c.o
[41/1582] Building C object apps/external/libjpeg-turbo/CMakeFiles/turbojpeg-static.dir/libjpeg-turbo/jdsample.c.o
[42/1582] Building C object apps/external/libjpeg-turbo/CMakeFiles/turbojpeg-static.dir/libjpeg-turbo/jdmarker.c.o
[43/1582] Building C object apps/external/libjpeg-turbo/CMakeFiles/turbojpeg-static.dir/libjpeg-turbo/jfdctflt.c.o
[44/1582] Building C object apps/external/libjpeg-turbo/CMakeFiles/turbojpeg-static.dir/libjpeg-turbo/jerror.c.o
[45/1582] Building C object apps/external/libjpeg-turbo/CMakeFiles/turbojpeg-static.dir/libjpeg-turbo/jfdctfst.c.o
[46/1582] Building C object apps/external/libjpeg-turbo/CMakeFiles/turbojpeg-static.dir/libjpeg-turbo/jfdctint.c.o
[47/1582] Building C object apps/external/libjpeg-turbo/CMakeFiles/turbojpeg-static.dir/libjpeg-turbo/jdmerge.c.o
[48/1582] Building C object apps/external/libjpeg-turbo/CMakeFiles/turbojpeg-static.dir/libjpeg-turbo/jidctflt.c.o
[49/1582] Building C object apps/external/libjpeg-turbo/CMakeFiles/turbojpeg-static.dir/libjpeg-turbo/jidctfst.c.o
[50/1582] Building C object apps/external/libjpeg-turbo/CMakeFiles/turbojpeg-static.dir/libjpeg-turbo/jmemnobs.c.o
[51/1582] Building C object apps/external/libjpeg-turbo/CMakeFiles/turbojpeg-static.dir/libjpeg-turbo/jidctred.c.o
[52/1582] Building C object apps/external/libjpeg-turbo/CMakeFiles/turbojpeg-static.dir/libjpeg-turbo/jpegtran.c.o
[53/1582] Building C object apps/external/libjpeg-turbo/CMakeFiles/turbojpeg-static.dir/libjpeg-turbo/jmemmgr.c.o
[54/1582] Building C object apps/external/libjpeg-turbo/CMakeFiles/turbojpeg-static.dir/libjpeg-turbo/jutils.c.o
[55/1582] Building C object apps/external/libjpeg-turbo/CMakeFiles/turbojpeg-static.dir/libjpeg-turbo/jquant1.c.o
[56/1582] Building ASM object arch/CMakeFiles/arch.dir/arm64/src/common/arm64_vector_table.S.o
[57/1582] Building ASM object arch/CMakeFiles/arch.dir/arm64/src/common/arm64_vectors.S.o
[58/1582] Building C object apps/external/libjpeg-turbo/CMakeFiles/turbojpeg-static.dir/libjpeg-turbo/jsimd_none.c.o
[59/1582] Building ASM object arch/CMakeFiles/arch.dir/arm64/src/common/arm64_fork_func.S.o
[60/1582] Building C object arch/CMakeFiles/arch.dir/arm64/src/common/arm64_initialize.c.o
[61/1582] Building C object apps/external/libjpeg-turbo/CMakeFiles/turbojpeg-static.dir/libjpeg-turbo/jquant2.c.o
[62/1582] Building C object arch/CMakeFiles/arch.dir/arm64/src/common/arm64_boot.c.o
[63/1582] Building C object arch/CMakeFiles/arch.dir/arm64/src/common/arm64_initialstate.c.o
[64/1582] Building C object apps/external/libjpeg-turbo/CMakeFiles/turbojpeg-static.dir/libjpeg-turbo/jidctint.c.o
[65/1582] Building C object arch/CMakeFiles/arch.dir/arm64/src/common/arm64_nputs.c.o
[66/1582] Building C object arch/CMakeFiles/arch.dir/arm64/src/common/arm64_createstack.c.o
[67/1582] Building C object arch/CMakeFiles/arch.dir/arm64/src/common/arm64_releasestack.c.o
[68/1582] Building C object arch/CMakeFiles/arch.dir/arm64/src/common/arm64_stackframe.c.o
[69/1582] Building C object arch/CMakeFiles/arch.dir/arm64/src/common/arm64_usestack.c.o
[70/1582] Building C object arch/CMakeFiles/arch.dir/arm64/src/common/arm64_exit.c.o
[71/1582] Building C object arch/CMakeFiles/arch.dir/arm64/src/common/arm64_getintstack.c.o
[72/1582] Building C object arch/CMakeFiles/arch.dir/arm64/src/common/arm64_fork.c.o
[73/1582] Building C object arch/CMakeFiles/arch.dir/arm64/src/common/arm64_perf.c.o
[74/1582] Building C object arch/CMakeFiles/arch.dir/arm64/src/common/arm64_registerdump.c.o
[75/1582] Building C object arch/CMakeFiles/arch.dir/arm64/src/common/arm64_tcbinfo.c.o
[76/1582] Building C object arch/CMakeFiles/arch.dir/arm64/src/common/arm64_cpuidlestack.c.o
[77/1582] Building C object arch/CMakeFiles/arch.dir/arm64/src/common/arm64_schedulesigaction.c.o
[78/1582] Building C object arch/CMakeFiles/arch.dir/arm64/src/common/arm64_sigdeliver.c.o
[79/1582] Building C object arch/CMakeFiles/arch.dir/arm64/src/common/arm64_arch_timer.c.o
[80/1582] Building C object arch/CMakeFiles/arch.dir/arm64/src/common/arm64_doirq.c.o
[81/1582] Building C object arch/CMakeFiles/arch.dir/arm64/src/common/arm64_cache.c.o
[82/1582] Building C object arch/CMakeFiles/arch.dir/arm64/src/common/arm64_allocateheap.c.o
[83/1582] Building C object arch/CMakeFiles/arch.dir/arm64/src/common/arm64_idle.c.o
[84/1582] Building C object arch/CMakeFiles/arch.dir/arm64/src/common/arm64_syscall.c.o
[85/1582] Building C object arch/CMakeFiles/arch.dir/arm64/src/common/arm64_fatal.c.o
[86/1582] Building ASM object arch/CMakeFiles/arch.dir/arm64/src/common/arm64_smccc.S.o
[87/1582] Building C object arch/CMakeFiles/arch.dir/arm64/src/common/arm64_gicv2.c.o
[88/1582] Building C object arch/CMakeFiles/arch.dir/arm64/src/common/arm64_cpustart.c.o
[89/1582] Building C object arch/CMakeFiles/arch.dir/arm64/src/common/arm64_cpu_psci.c.o
[90/1582] Building ASM object arch/CMakeFiles/arch.dir/arm64/src/common/arm64_fpu_func.S.o
[91/1582] Building C object arch/CMakeFiles/arch.dir/arm64/src/common/arm64_mmu.c.o
[92/1582] Building C object arch/CMakeFiles/arch.dir/arm64/src/common/arm64_hwdebug.c.o
[93/1582] Building C object arch/CMakeFiles/arch.dir/arm64/src/common/arm64_smpcall.c.o
[94/1582] Building C object arch/CMakeFiles/arch.dir/arm64/src/common/arm64_fpu.c.o
[95/1582] Building ASM object arch/CMakeFiles/arch.dir/arm64/src/rk3576/rk3576_lowputc.S.o
[96/1582] Building C object arch/CMakeFiles/arch.dir/arm64/src/common/arm64_checkstack.c.o
[97/1582] Building C object arch/CMakeFiles/arch.dir/arm64/src/rk3576/rk3576_boot.c.o
[98/1582] Building C object arch/CMakeFiles/arch.dir/arm64/src/common/arm64_backtrace.c.o
[99/1582] Building C object arch/CMakeFiles/arch.dir/arm64/src/rk3576/rk3576_serial.c.o
[100/1582] Building C object binfmt/CMakeFiles/binfmt.dir/binfmt_globals.c.o
[101/1582] Building C object binfmt/CMakeFiles/binfmt.dir/binfmt_initialize.c.o
[102/1582] Building C object arch/CMakeFiles/arch.dir/arm64/src/rk3576/rk3576_uart6.c.o
[103/1582] Building C object arch/CMakeFiles/arch.dir/arm64/src/rk3576/rk3576_model_arena.c.o
[104/1582] Building C object arch/CMakeFiles/arch.dir/arm64/src/rk3576/rk3576_usbhost.c.o
[105/1582] Building C object binfmt/CMakeFiles/binfmt.dir/binfmt_register.c.o
[106/1582] Building C object binfmt/CMakeFiles/binfmt.dir/binfmt_unregister.c.o
[107/1582] Building C object binfmt/CMakeFiles/binfmt.dir/binfmt_loadmodule.c.o
[108/1582] Building C object binfmt/CMakeFiles/binfmt.dir/binfmt_unloadmodule.c.o
[109/1582] Building C object binfmt/CMakeFiles/binfmt.dir/binfmt_copyargv.c.o
[110/1582] Building C object binfmt/CMakeFiles/binfmt.dir/binfmt_exec.c.o
[111/1582] Building C object binfmt/CMakeFiles/binfmt.dir/binfmt_copyactions.c.o
[112/1582] Building C object binfmt/CMakeFiles/binfmt.dir/binfmt_copyattr.c.o
[113/1582] Building C object binfmt/CMakeFiles/binfmt.dir/binfmt_execmodule.c.o
[114/1582] Building C object binfmt/CMakeFiles/binfmt.dir/binfmt_dumpmodule.c.o
[115/1582] Building C object binfmt/CMakeFiles/binfmt.dir/builtin.c.o
[116/1582] Building C object drivers/CMakeFiles/drivers.dir/bch/bchlib_setup.c.o
[117/1582] Building C object drivers/CMakeFiles/drivers.dir/bch/bchlib_teardown.c.o
[118/1582] Building C object drivers/CMakeFiles/drivers.dir/bch/bchlib_read.c.o
[119/1582] Building C object drivers/CMakeFiles/drivers.dir/bch/bchlib_cache.c.o
[120/1582] Building C object drivers/CMakeFiles/drivers.dir/bch/bchlib_write.c.o
[121/1582] Building C object drivers/CMakeFiles/drivers.dir/bch/bchdev_register.c.o
[122/1582] Building C object drivers/CMakeFiles/drivers.dir/bch/bchdev_unregister.c.o
[123/1582] Building C object drivers/CMakeFiles/drivers.dir/misc/dev_null.c.o
[124/1582] Building C object drivers/CMakeFiles/drivers.dir/misc/dev_zero.c.o
[125/1582] Building C object drivers/CMakeFiles/drivers.dir/misc/ramdisk.c.o
[126/1582] Building C object drivers/CMakeFiles/drivers.dir/misc/mkrd.c.o
[127/1582] Building C object drivers/CMakeFiles/drivers.dir/loop/losetup.c.o
[128/1582] Building C object drivers/CMakeFiles/drivers.dir/bch/bchdev_driver.c.o
[129/1582] Building C object drivers/CMakeFiles/drivers.dir/pipes/fifo.c.o
[130/1582] Building C object drivers/CMakeFiles/drivers.dir/pipes/pipe.c.o
[131/1582] Building C object drivers/CMakeFiles/drivers.dir/pipes/pipe_common.c.o
[132/1582] Building C object drivers/CMakeFiles/drivers.dir/syslog/syslog_initialize.c.o
[133/1582] Building C object drivers/CMakeFiles/drivers.dir/serial/serial_io.c.o
[134/1582] Building C object drivers/CMakeFiles/drivers.dir/serial/uart_16550.c.o
[135/1582] Building C object drivers/CMakeFiles/drivers.dir/syslog/setlogmask.c.o
[136/1582] Building C object drivers/CMakeFiles/drivers.dir/syslog/vsyslog.c.o
[137/1582] Building C object drivers/CMakeFiles/drivers.dir/net/netdev_upperhalf.c.o
[138/1582] Building C object drivers/CMakeFiles/drivers.dir/syslog/syslog_channel.c.o
[139/1582] Building C object drivers/CMakeFiles/drivers.dir/syslog/syslog_write.c.o
[140/1582] Building C object drivers/CMakeFiles/drivers.dir/syslog/syslog_flush.c.o
[141/1582] Building C object drivers/CMakeFiles/drivers.dir/usbhost/usbhost_registry.c.o
[142/1582] Building C object apps/external/libjpeg-turbo/CMakeFiles/turbojpeg-static.dir/libjpeg-turbo/jchuff.c.o
[143/1582] Building C object drivers/CMakeFiles/drivers.dir/syslog/ramlog.c.o
[144/1582] Building C object drivers/CMakeFiles/drivers.dir/timers/oneshot.c.o
[145/1582] Building C object drivers/CMakeFiles/drivers.dir/usbhost/usbhost_registerclass.c.o
[146/1582] Building C object drivers/CMakeFiles/drivers.dir/serial/serial.c.o
[147/1582] Building C object drivers/CMakeFiles/drivers.dir/timers/arch_alarm.c.o
[148/1582] Building C object drivers/CMakeFiles/drivers.dir/usbhost/usbhost_findclass.c.o
[149/1582] Building C object drivers/CMakeFiles/drivers.dir/usbhost/usbhost_drivers.c.o
[150/1582] Building C object drivers/CMakeFiles/drivers.dir/usbhost/usbhost_waiter.c.o
[151/1582] Building C object drivers/CMakeFiles/drivers.dir/usbhost/usbhost_enumerate.c.o
[152/1582] Building C object drivers/CMakeFiles/drivers.dir/usbhost/usbhost_xhci_rk3576_trace.c.o
[153/1582] Building C object drivers/CMakeFiles/drivers.dir/usbhost/usbhost_devaddr.c.o
[154/1582] Building C object drivers/CMakeFiles/drivers.dir/usbhost/usbhost_trace.c.o
[155/1582] Building C object drivers/CMakeFiles/drivers.dir/wireless/bluetooth/bt_driver.c.o
[156/1582] Building C object fs/CMakeFiles/fs.dir/fs_initialize.c.o
[157/1582] Building C object fs/CMakeFiles/fs.dir/fs_heap.c.o
[158/1582] Building C object drivers/CMakeFiles/drivers.dir/drivers_initialize.c.o
[159/1582] Building C object fs/CMakeFiles/fs.dir/driver/fs_registerdriver.c.o
[160/1582] Building C object drivers/CMakeFiles/drivers.dir/usbhost/usbhost_hub.c.o
[161/1582] Building C object fs/CMakeFiles/fs.dir/driver/fs_unregisterdriver.c.o
[162/1582] Building C object fs/CMakeFiles/fs.dir/driver/fs_registerpipedriver.c.o
[163/1582] Building C object fs/CMakeFiles/fs.dir/driver/fs_unregisterpipedriver.c.o
[164/1582] Building C object fs/CMakeFiles/fs.dir/driver/fs_registerblockdriver.c.o
[165/1582] Building C object fs/CMakeFiles/fs.dir/driver/fs_unregisterblockdriver.c.o
[166/1582] Building C object fs/CMakeFiles/fs.dir/driver/fs_findblockdriver.c.o
[167/1582] Building C object fs/CMakeFiles/fs.dir/driver/fs_openblockdriver.c.o
[168/1582] Building C object fs/CMakeFiles/fs.dir/driver/fs_closeblockdriver.c.o
[169/1582] Building C object fs/CMakeFiles/fs.dir/driver/fs_findmtddriver.c.o
[170/1582] Building C object fs/CMakeFiles/fs.dir/driver/fs_blockpartition.c.o
[171/1582] Building C object fs/CMakeFiles/fs.dir/driver/fs_closemtddriver.c.o
[172/1582] Building C object fs/CMakeFiles/fs.dir/driver/fs_blockproxy.c.o
[173/1582] Building C object fs/CMakeFiles/fs.dir/driver/fs_blockmerge.c.o
[174/1582] Building C object fs/CMakeFiles/fs.dir/inode/fs_foreachinode.c.o
[175/1582] Building C object fs/CMakeFiles/fs.dir/inode/fs_inode.c.o
[176/1582] Building C object fs/CMakeFiles/fs.dir/inode/fs_inodebasename.c.o
[177/1582] Building C object fs/CMakeFiles/fs.dir/inode/fs_inodeaddref.c.o
[178/1582] Building C object fs/CMakeFiles/fs.dir/inode/fs_inodefind.c.o
[179/1582] Building C object fs/CMakeFiles/fs.dir/inode/fs_inodefree.c.o
[180/1582] Building C object fs/CMakeFiles/fs.dir/inode/fs_inodegetpath.c.o
[181/1582] Building C object fs/CMakeFiles/fs.dir/inode/fs_files.c.o
[182/1582] Building C object fs/CMakeFiles/fs.dir/inode/fs_inoderelease.c.o
[183/1582] Building C object fs/CMakeFiles/fs.dir/inode/fs_inoderemove.c.o
[184/1582] Building C object fs/CMakeFiles/fs.dir/inode/fs_inodereserve.c.o
[185/1582] Building C object fs/CMakeFiles/fs.dir/mmap/fs_mmisc.c.o
[186/1582] Building C object fs/CMakeFiles/fs.dir/mmap/fs_mmap.c.o
[187/1582] Building C object fs/CMakeFiles/fs.dir/mmap/fs_munmap.c.o
[188/1582] Building C object fs/CMakeFiles/fs.dir/inode/fs_inodesearch.c.o
[189/1582] Building C object fs/CMakeFiles/fs.dir/mmap/fs_msync.c.o
[190/1582] Building C object fs/CMakeFiles/fs.dir/mmap/fs_anonmap.c.o
[191/1582] Building C object fs/CMakeFiles/fs.dir/mount/fs_umount2.c.o
[192/1582] Building C object fs/CMakeFiles/fs.dir/mount/fs_foreachmountpoint.c.o
[193/1582] Building C object fs/CMakeFiles/fs.dir/mount/fs_mount.c.o
[194/1582] Building C object fs/CMakeFiles/fs.dir/mount/fs_gettype.c.o
[195/1582] Building C object fs/CMakeFiles/fs.dir/mount/fs_procfs_mount.c.o
[196/1582] Building C object fs/CMakeFiles/fs.dir/mqueue/mq_close.c.o
[197/1582] Building C object fs/CMakeFiles/fs.dir/partition/fs_partition.c.o
[198/1582] Building C object fs/CMakeFiles/fs.dir/mqueue/mq_unlink.c.o
[199/1582] Building C object fs/CMakeFiles/fs.dir/mqueue/mq_open.c.o
[200/1582] Building C object fs/CMakeFiles/fs.dir/procfs/fs_procfscpuinfo.c.o
[201/1582] Building C object fs/CMakeFiles/fs.dir/procfs/fs_procfscpuload.c.o
[202/1582] Building C object fs/CMakeFiles/fs.dir/procfs/fs_procfscritmon.c.o
[203/1582] Building C object fs/CMakeFiles/fs.dir/procfs/fs_procfsfdt.c.o
[204/1582] Building C object drivers/CMakeFiles/drivers.dir/usbhost/usbhost_xhci_rk3576.c.o
[205/1582] Building C object fs/CMakeFiles/fs.dir/procfs/fs_procfsiobinfo.c.o
[206/1582] Building C object fs/CMakeFiles/fs.dir/procfs/fs_procfs.c.o
[207/1582] Building C object fs/CMakeFiles/fs.dir/procfs/fs_procfsmeminfo.c.o
[208/1582] Building C object fs/CMakeFiles/fs.dir/procfs/fs_procfstcbinfo.c.o
[209/1582] Building C object fs/CMakeFiles/fs.dir/procfs/fs_procfsuptime.c.o
[210/1582] Building C object fs/CMakeFiles/fs.dir/procfs/fs_procfsutil.c.o
[211/1582] Building C object fs/CMakeFiles/fs.dir/procfs/fs_procfsversion.c.o
[212/1582] Building C object fs/CMakeFiles/fs.dir/socket/socketpair.c.o
[213/1582] Building C object fs/CMakeFiles/fs.dir/socket/socket.c.o
[214/1582] Building C object fs/CMakeFiles/fs.dir/socket/accept.c.o
[215/1582] Building C object fs/CMakeFiles/fs.dir/vfs/fs_chstat.c.o
[216/1582] Building C object fs/CMakeFiles/fs.dir/procfs/fs_procfsproc.c.o
[217/1582] Building C object fs/CMakeFiles/fs.dir/vfs/fs_close.c.o
[218/1582] Building C object fs/CMakeFiles/fs.dir/vfs/fs_dup3.c.o
[219/1582] Building C object fs/CMakeFiles/fs.dir/vfs/fs_dup.c.o
[220/1582] Building C object fs/CMakeFiles/fs.dir/vfs/fs_dup2.c.o
[221/1582] Building C object fs/CMakeFiles/fs.dir/vfs/fs_fcntl.c.o
[222/1582] Building C object fs/CMakeFiles/fs.dir/vfs/fs_fchstat.c.o
[223/1582] Building C object fs/CMakeFiles/fs.dir/vfs/fs_fstatfs.c.o
[224/1582] Building C object fs/CMakeFiles/fs.dir/vfs/fs_lseek.c.o
[225/1582] Building C object fs/CMakeFiles/fs.dir/vfs/fs_fstat.c.o
[226/1582] Building C object fs/CMakeFiles/fs.dir/vfs/fs_ioctl.c.o
[227/1582] Building C object fs/CMakeFiles/fs.dir/vfs/fs_mkdir.c.o
[228/1582] Building C object fs/CMakeFiles/fs.dir/vfs/fs_pread.c.o
[229/1582] Building C object fs/CMakeFiles/fs.dir/vfs/fs_pwrite.c.o
[230/1582] Building C object fs/CMakeFiles/fs.dir/vfs/fs_read.c.o
[231/1582] Building C object fs/CMakeFiles/fs.dir/vfs/fs_open.c.o
[232/1582] Building C object fs/CMakeFiles/fs.dir/vfs/fs_poll.c.o
[233/1582] Building C object fs/CMakeFiles/fs.dir/vfs/fs_rmdir.c.o
[234/1582] Building C object fs/CMakeFiles/fs.dir/vfs/fs_rename.c.o
[235/1582] Building C object fs/CMakeFiles/fs.dir/vfs/fs_select.c.o
[236/1582] Building C object fs/CMakeFiles/fs.dir/vfs/fs_stat.c.o
[237/1582] Building C object fs/CMakeFiles/fs.dir/vfs/fs_statfs.c.o
[238/1582] Building C object fs/CMakeFiles/fs.dir/vfs/fs_epoll.c.o
[239/1582] Building C object fs/CMakeFiles/fs.dir/vfs/fs_sendfile.c.o
[240/1582] Building C object fs/CMakeFiles/fs.dir/vfs/fs_uio.c.o
[241/1582] Building C object fs/CMakeFiles/fs.dir/vfs/fs_syncfs.c.o
[242/1582] Building C object fs/CMakeFiles/fs.dir/vfs/fs_unlink.c.o
[243/1582] Building C object fs/CMakeFiles/fs.dir/vfs/fs_fsync.c.o
[244/1582] Building C object fs/CMakeFiles/fs.dir/vfs/fs_write.c.o
[245/1582] Building C object fs/CMakeFiles/fs.dir/vfs/fs_truncate.c.o
[246/1582] Building C object fs/CMakeFiles/fs.dir/vfs/fs_dir.c.o
[247/1582] Building C object fs/CMakeFiles/fs.dir/vfs/fs_link.c.o
[248/1582] Building C object fs/CMakeFiles/fs.dir/vfs/fs_symlink.c.o
[249/1582] Building C object fs/CMakeFiles/fs.dir/vfs/fs_readlink.c.o
[250/1582] Building C object libs/libc/CMakeFiles/c.dir/assert/lib_stackchk.c.o
[251/1582] Building C object libs/libc/CMakeFiles/c.dir/builtin/lib_builtin_getname.c.o
[252/1582] Building C object libs/libc/CMakeFiles/c.dir/assert/lib_assert.c.o
[253/1582] Building C object libs/libc/CMakeFiles/c.dir/builtin/lib_builtin_isavail.c.o
[254/1582] Building C object libs/libc/CMakeFiles/c.dir/builtin/lib_builtin_forindex.c.o
[255/1582] Building C object libs/libc/CMakeFiles/c.dir/ctype/lib_isalnum.c.o
[256/1582] Building C object libs/libc/CMakeFiles/c.dir/ctype/lib_isalpha.c.o
[257/1582] Building C object libs/libc/CMakeFiles/c.dir/ctype/lib_isascii.c.o
[258/1582] Building C object libs/libc/CMakeFiles/c.dir/ctype/lib_isblank.c.o
[259/1582] Building C object libs/libc/CMakeFiles/c.dir/ctype/lib_iscntrl.c.o
[260/1582] Building C object libs/libc/CMakeFiles/c.dir/ctype/lib_isdigit.c.o
[261/1582] Building C object libs/libc/CMakeFiles/c.dir/ctype/lib_isgraph.c.o
[262/1582] Building C object libs/libc/CMakeFiles/c.dir/ctype/lib_islower.c.o
[263/1582] Building C object libs/libc/CMakeFiles/c.dir/ctype/lib_isprint.c.o
[264/1582] Building C object libs/libc/CMakeFiles/c.dir/ctype/lib_ispunct.c.o
[265/1582] Building C object libs/libc/CMakeFiles/c.dir/ctype/lib_isupper.c.o
[266/1582] Building C object libs/libc/CMakeFiles/c.dir/ctype/lib_isspace.c.o
[267/1582] Building C object libs/libc/CMakeFiles/c.dir/ctype/lib_toupper.c.o
[268/1582] Building C object libs/libc/CMakeFiles/c.dir/ctype/lib_isxdigit.c.o
[269/1582] Building C object libs/libc/CMakeFiles/c.dir/ctype/lib_tolower.c.o
[270/1582] Building C object libs/libc/CMakeFiles/c.dir/ctype/lib_ctype.c.o
[271/1582] Building C object libs/libc/CMakeFiles/c.dir/dirent/lib_readdirr.c.o
[272/1582] Building C object libs/libc/CMakeFiles/c.dir/dirent/lib_alphasort.c.o
[273/1582] Building C object libs/libc/CMakeFiles/c.dir/dirent/lib_ftw.c.o
[274/1582] Building C object libs/libc/CMakeFiles/c.dir/dirent/lib_telldir.c.o
[275/1582] Building C object libs/libc/CMakeFiles/c.dir/dirent/lib_scandir.c.o
[276/1582] Building C object libs/libc/CMakeFiles/c.dir/dirent/lib_opendir.c.o
[277/1582] Building C object libs/libc/CMakeFiles/c.dir/dirent/lib_fdopendir.c.o
[278/1582] Building C object libs/libc/CMakeFiles/c.dir/dirent/lib_nftw.c.o
[279/1582] Building C object libs/libc/CMakeFiles/c.dir/dirent/lib_closedir.c.o
[280/1582] Building C object libs/libc/CMakeFiles/c.dir/dirent/lib_readdir.c.o
[281/1582] Building C object libs/libc/CMakeFiles/c.dir/dirent/lib_dirfd.c.o
[282/1582] Building C object libs/libc/CMakeFiles/c.dir/dirent/lib_rewinddir.c.o
[283/1582] Building C object libs/libc/CMakeFiles/c.dir/dlfcn/lib_dlfind_object.c.o
[284/1582] Building C object libs/libc/CMakeFiles/c.dir/dirent/lib_versionsort.c.o
[285/1582] Building C object libs/libc/CMakeFiles/c.dir/dirent/lib_seekdir.c.o
[286/1582] Building C object libs/libc/CMakeFiles/c.dir/environ/env_getenvironptr.c.o
[287/1582] Building C object libs/libc/CMakeFiles/c.dir/environ/env_findvar.c.o
[288/1582] Building C object libs/libc/CMakeFiles/c.dir/environ/env_release.c.o
[289/1582] Building C object libs/libc/CMakeFiles/c.dir/environ/env_removevar.c.o
[290/1582] Building C object libs/libc/CMakeFiles/c.dir/environ/env_clearenv.c.o
[291/1582] Building C object libs/libc/CMakeFiles/c.dir/environ/env_dup.c.o
[292/1582] Building C object libs/libc/CMakeFiles/c.dir/environ/env_putenv.c.o
[293/1582] Building C object libs/libc/CMakeFiles/c.dir/environ/env_getenv.c.o
[294/1582] Building C object libs/libc/CMakeFiles/c.dir/environ/env_foreach.c.o
[295/1582] Building C object libs/libc/CMakeFiles/c.dir/fixedmath/lib_fixedmath.c.o
[296/1582] Building C object libs/libc/CMakeFiles/c.dir/errno/lib_errno.c.o
[297/1582] Building C object libs/libc/CMakeFiles/c.dir/environ/env_unsetenv.c.o
[298/1582] Building C object libs/libc/CMakeFiles/c.dir/fixedmath/lib_b16sin.c.o
[299/1582] Building C object libs/libc/CMakeFiles/c.dir/fixedmath/lib_b16cos.c.o
[300/1582] Building C object libs/libc/CMakeFiles/c.dir/fixedmath/lib_b16atan2.c.o
[301/1582] Building C object libs/libc/CMakeFiles/c.dir/environ/env_setenv.c.o
[302/1582] Building C object libs/libc/CMakeFiles/c.dir/fixedmath/lib_ubsqrt.c.o
[303/1582] Building C object libs/libc/CMakeFiles/c.dir/grp/lib_getgrgidr.c.o
[304/1582] Building C object libs/libc/CMakeFiles/c.dir/grp/lib_initgroups.c.o
[305/1582] Building C object libs/libc/CMakeFiles/c.dir/grp/lib_getgrnamr.c.o
[306/1582] Building C object libs/libc/CMakeFiles/c.dir/grp/lib_getgrgid.c.o
[307/1582] Building C object libs/libc/CMakeFiles/c.dir/grp/lib_getgrnam.c.o
[308/1582] Building C object libs/libc/CMakeFiles/c.dir/inttypes/lib_imaxabs.c.o
[309/1582] Building C object libs/libc/CMakeFiles/c.dir/grp/lib_getgrbufr.c.o
[310/1582] Building C object libs/libc/CMakeFiles/c.dir/inttypes/lib_imaxdiv.c.o
[311/1582] Building ASM object libs/libc/CMakeFiles/c.dir/machine/arm64/arch_setjmp.S.o
[312/1582] Building C object libs/libc/CMakeFiles/c.dir/grp/lib_getgrbuf.c.o
[313/1582] Building C object libs/libc/CMakeFiles/c.dir/inttypes/lib_strtoimax.c.o
[314/1582] Building C object libs/libc/CMakeFiles/c.dir/libgen/lib_basename.c.o
[315/1582] Building C object libs/libc/CMakeFiles/c.dir/inttypes/lib_strtoumax.c.o
[316/1582] Building C object libs/libc/CMakeFiles/c.dir/libgen/lib_dirname.c.o
[317/1582] Building C object libs/libc/CMakeFiles/c.dir/misc/lib_creat.c.o
[318/1582] Building C object libs/libc/CMakeFiles/c.dir/misc/lib_bitmap.c.o
[319/1582] Building C object libs/libc/CMakeFiles/c.dir/misc/lib_utsname.c.o
[320/1582] Building C object libs/libc/CMakeFiles/c.dir/misc/lib_umask.c.o
[321/1582] Building C object libs/libc/CMakeFiles/c.dir/misc/lib_mknod.c.o
[322/1582] Building C object libs/libc/CMakeFiles/c.dir/misc/lib_xorshift128.c.o
[323/1582] Building C object libs/libc/CMakeFiles/c.dir/misc/lib_getrandom.c.o
[324/1582] Building C object libs/libc/CMakeFiles/c.dir/misc/lib_tea_encrypt.c.o
[325/1582] Building C object libs/libc/CMakeFiles/c.dir/misc/lib_tea_decrypt.c.o
[326/1582] Building C object libs/libc/CMakeFiles/c.dir/misc/lib_circbuf.c.o
[327/1582] Building C object libs/libc/CMakeFiles/c.dir/misc/lib_impure.c.o
[328/1582] Building C object libs/libc/CMakeFiles/c.dir/misc/lib_cxx_initialize.c.o
[329/1582] Building C object libs/libc/CMakeFiles/c.dir/misc/lib_fchmodat.c.o
[330/1582] Building C object libs/libc/CMakeFiles/c.dir/misc/lib_fstatat.c.o
[331/1582] Building C object libs/libc/CMakeFiles/c.dir/misc/lib_memfd.c.o
[332/1582] Building C object libs/libc/CMakeFiles/c.dir/misc/lib_getfullpath.c.o
[333/1582] Building C object libs/libc/CMakeFiles/c.dir/misc/lib_openat.c.o
[334/1582] Building C object libs/libc/CMakeFiles/c.dir/misc/lib_mkdirat.c.o
[335/1582] Building C object libs/libc/CMakeFiles/c.dir/misc/lib_mallopt.c.o
[336/1582] Building C object libs/libc/CMakeFiles/c.dir/misc/lib_utimensat.c.o
[337/1582] Building C object libs/libc/CMakeFiles/c.dir/misc/lib_getnprocs.c.o
[338/1582] Building C object libs/libc/CMakeFiles/c.dir/misc/lib_ratelimit.c.o
[339/1582] Building C object libs/libc/CMakeFiles/c.dir/misc/lib_sem_mutex_noinline.c.o
[340/1582] Building C object libs/libc/CMakeFiles/c.dir/misc/lib_umul32.c.o
[341/1582] Building C object libs/libc/CMakeFiles/c.dir/misc/lib_umul64.c.o
[342/1582] Building C object libs/libc/CMakeFiles/c.dir/misc/lib_tempbuffer.c.o
[343/1582] Building C object libs/libc/CMakeFiles/c.dir/misc/lib_umul32x64.c.o
[344/1582] Building C object libs/libc/CMakeFiles/c.dir/misc/lib_uadd32x64.c.o
[345/1582] Building C object libs/libc/CMakeFiles/c.dir/misc/lib_uadd64.c.o
[346/1582] Building C object libs/libc/CMakeFiles/c.dir/misc/lib_idr.c.o
[347/1582] Building C object libs/libc/CMakeFiles/c.dir/misc/lib_usub64x32.c.o
[348/1582] Building C object libs/libc/CMakeFiles/c.dir/misc/lib_usub64.c.o
[349/1582] Building C object libs/libc/CMakeFiles/c.dir/misc/lib_crc64.c.o
[350/1582] Building C object libs/libc/CMakeFiles/c.dir/misc/lib_dumpbuffer.c.o
[351/1582] Building C object libs/libc/CMakeFiles/c.dir/misc/lib_fnmatch.c.o
[352/1582] Building C object libs/libc/CMakeFiles/c.dir/misc/lib_dumpvbuffer.c.o
[353/1582] Building C object libs/libc/CMakeFiles/c.dir/misc/lib_debug.c.o
[354/1582] Building C object libs/libc/CMakeFiles/c.dir/misc/lib_crc64emac.c.o
[355/1582] Building C object libs/libc/CMakeFiles/c.dir/misc/lib_crc32.c.o
[356/1582] Building C object libs/libc/CMakeFiles/c.dir/misc/lib_crc32h04c11db7.c.o
[357/1582] Building C object libs/libc/CMakeFiles/c.dir/misc/lib_crc32hf4acfb13.c.o
[358/1582] Building C object libs/libc/CMakeFiles/c.dir/misc/lib_crc16.c.o
[359/1582] Building C object libs/libc/CMakeFiles/c.dir/misc/lib_crc16ccitt.c.o
[360/1582] Building C object libs/libc/CMakeFiles/c.dir/misc/lib_crc16h1021.c.o
[361/1582] Building C object libs/libc/CMakeFiles/c.dir/misc/lib_crc16h8005.c.o
[362/1582] Building C object libs/libc/CMakeFiles/c.dir/misc/lib_crc8.c.o
[363/1582] Building C object libs/libc/CMakeFiles/c.dir/misc/lib_crc8ccitt.c.o
[364/1582] Building C object libs/libc/CMakeFiles/c.dir/misc/lib_crc8h1d.c.o
[365/1582] Building C object libs/libc/CMakeFiles/c.dir/misc/lib_crc8h2f.c.o
[366/1582] Building C object libs/libc/CMakeFiles/c.dir/misc/lib_crc8rohc.c.o
[367/1582] Building C object libs/libc/CMakeFiles/c.dir/misc/lib_crc8table.c.o
[368/1582] Building C object libs/libc/CMakeFiles/c.dir/misc/lib_ftok.c.o
[369/1582] Building C object libs/libc/CMakeFiles/c.dir/misc/lib_instrument.c.o
[370/1582] Building C object libs/libc/CMakeFiles/c.dir/misc/lib_err.c.o
[371/1582] Building C object libs/libc/CMakeFiles/c.dir/misc/lib_backtrace.c.o
[372/1582] Building C object libs/libc/CMakeFiles/c.dir/net/lib_addrconfig.c.o
[373/1582] Building C object libs/libc/CMakeFiles/c.dir/misc/lib_fdcheck.c.o
[374/1582] Building C object libs/libc/CMakeFiles/c.dir/misc/lib_glob.c.o
[375/1582] Building C object libs/libc/CMakeFiles/c.dir/net/lib_htons.c.o
[376/1582] Building C object libs/libc/CMakeFiles/c.dir/net/lib_base64.c.o
[377/1582] Building C object libs/libc/CMakeFiles/c.dir/net/lib_htonl.c.o
[378/1582] Building C object libs/libc/CMakeFiles/c.dir/net/lib_htonq.c.o
[379/1582] Building C object libs/libc/CMakeFiles/c.dir/net/lib_inetaton.c.o
[380/1582] Building C object libs/libc/CMakeFiles/c.dir/net/lib_inetaddr.c.o
[381/1582] Building C object libs/libc/CMakeFiles/c.dir/net/lib_inetntop.c.o
[382/1582] Building C object libs/libc/CMakeFiles/c.dir/net/lib_accept.c.o
[383/1582] Building C object libs/libc/CMakeFiles/c.dir/net/lib_inetnetwork.c.o
[384/1582] Building C object libs/libc/CMakeFiles/c.dir/net/lib_inetpton.c.o
[385/1582] Building C object libs/libc/CMakeFiles/c.dir/net/lib_inetntoa.c.o
[386/1582] Building C object libs/libc/CMakeFiles/c.dir/net/lib_freeifaddrs.c.o
[387/1582] Building C object libs/libc/CMakeFiles/c.dir/net/lib_etherntoa.c.o
[388/1582] Building C object libs/libc/CMakeFiles/c.dir/net/lib_indextoname.c.o
[389/1582] Building C object libs/libc/CMakeFiles/c.dir/net/lib_etheraton.c.o
[390/1582] Building C object libs/libc/CMakeFiles/c.dir/net/lib_getifaddrs.c.o
[391/1582] Building C object libs/libc/CMakeFiles/c.dir/obstack/lib_obstack_alloc.c.o
[392/1582] Building C object libs/libc/CMakeFiles/c.dir/net/lib_nameindex.c.o
[393/1582] Building C object libs/libc/CMakeFiles/c.dir/net/lib_nametoindex.c.o
[394/1582] Building C object libs/libc/CMakeFiles/c.dir/net/lib_freenameindex.c.o
[395/1582] Building C object libs/libc/CMakeFiles/c.dir/obstack/lib_obstack_init.c.o
[396/1582] Building C object libs/libc/CMakeFiles/c.dir/obstack/lib_obstack_copy.c.o
[397/1582] Building C object libs/libc/CMakeFiles/c.dir/obstack/lib_obstack_blank.c.o
[398/1582] Building C object libs/libc/CMakeFiles/c.dir/obstack/lib_obstack_grow.c.o
[399/1582] Building C object libs/libc/CMakeFiles/c.dir/obstack/lib_obstack_free.c.o
[400/1582] Building C object libs/libc/CMakeFiles/c.dir/obstack/lib_obstack_finish.c.o
[401/1582] Building C object libs/libc/CMakeFiles/c.dir/obstack/lib_obstack_object_size.c.o
[402/1582] Building C object libs/libc/CMakeFiles/c.dir/obstack/lib_obstack_make_room.c.o
[403/1582] Building C object libs/libc/CMakeFiles/c.dir/obstack/lib_obstack_room.c.o
[404/1582] Building C object libs/libc/CMakeFiles/c.dir/obstack/lib_obstack_printf.c.o
[405/1582] Building C object libs/libc/CMakeFiles/c.dir/misc/lib_lrucache.c.o
[406/1582] Building C object libs/libc/CMakeFiles/c.dir/obstack/lib_obstack_vprintf.c.o
[407/1582] Building C object libs/libc/CMakeFiles/c.dir/obstack/lib_obstack_malloc.c.o
[408/1582] Building C object libs/libc/CMakeFiles/c.dir/pthread/pthread_setspecific.c.o
[409/1582] Building C object libs/libc/CMakeFiles/c.dir/pthread/pthread_getspecific.c.o
[410/1582] Building C object libs/libc/CMakeFiles/c.dir/pthread/pthread_keycreate.c.o
[411/1582] Building C object libs/libc/CMakeFiles/c.dir/pthread/pthread_attr_init.c.o
[412/1582] Building C object libs/libc/CMakeFiles/c.dir/pthread/pthread_attr_destroy.c.o
[413/1582] Building C object libs/libc/CMakeFiles/c.dir/pthread/pthread_attr_setschedpolicy.c.o
[414/1582] Building C object libs/libc/CMakeFiles/c.dir/pthread/pthread_keydelete.c.o
[415/1582] Building C object libs/libc/CMakeFiles/c.dir/pthread/pthread_attr_getschedpolicy.c.o
[416/1582] Building C object libs/libc/CMakeFiles/c.dir/pthread/pthread_attr_setinheritsched.c.o
[417/1582] Building C object libs/libc/CMakeFiles/c.dir/pthread/pthread_attr_getinheritsched.c.o
[418/1582] Building C object libs/libc/CMakeFiles/c.dir/pthread/pthread_attr_setdetachstate.c.o
[419/1582] Building C object libs/libc/CMakeFiles/c.dir/pthread/pthread_attr_getdetachstate.c.o
[420/1582] Building C object libs/libc/CMakeFiles/c.dir/pthread/pthread_attr_setstackaddr.c.o
[421/1582] Building C object libs/libc/CMakeFiles/c.dir/pthread/pthread_attr_getstackaddr.c.o
[422/1582] Building C object libs/libc/CMakeFiles/c.dir/pthread/pthread_attr_setstacksize.c.o
[423/1582] Building C object libs/libc/CMakeFiles/c.dir/pthread/pthread_attr_getstacksize.c.o
[424/1582] Building C object libs/libc/CMakeFiles/c.dir/pthread/pthread_attr_setstack.c.o
[425/1582] Building C object libs/libc/CMakeFiles/c.dir/pthread/pthread_attr_getstack.c.o
[426/1582] Building C object libs/libc/CMakeFiles/c.dir/pthread/pthread_attr_getschedparam.c.o
[427/1582] Building C object libs/libc/CMakeFiles/c.dir/pthread/pthread_attr_setschedparam.c.o
[428/1582] Building C object libs/libc/CMakeFiles/c.dir/pthread/pthread_attr_setscope.c.o
[429/1582] Building C object libs/libc/CMakeFiles/c.dir/pthread/pthread_attr_getscope.c.o
[430/1582] Building C object libs/libc/CMakeFiles/c.dir/pthread/pthread_attr_setguardsize.c.o
[431/1582] Building C object libs/libc/CMakeFiles/c.dir/pthread/pthread_attr_getguardsize.c.o
[432/1582] Building C object libs/libc/CMakeFiles/c.dir/pthread/pthread_barrierattr_init.c.o
[433/1582] Building C object libs/libc/CMakeFiles/c.dir/pthread/pthread_barrierattr_destroy.c.o
[434/1582] Building C object libs/libc/CMakeFiles/c.dir/pthread/pthread_barrierattr_getpshared.c.o
[435/1582] Building C object libs/libc/CMakeFiles/c.dir/pthread/pthread_barrierattr_setpshared.c.o
[436/1582] Building C object libs/libc/CMakeFiles/c.dir/pthread/pthread_barrierinit.c.o
[437/1582] Building C object libs/libc/CMakeFiles/c.dir/pthread/pthread_barrierdestroy.c.o
[438/1582] Building C object libs/libc/CMakeFiles/c.dir/pthread/pthread_condattr_init.c.o
[439/1582] Building C object libs/libc/CMakeFiles/c.dir/pthread/pthread_condattr_destroy.c.o
[440/1582] Building C object libs/libc/CMakeFiles/c.dir/pthread/pthread_condattr_getpshared.c.o
[441/1582] Building C object libs/libc/CMakeFiles/c.dir/pthread/pthread_barrierwait.c.o
[442/1582] Building C object libs/libc/CMakeFiles/c.dir/pthread/pthread_condattr_setpshared.c.o
[443/1582] Building C object libs/libc/CMakeFiles/c.dir/pthread/pthread_condattr_setclock.c.o
[444/1582] Building C object libs/libc/CMakeFiles/c.dir/pthread/pthread_condattr_getclock.c.o
[445/1582] Building C object libs/libc/CMakeFiles/c.dir/pthread/pthread_condbroadcast.c.o
[446/1582] Building C object libs/libc/CMakeFiles/c.dir/pthread/pthread_condinit.c.o
[447/1582] Building C object libs/libc/CMakeFiles/c.dir/pthread/pthread_condtimedwait.c.o
[448/1582] Building C object libs/libc/CMakeFiles/c.dir/pthread/pthread_conddestroy.c.o
[449/1582] Building C object libs/libc/CMakeFiles/c.dir/pthread/pthread_condsignal.c.o
[450/1582] Building C object libs/libc/CMakeFiles/c.dir/pthread/pthread_condclockwait.c.o
[451/1582] Building C object libs/libc/CMakeFiles/c.dir/pthread/pthread_create.c.o
[452/1582] Building C object libs/libc/CMakeFiles/c.dir/pthread/pthread_equal.c.o
[453/1582] Building C object libs/libc/CMakeFiles/c.dir/pthread/pthread_exit.c.o
[454/1582] Building C object libs/libc/CMakeFiles/c.dir/pthread/pthread_condwait.c.o
[455/1582] Building C object libs/libc/CMakeFiles/c.dir/pthread/pthread_setname_np.c.o
[456/1582] Building C object libs/libc/CMakeFiles/c.dir/pthread/pthread_kill.c.o
[457/1582] Building C object libs/libc/CMakeFiles/c.dir/pthread/pthread_getname_np.c.o
[458/1582] Building C object libs/libc/CMakeFiles/c.dir/pthread/pthread_get_stackaddr_np.c.o
[459/1582] Building C object libs/libc/CMakeFiles/c.dir/pthread/pthread_get_stacksize_np.c.o
[460/1582] Building C object libs/libc/CMakeFiles/c.dir/pthread/pthread_mutexattr_getpshared.c.o
[461/1582] Building C object libs/libc/CMakeFiles/c.dir/pthread/pthread_mutexattr_init.c.o
[462/1582] Building C object libs/libc/CMakeFiles/c.dir/pthread/pthread_mutexattr_destroy.c.o
[463/1582] Building C object libs/libc/CMakeFiles/c.dir/pthread/pthread_mutexattr_setpshared.c.o
[464/1582] Building C object libs/libc/CMakeFiles/c.dir/pthread/pthread_mutexattr_setprotocol.c.o
[465/1582] Building C object libs/libc/CMakeFiles/c.dir/pthread/pthread_mutexattr_getprotocol.c.o
[466/1582] Building C object libs/libc/CMakeFiles/c.dir/pthread/pthread_mutexattr_settype.c.o
[467/1582] Building C object libs/libc/CMakeFiles/c.dir/pthread/pthread_mutexattr_gettype.c.o
[468/1582] Building C object libs/libc/CMakeFiles/c.dir/pthread/pthread_mutexattr_setrobust.c.o
[469/1582] Building C object libs/libc/CMakeFiles/c.dir/pthread/pthread_mutexattr_getrobust.c.o
[470/1582] Building C object libs/libc/CMakeFiles/c.dir/pthread/pthread_mutexattr_setprioceiling.c.o
[471/1582] Building C object libs/libc/CMakeFiles/c.dir/pthread/pthread_mutexattr_getprioceiling.c.o
[472/1582] Building C object libs/libc/CMakeFiles/c.dir/pthread/pthread_mutex_getprioceiling.c.o
[473/1582] Building C object libs/libc/CMakeFiles/c.dir/pthread/pthread_mutex_destroy.c.o
[474/1582] Building C object libs/libc/CMakeFiles/c.dir/pthread/pthread_mutex_init.c.o
[475/1582] Building C object libs/libc/CMakeFiles/c.dir/pthread/pthread_mutex_lock.c.o
[476/1582] Building C object libs/libc/CMakeFiles/c.dir/pthread/pthread_mutex_setprioceiling.c.o
[477/1582] Building C object libs/libc/CMakeFiles/c.dir/pthread/pthread_mutex_timedlock.c.o
[478/1582] Building C object libs/libc/CMakeFiles/c.dir/pthread/pthread_mutex_trylock.c.o
[479/1582] Building C object libs/libc/CMakeFiles/c.dir/pthread/pthread_once.c.o
[480/1582] Building C object libs/libc/CMakeFiles/c.dir/pthread/pthread_mutex_unlock.c.o
[481/1582] Building C object libs/libc/CMakeFiles/c.dir/pthread/pthread_yield.c.o
[482/1582] Building C object libs/libc/CMakeFiles/c.dir/pthread/pthread_mutex.c.o
[483/1582] Building C object libs/libc/CMakeFiles/c.dir/pthread/pthread_rwlockattr_init.c.o
[484/1582] Building C object libs/libc/CMakeFiles/c.dir/pthread/pthread_atfork.c.o
[485/1582] Building C object libs/libc/CMakeFiles/c.dir/pthread/pthread_rwlockattr_destroy.c.o
[486/1582] Building C object libs/libc/CMakeFiles/c.dir/pthread/pthread_rwlockattr_getpshared.c.o
[487/1582] Building C object libs/libc/CMakeFiles/c.dir/pthread/pthread_rwlockattr_setpshared.c.o
[488/1582] Building C object libs/libc/CMakeFiles/c.dir/pthread/pthread_rwlock.c.o
[489/1582] Building C object libs/libc/CMakeFiles/c.dir/pthread/pthread_rwlock_rdlock.c.o
[490/1582] Building C object libs/libc/CMakeFiles/c.dir/pthread/pthread_rwlock_wrlock.c.o
[491/1582] Building C object libs/libc/CMakeFiles/c.dir/pthread/pthread_setcancelstate.c.o
[492/1582] Building C object libs/libc/CMakeFiles/c.dir/pthread/pthread_setcanceltype.c.o
[493/1582] Building C object libs/libc/CMakeFiles/c.dir/pthread/pthread_testcancel.c.o
[494/1582] Building C object libs/libc/CMakeFiles/c.dir/pthread/pthread_getcpuclockid.c.o
[495/1582] Building C object libs/libc/CMakeFiles/c.dir/pthread/pthread_gettid_np.c.o
[496/1582] Building C object libs/libc/CMakeFiles/c.dir/pthread/pthread_self.c.o
[497/1582] Building C object libs/libc/CMakeFiles/c.dir/pthread/pthread_mutex_inconsistent.c.o
[498/1582] Building C object libs/libc/CMakeFiles/c.dir/pthread/pthread_mutex_consistent.c.o
[499/1582] Building C object libs/libc/CMakeFiles/c.dir/pthread/pthread_concurrency.c.o
[500/1582] Building C object libs/libc/CMakeFiles/c.dir/pthread/pthread_attr_getaffinity.c.o
[501/1582] Building C object libs/libc/CMakeFiles/c.dir/pwd/lib_getpwnam.c.o
[502/1582] Building C object libs/libc/CMakeFiles/c.dir/pwd/lib_getpwuidr.c.o
[503/1582] Building C object libs/libc/CMakeFiles/c.dir/pwd/lib_getpwuid.c.o
[504/1582] Building C object libs/libc/CMakeFiles/c.dir/pthread/pthread_attr_setaffinity.c.o
[505/1582] Building C object libs/libc/CMakeFiles/c.dir/pwd/lib_getpwnamr.c.o
[506/1582] Building C object libs/libc/CMakeFiles/c.dir/pthread/pthread_cleanup.c.o
[507/1582] Building C object libs/libc/CMakeFiles/c.dir/queue/queue.c.o
[508/1582] Building C object libs/libc/CMakeFiles/c.dir/pwd/lib_getpwbufr.c.o
[509/1582] Building C object libs/libc/CMakeFiles/c.dir/pwd/lib_getpwent.c.o
[510/1582] Building C object libs/libc/CMakeFiles/c.dir/pwd/lib_getspnam.c.o
[511/1582] Building C object libs/libc/CMakeFiles/c.dir/pwd/lib_getpwbuf.c.o
[512/1582] Building C object libs/libc/CMakeFiles/c.dir/sched/sched_getprioritymax.c.o
[513/1582] Building C object libs/libc/CMakeFiles/c.dir/sched/sched_getprioritymin.c.o
[514/1582] Building C object libs/libc/CMakeFiles/c.dir/sched/clock_getcpuclockid.c.o
[515/1582] Building C object libs/libc/CMakeFiles/c.dir/sched/task_testcancel.c.o
[516/1582] Building C object libs/libc/CMakeFiles/c.dir/sched/task_cancelpt.c.o
[517/1582] Building C object libs/libc/CMakeFiles/c.dir/sched/task_setcanceltype.c.o
[518/1582] Building C object libs/libc/CMakeFiles/c.dir/sched/task_setcancelstate.c.o
[519/1582] Building C object libs/libc/CMakeFiles/c.dir/sched/sched_cpucount.c.o
[520/1582] Building C object libs/libc/CMakeFiles/c.dir/sched/sched_backtrace.c.o
[521/1582] Building C object libs/libc/CMakeFiles/c.dir/sched/task_getpid.c.o
[522/1582] Building C object libs/libc/CMakeFiles/c.dir/search/hash_func.c.o
[523/1582] Building C object libs/libc/CMakeFiles/c.dir/sched/sched_dumpstack.c.o
[524/1582] Building C object libs/libc/CMakeFiles/c.dir/sched/task_startup.c.o
[525/1582] Building C object libs/libc/CMakeFiles/c.dir/search/hcreate.c.o
[526/1582] Building C object libs/libc/CMakeFiles/c.dir/semaphore/sem_init.c.o
[527/1582] Building C object libs/libc/CMakeFiles/c.dir/search/hcreate_r.c.o
[528/1582] Building C object libs/libc/CMakeFiles/c.dir/semaphore/sem_setprotocol.c.o
[529/1582] Building C object libs/libc/CMakeFiles/c.dir/semaphore/sem_getprotocol.c.o
[530/1582] Building C object libs/libc/CMakeFiles/c.dir/semaphore/sem_getvalue.c.o
[531/1582] Building C object libs/libc/CMakeFiles/c.dir/semaphore/sem_destroy.c.o
[532/1582] Building C object libs/libc/CMakeFiles/c.dir/semaphore/sem_wait.c.o
[533/1582] Building C object libs/libc/CMakeFiles/c.dir/semaphore/sem_trywait.c.o
[534/1582] Building C object libs/libc/CMakeFiles/c.dir/semaphore/sem_timedwait.c.o
[535/1582] Building C object libs/libc/CMakeFiles/c.dir/semaphore/sem_clockwait.c.o
[536/1582] Building C object libs/libc/CMakeFiles/c.dir/signal/sig_altstack.c.o
[537/1582] Building C object libs/libc/CMakeFiles/c.dir/semaphore/sem_post.c.o
[538/1582] Building C object libs/libc/CMakeFiles/c.dir/signal/sig_addset.c.o
[539/1582] Building C object libs/libc/CMakeFiles/c.dir/signal/sig_andset.c.o
[540/1582] Building C object libs/libc/CMakeFiles/c.dir/signal/sig_hold.c.o
[541/1582] Building C object libs/libc/CMakeFiles/c.dir/signal/sig_delset.c.o
[542/1582] Building C object libs/libc/CMakeFiles/c.dir/signal/sig_emptyset.c.o
[543/1582] Building C object libs/libc/CMakeFiles/c.dir/signal/sig_fillset.c.o
[544/1582] Building C object libs/libc/CMakeFiles/c.dir/signal/sig_isemptyset.c.o
[545/1582] Building C object libs/libc/CMakeFiles/c.dir/signal/sig_longjmp.c.o
[546/1582] Building C object libs/libc/CMakeFiles/c.dir/signal/sig_ismember.c.o
[547/1582] Building C object libs/libc/CMakeFiles/c.dir/signal/sig_killpg.c.o
[548/1582] Building C object libs/libc/CMakeFiles/c.dir/signal/sig_orset.c.o
[549/1582] Building C object libs/libc/CMakeFiles/c.dir/signal/sig_relse.c.o
[550/1582] Building C object libs/libc/CMakeFiles/c.dir/signal/sig_nandset.c.o
[551/1582] Building C object libs/libc/CMakeFiles/c.dir/signal/sig_pause.c.o
[552/1582] Building C object libs/libc/CMakeFiles/c.dir/signal/sig_psignal.c.o
[553/1582] Building C object libs/libc/CMakeFiles/c.dir/signal/sig_raise.c.o
[554/1582] Building C object libs/libc/CMakeFiles/c.dir/signal/sig_wait.c.o
[555/1582] Building C object libs/libc/CMakeFiles/c.dir/signal/sig_ignore.c.o
[556/1582] Building C object libs/libc/CMakeFiles/c.dir/signal/sig_xorset.c.o
[557/1582] Building C object libs/libc/CMakeFiles/c.dir/signal/sig_interrupt.c.o
[558/1582] Building C object libs/libc/CMakeFiles/c.dir/signal/sig_set.c.o
[559/1582] Building C object libs/libc/CMakeFiles/c.dir/signal/sig_signal.c.o
[560/1582] Building C object libs/libc/CMakeFiles/c.dir/spawn/lib_psfa_addaction.c.o
[561/1582] Building C object libs/libc/CMakeFiles/c.dir/spawn/lib_psfa_addclose.c.o
[562/1582] Building C object libs/libc/CMakeFiles/c.dir/spawn/lib_psfa_init.c.o
[563/1582] Building C object libs/libc/CMakeFiles/c.dir/spawn/lib_psfa_destroy.c.o
[564/1582] Building C object libs/libc/CMakeFiles/c.dir/spawn/lib_psfa_addopen.c.o
[565/1582] Building C object libs/libc/CMakeFiles/c.dir/spawn/lib_psfa_adddup2.c.o
[566/1582] Building C object libs/libc/CMakeFiles/c.dir/spawn/lib_psa_getflags.c.o
[567/1582] Building C object libs/libc/CMakeFiles/c.dir/spawn/lib_psa_getschedparam.c.o
[568/1582] Building C object libs/libc/CMakeFiles/c.dir/spawn/lib_psa_getschedpolicy.c.o
[569/1582] Building C object libs/libc/CMakeFiles/c.dir/spawn/lib_psa_setflags.c.o
[570/1582] Building C object libs/libc/CMakeFiles/c.dir/spawn/lib_psa_setschedparam.c.o
[571/1582] Building C object libs/libc/CMakeFiles/c.dir/spawn/lib_psa_setschedpolicy.c.o
[572/1582] Building C object libs/libc/CMakeFiles/c.dir/spawn/lib_psa_init.c.o
[573/1582] Building C object libs/libc/CMakeFiles/c.dir/spawn/lib_psa_getsigmask.c.o
[574/1582] Building C object libs/libc/CMakeFiles/c.dir/spawn/lib_psa_setsigmask.c.o
[575/1582] Building C object libs/libc/CMakeFiles/c.dir/spawn/lib_psa_setstacksize.c.o
[576/1582] Building C object libs/libc/CMakeFiles/c.dir/spawn/lib_psa_getstacksize.c.o
[577/1582] Building C object libs/libc/CMakeFiles/c.dir/spawn/lib_psa_getpriority.c.o
[578/1582] Building C object libs/libc/CMakeFiles/c.dir/spawn/lib_psa_setpriority.c.o
[579/1582] Building C object libs/libc/CMakeFiles/c.dir/spawn/lib_psa_getstackaddr.c.o
[580/1582] Building C object libs/libc/CMakeFiles/c.dir/spawn/lib_psa_setstackaddr.c.o
[581/1582] Building C object libs/libc/CMakeFiles/c.dir/spawn/lib_psa_destroy.c.o
[582/1582] Building C object libs/libc/CMakeFiles/c.dir/spawn/lib_psfa_dump.c.o
[583/1582] Building C object libs/libc/CMakeFiles/c.dir/stdio/lib_fileno.c.o
[584/1582] Building C object libs/libc/CMakeFiles/c.dir/spawn/lib_psa_dump.c.o
[585/1582] Building C object libs/libc/CMakeFiles/c.dir/stdio/lib_printf.c.o
[586/1582] Building C object libs/libc/CMakeFiles/c.dir/stdio/lib_sprintf.c.o
[587/1582] Building C object libs/libc/CMakeFiles/c.dir/stdio/lib_asprintf.c.o
[588/1582] Building C object libs/libc/CMakeFiles/c.dir/stdio/lib_snprintf.c.o
[589/1582] Building C object libs/libc/CMakeFiles/c.dir/stdio/lib_vsprintf.c.o
[590/1582] Building C object libs/libc/CMakeFiles/c.dir/stdio/lib_dprintf.c.o
[591/1582] Building C object libs/libc/CMakeFiles/c.dir/stdio/lib_vsnprintf.c.o
[592/1582] Building C object libs/libc/CMakeFiles/c.dir/stdio/lib_vdprintf.c.o
[593/1582] Building C object libs/libc/CMakeFiles/c.dir/stdio/lib_vasprintf.c.o
[594/1582] Building C object libs/libc/CMakeFiles/c.dir/stdio/lib_vprintf.c.o
[595/1582] Building C object libs/libc/CMakeFiles/c.dir/stdio/lib_perror.c.o
[596/1582] Building C object libs/libc/CMakeFiles/c.dir/stdio/lib_getchar.c.o
[597/1582] Building C object libs/libc/CMakeFiles/c.dir/stdio/lib_putchar.c.o
[598/1582] Building C object libs/libc/CMakeFiles/c.dir/stdio/lib_puts.c.o
[599/1582] Building C object libs/libc/CMakeFiles/c.dir/stdio/lib_gets_s.c.o
[600/1582] Building C object libs/libc/CMakeFiles/c.dir/stdio/lib_gets.c.o
[601/1582] Building C object libs/libc/CMakeFiles/c.dir/stdio/lib_sscanf.c.o
[602/1582] Building C object libs/libc/CMakeFiles/c.dir/stdio/lib_vsscanf.c.o
[603/1582] Building C object libs/libc/CMakeFiles/c.dir/stdio/lib_libdgets.c.o
[604/1582] Building C object libs/libc/CMakeFiles/c.dir/stdio/lib_tempnam.c.o
[605/1582] Building C object libs/libc/CMakeFiles/c.dir/stdio/lib_remove.c.o
[606/1582] Building C object libs/libc/CMakeFiles/c.dir/stdio/lib_tmpnam.c.o
[607/1582] Building C object libs/libc/CMakeFiles/c.dir/stdio/lib_renameat.c.o
[608/1582] Building C object libs/libc/CMakeFiles/c.dir/stdio/lib_putwchar.c.o
[609/1582] Building C object libs/libc/CMakeFiles/c.dir/stdio/lib_freopen.c.o
[610/1582] Building C object libs/libc/CMakeFiles/c.dir/stdio/lib_fread.c.o
[611/1582] Building C object libs/libc/CMakeFiles/c.dir/stdio/lib_fseek.c.o
[612/1582] Building C object libs/libc/CMakeFiles/c.dir/stdio/lib_fopen.c.o
[613/1582] Building C object libs/libc/CMakeFiles/c.dir/stdio/lib_fclose.c.o
[614/1582] Building C object libs/libc/CMakeFiles/c.dir/stdio/lib_libfread_unlocked.c.o
[615/1582] Building C object libs/libc/CMakeFiles/c.dir/stdio/lib_ftell.c.o
[616/1582] Building C object libs/libc/CMakeFiles/c.dir/stdio/lib_fseeko.c.o
[617/1582] Building C object libs/libc/CMakeFiles/c.dir/stdio/lib_ftello.c.o
[618/1582] Building C object libs/libc/CMakeFiles/c.dir/stdio/lib_fsetpos.c.o
[619/1582] Building C object libs/libc/CMakeFiles/c.dir/stdio/lib_getdelim.c.o
[620/1582] Building C object libs/libc/CMakeFiles/c.dir/stdio/lib_getc.c.o
[621/1582] Building C object libs/libc/CMakeFiles/c.dir/stdio/lib_fgetpos.c.o
[622/1582] Building C object libs/libc/CMakeFiles/c.dir/stdio/lib_fgetc.c.o
[623/1582] Building C object libs/libc/CMakeFiles/c.dir/stdio/lib_fgets.c.o
[624/1582] Building C object libs/libc/CMakeFiles/c.dir/stdio/lib_fwrite.c.o
[625/1582] Building C object libs/libc/CMakeFiles/c.dir/stdio/lib_fflush.c.o
[626/1582] Building C object libs/libc/CMakeFiles/c.dir/stdio/lib_libfgets.c.o
[627/1582] Building C object libs/libc/CMakeFiles/c.dir/stdio/lib_libfwrite.c.o
[628/1582] Building C object libs/libc/CMakeFiles/c.dir/stdio/lib_wrflush_unlocked.c.o
[629/1582] Building C object libs/libc/CMakeFiles/c.dir/stdio/lib_libfflush.c.o
[630/1582] Building C object libs/libc/CMakeFiles/c.dir/stdio/lib_libflushall.c.o
[631/1582] Building C object libs/libc/CMakeFiles/c.dir/stdio/lib_rdflush_unlocked.c.o
[632/1582] Building C object libs/libc/CMakeFiles/c.dir/stdio/lib_putc.c.o
[633/1582] Building C object libs/libc/CMakeFiles/c.dir/stdio/lib_fputc.c.o
[634/1582] Building C object libs/libc/CMakeFiles/c.dir/stdio/lib_ungetc.c.o
[635/1582] Building C object libs/libc/CMakeFiles/c.dir/stdio/lib_fprintf.c.o
[636/1582] Building C object libs/libc/CMakeFiles/c.dir/stdio/lib_vfprintf.c.o
[637/1582] Building C object libs/libc/CMakeFiles/c.dir/stdio/lib_fputs.c.o
[638/1582] Building C object libs/libc/CMakeFiles/c.dir/stdio/lib_feof.c.o
[639/1582] Building C object libs/libc/CMakeFiles/c.dir/stdio/lib_ferror.c.o
[640/1582] Building C object libs/libc/CMakeFiles/c.dir/stdio/lib_rewind.c.o
[641/1582] Building C object libs/libc/CMakeFiles/c.dir/stdio/lib_clearerr.c.o
[642/1582] Building C object libs/libc/CMakeFiles/c.dir/stdio/lib_scanf.c.o
[643/1582] Building C object libs/libc/CMakeFiles/c.dir/stdio/lib_vscanf.c.o
[644/1582] Building C object libs/libc/CMakeFiles/c.dir/stdio/lib_fscanf.c.o
[645/1582] Building C object libs/libc/CMakeFiles/c.dir/stdio/lib_vfscanf.c.o
[646/1582] Building C object libs/libc/CMakeFiles/c.dir/stdio/lib_setbuf.c.o
[647/1582] Building C object libs/libc/CMakeFiles/c.dir/stdio/lib_tmpfile.c.o
[648/1582] Building C object libs/libc/CMakeFiles/c.dir/stdio/lib_setvbuf.c.o
[649/1582] Building C object libs/libc/CMakeFiles/c.dir/stdio/lib_setbuffer.c.o
[650/1582] Building C object libs/libc/CMakeFiles/c.dir/stdio/lib_libgetstreams.c.o
[651/1582] Building C object libs/libc/CMakeFiles/c.dir/stdio/lib_fputwc.c.o
[652/1582] Building C object libs/libc/CMakeFiles/c.dir/stdio/lib_putwc.c.o
[653/1582] Building C object libs/libc/CMakeFiles/c.dir/stdio/lib_libfilelock.c.o
[654/1582] Building C object libs/libc/CMakeFiles/c.dir/stdio/lib_fputws.c.o
[655/1582] Building C object libs/libc/CMakeFiles/c.dir/stdio/lib_fopencookie.c.o
[656/1582] Building C object libs/libc/CMakeFiles/c.dir/stdio/lib_fgetwc.c.o
[657/1582] Building C object libs/libc/CMakeFiles/c.dir/stdio/lib_getwc.c.o
[658/1582] Building C object libs/libc/CMakeFiles/c.dir/stdio/lib_fmemopen.c.o
[659/1582] Building C object libs/libc/CMakeFiles/c.dir/stdlib/lib_abs.c.o
[660/1582] Building C object libs/libc/CMakeFiles/c.dir/stdio/lib_ungetwc.c.o
[661/1582] Building C object libs/libc/CMakeFiles/c.dir/stdio/lib_open_memstream.c.o
[662/1582] Building C object libs/libc/CMakeFiles/c.dir/stdlib/lib_atof.c.o
[663/1582] Building C object libs/libc/CMakeFiles/c.dir/stdlib/lib_atoi.c.o
[664/1582] Building C object libs/libc/CMakeFiles/c.dir/stdlib/lib_atol.c.o
[665/1582] Building C object libs/libc/CMakeFiles/c.dir/stdlib/lib_atoll.c.o
[666/1582] Building C object libs/libc/CMakeFiles/c.dir/stdlib/lib_div.c.o
[667/1582] Building C object libs/libc/CMakeFiles/c.dir/stdlib/lib_ldiv.c.o
[668/1582] Building C object libs/libc/CMakeFiles/c.dir/stdlib/lib_abort.c.o
[669/1582] Building C object libs/libc/CMakeFiles/c.dir/stdlib/lib_lldiv.c.o
[670/1582] Building C object libs/libc/CMakeFiles/c.dir/stdlib/lib_getprogname.c.o
[671/1582] Building C object libs/libc/CMakeFiles/c.dir/stdlib/lib_labs.c.o
[672/1582] Building C object libs/libc/CMakeFiles/c.dir/stdlib/lib_llabs.c.o
[673/1582] Building C object libs/libc/CMakeFiles/c.dir/stdlib/lib_itoa.c.o
[674/1582] Building C object libs/libc/CMakeFiles/c.dir/stdlib/lib_bsearch.c.o
[675/1582] Building C object libs/libc/CMakeFiles/c.dir/stdlib/lib_exit.c.o
[676/1582] Building C object libs/libc/CMakeFiles/c.dir/stdlib/lib_rand.c.o
[677/1582] Building C object libs/libc/CMakeFiles/c.dir/stdlib/lib_realpath.c.o
[678/1582] Building C object libs/libc/CMakeFiles/c.dir/stdlib/lib_reallocarray.c.o
[679/1582] Building C object libs/libc/CMakeFiles/c.dir/stdlib/lib_rand48.c.o
[680/1582] Building C object libs/libc/CMakeFiles/c.dir/stdlib/lib_qsort.c.o
[681/1582] Building C object libs/libc/CMakeFiles/c.dir/stdlib/lib_strtol.c.o
[682/1582] Building C object libs/libc/CMakeFiles/c.dir/stdlib/lib_strtoll.c.o
[683/1582] Building C object libs/libc/CMakeFiles/c.dir/stdlib/lib_srand.c.o
[684/1582] Building C object libs/libc/CMakeFiles/c.dir/stdlib/lib_strtoul.c.o
[685/1582] Building C object libs/libc/CMakeFiles/c.dir/stdlib/lib_checkbase.c.o
[686/1582] Building C object libs/libc/CMakeFiles/c.dir/stdlib/lib_strtoull.c.o
[687/1582] Building C object libs/libc/CMakeFiles/c.dir/stdlib/lib_mkstemp.c.o
[688/1582] Building C object libs/libc/CMakeFiles/c.dir/stdlib/lib_mkdtemp.c.o
[689/1582] Building C object libs/libc/CMakeFiles/c.dir/stdlib/lib_aligned_alloc.c.o
[690/1582] Building C object libs/libc/CMakeFiles/c.dir/stdlib/lib_posix_memalign.c.o
[691/1582] Building C object libs/libc/CMakeFiles/c.dir/stdlib/lib_mktemp.c.o
[692/1582] Building C object libs/libc/CMakeFiles/c.dir/stdlib/lib_mblen.c.o
[693/1582] Building C object libs/libc/CMakeFiles/c.dir/stdlib/lib_valloc.c.o
[694/1582] Building C object libs/libc/CMakeFiles/c.dir/stdlib/lib_wctomb.c.o
[695/1582] Building C object libs/libc/CMakeFiles/c.dir/stdlib/lib_strtold.c.o
[696/1582] Building C object libs/libc/CMakeFiles/c.dir/stdlib/lib_mbtowc.c.o
[697/1582] Building C object libs/libc/CMakeFiles/c.dir/stdlib/lib_mbstowcs.c.o
[698/1582] Building C object libs/libc/CMakeFiles/c.dir/stdlib/lib_arc4random.c.o
[699/1582] Building C object libs/libc/CMakeFiles/c.dir/stdlib/lib_wcstombs.c.o
[700/1582] Building C object libs/libc/CMakeFiles/c.dir/stream/lib_memoutstream.c.o
[701/1582] Building C object libs/libc/CMakeFiles/c.dir/stream/lib_meminstream.c.o
[702/1582] Building C object libs/libc/CMakeFiles/c.dir/stdlib/lib_atexit.c.o
[703/1582] Building C object libs/libc/CMakeFiles/c.dir/stream/lib_memsistream.c.o
[704/1582] Building C object libs/libc/CMakeFiles/c.dir/stream/lib_memsostream.c.o
[705/1582] Building C object libs/libc/CMakeFiles/c.dir/stream/lib_lowoutstream.c.o
[706/1582] Building C object libs/libc/CMakeFiles/c.dir/stream/lib_rawoutstream.c.o
[707/1582] Building C object libs/libc/CMakeFiles/c.dir/stream/lib_rawinstream.c.o
[708/1582] Building C object libs/libc/CMakeFiles/c.dir/stream/lib_rawsistream.c.o
[709/1582] Building C object libs/libc/CMakeFiles/c.dir/stream/lib_zeroinstream.c.o
[710/1582] Building C object libs/libc/CMakeFiles/c.dir/stream/lib_rawsostream.c.o
[711/1582] Building C object libs/libc/CMakeFiles/c.dir/stream/lib_nullinstream.c.o
[712/1582] Building C object libs/libc/CMakeFiles/c.dir/stream/lib_nulloutstream.c.o
[713/1582] Building C object libs/libc/CMakeFiles/c.dir/stream/lib_mtdoutstream.c.o
[714/1582] Building C object libs/libc/CMakeFiles/c.dir/stream/lib_libnoflush.c.o
[715/1582] Building C object libs/libc/CMakeFiles/c.dir/stream/lib_mtdsostream.c.o
[716/1582] Building C object libs/libc/CMakeFiles/c.dir/stream/lib_libsnoflush.c.o
[717/1582] Building C object libs/libc/CMakeFiles/c.dir/stream/lib_syslogstream.c.o
[718/1582] Building C object libs/libc/CMakeFiles/c.dir/stream/lib_hexdumpstream.c.o
[719/1582] Building C object libs/libc/CMakeFiles/c.dir/stream/lib_bufferedoutstream.c.o
[720/1582] Building C object libs/libc/CMakeFiles/c.dir/stream/lib_filesistream.c.o
[721/1582] Building C object libs/libc/CMakeFiles/c.dir/stream/lib_base64outstream.c.o
[722/1582] Building C object libs/libc/CMakeFiles/c.dir/stream/lib_fileoutstream.c.o
[723/1582] Building C object libs/libc/CMakeFiles/c.dir/stream/lib_ultoa_invert.c.o
[724/1582] Building C object libs/libc/CMakeFiles/c.dir/stream/lib_libbsprintf.c.o
[725/1582] Building C object libs/libc/CMakeFiles/c.dir/stream/lib_libosprintf.c.o
[726/1582] Building C object libs/libc/CMakeFiles/c.dir/stream/lib_syslograwstream.c.o
[727/1582] Building C object libs/libc/CMakeFiles/c.dir/stream/lib_dtoa_data.c.o
[728/1582] Building C object libs/libc/CMakeFiles/c.dir/stream/lib_dtoa_engine.c.o
[729/1582] Building C object libs/libc/CMakeFiles/c.dir/stream/lib_stdinstream.c.o
[730/1582] Building C object libs/libc/CMakeFiles/c.dir/stream/lib_stdoutstream.c.o
[731/1582] Building C object libs/libc/CMakeFiles/c.dir/stream/lib_stdsistream.c.o
[732/1582] Building C object libs/libc/CMakeFiles/c.dir/stream/lib_stdsostream.c.o
[733/1582] Building C object libs/libc/CMakeFiles/c.dir/string/lib_bzero.c.o
[734/1582] Building C object libs/libc/CMakeFiles/c.dir/string/lib_ffs.c.o
[735/1582] Building C object libs/libc/CMakeFiles/c.dir/string/lib_ffsll.c.o
[736/1582] Building C object libs/libc/CMakeFiles/c.dir/stream/lib_libvscanf.c.o
[737/1582] Building C object libs/libc/CMakeFiles/c.dir/string/lib_ffsl.c.o
[738/1582] Building C object libs/libc/CMakeFiles/c.dir/string/lib_fls.c.o
[739/1582] Building C object libs/libc/CMakeFiles/c.dir/stream/lib_blkoutstream.c.o
[740/1582] Building C object libs/libc/CMakeFiles/c.dir/string/lib_flsll.c.o
[741/1582] Building C object libs/libc/CMakeFiles/c.dir/string/lib_flsl.c.o
[742/1582] Building C object libs/libc/CMakeFiles/c.dir/stream/lib_libvsprintf.c.o
[743/1582] Building C object libs/libc/CMakeFiles/c.dir/string/lib_memmem.c.o
[744/1582] Building C object libs/libc/CMakeFiles/c.dir/string/lib_isbasedigit.c.o
[745/1582] Building C object libs/libc/CMakeFiles/c.dir/string/lib_popcountl.c.o
[746/1582] Building C object libs/libc/CMakeFiles/c.dir/string/lib_popcount.c.o
[747/1582] Building C object libs/libc/CMakeFiles/c.dir/string/lib_popcountll.c.o
[748/1582] Building C object libs/libc/CMakeFiles/c.dir/string/lib_skipspace.c.o
[749/1582] Building C object libs/libc/CMakeFiles/c.dir/string/lib_strcspn.c.o
[750/1582] Building C object libs/libc/CMakeFiles/c.dir/string/lib_strerror.c.o
[751/1582] Building C object libs/libc/CMakeFiles/c.dir/string/lib_strcasecmp.c.o
[752/1582] Building C object libs/libc/CMakeFiles/c.dir/string/lib_strncasecmp.c.o
[753/1582] Building C object libs/libc/CMakeFiles/c.dir/string/lib_strdup.c.o
[754/1582] Building C object libs/libc/CMakeFiles/c.dir/string/lib_strcasestr.c.o
[755/1582] Building C object libs/libc/CMakeFiles/c.dir/string/lib_strncat.c.o
[756/1582] Building C object libs/libc/CMakeFiles/c.dir/string/lib_strpbrk.c.o
[757/1582] Building C object libs/libc/CMakeFiles/c.dir/string/lib_strspn.c.o
[758/1582] Building C object libs/libc/CMakeFiles/c.dir/string/lib_strndup.c.o
[759/1582] Building C object libs/libc/CMakeFiles/c.dir/string/lib_strstr.c.o
[760/1582] Building C object libs/libc/CMakeFiles/c.dir/string/lib_strsep.c.o
[761/1582] Building C object libs/libc/CMakeFiles/c.dir/string/lib_strtokr.c.o
[762/1582] Building C object libs/libc/CMakeFiles/c.dir/string/lib_strerrorr.c.o
[763/1582] Building C object libs/libc/CMakeFiles/c.dir/string/lib_explicit_bzero.c.o
[764/1582] Building C object libs/libc/CMakeFiles/c.dir/string/lib_strtok.c.o
[765/1582] Building C object libs/libc/CMakeFiles/c.dir/string/lib_index.c.o
[766/1582] Building C object libs/libc/CMakeFiles/c.dir/string/lib_rindex.c.o
[767/1582] Building C object libs/libc/CMakeFiles/c.dir/string/lib_timingsafe_bcmp.c.o
[768/1582] Building C object libs/libc/CMakeFiles/c.dir/string/lib_strsignal.c.o
[769/1582] Building C object libs/libc/CMakeFiles/c.dir/string/lib_strverscmp.c.o
[770/1582] Building C object libs/libc/CMakeFiles/c.dir/string/lib_mempcpy.c.o
[771/1582] Building C object libs/libc/CMakeFiles/c.dir/string/lib_rawmemchr.c.o
[772/1582] Building C object libs/libc/CMakeFiles/c.dir/string/lib_memmove.c.o
[773/1582] Building C object libs/libc/CMakeFiles/c.dir/string/lib_strlcpy.c.o
[774/1582] Building C object libs/libc/CMakeFiles/c.dir/string/lib_strlcat.c.o
[775/1582] Building C object libs/libc/CMakeFiles/c.dir/string/lib_strnlen.c.o
[776/1582] Building C object libs/libc/CMakeFiles/c.dir/string/lib_bsdmemccpy.c.o
[777/1582] Building C object libs/libc/CMakeFiles/c.dir/string/lib_bsdmemcpy.c.o
[778/1582] Building C object libs/libc/CMakeFiles/c.dir/string/lib_bsdmemcmp.c.o
[779/1582] Building C object libs/libc/CMakeFiles/c.dir/string/lib_bsdmemset.c.o
[780/1582] Building C object libs/libc/CMakeFiles/c.dir/string/lib_bsdmemrchr.c.o
[781/1582] Building C object libs/libc/CMakeFiles/c.dir/string/lib_bsdstpncpy.c.o
[782/1582] Building C object libs/libc/CMakeFiles/c.dir/string/lib_bsdstrcmp.c.o
[783/1582] Building C object libs/libc/CMakeFiles/c.dir/string/lib_bsdstrchr.c.o
[784/1582] Building C object libs/libc/CMakeFiles/c.dir/string/lib_bsdstrlen.c.o
[785/1582] Building C object libs/libc/CMakeFiles/c.dir/string/lib_bsdstrncpy.c.o
[786/1582] Building C object libs/libc/CMakeFiles/c.dir/string/lib_bsdmemchr.c.o
[787/1582] Building C object libs/libc/CMakeFiles/c.dir/string/lib_bsdstpcpy.c.o
[788/1582] Building C object libs/libc/CMakeFiles/c.dir/string/lib_bsdstrcat.c.o
[789/1582] Building C object libs/libc/CMakeFiles/c.dir/string/lib_bsdstrchrnul.c.o
[790/1582] Building C object libs/libc/CMakeFiles/c.dir/string/lib_bsdstrcpy.c.o
[791/1582] Building C object libs/libc/CMakeFiles/c.dir/string/lib_bsdstrrchr.c.o
[792/1582] Building C object libs/libc/CMakeFiles/c.dir/string/lib_bsdstrncmp.c.o
[793/1582] Building C object libs/libc/CMakeFiles/c.dir/symtab/symtab_sortbyname.c.o
[794/1582] Building C object libs/libc/CMakeFiles/c.dir/symtab/symtab_findbyvalue.c.o
[795/1582] Building C object libs/libc/CMakeFiles/c.dir/symtab/symtab_findbyname.c.o
[796/1582] Building C object libs/libc/CMakeFiles/c.dir/termios/lib_cfmakeraw.c.o
[797/1582] Building C object libs/libc/CMakeFiles/c.dir/termios/lib_cfspeed.c.o
[798/1582] Building C object libs/libc/CMakeFiles/c.dir/syslog/lib_setlogmask.c.o
[799/1582] Building C object libs/libc/CMakeFiles/c.dir/termios/lib_tcflush.c.o
[800/1582] Building C object libs/libc/CMakeFiles/c.dir/termios/lib_tcdrain.c.o
[801/1582] Building C object libs/libc/CMakeFiles/c.dir/syslog/lib_syslog.c.o
[802/1582] Building C object libs/libc/CMakeFiles/c.dir/termios/lib_tcflow.c.o
[803/1582] Building C object libs/libc/CMakeFiles/c.dir/termios/lib_isatty.c.o
[804/1582] Building C object libs/libc/CMakeFiles/c.dir/termios/lib_tcgetattr.c.o
[805/1582] Building C object libs/libc/CMakeFiles/c.dir/termios/lib_tcsetattr.c.o
[806/1582] Building C object libs/libc/CMakeFiles/c.dir/termios/lib_tcsendbreak.c.o
[807/1582] Building C object libs/libc/CMakeFiles/c.dir/termios/lib_ttynamer.c.o
[808/1582] Building C object libs/libc/CMakeFiles/c.dir/termios/lib_ttyname.c.o
[809/1582] Building C object libs/libc/CMakeFiles/c.dir/time/lib_daysbeforemonth.c.o
[810/1582] Building C object libs/libc/CMakeFiles/c.dir/time/lib_calendar2utc.c.o
[811/1582] Building C object libs/libc/CMakeFiles/c.dir/time/lib_gettimeofday.c.o
[812/1582] Building C object libs/libc/CMakeFiles/c.dir/time/lib_time.c.o
[813/1582] Building C object libs/libc/CMakeFiles/c.dir/time/lib_isleapyear.c.o
[814/1582] Building C object libs/libc/CMakeFiles/c.dir/time/lib_settimeofday.c.o
[815/1582] Building C object libs/libc/CMakeFiles/c.dir/time/lib_timespec_get.c.o
[816/1582] Building C object libs/libc/CMakeFiles/c.dir/time/lib_nanosleep.c.o
[817/1582] Building C object libs/libc/CMakeFiles/c.dir/time/lib_strftime.c.o
[818/1582] Building C object libs/libc/CMakeFiles/c.dir/time/lib_difftime.c.o
[819/1582] Building C object libs/libc/CMakeFiles/c.dir/time/lib_ctime.c.o
[820/1582] Building C object libs/libc/CMakeFiles/c.dir/time/lib_dayofweek.c.o
[821/1582] Building C object libs/libc/CMakeFiles/c.dir/time/lib_ctimer.c.o
[822/1582] Building C object libs/libc/CMakeFiles/c.dir/time/lib_asctimer.c.o
[823/1582] Building C object libs/libc/CMakeFiles/c.dir/time/lib_gethrtime.c.o
[824/1582] Building C object libs/libc/CMakeFiles/c.dir/time/lib_asctime.c.o
[825/1582] Building C object libs/libc/CMakeFiles/c.dir/tls/tls_getinfo.c.o
[826/1582] Building C object libs/libc/CMakeFiles/c.dir/time/lib_gmtime.c.o
[827/1582] Building C object libs/libc/CMakeFiles/c.dir/time/lib_timegm.c.o
[828/1582] Building C object libs/libc/CMakeFiles/c.dir/time/lib_gmtimer.c.o
[829/1582] Building C object libs/libc/CMakeFiles/c.dir/tls/tls_cleanup.c.o
[830/1582] Building C object libs/libc/CMakeFiles/c.dir/tls/tls_destruct.c.o
[831/1582] Building C object libs/libc/CMakeFiles/c.dir/uio/lib_preadv.c.o
[832/1582] Building C object libs/libc/CMakeFiles/c.dir/uio/lib_pwritev.c.o
[833/1582] Building C object libs/libc/CMakeFiles/c.dir/unistd/lib_daemon.c.o
[834/1582] Building C object libs/libc/CMakeFiles/c.dir/unistd/lib_access.c.o
[835/1582] Building C object libs/libc/CMakeFiles/c.dir/unistd/lib_swab.c.o
[836/1582] Building C object libs/libc/CMakeFiles/c.dir/unistd/lib_pathconf.c.o
[837/1582] Building C object libs/libc/CMakeFiles/c.dir/unistd/lib_sysconf.c.o
[838/1582] Building C object libs/libc/CMakeFiles/c.dir/unistd/lib_getcwd.c.o
[839/1582] Building C object libs/libc/CMakeFiles/c.dir/unistd/lib_getentropy.c.o
[840/1582] Building C object libs/libc/CMakeFiles/c.dir/unistd/lib_getopt.c.o
[841/1582] Building C object libs/libc/CMakeFiles/c.dir/unistd/lib_getopt_long.c.o
[842/1582] Building C object libs/libc/CMakeFiles/c.dir/unistd/lib_getopt_common.c.o
[843/1582] Building C object libs/libc/CMakeFiles/c.dir/unistd/lib_getopt_longonly.c.o
[844/1582] Building C object libs/libc/CMakeFiles/c.dir/unistd/lib_getoptargp.c.o
[845/1582] Building C object libs/libc/CMakeFiles/c.dir/unistd/lib_getoptvars.c.o
[846/1582] Building C object libs/libc/CMakeFiles/c.dir/unistd/lib_getopterrp.c.o
[847/1582] Building C object libs/libc/CMakeFiles/c.dir/unistd/lib_getoptindp.c.o
[848/1582] Building C object libs/libc/CMakeFiles/c.dir/unistd/lib_times.c.o
[849/1582] Building C object libs/libc/CMakeFiles/c.dir/unistd/lib_getoptoptp.c.o
[850/1582] Building C object libs/libc/CMakeFiles/c.dir/unistd/lib_fstatvfs.c.o
[851/1582] Building C object libs/libc/CMakeFiles/c.dir/unistd/lib_statvfs.c.o
[852/1582] Building C object libs/libc/CMakeFiles/c.dir/unistd/lib_alarm.c.o
[853/1582] Building C object libs/libc/CMakeFiles/c.dir/unistd/lib_sleep.c.o
[854/1582] Building C object libs/libc/CMakeFiles/c.dir/unistd/lib_nice.c.o
[855/1582] Building C object libs/libc/CMakeFiles/c.dir/unistd/lib_getrusage.c.o
[856/1582] Building C object libs/libc/CMakeFiles/c.dir/unistd/lib_setreuid.c.o
[857/1582] Building C object libs/libc/CMakeFiles/c.dir/unistd/lib_utime.c.o
[858/1582] Building C object libs/libc/CMakeFiles/c.dir/unistd/lib_setregid.c.o
[859/1582] Building C object libs/libc/CMakeFiles/c.dir/unistd/lib_setrlimit.c.o
[860/1582] Building C object libs/libc/CMakeFiles/c.dir/unistd/lib_utimes.c.o
[861/1582] Building C object libs/libc/CMakeFiles/c.dir/unistd/lib_futimes.c.o
[862/1582] Building C object libs/libc/CMakeFiles/c.dir/unistd/lib_getrlimit.c.o
[863/1582] Building C object libs/libc/CMakeFiles/c.dir/unistd/lib_lutimes.c.o
[864/1582] Building C object libs/libc/CMakeFiles/c.dir/unistd/lib_setpriority.c.o
[865/1582] Building C object libs/libc/CMakeFiles/c.dir/unistd/lib_getpriority.c.o
[866/1582] Building C object libs/libc/CMakeFiles/c.dir/unistd/lib_gethostname.c.o
[867/1582] Building C object libs/libc/CMakeFiles/c.dir/unistd/lib_fchownat.c.o
[868/1582] Building C object libs/libc/CMakeFiles/c.dir/unistd/lib_sethostname.c.o
[869/1582] Building C object libs/libc/CMakeFiles/c.dir/unistd/lib_linkat.c.o
[870/1582] Building C object libs/libc/CMakeFiles/c.dir/unistd/lib_readlinkat.c.o
[871/1582] Building C object libs/libc/CMakeFiles/c.dir/unistd/lib_symlinkat.c.o
[872/1582] Building C object libs/libc/CMakeFiles/c.dir/unistd/lib_unlinkat.c.o
[873/1582] Building C object libs/libc/CMakeFiles/c.dir/unistd/lib_getpgid.c.o
[874/1582] Building C object libs/libc/CMakeFiles/c.dir/unistd/lib_usleep.c.o
[875/1582] Building C object libs/libc/CMakeFiles/c.dir/unistd/lib_getpgrp.c.o
[876/1582] Building C object libs/libc/CMakeFiles/c.dir/unistd/lib_lockf.c.o
[877/1582] Building C object libs/libc/CMakeFiles/c.dir/unistd/lib_flock.c.o
[878/1582] Building C object libs/libc/CMakeFiles/c.dir/unistd/lib_ulimit.c.o
[879/1582] Building C object libs/libc/CMakeFiles/c.dir/unistd/lib_setuid.c.o
[880/1582] Building C object libs/libc/CMakeFiles/c.dir/unistd/lib_getuid.c.o
[881/1582] Building C object libs/libc/CMakeFiles/c.dir/unistd/lib_setgid.c.o
[882/1582] Building C object libs/libc/CMakeFiles/c.dir/unistd/lib_confstr.c.o
[883/1582] Building C object libs/libc/CMakeFiles/c.dir/unistd/lib_getpass.c.o
[884/1582] Building C object libs/libc/CMakeFiles/c.dir/unistd/lib_getgid.c.o
[885/1582] Building C object libs/libc/CMakeFiles/c.dir/unistd/lib_seteuid.c.o
[886/1582] Building C object libs/libc/CMakeFiles/c.dir/unistd/lib_setegid.c.o
[887/1582] Building C object libs/libc/CMakeFiles/c.dir/unistd/lib_geteuid.c.o
[888/1582] Building C object libs/libc/CMakeFiles/c.dir/unistd/lib_getegid.c.o
[889/1582] Building C object libs/libc/CMakeFiles/c.dir/unistd/lib_chdir.c.o
[890/1582] Building C object libs/libc/CMakeFiles/c.dir/unistd/lib_fchdir.c.o
[891/1582] Building C object libs/libc/CMakeFiles/c.dir/uuid/lib_uuid_compare.c.o
[892/1582] Building C object libs/libc/CMakeFiles/c.dir/unistd/lib_restoredir.c.o
[893/1582] Building C object libs/libc/CMakeFiles/c.dir/unistd/lib_truncate.c.o
[894/1582] Building C object libs/libc/CMakeFiles/c.dir/unistd/lib_posix_fallocate.c.o
[895/1582] Building C object libs/libc/CMakeFiles/c.dir/uuid/lib_uuid_create.c.o
[896/1582] Building C object libs/libc/CMakeFiles/c.dir/unistd/lib_fork.c.o
[897/1582] Building C object libs/libc/CMakeFiles/c.dir/uuid/lib_uuid_create_nil.c.o
[898/1582] Building C object libs/libc/CMakeFiles/c.dir/uuid/lib_uuid_equal.c.o
[899/1582] Building C object libs/libc/CMakeFiles/c.dir/uuid/lib_uuid_hash.c.o
[900/1582] Building C object libs/libc/CMakeFiles/c.dir/uuid/lib_uuid_from_string.c.o
[901/1582] Building C object libs/libc/CMakeFiles/c.dir/uuid/lib_uuid_is_nil.c.o
[902/1582] Building C object libs/libc/CMakeFiles/c.dir/uuid/lib_uuid_stream.c.o
[903/1582] Building C object libs/libc/CMakeFiles/c.dir/uuid/lib_uuid_to_string.c.o
[904/1582] Building C object libs/libc/CMakeFiles/c.dir/wchar/lib_wcslen.c.o
[905/1582] Building C object libs/libc/CMakeFiles/c.dir/wchar/lib_wcscmp.c.o
[906/1582] Building C object libs/libc/CMakeFiles/c.dir/wchar/lib_wmemchr.c.o
[907/1582] Building C object libs/libc/CMakeFiles/c.dir/wchar/lib_wmemcmp.c.o
[908/1582] Building C object libs/libc/CMakeFiles/c.dir/wchar/lib_wmemcpy.c.o
[909/1582] Building C object libs/libc/CMakeFiles/c.dir/wchar/lib_wmemmove.c.o
[910/1582] Building C object libs/libc/CMakeFiles/c.dir/wchar/lib_wmemset.c.o
[911/1582] Building C object libs/libc/CMakeFiles/c.dir/wchar/lib_btowc.c.o
[912/1582] Building C object libs/libc/CMakeFiles/c.dir/wchar/lib_wctob.c.o
[913/1582] Building C object libs/libc/CMakeFiles/c.dir/wchar/lib_mbrtowc.c.o
[914/1582] Building C object libs/libc/CMakeFiles/c.dir/wchar/lib_wcslcpy.c.o
[915/1582] Building C object libs/libc/CMakeFiles/c.dir/wchar/lib_wcsxfrm.c.o
[916/1582] Building C object libs/libc/CMakeFiles/c.dir/wchar/lib_wcsftime.c.o
[917/1582] Building C object libs/libc/CMakeFiles/c.dir/wchar/lib_wcrtomb.c.o
[918/1582] Building C object libs/libc/CMakeFiles/c.dir/wchar/lib_wcscoll.c.o
[919/1582] Building C object libs/libc/CMakeFiles/c.dir/wchar/lib_wcstol.c.o
[920/1582] Building C object libs/libc/CMakeFiles/c.dir/wchar/lib_wcstoll.c.o
[921/1582] Building C object libs/libc/CMakeFiles/c.dir/wchar/lib_wcstoul.c.o
[922/1582] Building C object libs/libc/CMakeFiles/c.dir/wchar/lib_wcstoull.c.o
[923/1582] Building C object libs/libc/CMakeFiles/c.dir/wchar/lib_wcstold.c.o
[924/1582] Building C object libs/libc/CMakeFiles/c.dir/wchar/lib_wcstof.c.o
[925/1582] Building C object libs/libc/CMakeFiles/c.dir/wchar/lib_wcstod.c.o
[926/1582] Building C object libs/libc/CMakeFiles/c.dir/wchar/lib_swprintf.c.o
[927/1582] Building C object libs/libc/CMakeFiles/c.dir/wchar/lib_mbsnrtowcs.c.o
[928/1582] Building C object libs/libc/CMakeFiles/c.dir/wchar/lib_mbsinit.c.o
[929/1582] Building C object libs/libc/CMakeFiles/c.dir/wchar/lib_wcsnrtombs.c.o
[930/1582] Building C object libs/libc/CMakeFiles/c.dir/wchar/lib_mbrlen.c.o
[931/1582] Building C object libs/libc/CMakeFiles/c.dir/wchar/lib_wcsrtombs.c.o
[932/1582] Building C object libs/libc/CMakeFiles/c.dir/wchar/lib_mbsrtowcs.c.o
[933/1582] Building C object libs/libc/CMakeFiles/c.dir/wchar/lib_wcscpy.c.o
[934/1582] Building C object libs/libc/CMakeFiles/c.dir/wchar/lib_wcscat.c.o
[935/1582] Building C object libs/libc/CMakeFiles/c.dir/wchar/lib_wcslcat.c.o
[936/1582] Building C object libs/libc/CMakeFiles/c.dir/wchar/lib_wcsncat.c.o
[937/1582] Building C object libs/libc/CMakeFiles/c.dir/wchar/lib_wcsrchr.c.o
[938/1582] Building C object libs/libc/CMakeFiles/c.dir/wchar/lib_wcschr.c.o
[939/1582] Building C object libs/libc/CMakeFiles/c.dir/wchar/lib_wcsncpy.c.o
[940/1582] Building C object libs/libc/CMakeFiles/c.dir/wchar/lib_wcsncmp.c.o
[941/1582] Building C object libs/libc/CMakeFiles/c.dir/wchar/lib_wcscspn.c.o
[942/1582] Building C object libs/libc/CMakeFiles/c.dir/wchar/lib_wcspbrk.c.o
[943/1582] Building C object libs/libc/CMakeFiles/c.dir/wchar/lib_wcsspn.c.o
[944/1582] Building C object libs/libc/CMakeFiles/c.dir/wchar/lib_wcswcs.c.o
[945/1582] Building C object libs/libc/CMakeFiles/c.dir/wchar/lib_wcsstr.c.o
[946/1582] Building C object libs/libc/CMakeFiles/c.dir/wchar/lib_wcstok.c.o
[947/1582] Building C object libs/libc/CMakeFiles/c.dir/wchar/lib_wcwidth.c.o
[948/1582] Building C object libs/libc/CMakeFiles/c.dir/wctype/lib_wctype.c.o
[949/1582] Building C object libs/libc/CMakeFiles/c.dir/wchar/lib_wcswidth.c.o
[950/1582] Building C object libs/libc/CMakeFiles/c.dir/wctype/lib_towlower.c.o
[951/1582] Building C object libs/libc/CMakeFiles/c.dir/wctype/lib_towupper.c.o
[952/1582] Building C object libs/libc/CMakeFiles/c.dir/wctype/lib_iswctype.c.o
[953/1582] Building CXX object libs/libxx/libcxx/CMakeFiles/libcxx.dir/libcxx/src/any.cpp.o
[954/1582] Building CXX object libs/libxx/libcxx/CMakeFiles/libcxx.dir/libcxx/src/bind.cpp.o
[955/1582] Building CXX object libs/libxx/libcxx/CMakeFiles/libcxx.dir/libcxx/src/barrier.cpp.o
[956/1582] Building CXX object libs/libxx/libcxx/CMakeFiles/libcxx.dir/libcxx/src/atomic.cpp.o
[957/1582] Building CXX object libs/libxx/libcxx/CMakeFiles/libcxx.dir/libcxx/src/charconv.cpp.o
[958/1582] Building CXX object libs/libxx/libcxx/CMakeFiles/libcxx.dir/libcxx/src/exception.cpp.o
[959/1582] Building CXX object libs/libxx/libcxx/CMakeFiles/libcxx.dir/libcxx/src/condition_variable_destructor.cpp.o
[960/1582] Building CXX object libs/libxx/libcxx/CMakeFiles/libcxx.dir/libcxx/src/chrono.cpp.o
[961/1582] Building CXX object libs/libxx/libcxx/CMakeFiles/libcxx.dir/libcxx/src/condition_variable.cpp.o
[962/1582] Building CXX object libs/libxx/libcxx/CMakeFiles/libcxx.dir/libcxx/src/functional.cpp.o
[963/1582] Building CXX object libs/libxx/libcxx/CMakeFiles/libcxx.dir/libcxx/src/hash.cpp.o
[964/1582] Building CXX object libs/libxx/libcxx/CMakeFiles/libcxx.dir/libcxx/src/legacy_debug_handler.cpp.o
[965/1582] Building CXX object libs/libxx/libcxx/CMakeFiles/libcxx.dir/libcxx/src/future.cpp.o
[966/1582] Building CXX object libs/libxx/libcxx/CMakeFiles/libcxx.dir/libcxx/src/legacy_pointer_safety.cpp.o
[967/1582] Building CXX object libs/libxx/libcxx/CMakeFiles/libcxx.dir/libcxx/src/new.cpp.o
[968/1582] Building CXX object libs/libxx/libcxx/CMakeFiles/libcxx.dir/libcxx/src/mutex_destructor.cpp.o
[969/1582] Building CXX object libs/libxx/libcxx/CMakeFiles/libcxx.dir/libcxx/src/new_helpers.cpp.o
[970/1582] Building CXX object libs/libxx/libcxx/CMakeFiles/libcxx.dir/libcxx/src/memory_resource.cpp.o
[971/1582] Building CXX object libs/libxx/libcxx/CMakeFiles/libcxx.dir/libcxx/src/memory.cpp.o
[972/1582] Building CXX object libs/libxx/libcxx/CMakeFiles/libcxx.dir/libcxx/src/new_handler.cpp.o
[973/1582] Building CXX object libs/libxx/libcxx/CMakeFiles/libcxx.dir/libcxx/src/mutex.cpp.o
[974/1582] Building CXX object libs/libxx/libcxx/CMakeFiles/libcxx.dir/libcxx/src/optional.cpp.o
[975/1582] Building CXX object libs/libxx/libcxx/CMakeFiles/libcxx.dir/libcxx/src/print.cpp.o
[976/1582] Building CXX object libs/libxx/libcxx/CMakeFiles/libcxx.dir/libcxx/src/stdexcept.cpp.o
[977/1582] Building CXX object libs/libxx/libcxx/CMakeFiles/libcxx.dir/libcxx/src/shared_mutex.cpp.o
[978/1582] Building CXX object libs/libxx/libcxx/CMakeFiles/libcxx.dir/libcxx/src/random.cpp.o
[979/1582] Building CXX object libs/libxx/libcxx/CMakeFiles/libcxx.dir/libcxx/src/random_shuffle.cpp.o
[980/1582] Building CXX object libs/libxx/libcxx/CMakeFiles/libcxx.dir/libcxx/src/typeinfo.cpp.o
[981/1582] Building CXX object libs/libxx/libcxx/CMakeFiles/libcxx.dir/libcxx/src/variant.cpp.o
[982/1582] Building CXX object libs/libxx/libcxx/CMakeFiles/libcxx.dir/libcxx/src/system_error.cpp.o
[983/1582] Building CXX object libs/libxx/libcxx/CMakeFiles/libcxx.dir/libcxx/src/thread.cpp.o
FAILED: libs/libxx/libcxx/CMakeFiles/libcxx.dir/libcxx/src/thread.cpp.o 
/home/swl/openvela/prebuilts/gcc/linux-x86_64/aarch64-none-elf/bin/aarch64-none-elf-g++ -DLIBCXX_BUILDING_LIBCXXABI -D_LIBCPP_BUILDING_LIBRARY -D__NuttX__ -I/home/swl/openvela/nuttx/libs/libxx/libcxx/libcxx/src -I/home/swl/openvela/cmake_out/velavision_cxx_probe_20260910/include/libcxx -I/home/swl/openvela/cmake_out/velavision_cxx_probe_20260910/include/libcxx_config -I/home/swl/openvela/nuttx/libs/libxx/libcxx/libcxx/test/support -I/home/swl/openvela/cmake_out/velavision_cxx_probe_20260910/include/libcxxabi -I/home/swl/openvela/apps/frameworks/security/include -isystem /home/swl/openvela/nuttx/include -isystem /home/swl/openvela/cmake_out/velavision_cxx_probe_20260910/include -march=armv8-a -mcpu=cortex-a53 -Os -fno-strict-aliasing -fno-omit-frame-pointer -D_LDBL_EQ_DBL -fno-common -Wall -Wshadow -Wundef -Wno-attributes -Wno-unknown-pragmas -nostdinc++ -Wno-psabi -std=gnu++17 -ffunction-sections -fdata-sections -g3 -Wno-alloc-size-larger-than -Wno-stringop-overflow -fdiagnostics-color=always -fmacro-prefix-map=/home/swl/openvela/nuttx= -fmacro-prefix-map=/home/swl/openvela/apps= -fmacro-prefix-map=/home/swl/openvela/nuttx/boards/arm64/rk3576/kickpi_k7= -fmacro-prefix-map=/home/swl/openvela/nuttx/arch/arm64/src/rk3576= -Wno-deprecated-declarations -Wno-shadow -Wno-sign-compare -Wno-cpp -Wno-maybe-uninitialized -MD -MT libs/libxx/libcxx/CMakeFiles/libcxx.dir/libcxx/src/thread.cpp.o -MF libs/libxx/libcxx/CMakeFiles/libcxx.dir/libcxx/src/thread.cpp.o.d -o libs/libxx/libcxx/CMakeFiles/libcxx.dir/libcxx/src/thread.cpp.o -c /home/swl/openvela/nuttx/libs/libxx/libcxx/libcxx/src/thread.cpp
/home/swl/openvela/nuttx/libs/libxx/libcxx/libcxx/src/thread.cpp:123:2: error: #error "Thread.cpp needs to enable config of CONFIG_TLS_TASK_NELEM," " and CONFIG_TLS_TASK_NELEM > 0, please enable it"
  123 | #error "Thread.cpp needs to enable config of CONFIG_TLS_TASK_NELEM," \
      |  ^~~~~
/home/swl/openvela/nuttx/libs/libxx/libcxx/libcxx/src/thread.cpp: In function 'void std::__1::__alloc_thread_index()':
/home/swl/openvela/nuttx/libs/libxx/libcxx/libcxx/src/thread.cpp:136:24: error: 'task_tls_alloc' was not declared in this scope
  136 |     __g_thread_index = task_tls_alloc(__free_thread_local_data);
      |                        ^~~~~~~~~~~~~~
/home/swl/openvela/nuttx/libs/libxx/libcxx/libcxx/src/thread.cpp: In function 'std::__1::__thread_specific_ptr<std::__1::__thread_struct>& std::__1::__thread_local_data()':
/home/swl/openvela/nuttx/libs/libxx/libcxx/libcxx/src/thread.cpp:146:69: error: 'task_tls_get_value' was not declared in this scope
  146 |     __p = reinterpret_cast<__thread_specific_ptr<__thread_struct>*>(task_tls_get_value(__g_thread_index));
      |                                                                     ^~~~~~~~~~~~~~~~~~
/home/swl/openvela/nuttx/libs/libxx/libcxx/libcxx/src/thread.cpp:151:13: error: 'task_tls_set_value' was not declared in this scope
  151 |             task_tls_set_value(__g_thread_index, reinterpret_cast<uintptr_t>(__p));
      |             ^~~~~~~~~~~~~~~~~~
/home/swl/openvela/nuttx/libs/libxx/libcxx/libcxx/src/thread.cpp: At global scope:
/home/swl/openvela/nuttx/libs/libxx/libcxx/libcxx/src/thread.cpp:126:13: warning: 'void std::__1::__free_thread_local_data(void*)' defined but not used [-Wunused-function]
  126 | static void __free_thread_local_data(void* data)
      |             ^~~~~~~~~~~~~~~~~~~~~~~~
[984/1582] Building CXX object libs/libxx/libcxx/CMakeFiles/libcxx.dir/libcxx/src/verbose_abort.cpp.o
[985/1582] Building CXX object libs/libxx/libcxx/CMakeFiles/libcxx.dir/libcxx/src/valarray.cpp.o
[986/1582] Building CXX object libs/libxx/libcxx/CMakeFiles/libcxx.dir/libcxx/src/algorithm.cpp.o
[987/1582] Building CXX object libs/libxx/libcxx/CMakeFiles/libcxx.dir/libcxx/src/vector.cpp.o
[988/1582] Building CXX object libs/libxx/libcxx/CMakeFiles/libcxx.dir/libcxx/src/string.cpp.o
ninja: build stopped: subcommand failed.
