
nsh> [Kk7voice asr-model
TLS_CHECK PASS workers=2 destructors=2 main_value=123
ASR_INFER BEGIN recognizer
ASR_INFER chunk=1 elapsed=22.053
ASR_INFER chunk=2 elapsed=23.339
ASR_INFER chunk=3 elapsed=24.648
ASR_INFER chunk=4 elapsed=25.910
ASR_INFER chunk=5 elapsed=27.171
ASR_INFER chunk=6 elapsed=28.317
ASR_INFER chunk=7 elapsed=29.579
ASR_INFER chunk=8 elapsed=30.841
ASR_INFER chunk=9 elapsed=32.102
ASR_INFER chunk=10 elapsed=33.449
ASR_INFER chunk=11 elapsed=34.595
ASR_INFER chunk=12 elapsed=35.877
ASR_INFER chunk=13 elapsed=37.138
ASR_INFER chunk=14 elapsed=38.459
ASR_INFER chunk=15 elapsed=39.720
ASR_INFER chunk=16 elapsed=41.003
ASR_INFER chunk=17 elapsed=42.265
ASR_INFER RESULT seconds=42.267 bytes=75
ASR_STORAGE peak=468101988 live=0 records=1264 failures=0 reason=0
ASR_MODEL result=0 frames=160850 bytes=75
nsh> [K