
nsh> [Kk7sound tone-max
AUDIO_IO reset12=00000000 gate11=00000000 gate12=00000000 gate18=00000000 mux=00000000 source=00000000
AUDIO_IO con=00060300 ien=00000000 gpigpio_input=014d3050
SOUND platform_result=0 version=23073576 reSOUND codec_prepare=0 state=2
SOUND adc_variant=0 settle_ms=0
SOUND playback_gain_db=24 dac_attenuation_db=0 maximum=1
SOUND experiment clear=0 reset=0 clockwait20=0
SOUND slot_mask offset=3c value=00000000
SOUND slot_mask offset=40 value=00000000
SOUND slot_mask offset=44 value=00000000
SOUND slot_mask offset=48 value=00000000
SOUND slot_mask offset=4c value=00000000
SOUND slot_mask offset=50 valu slot_mask offset=54 value=00000000
SOUND slot_mask offset=58 v0 TXCR=00400fff RXCR=00000fff FSCR=0101f03f CKR=00000018
SOUND g=01 value=60
SOUND codec reg=02 value=00
SOUND codec reg=03 v05 value=00
SOUND codec reg=06 value=00
SOUND codec reg=07 valalue=10
SOUND codec reg=0d value=02
SOUND codec reg=0f value=24
SOUND codec reg=17 value=20
SOUND codec reg=18 value=02
SOUND codec reg=19 value=02
SOUND codec reg=1a value=00
SOUND codec reg=1b value=00
SOUND codec reg=27 value=b8
SOUND codec reg=2a value=b8
SOUND codec reg=2b value=80
SOUND codec reg=30 value=21
SOUND codec reg=31 value=21
SOUND input pull=00005515 schmitt=000000ff path=0000e4e4 gpio_high=50373 transitions=0 samples=50373
SOUND pad ticks=480011 max_gap=35 counter_hz=24000000 complete=1
SOUND pad channel=0 high=24878 changes=37791
SOUND pad channel=1 high=25060 changes=40919
SOUND pad channel=2 high=25211 changes=640
SOUND pad channel=3 high=50373 changes=0
SOUND result=0 codec_stop=0 platform_restore=0 i2c_restore=0 amp_low=1
nsh> [Kk7sound capture-pga24-grouped 48000
AUDIO_IO reset12=00000000 gate11=00000000 gate12=00000000 gate18=00000000 mux=00000000 source=00000000
AUDIO_IO con=00060300 ien=00000000 gpio_version=010219c8 gpio_input=014d3050
SOUND platform_result=0 version=23073576 repair=fdffffff ack=00000001 idle=00000001
SOUND mclkout before=0000001f after=0000001d
SOUND codec_prepare=0 state=2
SOUND adc_variant=24 settle_ms=1000
SOUND playback_gain_db=0 dac_attenuation_db=24 maximum=0
SOUND experiment clear=0 reset=0 clockwait20=0
SOUND slot_mask offset=3c value=00000000
SOUND slot_mask offset=40 value=000000et=4c value=00000000
SOUND slot_mask offset=50 value=00000000
max_fifo=4
SOUND grouped words=768000 mismatches=0
SOUND fifo irst=00000000 last=00000000 TXCR=00400fff RXCR=00700fff FSCR=010unt=32
SOUND trace_init index=0 value=00000000 rc=0
SOUND tracfff rc=0
SOUND trace_init index=3 value=000000e4 rc=0
SOUND tr041040 rc=0,0,0
SOUND trace_word index=1 us=475319833 before=00dex=3 us=475319836 before=00041000 word=00000000 after=00041000 ndex=4 us=475319838 before=00041000 word=ffffffff after=0004000000 word=00000000 after=00040000 rc=0,0,0
SOUND trace_word index,0,0
SOUND trace_word index=7 us=475319843 before=00000000 word475319864 before=00041040 word=00000000 after=00041040 rc=0,0,0
SOUND trace_word index=10 us=475319866 before=00041040 word=ffffffff after=00041000 rc=0,0,0
SOUND trace_word index=11 us=475319867 before=00041000 word=00000000 after=00041000 rc=0,0,0
SOUND trace_word index=12 us=475319869 before=00041000 word=fffffff,0
SOUND trace_word index=13 us=475319871 before=00040000 word=ace_word index=14 us=475319872 before=00040000 word=ffffffff aftx=15 us=475319874 before=00000000 word=00000000 after=00000000 re=00041040 word=00000000 after=00041040 rc=0,0,0
SOUND trace_wo475319897 before=00041040 word=ffffffff after=00041000 rc=0,0,0000 after=00041000 rc=0,0,0
SOUND trace_word index=20 us=475319rd index=21 us=475319902 before=00040000 word=00000000 after=000905 before=00000000 word=00000000 after=00000000 rc=0,0,0
SOUND trace_word index=24 us=475319925 before=00041041 word=ffffffff after=00041040 rc=0,0,0
SOUND trace_word index=25 us=475319927 before=00041040 word=00000000 after=00041040 rc=0,0,0
SOUND trace_word index=26 us=475319928 before=00041040 word=ffffffff after=00041000 rc=0,0,0
SOUND trace_word index=27 us=475319930 before=00041000 word=00000000 after=00041000 rc=0,0,0
SOUND trace_word index=28 us=475319932 before=00041000 word=ffffffff after=00040000 rc=0,0,0
SOUND trace_word index=29 us=475319933 before=00040000 word=00000000 after=00040000 rc=0,0,0
SOUND trace_word index=30 us=475319935 before=00040000 word=ffffffff after=00000000 rc=0,0,0
SOUND trace_word index=31 us=475319937 before=00000000 word=00000000 after=0000000001 value=60
SOUND codec reg=02 value=00
SOUND codec reg=03 val
SOUND codec reg=05 value=00
SOUND codec reg=06 value=00
SOUND codec reg=07 value=7c
SOUND codec reg=08 value=00
SOUND codec reg=09 value=88
SOUND codec reue=f0
SOUND codec reg=0b value=82
SOUND codec reg=0c value=10e=02
SOUND codec reg=19 value=06
SOUND codec reg=1a value=30

SOUND codec reg=27 value=b8
SOUND codec reg=2a value=b8
SOUN
SOUND codec reg=31 value=14
SOUND input pull=00005515 schmitt=nnel=0 high=24712 changes=37868
SOUND pad channel=1 high=24995 0920
SOUND pad channel=2 high=25248 changes=640
SOUND pad chanleft_max=402063872 left_nonzero=47999 right_min=-396033792 rightSOUND result=0 codec_stop=0 platform_restore=0 i2c_restore=0 amp_low=1
nsh> [Kk7voice flow-mic-wake
TLS_CHECK PASS workers=2 destructors=2 main_value=123
ASR_INFER BEGIN recognizer
ASR_INFER chunk=1 elapsed=22.175
ASR_INFER chunk=2 elapsed=23.464
ASR_INFER chunk=3 elapsed=24.612
ASR_INFER chunk=4 elapsed=25.759
ASR_INFER chunk=5 elapsed=26.909
ASR_INFER RESULT seconds=26.911 bytes=9
ASR_STORAGE peak=467667377 live=0 records=1264 failures=0 reason=0
VOICE_FLOW wake_text=互联网 bytes=9
VOICE_FLOW mic_state
nsh> [K