
nsh> [Kk7sound capture-pga24-rde 3200
AUDIO_IO reset12=00000000 gate11=00000000 gate12=00000000 gate18=00000000 mux=00000000 source=00000000
AUDIO_IO con=00060300 ien=00000000 gpio_version=010219c8 gpio_input=034d3050
SOUND platform_result=0 version=23073576 repair=fdffffff ack=00000001 idle=00000001
SOUND mclkout before=0000001f after=0000001d
SOUND codec_prepare=0 state=2
SOUND adc_variant=24 settle_ms=1000
SOUND playback_gain_db=0 dac_attenuation_db=24 maximum=0
SOUND experiment clear=0 reset=0 clockwait20=0
SOUND slot_mask offset=3c value=00000000
SOUND slot_mask offset=40 value=000000OUND slot_mask offset=4c value=00000000
SOUND slot_mask offset=eld=0 max_fifo=2
SOUND dma_request active=010f0000 restore=0
SOUND fifo first=00000000 last=00000000 TXCR=00000fff RXCR=00400fff FSCR=0101f03f CKR=00000018
SOUND trace start=433665760 end=433865806 started=1 count=32
SOUND trace_init index=0 value=00000000 rc=0
SOUND trace_init index=1 value=00000002 rc=0
SOUND trace_init index=2 value=00400fff rc=0
SOUND trace_init index=3 value=0000e4e4 rc=0
SOUND trace_init index=4 value=010f0000 rc=race_word index=0 us=433665866 before=00000002 word=ffffffff aft0001 rc=0,0,0
SOUND trace_word index=1 us=433665868 before=0000index=2 us=433665928 before=00000080 word=00000000 after=0000004 after=00000000 rc=0,0,0
SOUND trace_word index=4 us=433665990 000000 rc=0,0,0
SOUND trace_word index=6 us=433666053 before=00080000 word=00000000 after=00040000 rc=0,0,0
SOUND trace_word index=7 us=433666054 before=00040000 word=00000000 after=00000000 rc=0,0,0
SOUND trace_word index=8 us=433666116 before=00000002 word=ffffffff after=00000001 rc=0,0,0
SOUND trace_word index=9 us=433666117 before=00000001 word=ffffffff after=00000000 rc=0,0,0
SOUND trace_word index=10 us=433666178 before=00000080 word=00000000 after=00000040 rc=0,0,0
SOUND trace_word index=11 us=433666179 before=00000040 word=00000000 after=00000000 rc=0,0,0
SOUND trace_word index=12 us=433666241 before=00002000 word=00000000 after=00001000 rc=0,0,0
SOUND trace_word index=13 us=433666242 before=00001000 word=00000UND trace_word index=15 us=433666304 before=00040000 word=00000000 after=00000000 rc=0,0,0
SOUND trace_word index=16 us=433666365 before=00000002 word=ffffffff after=00000001 rc=0,0,0
SOUND trace_word index=17 us=433666367 before=00000001 word=ffffffff after=00000000 rc=0,0,0
SOUND trace_word index=18 us=433666428 before=00000080 word=00000000 after=00000040 rc=0,0,0
SOUND trace_word index=19 us=433666430 before=00000040 word=00000000 after=00000000 rc=0,0,0
SOUND trace_word index=20 us=433666490 before=00002000 word=00000000 after=00001000 rc=0,0,0
SOUND trace_word index=21 us=433666492 before=trace_word index=22 us=433666553 before=00080000 word=00000000 after=00040000 rc=0,0,0
SOUND trace_word index=23 us=433666555 before=00040000 word=00000000 after=00000000 rc=0,0,0
SOUND trace_word index=24 us=433666615 before=00000002 word=ffffffff after=00000001 rc=0,0,0
SOUND trace_word index=25 us=433666616 before=00000001 word=ffffffff after=00000000 rc=0,0,0
SOUND trace_word index=26 us=433666678 before=00000080 word=00000000 after=00000040 rc=0,0,0
SOUND trace_word index=27 us=433666679 before=00000040 word=00000000 after=00000000 rc=0,0,0
SOUND trace_word index=28 us=433666741 before=00002000 word=00000000 after=00001000 rc=0,0,0
SOUND trace_word index=29 us=433666742 before=00001000 word=00000000 after=00000000 rc=0,0,0
SOUND trace_word index=30 us=433666803 before=00080000 word=00000000 after=00040000 rc=0,0,0
SOUND trace_word index=31 us=433666804 before=00040000 word=00000000 after=00000000 rc=0,0,0
SOUND codec reg=00 value=36
SOUND codec reg=01 value=60
SOUND codec reg=02 value=00
SOUND codec reg=03 value=00
SOUND codec reg=04 value=0c
SOUND codec reg=05 value=00
SOUND codec reg=06 value=00
SOUND codec reg=07 value=7c
SOUND codec reg=08 value=00
SOUND codec reg=09 value=88
SOUND codec reg=0a value=f0
SOUND codec reg=0b value=82
SOUND codec reg=0c value=10
SOUND codec reg=0d value=02
SOUND codec reg=0f value=20
SOUND codec reg=17 value=20
SOUND codec reg=18 value=02
SOUND codec r1a value=30
SOUND codec reg=1b value=30
SOUND codec reg=27 valalue=14
SOUND input pull=00005515 schmitt=000000ff path=0000e4ensitions=0 samples=50408
SOUND pad ticks=480004 max_gap=35 coun
SOUND pad channel=1 high=25072 changes=40919
SOUND pad channel-1834240 right_max=14183168 right_nonzero=800
SOUND result=0 codec_stop=0 platform_restore=0 i2c_restore=0 amp_low=1
nsh> [K