
nsh> [Kk7sound replay-max
AUDIO_IO reset12=00000000 gate11=00000000 gate12=00000000 gate18=00000000 mux=00000000 source=00000000
AUDI_IO con=00060300 ien=00000000 gpio_version=010219c8 gpio_input=0ult=0 version=23073576 repair=fdffffff ack=00000001 idle=0000000SOUND codec_prepare=0 state=2
SOUND adc_variant=0 settle_ms=0
SOUND playback_gain_db=24 dac_attenuation_db=0 maximum=1
SOUND experiment clear=0 reset=0 clockwait20=0
SOUND slot_mask offset=3c value=00000000
SOUND slot_mask offset=40 value=000000ask offset=4c value=00000000
SOUND slot_mask offset=50 value=007234 stop=0 held=0 max_fifo=16
SOUND fifo first=00104104 last=0TXCR=00400fff RXCR=00700fff FSCR=0101f03f CKR=00000018
SOUND co
SOUND codec reg=03 value=00
SOUND codec reg=04 value=0c
SOUNodec reg=07 value=7c
SOUND codec reg=08 value=00
SOUND codec reg=09 value=44
SOUND codec reg=0a value=f0
SOUND codec reg=0b value=82
SOUND codec reg=0c value=10
SOUND codec reg=0d value=02
SOUND codec reg=0f value=24
SOUND codec reg=17 value=20
SOUND codec reg=18 value=02
SOUND codec reg=19 value=02
SOUND coalue=00
SOUND codec reg=27 value=b8
SOUND codec reg=2a value=bo_high=50379 transitions=0 samples=50379
SOUND pad ticks=48001100000 complete=1
SOUND pad channel=0 high=24680 changes=37800
SOUND pad channel=1 high=24975 changes=40919
SOUND pad channel=2 high=25210 changes=640
SOUND pad channel=3 high=50379 changes=0
SOUND result=0 codec_stop=0 platform_restore=0 i2c_restore=0 amp_low=1
nsh> [K