
nsh> [Kk7cloud radio-status
K7CLOUD radio_generation=1 wifi=1 ipv4_ready=1
K7CLOUD ipv4=10.3.0.214
K7CLOUD platform_gates=unverified cloud_ready=0 network_request=disabled
nsh> [K
k7host voicecam 1800 &
k7host [60:100]
nsh> [KPHOTO PRESET v1.3-xcenter; X=-800..800 Y=-120..975; native pose
TRACK mode=run limit=0 sign=1,-1 initial=0,0
TRACK axes=xy axis_extent_required=1
VOICE SESSION ready mode=0; awaiting explicit command
UVC ISO configure EP=82 alt=1 capacity=3072 raw=1400
UVC ISO EPALLOC ret=0
UVC ISO SET_INTERFACE ret=0
TRACK q=1 s=4 dx=0.0 dy=0.0 x=0 y=0 tx=0 age=83176
TRACK q=3 s=4 dx=0.0 dy=0.0 x=0 y=0 tx=0 age=102415
TRACK q=6 s=4 dx=0.0 dy=0.0 x=0 y=0 tx=0 age=89746
TRACK q=8 s=4 dx=0.0 dy=0.0 x=0 y=0 tx=0 age=109128
TRACK q=11 s=4 dx=0.0 dy=0.0 x=0 y=0 tx=0 age=96538
TRACK q=14 s=4 dx=0.0 dy=0.0 x=0 y=0 tx=0 age=83890
TRACK q=16 s=4 dx=0.0 dy=0.0 x=0 y=0 tx=0 age=103278
TRACK q=18 s=4 dx=0.0 dy=0.0 x=0 y=0 tx=0 age=90764
TRACK q=20 s=4 dx=0.0 dy=0.0 x=0 y=0 tx=0 age=110131
TRACK q=23 s=4 dx=0.0 dy=0.0 x=0 y=0 tx=0 age=97488
TRACK q=26 s=4 dx=0.0 dy=0.0 x=0 y=0 tx=0 age=85062
TRACK q=28 s=4 dx=0.0 dy=0.0 x=0 y=0 tx=0 age=104381
TRACK q=31 s=4 dx=0.0 dy=0.0 x=0 y=0 tx=0 age=91943
TRACK q=33 s=4 dx=0.0 dy=0.0 x=0 y=0 tx=0 age=111458
TRACK q=36 s=4 dx=0.0 dy=0.0 x=0 y=0 tx=0 age=98849
TRACK q=39 s=4 dx=0.0 dy=0.0 x=0 y=0 tx=0 age=86136
TRACK q=40 s=4 dx=0.0 dy=0.0 x=0 y=0 tx=0 age=137449
TRACK q=43 s=4 dx=0.0 dy=0.0 x=0 y=0 tx=0 age=92938
TRACK q=45 s=4 dx=0.0 dy=0.0 x=0 y=0 tx=0 age=112234
TRACK q=48 s=4 dx=0.0 dy=0.0 x=0 y=0 tx=0 age=99766
TRACK q=51 s=4 dx=0.0 dy=0.0 x=0 y=0 tx=0 age=87255
TRACK q=53 s=4 dx=0.0 dy=0.0 x=0 y=0 tx=0 age=106686
TRACK q=56 s=4 dx=0.0 dy=0.0 x=0 y=0 tx=0 age=94027
TRACK q=58 s=4 dx=0.0 dy=0.0 x=0 y=0 tx=0 age=113517
TRACK q=61 s=4 dx=0.0 dy=0.0 x=0 y=0 tx=0 age=101166
TRACK q=63 s=4 dx=0.0 dy=0.0 x=0 y=0 tx=0 age=88972
TRACK q=65 s=4 dx=0.0 dy=0.0 x=0 y=0 tx=0 age=108333
TRACK q=68 s=4 dx=0.0 dy=0.0 x=0 y=0 tx=0 age=95687
TRACK q=70 s=4 dx=0.0 dy=0.0 x=0 y=0 tx=0 age=115228
TRACK q=73 s=4 dx=0.0 dy=0.0 x=0 y=0 tx=0 age=102832
TRACK q=76 s=4 dx=0.0 dy=0.0 x=0 y=0 tx=0 age=90152
TRACK q=78 s=4 dx=0.0 dy=0.0 x=0 y=0 tx=0 age=109695
TRACK q=81 s=4 dx=0.0 dy=0.0 x=0 y=0 tx=0 age=97062
TRACK q=84 s=4 dx=0.0 dy=0.0 x=0 y=0 tx=0 age=84665
TRACK q=85 s=4 dx=0.0 dy=0.0 x=0 y=0 tx=0 age=104402
TRACK q=88 s=4 dx=0.0 dy=0.0 x=0 y=0 tx=0 age=91720
TRACK q=90 s=4 dx=0.0 dy=0.0 x=0 y=0 tx=0 age=111137
TRACK q=93 s=4 dx=0.0 dy=0.0 x=0 y=0 tx=0 age=98503
TRACK q=96 s=4 dx=0.0 dy=0.0 x=0 y=0 tx=0 age=85950
TRACK q=98 s=4 dx=0.0 dy=0.0 x=0 y=0 tx=0 age=105419
TRACK q=101 s=4 dx=0.0 dy=0.0 x=0 y=0 tx=0 age=92786
TRACK q=103 s=4 dx=0.0 dy=0.0 x=0 y=0 tx=0 age=112118
TRACK q=106 s=4 dx=0.0 dy=0.0 x=0 y=0 tx=0 age=99654
TRACK q=108 s=4 dx=0.0 dy=0.0 x=0 y=0 tx=0 age=87319
TRACK q=110 s=4 dx=0.0 dy=0.0 x=0 y=0 tx=0 age=106773
TRACK q=113 s=4 dx=0.0 dy=0.0 x=0 y=0 tx=0 age=94305
TRACK q=115 s=4 dx=0.0 dy=0.0 x=0 y=0 tx=0 age=113637
TRACK q=118 s=4 dx=0.0 dy=0.0 x=0 y=0 tx=0 age=101030
TRACK q=121 s=4 dx=0.0 dy=0.0 x=0 y=0 tx=0 age=88363
TRACK q=123 s=4 dx=0.0 dy=0.0 x=0 y=0 tx=0 age=107669
TRACK q=126 s=4 dx=0.0 dy=0.0 x=0 y=0 tx=0 age=95265
TRACK q=128 s=4 dx=0.0 dy=0.0 x=0 y=0 tx=0 age=114646
TRACK q=130 s=4 dx=0.0 dy=0.0 x=0 y=0 tx=0 age=102188
TRACK q=133 s=4 dx=0.0 dy=0.0 x=0 y=0 tx=0 age=89907
TRACK q=135 s=4 dx=0.0 dy=0.0 x=0 y=0 tx=0 age=109229
TRACK q=138 s=4 dx=0.0 dy=0.0 x=0 y=0 tx=0 age=96585
TRACK q=141 s=4 dx=0.0 dy=0.0 x=0 y=0 tx=0 age=84004
TRACK q=143 s=4 dx=0.0 dy=0.0 x=0 y=0 tx=0 age=103381
TRACK q=146 s=4 dx=0.0 dy=0.0 x=0 y=0 tx=0 age=90953
TRACK q=148 s=4 dx=0.0 dy=0.0 x=0 y=0 tx=0 age=110450
TRACK q=150 s=4 dx=0.0 dy=0.0 x=0 y=0 tx=0 age=129935
TRACK q=153 s=4 dx=0.0 dy=0.0 x=0 y=0 tx=0 age=85579
TRACK q=155 s=4 dx=0.0 dy=0.0 x=0 y=0 tx=0 age=105024
TRACK q=158 s=4 dx=0.0 dy=0.0 x=0 y=0 tx=0 age=92415
TRACK q=160 s=4 dx=0.0 dy=0.0 x=0 y=0 tx=0 age=112175
TRACK q=163 s=4 dx=0.0 dy=0.0 x=0 y=0 tx=0 age=99569
TRACK q=166 s=4 dx=0.0 dy=0.0 x=0 y=0 tx=0 age=86908
TRACK q=168 s=4 dx=0.0 dy=0.0 x=0 y=0 tx=0 age=106471
TRACK q=171 s=4 dx=0.0 dy=0.0 x=0 y=0 tx=0 age=93909
TRACK q=172 s=4 dx=0.0 dy=0.0 x=0 y=0 tx=0 age=145253
TRACK q=175 s=4 dx=0.0 dy=0.0 x=0 y=0 tx=0 age=100927
TRACK q=178 s=4 dx=0.0 dy=0.0 x=0 y=0 tx=0 age=88493
TRACK q=180 s=4 dx=0.0 dy=0.0 x=0 y=0 tx=0 age=107902
TRACK q=183 s=4 dx=0.0 dy=0.0 x=0 y=0 tx=0 age=95403
TRACK q=185 s=4 dx=0.0 dy=0.0 x=0 y=0 tx=0 age=114822
TRACK q=188 s=4 dx=0.0 dy=0.0 x=0 y=0 tx=0 age=102208
TRACK q=191 s=4 dx=0.0 dy=0.0 x=0 y=0 tx=0 age=89734
TRACK q=193 s=4 dx=0.0 dy=0.0 x=0 y=0 tx=0 age=109177
TRACK q=195 s=4 dx=0.0 dy=0.0 x=0 y=0 tx=0 age=96862
TRACK q=198 s=4 dx=0.0 dy=0.0 x=0 y=0 tx=0 age=84569
TRACK q=200 s=4 dx=0.0 dy=0.0 x=0 y=0 tx=0 age=103941
TRACK q=203 s=4 dx=0.0 dy=0.0 x=0 y=0 tx=0 age=91346
TRACK q=205 s=4 dx=0.0 dy=0.0 x=0 y=0 tx=0 age=110871
TRACK q=208 s=4 dx=0.0 dy=0.0 x=0 y=0 tx=0 age=98245
TRACK q=211 s=4 dx=0.0 dy=0.0 x=0 y=0 tx=0 age=85675
TRACK q=213 s=4 dx=0.0 dy=0.0 x=0 y=0 tx=0 age=105182
TRACK q=216 s=4 dx=0.0 dy=0.0 x=0 y=0 tx=0 age=92669
TRACK q=217 s=4 dx=0.0 dy=0.0 x=0 y=0 tx=0 age=112290
TRACK q=220 s=4 dx=0.0 dy=0.0 x=0 y=0 tx=0 age=100014
TRACK q=223 s=4 dx=0.0 dy=0.0 x=0 y=0 tx=0 age=87674
TRACK q=225 s=4 dx=0.0 dy=0.0 x=0 y=0 tx=0 age=107458
TRACK q=228 s=4 dx=0.0 dy=0.0 x=0 y=0 tx=0 age=95111
TRACK q=230 s=4 dx=0.0 dy=0.0 x=0 y=0 tx=0 age=114529
TRACK q=233 s=4 dx=0.0 dy=0.0 x=0 y=0 tx=0 age=101966
TRACK q=236 s=4 dx=0.0 dy=0.0 x=0 y=0 tx=0 age=89546
TRACK q=238 s=4 dx=0.0 dy=0.0 x=0 y=0 tx=0 age=109006
TRACK q=240 s=4 dx=0.0 dy=0.0 x=0 y=0 tx=0 age=96574
TRACK q=243 s=4 dx=0.0 dy=0.0 x=0 y=0 tx=0 age=83970
TRACK q=245 s=4 dx=0.0 dy=0.0 x=0 y=0 tx=0 age=103472
TRACK q=248 s=4 dx=0.0 dy=0.0 x=0 y=0 tx=0 age=90920
TRACK q=250 s=4 dx=0.0 dy=0.0 x=0 y=0 tx=0 age=110379
TRACK q=253 s=4 dx=0.0 dy=0.0 x=0 y=0 tx=0 age=97932
TRACK q=256 s=4 dx=0.0 dy=0.0 x=0 y=0 tx=0 age=85367
TRACK q=258 s=4 dx=0.0 dy=0.0 x=0 y=0 tx=0 age=104915
TRACK q=260 s=4 dx=0.0 dy=0.0 x=0 y=0 tx=0 age=124411
TRACK q=262 s=4 dx=0.0 dy=0.0 x=0 y=0 tx=0 age=112051
TRACK q=265 s=4 dx=0.0 dy=0.0 x=0 y=0 tx=0 age=99435
TRACK q=268 s=4 dx=0.0 dy=0.0 x=0 y=0 tx=0 age=87128
TRACK q=270 s=4 dx=0.0 dy=0.0 x=0 y=0 tx=0 age=106722
TRACK q=273 s=4 dx=0.0 dy=0.0 x=0 y=0 tx=0 age=94523
TRACK q=275 s=4 dx=0.0 dy=0.0 x=0 y=0 tx=0 age=113939
TRACK q=278 s=4 dx=0.0 dy=0.0 x=0 y=0 tx=0 age=101403
TRACK q=281 s=4 dx=0.0 dy=0.0 x=0 y=0 tx=0 age=89062
TRACK q=283 s=4 dx=0.0 dy=0.0 x=0 y=0 tx=0 age=108584
TRACK q=285 s=4 dx=0.0 dy=0.0 x=0 y=0 tx=0 age=96313
TRACK q=288 s=4 dx=0.0 dy=0.0 x=0 y=0 tx=0 age=83782
TRACK q=290 s=4 dx=0.0 dy=0.0 x=0 y=0 tx=0 age=103208
TRACK q=293 s=4 dx=0.0 dy=0.0 x=0 y=0 tx=0 age=90608
TRACK q=295 s=4 dx=0.0 dy=0.0 x=0 y=0 tx=0 age=110196
TRACK q=298 s=4 dx=0.0 dy=0.0 x=0 y=0 tx=0 age=97606
TRACK q=301 s=4 dx=0.0 dy=0.0 x=0 y=0 tx=0 age=85038
TRACK q=303 s=4 dx=0.0 dy=0.0 x=0 y=0 tx=0 age=104567
TRACK q=305 s=4 dx=0.0 dy=0.0 x=0 y=0 tx=0 age=124025
TRACK q=307 s=4 dx=0.0 dy=0.0 x=0 y=0 tx=0 age=111677
TRACK q=310 s=4 dx=0.0 dy=0.0 x=0 y=0 tx=0 age=99159
TRACK q=313 s=4 dx=0.0 dy=0.0 x=0 y=0 tx=0 age=86741
TRACK q=315 s=4 dx=0.0 dy=0.0 x=0 y=0 tx=0 age=106307
TRACK q=318 s=4 dx=0.0 dy=0.0 x=0 y=0 tx=0 age=94039
TRACK q=320 s=4 dx=0.0 dy=0.0 x=0 y=0 tx=0 age=113498
TRACK q=323 s=4 dx=0.0 dy=0.0 x=0 y=0 tx=0 age=100940
TRACK q=326 s=4 dx=0.0 dy=0.0 x=0 y=0 tx=0 age=88413
TRACK q=327 s=4 dx=0.0 dy=0.0 x=0 y=0 tx=0 age=139880
TRACK q=330 s=4 dx=0.0 dy=0.0 x=0 y=0 tx=0 age=95429
TRACK q=332 s=4 dx=0.0 dy=0.0 x=0 y=0 tx=0 age=114876
TRACK q=335 s=4 dx=0.0 dy=0.0 x=0 y=0 tx=0 age=102247
TRACK q=338 s=4 dx=0.0 dy=0.0 x=0 y=0 tx=0 age=89603
TRACK q=340 s=4 dx=0.0 dy=0.0 x=0 y=0 tx=0 age=108997
TRACK q=343 s=4 dx=0.0 dy=0.0 x=0 y=0 tx=0 age=96578
TRACK q=346 s=4 dx=0.0 dy=0.0 x=0 y=0 tx=0 age=83952
TRACK q=348 s=4 dx=0.0 dy=0.0 x=0 y=0 tx=0 age=103356
TRACK q=350 s=4 dx=0.0 dy=0.0 x=0 y=0 tx=0 age=91062
TRACK q=352 s=4 dx=0.0 dy=0.0 x=0 y=0 tx=0 age=110525
TRACK q=355 s=4 dx=0.0 dy=0.0 x=0 y=0 tx=0 age=97988
TRACK q=358 s=4 dx=0.0 dy=0.0 x=0 y=0 tx=0 age=85478
TRACK q=360 s=4 dx=0.0 dy=0.0 x=0 y=0 tx=0 age=104989
TRACK q=363 s=4 dx=0.0 dy=0.0 x=0 y=0 tx=0 age=92481
TRACK q=365 s=4 dx=0.0 dy=0.0 x=0 y=0 tx=0 age=111981
TRACK q=368 s=4 dx=0.0 dy=0.0 x=0 y=0 tx=0 age=99440
TRACK q=371 s=4 dx=0.0 dy=0.0 x=0 y=0 tx=0 age=86933
TRACK q=372 s=4 dx=0.0 dy=0.0 x=0 y=0 tx=0 age=106586
TRACK q=375 s=4 dx=0.0 dy=0.0 x=0 y=0 tx=0 age=94175
TRACK q=377 s=4 dx=0.0 dy=0.0 x=0 y=0 tx=0 age=113623
TRACK q=380 s=4 dx=0.0 dy=0.0 x=0 y=0 tx=0 age=101106
TRACK q=383 s=4 dx=0.0 dy=0.0 x=0 y=0 tx=0 age=88565
TRACK q=385 s=4 dx=0.0 dy=0.0 x=0 y=0 tx=0 age=108053
TRACK q=388 s=4 dx=0.0 dy=0.0 x=0 y=0 tx=0 age=95502
TRACK q=390 s=4 dx=0.0 dy=0.0 x=0 y=0 tx=0 age=114996
TRACK q=393 s=4 dx=0.0 dy=0.0 x=0 y=0 tx=0 age=102413
TRACK q=395 s=4 dx=0.0 dy=0.0 x=0 y=0 tx=0 age=90119
TRACK q=397 s=4 dx=0.0 dy=0.0 x=0 y=0 tx=0 age=109548
TRACK q=400 s=4 dx=0.0 dy=0.0 x=0 y=0 tx=0 age=97122
TRACK q=403 s=4 dx=0.0 dy=0.0 x=0 y=0 tx=0 age=84600
TRACK q=405 s=4 dx=0.0 dy=0.0 x=0 y=0 tx=0 age=104039
TRACK q=408 s=4 dx=0.0 dy=0.0 x=0 y=0 tx=0 age=91432
TRACK q=410 s=4 dx=0.0 dy=0.0 x=0 y=0 tx=0 age=110920
TRACK q=413 s=4 dx=0.0 dy=0.0 x=0 y=0 tx=0 age=98328
TRACK q=415 s=4 dx=0.0 dy=0.0 x=0 y=0 tx=0 age=117700
TRACK q=417 s=4 dx=0.0 dy=0.0 x=0 y=0 tx=0 age=105305
TRACK q=420 s=4 dx=0.0 dy=0.0 x=0 y=0 tx=0 age=92824
TRACK q=422 s=4 dx=0.0 dy=0.0 x=0 y=0 tx=0 age=112164
TRACK q=425 s=4 dx=0.0 dy=0.0 x=0 y=0 tx=0 age=99598
TRACK q=428 s=4 dx=0.0 dy=0.0 x=0 y=0 tx=0 age=87236
TRACK q=430 s=4 dx=0.0 dy=0.0 x=0 y=0 tx=0 age=106722
TRACK q=433 s=4 dx=0.0 dy=0.0 x=0 y=0 tx=0 age=94367

