[1/138] Building CXX object abseil/absl/base/CMakeFiles/absl_raw_logging_internal.dir/internal/raw_logging.cc.obj
[2/138] Building CXX object abseil/absl/base/CMakeFiles/absl_log_severity.dir/log_severity.cc.obj
[3/138] Linking CXX static library abseil/absl/base/libabsl_log_severity.a
[4/138] Linking CXX static library abseil/absl/base/libabsl_raw_logging_internal.a
[5/138] Building CXX object abseil/absl/base/CMakeFiles/absl_spinlock_wait.dir/internal/spinlock_wait.cc.obj
[6/138] Linking CXX static library abseil/absl/base/libabsl_spinlock_wait.a
[7/138] Building CXX object abseil/absl/base/CMakeFiles/absl_base.dir/internal/cycleclock.cc.obj
[8/138] Building CXX object abseil/absl/base/CMakeFiles/absl_base.dir/internal/spinlock.cc.obj
[9/138] Building CXX object abseil/absl/base/CMakeFiles/absl_base.dir/internal/sysinfo.cc.obj
[10/138] Building CXX object abseil/absl/base/CMakeFiles/absl_base.dir/internal/unscaledcycleclock.cc.obj
[11/138] Building CXX object abseil/absl/base/CMakeFiles/absl_base.dir/internal/thread_identity.cc.obj
[12/138] Linking CXX static library abseil/absl/base/libabsl_base.a
[13/138] Building CXX object abseil/absl/base/CMakeFiles/absl_throw_delegate.dir/internal/throw_delegate.cc.obj
[14/138] Linking CXX static library abseil/absl/base/libabsl_throw_delegate.a
[15/138] Building CXX object abseil/absl/numeric/CMakeFiles/absl_int128.dir/int128.cc.obj
[16/138] Building CXX object abseil/absl/strings/CMakeFiles/absl_string_view.dir/string_view.cc.obj
[17/138] Building CXX object abseil/absl/strings/CMakeFiles/absl_strings_internal.dir/internal/utf8.cc.obj
[18/138] Building CXX object abseil/absl/strings/CMakeFiles/absl_strings_internal.dir/internal/ostringstream.cc.obj
[19/138] Linking CXX static library abseil/absl/numeric/libabsl_int128.a
[20/138] Linking CXX static library abseil/absl/strings/libabsl_string_view.a
[21/138] Building CXX object abseil/absl/strings/CMakeFiles/absl_strings_internal.dir/internal/escaping.cc.obj
[22/138] Building CXX object abseil/absl/strings/CMakeFiles/absl_strings.dir/ascii.cc.obj
[23/138] Building CXX object abseil/absl/strings/CMakeFiles/absl_strings.dir/charconv.cc.obj
[24/138] Building CXX object abseil/absl/strings/CMakeFiles/absl_strings.dir/escaping.cc.obj
[25/138] Building CXX object abseil/absl/strings/CMakeFiles/absl_strings.dir/internal/charconv_bigint.cc.obj
[26/138] Building CXX object abseil/absl/strings/CMakeFiles/absl_strings.dir/internal/charconv_parse.cc.obj
[27/138] Building CXX object abseil/absl/strings/CMakeFiles/absl_strings.dir/internal/damerau_levenshtein_distance.cc.obj
[28/138] Building CXX object abseil/absl/strings/CMakeFiles/absl_strings.dir/internal/memutil.cc.obj
[29/138] Building CXX object abseil/absl/strings/CMakeFiles/absl_strings.dir/internal/stringify_sink.cc.obj
[30/138] Building CXX object abseil/absl/strings/CMakeFiles/absl_strings.dir/match.cc.obj
[31/138] Building CXX object abseil/absl/strings/CMakeFiles/absl_strings.dir/numbers.cc.obj
[32/138] Building CXX object abseil/absl/strings/CMakeFiles/absl_strings.dir/str_cat.cc.obj
[33/138] Building CXX object abseil/absl/strings/CMakeFiles/absl_strings.dir/str_replace.cc.obj
[34/138] Building CXX object abseil/absl/strings/CMakeFiles/absl_strings.dir/str_split.cc.obj
[35/138] Linking CXX static library abseil/absl/strings/libabsl_strings_internal.a
[36/138] Building CXX object abseil/absl/strings/CMakeFiles/absl_strings.dir/substitute.cc.obj
[37/138] Building CXX object abseil/absl/time/CMakeFiles/absl_civil_time.dir/internal/cctz/src/civil_time_detail.cc.obj
[38/138] Building CXX object abseil/absl/time/CMakeFiles/absl_time_zone.dir/internal/cctz/src/time_zone_fixed.cc.obj
[39/138] Building CXX object abseil/absl/time/CMakeFiles/absl_time_zone.dir/internal/cctz/src/time_zone_if.cc.obj
[40/138] Building CXX object abseil/absl/time/CMakeFiles/absl_time_zone.dir/internal/cctz/src/time_zone_format.cc.obj
[41/138] Building CXX object abseil/absl/time/CMakeFiles/absl_time_zone.dir/internal/cctz/src/time_zone_impl.cc.obj
[42/138] Building CXX object abseil/absl/time/CMakeFiles/absl_time_zone.dir/internal/cctz/src/time_zone_libc.cc.obj
[43/138] Building CXX object abseil/absl/time/CMakeFiles/absl_time_zone.dir/internal/cctz/src/time_zone_info.cc.obj
[44/138] Building CXX object abseil/absl/time/CMakeFiles/absl_time_zone.dir/internal/cctz/src/time_zone_lookup.cc.obj
[45/138] Building CXX object abseil/absl/time/CMakeFiles/absl_time_zone.dir/internal/cctz/src/time_zone_posix.cc.obj
[46/138] Building CXX object abseil/absl/time/CMakeFiles/absl_time_zone.dir/internal/cctz/src/zone_info_source.cc.obj
[47/138] Building CXX object abseil/absl/debugging/CMakeFiles/absl_debugging_internal.dir/internal/address_is_readable.cc.obj
[48/138] Building CXX object abseil/absl/base/CMakeFiles/absl_malloc_internal.dir/internal/low_level_alloc.cc.obj
[49/138] Building CXX object abseil/absl/debugging/CMakeFiles/absl_debugging_internal.dir/internal/elf_mem_image.cc.obj
[50/138] Building CXX object abseil/absl/debugging/CMakeFiles/absl_debugging_internal.dir/internal/vdso_support.cc.obj
[51/138] Linking CXX static library abseil/absl/strings/libabsl_strings.a
[52/138] Building CXX object abseil/absl/debugging/CMakeFiles/absl_demangle_internal.dir/internal/demangle.cc.obj
[53/138] Building CXX object abseil/absl/time/CMakeFiles/absl_time.dir/civil_time.cc.obj
[54/138] Building CXX object abseil/absl/time/CMakeFiles/absl_time.dir/clock.cc.obj
[55/138] Building CXX object abseil/absl/time/CMakeFiles/absl_time.dir/format.cc.obj
[56/138] Building CXX object abseil/absl/time/CMakeFiles/absl_time.dir/duration.cc.obj
[57/138] Linking CXX static library abseil/absl/time/libabsl_civil_time.a
[58/138] Linking CXX static library abseil/absl/time/libabsl_time_zone.a
[59/138] Linking CXX static library abseil/absl/base/libabsl_malloc_internal.a
[60/138] Building CXX object abseil/absl/debugging/CMakeFiles/absl_stacktrace.dir/stacktrace.cc.obj
[61/138] Building CXX object abseil/absl/time/CMakeFiles/absl_time.dir/time.cc.obj
[62/138] Linking CXX static library abseil/absl/debugging/libabsl_debugging_internal.a
[63/138] Linking CXX static library abseil/absl/debugging/libabsl_demangle_internal.a
[64/138] Building CXX object abseil/absl/synchronization/CMakeFiles/absl_graphcycles_internal.dir/internal/graphcycles.cc.obj
[65/138] Building CXX object abseil/absl/debugging/CMakeFiles/absl_symbolize.dir/symbolize.cc.obj
[66/138] Linking CXX static library abseil/absl/time/libabsl_time.a
[67/138] Linking CXX static library abseil/absl/debugging/libabsl_stacktrace.a
[68/138] Linking CXX static library abseil/absl/debugging/libabsl_symbolize.a
[69/138] Building CXX object abseil/absl/synchronization/CMakeFiles/absl_kernel_timeout_internal.dir/internal/kernel_timeout.cc.obj
[70/138] Building CXX object abseil/absl/hash/CMakeFiles/absl_city.dir/internal/city.cc.obj
[71/138] Building CXX object abseil/absl/profiling/CMakeFiles/absl_exponential_biased.dir/internal/exponential_biased.cc.obj
[72/138] Linking CXX static library abseil/absl/synchronization/libabsl_graphcycles_internal.a
[73/138] Linking CXX static library abseil/absl/synchronization/libabsl_kernel_timeout_internal.a
[74/138] Building CXX object abseil/absl/hash/CMakeFiles/absl_low_level_hash.dir/internal/low_level_hash.cc.obj
[75/138] Building CXX object abseil/absl/synchronization/CMakeFiles/absl_synchronization.dir/barrier.cc.obj
[76/138] Building CXX object abseil/absl/synchronization/CMakeFiles/absl_synchronization.dir/blocking_counter.cc.obj
[77/138] Building CXX object abseil/absl/synchronization/CMakeFiles/absl_synchronization.dir/internal/create_thread_identity.cc.obj
[78/138] Building CXX object abseil/absl/synchronization/CMakeFiles/absl_synchronization.dir/internal/per_thread_sem.cc.obj
[79/138] Building CXX object abseil/absl/synchronization/CMakeFiles/absl_synchronization.dir/internal/futex_waiter.cc.obj
[80/138] Building CXX object abseil/absl/synchronization/CMakeFiles/absl_synchronization.dir/internal/sem_waiter.cc.obj
[81/138] Building CXX object abseil/absl/synchronization/CMakeFiles/absl_synchronization.dir/internal/pthread_waiter.cc.obj
[82/138] Building CXX object abseil/absl/synchronization/CMakeFiles/absl_synchronization.dir/internal/stdcpp_waiter.cc.obj
[83/138] Building CXX object abseil/absl/synchronization/CMakeFiles/absl_synchronization.dir/internal/win32_waiter.cc.obj
[84/138] Building CXX object abseil/absl/synchronization/CMakeFiles/absl_synchronization.dir/internal/waiter_base.cc.obj
[85/138] Building CXX object abseil/absl/synchronization/CMakeFiles/absl_synchronization.dir/notification.cc.obj
[86/138] Building CXX object abseil/absl/types/CMakeFiles/absl_bad_optional_access.dir/bad_optional_access.cc.obj
[87/138] Building CXX object abseil/absl/types/CMakeFiles/absl_bad_variant_access.dir/bad_variant_access.cc.obj
[88/138] Generating cpp/internal/common.c
[89/138] Generating cpp/internal/counter.c
[90/138] Generating cpp/internal/cv.c
[91/138] Generating cpp/internal/debug.c
[92/138] Generating cpp/internal/dll.c
[93/138] Generating cpp/internal/mu.c
[94/138] Generating cpp/internal/mu_wait.c
[95/138] Generating cpp/internal/note.c
[96/138] Generating cpp/internal/once.c
[97/138] Generating cpp/internal/sem_wait.c
[98/138] Generating cpp/internal/time_internal.c
[99/138] Generating cpp/internal/wait.c
[100/138] Generating cpp/platform/c++11/src/nsync_semaphore_mutex.cc
[101/138] Generating cpp/platform/posix/src/per_thread_waiter.c
[102/138] Generating cpp/platform/c++11/src/yield.cc
[103/138] Generating cpp/platform/c++11/src/time_rep_timespec.cc
[104/138] Generating cpp/platform/c++11/src/nsync_panic.cc
[105/138] Building CXX object abseil/absl/synchronization/CMakeFiles/absl_synchronization.dir/mutex.cc.obj
[106/138] Building CXX object abseil/absl/container/CMakeFiles/absl_hashtablez_sampler.dir/internal/hashtablez_sampler.cc.obj
[107/138] Building CXX object abseil/absl/container/CMakeFiles/absl_hashtablez_sampler.dir/internal/hashtablez_sampler_force_weak_definition.cc.obj
[108/138] Linking CXX static library abseil/absl/hash/libabsl_city.a
[109/138] Linking CXX static library abseil/absl/hash/libabsl_low_level_hash.a
[110/138] Linking CXX static library abseil/absl/profiling/libabsl_exponential_biased.a
[111/138] Linking CXX static library abseil/absl/synchronization/libabsl_synchronization.a
[112/138] Linking CXX static library abseil/absl/types/libabsl_bad_optional_access.a
[113/138] Linking CXX static library abseil/absl/types/libabsl_bad_variant_access.a
[114/138] Building C object CMakeFiles/k7_libc_time_gate.dir/lib_strptime.c.obj
[115/138] Building CXX object abseil/absl/hash/CMakeFiles/absl_hash.dir/internal/hash.cc.obj
[116/138] Building CXX object nsync/CMakeFiles/nsync_cpp.dir/cpp/internal/common.c.obj
In file included from /dev/shm/velavision-static-deps4-20260911/build/nsync/cpp/internal/common.c:19:
/dev/shm/velavision-ort-env3-20260911/google_nsync/platform/gcc/compiler.h:19: warning: "UNUSED" redefined
   19 | #define UNUSED __attribute__((unused))
      | 
In file included from /dev/shm/velavision_audio_sound_20260910/include/libcxx_config/__config_site:13,
                 from /dev/shm/velavision_audio_sound_20260910/include/libcxx/__config:13,
                 from /dev/shm/velavision_audio_sound_20260910/include/libcxx/string.h:54,
                 from /dev/shm/velavision-ort-env3-20260911/google_nsync/platform/c++11/platform.h:19,
                 from /dev/shm/velavision-static-deps4-20260911/build/nsync/cpp/internal/common.c:18:
/home/swl/openvela/nuttx/include/nuttx/compiler.h:624: note: this is the location of the previous definition
  624 | #    define UNUSED(a) ((void)(1 || &(a)))
      | 
In file included from /dev/shm/velavision-ort-env3-20260911/google_nsync/public/nsync_mu.h:20,
                 from /dev/shm/velavision-ort-env3-20260911/google_nsync/public/nsync.h:18,
                 from /dev/shm/velavision-static-deps4-20260911/build/nsync/cpp/internal/common.c:21:
/dev/shm/velavision-ort-env3-20260911/google_nsync/public/nsync_atomic.h:23:5: warning: "NSYNC_ATOMIC_TYPECHECK" is not defined, evaluates to 0 [-Wundef]
   23 | #if NSYNC_ATOMIC_TYPECHECK
      |     ^~~~~~~~~~~~~~~~~~~~~~
/dev/shm/velavision-ort-env3-20260911/google_nsync/public/nsync_atomic.h:33:7: warning: "NSYNC_ATOMIC_C11" is not defined, evaluates to 0 [-Wundef]
   33 | #elif NSYNC_ATOMIC_C11
      |       ^~~~~~~~~~~~~~~~
In file included from /dev/shm/velavision-ort-env3-20260911/google_nsync/public/nsync_time.h:19,
                 from /dev/shm/velavision-ort-env3-20260911/google_nsync/public/nsync_mu_wait.h:67,
                 from /dev/shm/velavision-ort-env3-20260911/google_nsync/public/nsync.h:19:
/dev/shm/velavision-ort-env3-20260911/google_nsync/public/nsync_time_internal.h:36:5: warning: "NSYNC_USE_GPR_TIMESPEC" is not defined, evaluates to 0 [-Wundef]
   36 | #if NSYNC_USE_GPR_TIMESPEC
      |     ^~~~~~~~~~~~~~~~~~~~~~
/dev/shm/velavision-ort-env3-20260911/google_nsync/public/nsync_time_internal.h:67:7: warning: "NSYNC_USE_DEBUG_TIME" is not defined, evaluates to 0 [-Wundef]
   67 | #elif NSYNC_USE_DEBUG_TIME
      |       ^~~~~~~~~~~~~~~~~~~~
In file included from /dev/shm/velavision-static-deps4-20260911/build/nsync/cpp/internal/common.c:26:
/dev/shm/velavision-ort-env3-20260911/google_nsync/internal/common.h:246: warning: "ASSERT" redefined
  246 | #define ASSERT(x) do { if (!(x)) { *(volatile int *)0 = 0; } } while (0)
      | 
In file included from /home/swl/openvela/nuttx/include/nuttx/sched.h:32,
                 from /home/swl/openvela/nuttx/include/nuttx/tls.h:33,
                 from /home/swl/openvela/nuttx/include/unistd.h:34,
                 from /home/swl/openvela/nuttx/include/pthread.h:37,
                 from /dev/shm/velavision_audio_sound_20260910/include/libcxx/__threading_support:41,
                 from /dev/shm/velavision_audio_sound_20260910/include/libcxx/__mutex/mutex.h:13,
                 from /dev/shm/velavision_audio_sound_20260910/include/libcxx/__condition_variable/condition_variable.h:16,
                 from /dev/shm/velavision_audio_sound_20260910/include/libcxx/mutex:192,
                 from /dev/shm/velavision-ort-env3-20260911/google_nsync/platform/c++11/platform.h:29:
/home/swl/openvela/nuttx/include/assert.h:135: note: this is the location of the previous definition
  135 | #define ASSERT(f) _ASSERT(f, __ASSERT_FILE__, __ASSERT_LINE__)
      | 
[117/138] Building CXX object nsync/CMakeFiles/nsync_cpp.dir/cpp/internal/counter.c.obj
In file included from /dev/shm/velavision-static-deps4-20260911/build/nsync/cpp/internal/counter.c:17:
/dev/shm/velavision-ort-env3-20260911/google_nsync/platform/gcc/compiler.h:19: warning: "UNUSED" redefined
   19 | #define UNUSED __attribute__((unused))
      | 
In file included from /dev/shm/velavision_audio_sound_20260910/include/libcxx_config/__config_site:13,
                 from /dev/shm/velavision_audio_sound_20260910/include/libcxx/__config:13,
                 from /dev/shm/velavision_audio_sound_20260910/include/libcxx/string.h:54,
                 from /dev/shm/velavision-ort-env3-20260911/google_nsync/platform/c++11/platform.h:19,
                 from /dev/shm/velavision-static-deps4-20260911/build/nsync/cpp/internal/counter.c:16:
/home/swl/openvela/nuttx/include/nuttx/compiler.h:624: note: this is the location of the previous definition
  624 | #    define UNUSED(a) ((void)(1 || &(a)))
      | 
In file included from /dev/shm/velavision-ort-env3-20260911/google_nsync/public/nsync_mu.h:20,
                 from /dev/shm/velavision-ort-env3-20260911/google_nsync/public/nsync.h:18,
                 from /dev/shm/velavision-static-deps4-20260911/build/nsync/cpp/internal/counter.c:19:
/dev/shm/velavision-ort-env3-20260911/google_nsync/public/nsync_atomic.h:23:5: warning: "NSYNC_ATOMIC_TYPECHECK" is not defined, evaluates to 0 [-Wundef]
   23 | #if NSYNC_ATOMIC_TYPECHECK
      |     ^~~~~~~~~~~~~~~~~~~~~~
/dev/shm/velavision-ort-env3-20260911/google_nsync/public/nsync_atomic.h:33:7: warning: "NSYNC_ATOMIC_C11" is not defined, evaluates to 0 [-Wundef]
   33 | #elif NSYNC_ATOMIC_C11
      |       ^~~~~~~~~~~~~~~~
In file included from /dev/shm/velavision-ort-env3-20260911/google_nsync/public/nsync_time.h:19,
                 from /dev/shm/velavision-ort-env3-20260911/google_nsync/public/nsync_mu_wait.h:67,
                 from /dev/shm/velavision-ort-env3-20260911/google_nsync/public/nsync.h:19:
/dev/shm/velavision-ort-env3-20260911/google_nsync/public/nsync_time_internal.h:36:5: warning: "NSYNC_USE_GPR_TIMESPEC" is not defined, evaluates to 0 [-Wundef]
   36 | #if NSYNC_USE_GPR_TIMESPEC
      |     ^~~~~~~~~~~~~~~~~~~~~~
/dev/shm/velavision-ort-env3-20260911/google_nsync/public/nsync_time_internal.h:67:7: warning: "NSYNC_USE_DEBUG_TIME" is not defined, evaluates to 0 [-Wundef]
   67 | #elif NSYNC_USE_DEBUG_TIME
      |       ^~~~~~~~~~~~~~~~~~~~
In file included from /dev/shm/velavision-static-deps4-20260911/build/nsync/cpp/internal/counter.c:24:
/dev/shm/velavision-ort-env3-20260911/google_nsync/internal/common.h:246: warning: "ASSERT" redefined
  246 | #define ASSERT(x) do { if (!(x)) { *(volatile int *)0 = 0; } } while (0)
      | 
In file included from /home/swl/openvela/nuttx/include/nuttx/sched.h:32,
                 from /home/swl/openvela/nuttx/include/nuttx/tls.h:33,
                 from /home/swl/openvela/nuttx/include/unistd.h:34,
                 from /home/swl/openvela/nuttx/include/pthread.h:37,
                 from /dev/shm/velavision_audio_sound_20260910/include/libcxx/__threading_support:41,
                 from /dev/shm/velavision_audio_sound_20260910/include/libcxx/__mutex/mutex.h:13,
                 from /dev/shm/velavision_audio_sound_20260910/include/libcxx/__condition_variable/condition_variable.h:16,
                 from /dev/shm/velavision_audio_sound_20260910/include/libcxx/mutex:192,
                 from /dev/shm/velavision-ort-env3-20260911/google_nsync/platform/c++11/platform.h:29:
/home/swl/openvela/nuttx/include/assert.h:135: note: this is the location of the previous definition
  135 | #define ASSERT(f) _ASSERT(f, __ASSERT_FILE__, __ASSERT_LINE__)
      | 
[118/138] Building CXX object nsync/CMakeFiles/nsync_cpp.dir/cpp/internal/cv.c.obj
In file included from /dev/shm/velavision-static-deps4-20260911/build/nsync/cpp/internal/cv.c:17:
/dev/shm/velavision-ort-env3-20260911/google_nsync/platform/gcc/compiler.h:19: warning: "UNUSED" redefined
   19 | #define UNUSED __attribute__((unused))
      | 
In file included from /dev/shm/velavision_audio_sound_20260910/include/libcxx_config/__config_site:13,
                 from /dev/shm/velavision_audio_sound_20260910/include/libcxx/__config:13,
                 from /dev/shm/velavision_audio_sound_20260910/include/libcxx/string.h:54,
                 from /dev/shm/velavision-ort-env3-20260911/google_nsync/platform/c++11/platform.h:19,
                 from /dev/shm/velavision-static-deps4-20260911/build/nsync/cpp/internal/cv.c:16:
/home/swl/openvela/nuttx/include/nuttx/compiler.h:624: note: this is the location of the previous definition
  624 | #    define UNUSED(a) ((void)(1 || &(a)))
      | 
In file included from /dev/shm/velavision-ort-env3-20260911/google_nsync/public/nsync_mu.h:20,
                 from /dev/shm/velavision-ort-env3-20260911/google_nsync/public/nsync.h:18,
                 from /dev/shm/velavision-static-deps4-20260911/build/nsync/cpp/internal/cv.c:19:
/dev/shm/velavision-ort-env3-20260911/google_nsync/public/nsync_atomic.h:23:5: warning: "NSYNC_ATOMIC_TYPECHECK" is not defined, evaluates to 0 [-Wundef]
   23 | #if NSYNC_ATOMIC_TYPECHECK
      |     ^~~~~~~~~~~~~~~~~~~~~~
/dev/shm/velavision-ort-env3-20260911/google_nsync/public/nsync_atomic.h:33:7: warning: "NSYNC_ATOMIC_C11" is not defined, evaluates to 0 [-Wundef]
   33 | #elif NSYNC_ATOMIC_C11
      |       ^~~~~~~~~~~~~~~~
In file included from /dev/shm/velavision-ort-env3-20260911/google_nsync/public/nsync_time.h:19,
                 from /dev/shm/velavision-ort-env3-20260911/google_nsync/public/nsync_mu_wait.h:67,
                 from /dev/shm/velavision-ort-env3-20260911/google_nsync/public/nsync.h:19:
/dev/shm/velavision-ort-env3-20260911/google_nsync/public/nsync_time_internal.h:36:5: warning: "NSYNC_USE_GPR_TIMESPEC" is not defined, evaluates to 0 [-Wundef]
   36 | #if NSYNC_USE_GPR_TIMESPEC
      |     ^~~~~~~~~~~~~~~~~~~~~~
/dev/shm/velavision-ort-env3-20260911/google_nsync/public/nsync_time_internal.h:67:7: warning: "NSYNC_USE_DEBUG_TIME" is not defined, evaluates to 0 [-Wundef]
   67 | #elif NSYNC_USE_DEBUG_TIME
      |       ^~~~~~~~~~~~~~~~~~~~
In file included from /dev/shm/velavision-static-deps4-20260911/build/nsync/cpp/internal/cv.c:23:
/dev/shm/velavision-ort-env3-20260911/google_nsync/internal/common.h:246: warning: "ASSERT" redefined
  246 | #define ASSERT(x) do { if (!(x)) { *(volatile int *)0 = 0; } } while (0)
      | 
In file included from /home/swl/openvela/nuttx/include/nuttx/sched.h:32,
                 from /home/swl/openvela/nuttx/include/nuttx/tls.h:33,
                 from /home/swl/openvela/nuttx/include/unistd.h:34,
                 from /home/swl/openvela/nuttx/include/pthread.h:37,
                 from /dev/shm/velavision_audio_sound_20260910/include/libcxx/__threading_support:41,
                 from /dev/shm/velavision_audio_sound_20260910/include/libcxx/__mutex/mutex.h:13,
                 from /dev/shm/velavision_audio_sound_20260910/include/libcxx/__condition_variable/condition_variable.h:16,
                 from /dev/shm/velavision_audio_sound_20260910/include/libcxx/mutex:192,
                 from /dev/shm/velavision-ort-env3-20260911/google_nsync/platform/c++11/platform.h:29:
/home/swl/openvela/nuttx/include/assert.h:135: note: this is the location of the previous definition
  135 | #define ASSERT(f) _ASSERT(f, __ASSERT_FILE__, __ASSERT_LINE__)
      | 
[119/138] Building CXX object nsync/CMakeFiles/nsync_cpp.dir/cpp/internal/debug.c.obj
In file included from /dev/shm/velavision-static-deps4-20260911/build/nsync/cpp/internal/debug.c:19:
/dev/shm/velavision-ort-env3-20260911/google_nsync/platform/gcc/compiler.h:19: warning: "UNUSED" redefined
   19 | #define UNUSED __attribute__((unused))
      | 
In file included from /dev/shm/velavision_audio_sound_20260910/include/libcxx_config/__config_site:13,
                 from /dev/shm/velavision_audio_sound_20260910/include/libcxx/__config:13,
                 from /dev/shm/velavision_audio_sound_20260910/include/libcxx/string.h:54,
                 from /dev/shm/velavision-ort-env3-20260911/google_nsync/platform/c++11/platform.h:19,
                 from /dev/shm/velavision-static-deps4-20260911/build/nsync/cpp/internal/debug.c:18:
/home/swl/openvela/nuttx/include/nuttx/compiler.h:624: note: this is the location of the previous definition
  624 | #    define UNUSED(a) ((void)(1 || &(a)))
      | 
In file included from /dev/shm/velavision-ort-env3-20260911/google_nsync/public/nsync_mu.h:20,
                 from /dev/shm/velavision-ort-env3-20260911/google_nsync/public/nsync.h:18,
                 from /dev/shm/velavision-static-deps4-20260911/build/nsync/cpp/internal/debug.c:21:
/dev/shm/velavision-ort-env3-20260911/google_nsync/public/nsync_atomic.h:23:5: warning: "NSYNC_ATOMIC_TYPECHECK" is not defined, evaluates to 0 [-Wundef]
   23 | #if NSYNC_ATOMIC_TYPECHECK
      |     ^~~~~~~~~~~~~~~~~~~~~~
/dev/shm/velavision-ort-env3-20260911/google_nsync/public/nsync_atomic.h:33:7: warning: "NSYNC_ATOMIC_C11" is not defined, evaluates to 0 [-Wundef]
   33 | #elif NSYNC_ATOMIC_C11
      |       ^~~~~~~~~~~~~~~~
In file included from /dev/shm/velavision-ort-env3-20260911/google_nsync/public/nsync_time.h:19,
                 from /dev/shm/velavision-ort-env3-20260911/google_nsync/public/nsync_mu_wait.h:67,
                 from /dev/shm/velavision-ort-env3-20260911/google_nsync/public/nsync.h:19:
/dev/shm/velavision-ort-env3-20260911/google_nsync/public/nsync_time_internal.h:36:5: warning: "NSYNC_USE_GPR_TIMESPEC" is not defined, evaluates to 0 [-Wundef]
   36 | #if NSYNC_USE_GPR_TIMESPEC
      |     ^~~~~~~~~~~~~~~~~~~~~~
/dev/shm/velavision-ort-env3-20260911/google_nsync/public/nsync_time_internal.h:67:7: warning: "NSYNC_USE_DEBUG_TIME" is not defined, evaluates to 0 [-Wundef]
   67 | #elif NSYNC_USE_DEBUG_TIME
      |       ^~~~~~~~~~~~~~~~~~~~
In file included from /dev/shm/velavision-static-deps4-20260911/build/nsync/cpp/internal/debug.c:25:
/dev/shm/velavision-ort-env3-20260911/google_nsync/internal/common.h:246: warning: "ASSERT" redefined
  246 | #define ASSERT(x) do { if (!(x)) { *(volatile int *)0 = 0; } } while (0)
      | 
In file included from /home/swl/openvela/nuttx/include/nuttx/sched.h:32,
                 from /home/swl/openvela/nuttx/include/nuttx/tls.h:33,
                 from /home/swl/openvela/nuttx/include/unistd.h:34,
                 from /home/swl/openvela/nuttx/include/pthread.h:37,
                 from /dev/shm/velavision_audio_sound_20260910/include/libcxx/__threading_support:41,
                 from /dev/shm/velavision_audio_sound_20260910/include/libcxx/__mutex/mutex.h:13,
                 from /dev/shm/velavision_audio_sound_20260910/include/libcxx/__condition_variable/condition_variable.h:16,
                 from /dev/shm/velavision_audio_sound_20260910/include/libcxx/mutex:192,
                 from /dev/shm/velavision-ort-env3-20260911/google_nsync/platform/c++11/platform.h:29:
/home/swl/openvela/nuttx/include/assert.h:135: note: this is the location of the previous definition
  135 | #define ASSERT(f) _ASSERT(f, __ASSERT_FILE__, __ASSERT_LINE__)
      | 
[120/138] Building CXX object nsync/CMakeFiles/nsync_cpp.dir/cpp/internal/dll.c.obj
In file included from /dev/shm/velavision-static-deps4-20260911/build/nsync/cpp/internal/dll.c:17:
/dev/shm/velavision-ort-env3-20260911/google_nsync/platform/gcc/compiler.h:19: warning: "UNUSED" redefined
   19 | #define UNUSED __attribute__((unused))
      | 
In file included from /dev/shm/velavision_audio_sound_20260910/include/libcxx_config/__config_site:13,
                 from /dev/shm/velavision_audio_sound_20260910/include/libcxx/__config:13,
                 from /dev/shm/velavision_audio_sound_20260910/include/libcxx/string.h:54,
                 from /dev/shm/velavision-ort-env3-20260911/google_nsync/platform/c++11/platform.h:19,
                 from /dev/shm/velavision-static-deps4-20260911/build/nsync/cpp/internal/dll.c:16:
/home/swl/openvela/nuttx/include/nuttx/compiler.h:624: note: this is the location of the previous definition
  624 | #    define UNUSED(a) ((void)(1 || &(a)))
      | 
[121/138] Building CXX object nsync/CMakeFiles/nsync_cpp.dir/cpp/internal/mu_wait.c.obj
In file included from /dev/shm/velavision-static-deps4-20260911/build/nsync/cpp/internal/mu_wait.c:17:
/dev/shm/velavision-ort-env3-20260911/google_nsync/platform/gcc/compiler.h:19: warning: "UNUSED" redefined
   19 | #define UNUSED __attribute__((unused))
      | 
In file included from /dev/shm/velavision_audio_sound_20260910/include/libcxx_config/__config_site:13,
                 from /dev/shm/velavision_audio_sound_20260910/include/libcxx/__config:13,
                 from /dev/shm/velavision_audio_sound_20260910/include/libcxx/string.h:54,
                 from /dev/shm/velavision-ort-env3-20260911/google_nsync/platform/c++11/platform.h:19,
                 from /dev/shm/velavision-static-deps4-20260911/build/nsync/cpp/internal/mu_wait.c:16:
/home/swl/openvela/nuttx/include/nuttx/compiler.h:624: note: this is the location of the previous definition
  624 | #    define UNUSED(a) ((void)(1 || &(a)))
      | 
In file included from /dev/shm/velavision-ort-env3-20260911/google_nsync/public/nsync_mu.h:20,
                 from /dev/shm/velavision-ort-env3-20260911/google_nsync/public/nsync.h:18,
                 from /dev/shm/velavision-static-deps4-20260911/build/nsync/cpp/internal/mu_wait.c:19:
/dev/shm/velavision-ort-env3-20260911/google_nsync/public/nsync_atomic.h:23:5: warning: "NSYNC_ATOMIC_TYPECHECK" is not defined, evaluates to 0 [-Wundef]
   23 | #if NSYNC_ATOMIC_TYPECHECK
      |     ^~~~~~~~~~~~~~~~~~~~~~
/dev/shm/velavision-ort-env3-20260911/google_nsync/public/nsync_atomic.h:33:7: warning: "NSYNC_ATOMIC_C11" is not defined, evaluates to 0 [-Wundef]
   33 | #elif NSYNC_ATOMIC_C11
      |       ^~~~~~~~~~~~~~~~
In file included from /dev/shm/velavision-ort-env3-20260911/google_nsync/public/nsync_time.h:19,
                 from /dev/shm/velavision-ort-env3-20260911/google_nsync/public/nsync_mu_wait.h:67,
                 from /dev/shm/velavision-ort-env3-20260911/google_nsync/public/nsync.h:19:
/dev/shm/velavision-ort-env3-20260911/google_nsync/public/nsync_time_internal.h:36:5: warning: "NSYNC_USE_GPR_TIMESPEC" is not defined, evaluates to 0 [-Wundef]
   36 | #if NSYNC_USE_GPR_TIMESPEC
      |     ^~~~~~~~~~~~~~~~~~~~~~
/dev/shm/velavision-ort-env3-20260911/google_nsync/public/nsync_time_internal.h:67:7: warning: "NSYNC_USE_DEBUG_TIME" is not defined, evaluates to 0 [-Wundef]
   67 | #elif NSYNC_USE_DEBUG_TIME
      |       ^~~~~~~~~~~~~~~~~~~~
In file included from /dev/shm/velavision-static-deps4-20260911/build/nsync/cpp/internal/mu_wait.c:23:
/dev/shm/velavision-ort-env3-20260911/google_nsync/internal/common.h:246: warning: "ASSERT" redefined
  246 | #define ASSERT(x) do { if (!(x)) { *(volatile int *)0 = 0; } } while (0)
      | 
In file included from /home/swl/openvela/nuttx/include/nuttx/sched.h:32,
                 from /home/swl/openvela/nuttx/include/nuttx/tls.h:33,
                 from /home/swl/openvela/nuttx/include/unistd.h:34,
                 from /home/swl/openvela/nuttx/include/pthread.h:37,
                 from /dev/shm/velavision_audio_sound_20260910/include/libcxx/__threading_support:41,
                 from /dev/shm/velavision_audio_sound_20260910/include/libcxx/__mutex/mutex.h:13,
                 from /dev/shm/velavision_audio_sound_20260910/include/libcxx/__condition_variable/condition_variable.h:16,
                 from /dev/shm/velavision_audio_sound_20260910/include/libcxx/mutex:192,
                 from /dev/shm/velavision-ort-env3-20260911/google_nsync/platform/c++11/platform.h:29:
/home/swl/openvela/nuttx/include/assert.h:135: note: this is the location of the previous definition
  135 | #define ASSERT(f) _ASSERT(f, __ASSERT_FILE__, __ASSERT_LINE__)
      | 
[122/138] Building CXX object nsync/CMakeFiles/nsync_cpp.dir/cpp/internal/mu.c.obj
In file included from /dev/shm/velavision-static-deps4-20260911/build/nsync/cpp/internal/mu.c:17:
/dev/shm/velavision-ort-env3-20260911/google_nsync/platform/gcc/compiler.h:19: warning: "UNUSED" redefined
   19 | #define UNUSED __attribute__((unused))
      | 
In file included from /dev/shm/velavision_audio_sound_20260910/include/libcxx_config/__config_site:13,
                 from /dev/shm/velavision_audio_sound_20260910/include/libcxx/__config:13,
                 from /dev/shm/velavision_audio_sound_20260910/include/libcxx/string.h:54,
                 from /dev/shm/velavision-ort-env3-20260911/google_nsync/platform/c++11/platform.h:19,
                 from /dev/shm/velavision-static-deps4-20260911/build/nsync/cpp/internal/mu.c:16:
/home/swl/openvela/nuttx/include/nuttx/compiler.h:624: note: this is the location of the previous definition
  624 | #    define UNUSED(a) ((void)(1 || &(a)))
      | 
In file included from /dev/shm/velavision-ort-env3-20260911/google_nsync/public/nsync_mu.h:20,
                 from /dev/shm/velavision-ort-env3-20260911/google_nsync/public/nsync.h:18,
                 from /dev/shm/velavision-static-deps4-20260911/build/nsync/cpp/internal/mu.c:19:
/dev/shm/velavision-ort-env3-20260911/google_nsync/public/nsync_atomic.h:23:5: warning: "NSYNC_ATOMIC_TYPECHECK" is not defined, evaluates to 0 [-Wundef]
   23 | #if NSYNC_ATOMIC_TYPECHECK
      |     ^~~~~~~~~~~~~~~~~~~~~~
/dev/shm/velavision-ort-env3-20260911/google_nsync/public/nsync_atomic.h:33:7: warning: "NSYNC_ATOMIC_C11" is not defined, evaluates to 0 [-Wundef]
   33 | #elif NSYNC_ATOMIC_C11
      |       ^~~~~~~~~~~~~~~~
In file included from /dev/shm/velavision-ort-env3-20260911/google_nsync/public/nsync_time.h:19,
                 from /dev/shm/velavision-ort-env3-20260911/google_nsync/public/nsync_mu_wait.h:67,
                 from /dev/shm/velavision-ort-env3-20260911/google_nsync/public/nsync.h:19:
/dev/shm/velavision-ort-env3-20260911/google_nsync/public/nsync_time_internal.h:36:5: warning: "NSYNC_USE_GPR_TIMESPEC" is not defined, evaluates to 0 [-Wundef]
   36 | #if NSYNC_USE_GPR_TIMESPEC
      |     ^~~~~~~~~~~~~~~~~~~~~~
/dev/shm/velavision-ort-env3-20260911/google_nsync/public/nsync_time_internal.h:67:7: warning: "NSYNC_USE_DEBUG_TIME" is not defined, evaluates to 0 [-Wundef]
   67 | #elif NSYNC_USE_DEBUG_TIME
      |       ^~~~~~~~~~~~~~~~~~~~
In file included from /dev/shm/velavision-static-deps4-20260911/build/nsync/cpp/internal/mu.c:23:
/dev/shm/velavision-ort-env3-20260911/google_nsync/internal/common.h:246: warning: "ASSERT" redefined
  246 | #define ASSERT(x) do { if (!(x)) { *(volatile int *)0 = 0; } } while (0)
      | 
In file included from /home/swl/openvela/nuttx/include/nuttx/sched.h:32,
                 from /home/swl/openvela/nuttx/include/nuttx/tls.h:33,
                 from /home/swl/openvela/nuttx/include/unistd.h:34,
                 from /home/swl/openvela/nuttx/include/pthread.h:37,
                 from /dev/shm/velavision_audio_sound_20260910/include/libcxx/__threading_support:41,
                 from /dev/shm/velavision_audio_sound_20260910/include/libcxx/__mutex/mutex.h:13,
                 from /dev/shm/velavision_audio_sound_20260910/include/libcxx/__condition_variable/condition_variable.h:16,
                 from /dev/shm/velavision_audio_sound_20260910/include/libcxx/mutex:192,
                 from /dev/shm/velavision-ort-env3-20260911/google_nsync/platform/c++11/platform.h:29:
/home/swl/openvela/nuttx/include/assert.h:135: note: this is the location of the previous definition
  135 | #define ASSERT(f) _ASSERT(f, __ASSERT_FILE__, __ASSERT_LINE__)
      | 
[123/138] Building CXX object nsync/CMakeFiles/nsync_cpp.dir/cpp/internal/note.c.obj
In file included from /dev/shm/velavision-static-deps4-20260911/build/nsync/cpp/internal/note.c:17:
/dev/shm/velavision-ort-env3-20260911/google_nsync/platform/gcc/compiler.h:19: warning: "UNUSED" redefined
   19 | #define UNUSED __attribute__((unused))
      | 
In file included from /dev/shm/velavision_audio_sound_20260910/include/libcxx_config/__config_site:13,
                 from /dev/shm/velavision_audio_sound_20260910/include/libcxx/__config:13,
                 from /dev/shm/velavision_audio_sound_20260910/include/libcxx/string.h:54,
                 from /dev/shm/velavision-ort-env3-20260911/google_nsync/platform/c++11/platform.h:19,
                 from /dev/shm/velavision-static-deps4-20260911/build/nsync/cpp/internal/note.c:16:
/home/swl/openvela/nuttx/include/nuttx/compiler.h:624: note: this is the location of the previous definition
  624 | #    define UNUSED(a) ((void)(1 || &(a)))
      | 
In file included from /dev/shm/velavision-ort-env3-20260911/google_nsync/public/nsync_mu.h:20,
                 from /dev/shm/velavision-ort-env3-20260911/google_nsync/public/nsync.h:18,
                 from /dev/shm/velavision-static-deps4-20260911/build/nsync/cpp/internal/note.c:19:
/dev/shm/velavision-ort-env3-20260911/google_nsync/public/nsync_atomic.h:23:5: warning: "NSYNC_ATOMIC_TYPECHECK" is not defined, evaluates to 0 [-Wundef]
   23 | #if NSYNC_ATOMIC_TYPECHECK
      |     ^~~~~~~~~~~~~~~~~~~~~~
/dev/shm/velavision-ort-env3-20260911/google_nsync/public/nsync_atomic.h:33:7: warning: "NSYNC_ATOMIC_C11" is not defined, evaluates to 0 [-Wundef]
   33 | #elif NSYNC_ATOMIC_C11
      |       ^~~~~~~~~~~~~~~~
In file included from /dev/shm/velavision-ort-env3-20260911/google_nsync/public/nsync_time.h:19,
                 from /dev/shm/velavision-ort-env3-20260911/google_nsync/public/nsync_mu_wait.h:67,
                 from /dev/shm/velavision-ort-env3-20260911/google_nsync/public/nsync.h:19:
/dev/shm/velavision-ort-env3-20260911/google_nsync/public/nsync_time_internal.h:36:5: warning: "NSYNC_USE_GPR_TIMESPEC" is not defined, evaluates to 0 [-Wundef]
   36 | #if NSYNC_USE_GPR_TIMESPEC
      |     ^~~~~~~~~~~~~~~~~~~~~~
/dev/shm/velavision-ort-env3-20260911/google_nsync/public/nsync_time_internal.h:67:7: warning: "NSYNC_USE_DEBUG_TIME" is not defined, evaluates to 0 [-Wundef]
   67 | #elif NSYNC_USE_DEBUG_TIME
      |       ^~~~~~~~~~~~~~~~~~~~
In file included from /dev/shm/velavision-static-deps4-20260911/build/nsync/cpp/internal/note.c:23:
/dev/shm/velavision-ort-env3-20260911/google_nsync/internal/common.h:246: warning: "ASSERT" redefined
  246 | #define ASSERT(x) do { if (!(x)) { *(volatile int *)0 = 0; } } while (0)
      | 
In file included from /home/swl/openvela/nuttx/include/nuttx/sched.h:32,
                 from /home/swl/openvela/nuttx/include/nuttx/tls.h:33,
                 from /home/swl/openvela/nuttx/include/unistd.h:34,
                 from /home/swl/openvela/nuttx/include/pthread.h:37,
                 from /dev/shm/velavision_audio_sound_20260910/include/libcxx/__threading_support:41,
                 from /dev/shm/velavision_audio_sound_20260910/include/libcxx/__mutex/mutex.h:13,
                 from /dev/shm/velavision_audio_sound_20260910/include/libcxx/__condition_variable/condition_variable.h:16,
                 from /dev/shm/velavision_audio_sound_20260910/include/libcxx/mutex:192,
                 from /dev/shm/velavision-ort-env3-20260911/google_nsync/platform/c++11/platform.h:29:
/home/swl/openvela/nuttx/include/assert.h:135: note: this is the location of the previous definition
  135 | #define ASSERT(f) _ASSERT(f, __ASSERT_FILE__, __ASSERT_LINE__)
      | 
[124/138] Building CXX object nsync/CMakeFiles/nsync_cpp.dir/cpp/internal/once.c.obj
In file included from /dev/shm/velavision-static-deps4-20260911/build/nsync/cpp/internal/once.c:17:
/dev/shm/velavision-ort-env3-20260911/google_nsync/platform/gcc/compiler.h:19: warning: "UNUSED" redefined
   19 | #define UNUSED __attribute__((unused))
      | 
In file included from /dev/shm/velavision_audio_sound_20260910/include/libcxx_config/__config_site:13,
                 from /dev/shm/velavision_audio_sound_20260910/include/libcxx/__config:13,
                 from /dev/shm/velavision_audio_sound_20260910/include/libcxx/string.h:54,
                 from /dev/shm/velavision-ort-env3-20260911/google_nsync/platform/c++11/platform.h:19,
                 from /dev/shm/velavision-static-deps4-20260911/build/nsync/cpp/internal/once.c:16:
/home/swl/openvela/nuttx/include/nuttx/compiler.h:624: note: this is the location of the previous definition
  624 | #    define UNUSED(a) ((void)(1 || &(a)))
      | 
In file included from /dev/shm/velavision-ort-env3-20260911/google_nsync/public/nsync_mu.h:20,
                 from /dev/shm/velavision-ort-env3-20260911/google_nsync/public/nsync.h:18,
                 from /dev/shm/velavision-static-deps4-20260911/build/nsync/cpp/internal/once.c:19:
/dev/shm/velavision-ort-env3-20260911/google_nsync/public/nsync_atomic.h:23:5: warning: "NSYNC_ATOMIC_TYPECHECK" is not defined, evaluates to 0 [-Wundef]
   23 | #if NSYNC_ATOMIC_TYPECHECK
      |     ^~~~~~~~~~~~~~~~~~~~~~
/dev/shm/velavision-ort-env3-20260911/google_nsync/public/nsync_atomic.h:33:7: warning: "NSYNC_ATOMIC_C11" is not defined, evaluates to 0 [-Wundef]
   33 | #elif NSYNC_ATOMIC_C11
      |       ^~~~~~~~~~~~~~~~
In file included from /dev/shm/velavision-ort-env3-20260911/google_nsync/public/nsync_time.h:19,
                 from /dev/shm/velavision-ort-env3-20260911/google_nsync/public/nsync_mu_wait.h:67,
                 from /dev/shm/velavision-ort-env3-20260911/google_nsync/public/nsync.h:19:
/dev/shm/velavision-ort-env3-20260911/google_nsync/public/nsync_time_internal.h:36:5: warning: "NSYNC_USE_GPR_TIMESPEC" is not defined, evaluates to 0 [-Wundef]
   36 | #if NSYNC_USE_GPR_TIMESPEC
      |     ^~~~~~~~~~~~~~~~~~~~~~
/dev/shm/velavision-ort-env3-20260911/google_nsync/public/nsync_time_internal.h:67:7: warning: "NSYNC_USE_DEBUG_TIME" is not defined, evaluates to 0 [-Wundef]
   67 | #elif NSYNC_USE_DEBUG_TIME
      |       ^~~~~~~~~~~~~~~~~~~~
In file included from /dev/shm/velavision-static-deps4-20260911/build/nsync/cpp/internal/once.c:23:
/dev/shm/velavision-ort-env3-20260911/google_nsync/internal/common.h:246: warning: "ASSERT" redefined
  246 | #define ASSERT(x) do { if (!(x)) { *(volatile int *)0 = 0; } } while (0)
      | 
In file included from /home/swl/openvela/nuttx/include/nuttx/sched.h:32,
                 from /home/swl/openvela/nuttx/include/nuttx/tls.h:33,
                 from /home/swl/openvela/nuttx/include/unistd.h:34,
                 from /home/swl/openvela/nuttx/include/pthread.h:37,
                 from /dev/shm/velavision_audio_sound_20260910/include/libcxx/__threading_support:41,
                 from /dev/shm/velavision_audio_sound_20260910/include/libcxx/__mutex/mutex.h:13,
                 from /dev/shm/velavision_audio_sound_20260910/include/libcxx/__condition_variable/condition_variable.h:16,
                 from /dev/shm/velavision_audio_sound_20260910/include/libcxx/mutex:192,
                 from /dev/shm/velavision-ort-env3-20260911/google_nsync/platform/c++11/platform.h:29:
/home/swl/openvela/nuttx/include/assert.h:135: note: this is the location of the previous definition
  135 | #define ASSERT(f) _ASSERT(f, __ASSERT_FILE__, __ASSERT_LINE__)
      | 
[125/138] Building CXX object nsync/CMakeFiles/nsync_cpp.dir/cpp/internal/time_internal.c.obj
In file included from /dev/shm/velavision-static-deps4-20260911/build/nsync/cpp/internal/time_internal.c:17:
/dev/shm/velavision-ort-env3-20260911/google_nsync/platform/gcc/compiler.h:19: warning: "UNUSED" redefined
   19 | #define UNUSED __attribute__((unused))
      | 
In file included from /dev/shm/velavision_audio_sound_20260910/include/libcxx_config/__config_site:13,
                 from /dev/shm/velavision_audio_sound_20260910/include/libcxx/__config:13,
                 from /dev/shm/velavision_audio_sound_20260910/include/libcxx/string.h:54,
                 from /dev/shm/velavision-ort-env3-20260911/google_nsync/platform/c++11/platform.h:19,
                 from /dev/shm/velavision-static-deps4-20260911/build/nsync/cpp/internal/time_internal.c:16:
/home/swl/openvela/nuttx/include/nuttx/compiler.h:624: note: this is the location of the previous definition
  624 | #    define UNUSED(a) ((void)(1 || &(a)))
      | 
In file included from /dev/shm/velavision-ort-env3-20260911/google_nsync/public/nsync_time.h:19,
                 from /dev/shm/velavision-static-deps4-20260911/build/nsync/cpp/internal/time_internal.c:19:
/dev/shm/velavision-ort-env3-20260911/google_nsync/public/nsync_time_internal.h:36:5: warning: "NSYNC_USE_GPR_TIMESPEC" is not defined, evaluates to 0 [-Wundef]
   36 | #if NSYNC_USE_GPR_TIMESPEC
      |     ^~~~~~~~~~~~~~~~~~~~~~
/dev/shm/velavision-ort-env3-20260911/google_nsync/public/nsync_time_internal.h:67:7: warning: "NSYNC_USE_DEBUG_TIME" is not defined, evaluates to 0 [-Wundef]
   67 | #elif NSYNC_USE_DEBUG_TIME
      |       ^~~~~~~~~~~~~~~~~~~~
[126/138] Building CXX object nsync/CMakeFiles/nsync_cpp.dir/cpp/internal/sem_wait.c.obj
In file included from /dev/shm/velavision-static-deps4-20260911/build/nsync/cpp/internal/sem_wait.c:17:
/dev/shm/velavision-ort-env3-20260911/google_nsync/platform/gcc/compiler.h:19: warning: "UNUSED" redefined
   19 | #define UNUSED __attribute__((unused))
      | 
In file included from /dev/shm/velavision_audio_sound_20260910/include/libcxx_config/__config_site:13,
                 from /dev/shm/velavision_audio_sound_20260910/include/libcxx/__config:13,
                 from /dev/shm/velavision_audio_sound_20260910/include/libcxx/string.h:54,
                 from /dev/shm/velavision-ort-env3-20260911/google_nsync/platform/c++11/platform.h:19,
                 from /dev/shm/velavision-static-deps4-20260911/build/nsync/cpp/internal/sem_wait.c:16:
/home/swl/openvela/nuttx/include/nuttx/compiler.h:624: note: this is the location of the previous definition
  624 | #    define UNUSED(a) ((void)(1 || &(a)))
      | 
In file included from /dev/shm/velavision-ort-env3-20260911/google_nsync/public/nsync_mu.h:20,
                 from /dev/shm/velavision-ort-env3-20260911/google_nsync/public/nsync.h:18,
                 from /dev/shm/velavision-static-deps4-20260911/build/nsync/cpp/internal/sem_wait.c:19:
/dev/shm/velavision-ort-env3-20260911/google_nsync/public/nsync_atomic.h:23:5: warning: "NSYNC_ATOMIC_TYPECHECK" is not defined, evaluates to 0 [-Wundef]
   23 | #if NSYNC_ATOMIC_TYPECHECK
      |     ^~~~~~~~~~~~~~~~~~~~~~
/dev/shm/velavision-ort-env3-20260911/google_nsync/public/nsync_atomic.h:33:7: warning: "NSYNC_ATOMIC_C11" is not defined, evaluates to 0 [-Wundef]
   33 | #elif NSYNC_ATOMIC_C11
      |       ^~~~~~~~~~~~~~~~
In file included from /dev/shm/velavision-ort-env3-20260911/google_nsync/public/nsync_time.h:19,
                 from /dev/shm/velavision-ort-env3-20260911/google_nsync/public/nsync_mu_wait.h:67,
                 from /dev/shm/velavision-ort-env3-20260911/google_nsync/public/nsync.h:19:
/dev/shm/velavision-ort-env3-20260911/google_nsync/public/nsync_time_internal.h:36:5: warning: "NSYNC_USE_GPR_TIMESPEC" is not defined, evaluates to 0 [-Wundef]
   36 | #if NSYNC_USE_GPR_TIMESPEC
      |     ^~~~~~~~~~~~~~~~~~~~~~
/dev/shm/velavision-ort-env3-20260911/google_nsync/public/nsync_time_internal.h:67:7: warning: "NSYNC_USE_DEBUG_TIME" is not defined, evaluates to 0 [-Wundef]
   67 | #elif NSYNC_USE_DEBUG_TIME
      |       ^~~~~~~~~~~~~~~~~~~~
In file included from /dev/shm/velavision-static-deps4-20260911/build/nsync/cpp/internal/sem_wait.c:23:
/dev/shm/velavision-ort-env3-20260911/google_nsync/internal/common.h:246: warning: "ASSERT" redefined
  246 | #define ASSERT(x) do { if (!(x)) { *(volatile int *)0 = 0; } } while (0)
      | 
In file included from /home/swl/openvela/nuttx/include/nuttx/sched.h:32,
                 from /home/swl/openvela/nuttx/include/nuttx/tls.h:33,
                 from /home/swl/openvela/nuttx/include/unistd.h:34,
                 from /home/swl/openvela/nuttx/include/pthread.h:37,
                 from /dev/shm/velavision_audio_sound_20260910/include/libcxx/__threading_support:41,
                 from /dev/shm/velavision_audio_sound_20260910/include/libcxx/__mutex/mutex.h:13,
                 from /dev/shm/velavision_audio_sound_20260910/include/libcxx/__condition_variable/condition_variable.h:16,
                 from /dev/shm/velavision_audio_sound_20260910/include/libcxx/mutex:192,
                 from /dev/shm/velavision-ort-env3-20260911/google_nsync/platform/c++11/platform.h:29:
/home/swl/openvela/nuttx/include/assert.h:135: note: this is the location of the previous definition
  135 | #define ASSERT(f) _ASSERT(f, __ASSERT_FILE__, __ASSERT_LINE__)
      | 
[127/138] Building CXX object nsync/CMakeFiles/nsync_cpp.dir/cpp/internal/wait.c.obj
In file included from /dev/shm/velavision-static-deps4-20260911/build/nsync/cpp/internal/wait.c:17:
/dev/shm/velavision-ort-env3-20260911/google_nsync/platform/gcc/compiler.h:19: warning: "UNUSED" redefined
   19 | #define UNUSED __attribute__((unused))
      | 
In file included from /dev/shm/velavision_audio_sound_20260910/include/libcxx_config/__config_site:13,
                 from /dev/shm/velavision_audio_sound_20260910/include/libcxx/__config:13,
                 from /dev/shm/velavision_audio_sound_20260910/include/libcxx/string.h:54,
                 from /dev/shm/velavision-ort-env3-20260911/google_nsync/platform/c++11/platform.h:19,
                 from /dev/shm/velavision-static-deps4-20260911/build/nsync/cpp/internal/wait.c:16:
/home/swl/openvela/nuttx/include/nuttx/compiler.h:624: note: this is the location of the previous definition
  624 | #    define UNUSED(a) ((void)(1 || &(a)))
      | 
In file included from /dev/shm/velavision-ort-env3-20260911/google_nsync/public/nsync_mu.h:20,
                 from /dev/shm/velavision-ort-env3-20260911/google_nsync/public/nsync.h:18,
                 from /dev/shm/velavision-static-deps4-20260911/build/nsync/cpp/internal/wait.c:19:
/dev/shm/velavision-ort-env3-20260911/google_nsync/public/nsync_atomic.h:23:5: warning: "NSYNC_ATOMIC_TYPECHECK" is not defined, evaluates to 0 [-Wundef]
   23 | #if NSYNC_ATOMIC_TYPECHECK
      |     ^~~~~~~~~~~~~~~~~~~~~~
/dev/shm/velavision-ort-env3-20260911/google_nsync/public/nsync_atomic.h:33:7: warning: "NSYNC_ATOMIC_C11" is not defined, evaluates to 0 [-Wundef]
   33 | #elif NSYNC_ATOMIC_C11
      |       ^~~~~~~~~~~~~~~~
In file included from /dev/shm/velavision-ort-env3-20260911/google_nsync/public/nsync_time.h:19,
                 from /dev/shm/velavision-ort-env3-20260911/google_nsync/public/nsync_mu_wait.h:67,
                 from /dev/shm/velavision-ort-env3-20260911/google_nsync/public/nsync.h:19:
/dev/shm/velavision-ort-env3-20260911/google_nsync/public/nsync_time_internal.h:36:5: warning: "NSYNC_USE_GPR_TIMESPEC" is not defined, evaluates to 0 [-Wundef]
   36 | #if NSYNC_USE_GPR_TIMESPEC
      |     ^~~~~~~~~~~~~~~~~~~~~~
/dev/shm/velavision-ort-env3-20260911/google_nsync/public/nsync_time_internal.h:67:7: warning: "NSYNC_USE_DEBUG_TIME" is not defined, evaluates to 0 [-Wundef]
   67 | #elif NSYNC_USE_DEBUG_TIME
      |       ^~~~~~~~~~~~~~~~~~~~
In file included from /dev/shm/velavision-static-deps4-20260911/build/nsync/cpp/internal/wait.c:23:
/dev/shm/velavision-ort-env3-20260911/google_nsync/internal/common.h:246: warning: "ASSERT" redefined
  246 | #define ASSERT(x) do { if (!(x)) { *(volatile int *)0 = 0; } } while (0)
      | 
In file included from /home/swl/openvela/nuttx/include/nuttx/sched.h:32,
                 from /home/swl/openvela/nuttx/include/nuttx/tls.h:33,
                 from /home/swl/openvela/nuttx/include/unistd.h:34,
                 from /home/swl/openvela/nuttx/include/pthread.h:37,
                 from /dev/shm/velavision_audio_sound_20260910/include/libcxx/__threading_support:41,
                 from /dev/shm/velavision_audio_sound_20260910/include/libcxx/__mutex/mutex.h:13,
                 from /dev/shm/velavision_audio_sound_20260910/include/libcxx/__condition_variable/condition_variable.h:16,
                 from /dev/shm/velavision_audio_sound_20260910/include/libcxx/mutex:192,
                 from /dev/shm/velavision-ort-env3-20260911/google_nsync/platform/c++11/platform.h:29:
/home/swl/openvela/nuttx/include/assert.h:135: note: this is the location of the previous definition
  135 | #define ASSERT(f) _ASSERT(f, __ASSERT_FILE__, __ASSERT_LINE__)
      | 
[128/138] Building CXX object nsync/CMakeFiles/nsync_cpp.dir/cpp/platform/c++11/src/nsync_semaphore_mutex.cc.obj
In file included from /dev/shm/velavision-ort-env3-20260911/google_nsync/internal/headers.h:20,
                 from /dev/shm/velavision-static-deps4-20260911/build/nsync/cpp/platform/c++11/src/nsync_semaphore_mutex.cc:15:
/dev/shm/velavision-ort-env3-20260911/google_nsync/platform/gcc/compiler.h:19: warning: "UNUSED" redefined
   19 | #define UNUSED __attribute__((unused))
      | 
In file included from /dev/shm/velavision_audio_sound_20260910/include/libcxx_config/__config_site:13,
                 from /dev/shm/velavision_audio_sound_20260910/include/libcxx/__config:13,
                 from /dev/shm/velavision_audio_sound_20260910/include/libcxx/string.h:54,
                 from /dev/shm/velavision-ort-env3-20260911/google_nsync/platform/c++11/platform.h:19,
                 from /dev/shm/velavision-ort-env3-20260911/google_nsync/internal/headers.h:19:
/home/swl/openvela/nuttx/include/nuttx/compiler.h:624: note: this is the location of the previous definition
  624 | #    define UNUSED(a) ((void)(1 || &(a)))
      | 
In file included from /dev/shm/velavision-ort-env3-20260911/google_nsync/public/nsync_mu.h:20,
                 from /dev/shm/velavision-ort-env3-20260911/google_nsync/public/nsync.h:18,
                 from /dev/shm/velavision-ort-env3-20260911/google_nsync/internal/headers.h:22:
/dev/shm/velavision-ort-env3-20260911/google_nsync/public/nsync_atomic.h:23:5: warning: "NSYNC_ATOMIC_TYPECHECK" is not defined, evaluates to 0 [-Wundef]
   23 | #if NSYNC_ATOMIC_TYPECHECK
      |     ^~~~~~~~~~~~~~~~~~~~~~
/dev/shm/velavision-ort-env3-20260911/google_nsync/public/nsync_atomic.h:33:7: warning: "NSYNC_ATOMIC_C11" is not defined, evaluates to 0 [-Wundef]
   33 | #elif NSYNC_ATOMIC_C11
      |       ^~~~~~~~~~~~~~~~
In file included from /dev/shm/velavision-ort-env3-20260911/google_nsync/public/nsync_time.h:19,
                 from /dev/shm/velavision-ort-env3-20260911/google_nsync/public/nsync_mu_wait.h:67,
                 from /dev/shm/velavision-ort-env3-20260911/google_nsync/public/nsync.h:19:
/dev/shm/velavision-ort-env3-20260911/google_nsync/public/nsync_time_internal.h:36:5: warning: "NSYNC_USE_GPR_TIMESPEC" is not defined, evaluates to 0 [-Wundef]
   36 | #if NSYNC_USE_GPR_TIMESPEC
      |     ^~~~~~~~~~~~~~~~~~~~~~
/dev/shm/velavision-ort-env3-20260911/google_nsync/public/nsync_time_internal.h:67:7: warning: "NSYNC_USE_DEBUG_TIME" is not defined, evaluates to 0 [-Wundef]
   67 | #elif NSYNC_USE_DEBUG_TIME
      |       ^~~~~~~~~~~~~~~~~~~~
/dev/shm/velavision-static-deps4-20260911/build/nsync/cpp/platform/c++11/src/nsync_semaphore_mutex.cc:37: warning: "ASSERT" redefined
   37 | #define ASSERT(x) do { if (!(x)) { *(volatile int *)0 = 0; } } while (0)
      | 
In file included from /home/swl/openvela/nuttx/include/nuttx/sched.h:32,
                 from /home/swl/openvela/nuttx/include/nuttx/tls.h:33,
                 from /home/swl/openvela/nuttx/include/unistd.h:34,
                 from /home/swl/openvela/nuttx/include/pthread.h:37,
                 from /dev/shm/velavision_audio_sound_20260910/include/libcxx/__threading_support:41,
                 from /dev/shm/velavision_audio_sound_20260910/include/libcxx/__mutex/mutex.h:13,
                 from /dev/shm/velavision_audio_sound_20260910/include/libcxx/__condition_variable/condition_variable.h:16,
                 from /dev/shm/velavision_audio_sound_20260910/include/libcxx/mutex:192,
                 from /dev/shm/velavision-ort-env3-20260911/google_nsync/platform/c++11/platform.h:29:
/home/swl/openvela/nuttx/include/assert.h:135: note: this is the location of the previous definition
  135 | #define ASSERT(f) _ASSERT(f, __ASSERT_FILE__, __ASSERT_LINE__)
      | 
[129/138] Building CXX object nsync/CMakeFiles/nsync_cpp.dir/cpp/platform/posix/src/per_thread_waiter.c.obj
In file included from /dev/shm/velavision-ort-env3-20260911/google_nsync/internal/headers.h:20,
                 from /dev/shm/velavision-static-deps4-20260911/build/nsync/cpp/platform/posix/src/per_thread_waiter.c:15:
/dev/shm/velavision-ort-env3-20260911/google_nsync/platform/gcc/compiler.h:19: warning: "UNUSED" redefined
   19 | #define UNUSED __attribute__((unused))
      | 
In file included from /dev/shm/velavision_audio_sound_20260910/include/libcxx_config/__config_site:13,
                 from /dev/shm/velavision_audio_sound_20260910/include/libcxx/__config:13,
                 from /dev/shm/velavision_audio_sound_20260910/include/libcxx/string.h:54,
                 from /dev/shm/velavision-ort-env3-20260911/google_nsync/platform/c++11/platform.h:19,
                 from /dev/shm/velavision-ort-env3-20260911/google_nsync/internal/headers.h:19:
/home/swl/openvela/nuttx/include/nuttx/compiler.h:624: note: this is the location of the previous definition
  624 | #    define UNUSED(a) ((void)(1 || &(a)))
      | 
In file included from /dev/shm/velavision-ort-env3-20260911/google_nsync/public/nsync_mu.h:20,
                 from /dev/shm/velavision-ort-env3-20260911/google_nsync/public/nsync.h:18,
                 from /dev/shm/velavision-ort-env3-20260911/google_nsync/internal/headers.h:22:
/dev/shm/velavision-ort-env3-20260911/google_nsync/public/nsync_atomic.h:23:5: warning: "NSYNC_ATOMIC_TYPECHECK" is not defined, evaluates to 0 [-Wundef]
   23 | #if NSYNC_ATOMIC_TYPECHECK
      |     ^~~~~~~~~~~~~~~~~~~~~~
/dev/shm/velavision-ort-env3-20260911/google_nsync/public/nsync_atomic.h:33:7: warning: "NSYNC_ATOMIC_C11" is not defined, evaluates to 0 [-Wundef]
   33 | #elif NSYNC_ATOMIC_C11
      |       ^~~~~~~~~~~~~~~~
In file included from /dev/shm/velavision-ort-env3-20260911/google_nsync/public/nsync_time.h:19,
                 from /dev/shm/velavision-ort-env3-20260911/google_nsync/public/nsync_mu_wait.h:67,
                 from /dev/shm/velavision-ort-env3-20260911/google_nsync/public/nsync.h:19:
/dev/shm/velavision-ort-env3-20260911/google_nsync/public/nsync_time_internal.h:36:5: warning: "NSYNC_USE_GPR_TIMESPEC" is not defined, evaluates to 0 [-Wundef]
   36 | #if NSYNC_USE_GPR_TIMESPEC
      |     ^~~~~~~~~~~~~~~~~~~~~~
/dev/shm/velavision-ort-env3-20260911/google_nsync/public/nsync_time_internal.h:67:7: warning: "NSYNC_USE_DEBUG_TIME" is not defined, evaluates to 0 [-Wundef]
   67 | #elif NSYNC_USE_DEBUG_TIME
      |       ^~~~~~~~~~~~~~~~~~~~
[130/138] Building CXX object nsync/CMakeFiles/nsync_cpp.dir/cpp/platform/c++11/src/yield.cc.obj
In file included from /dev/shm/velavision-ort-env3-20260911/google_nsync/internal/headers.h:20,
                 from /dev/shm/velavision-static-deps4-20260911/build/nsync/cpp/platform/c++11/src/yield.cc:15:
/dev/shm/velavision-ort-env3-20260911/google_nsync/platform/gcc/compiler.h:19: warning: "UNUSED" redefined
   19 | #define UNUSED __attribute__((unused))
      | 
In file included from /dev/shm/velavision_audio_sound_20260910/include/libcxx_config/__config_site:13,
                 from /dev/shm/velavision_audio_sound_20260910/include/libcxx/__config:13,
                 from /dev/shm/velavision_audio_sound_20260910/include/libcxx/string.h:54,
                 from /dev/shm/velavision-ort-env3-20260911/google_nsync/platform/c++11/platform.h:19,
                 from /dev/shm/velavision-ort-env3-20260911/google_nsync/internal/headers.h:19:
/home/swl/openvela/nuttx/include/nuttx/compiler.h:624: note: this is the location of the previous definition
  624 | #    define UNUSED(a) ((void)(1 || &(a)))
      | 
In file included from /dev/shm/velavision-ort-env3-20260911/google_nsync/public/nsync_mu.h:20,
                 from /dev/shm/velavision-ort-env3-20260911/google_nsync/public/nsync.h:18,
                 from /dev/shm/velavision-ort-env3-20260911/google_nsync/internal/headers.h:22:
/dev/shm/velavision-ort-env3-20260911/google_nsync/public/nsync_atomic.h:23:5: warning: "NSYNC_ATOMIC_TYPECHECK" is not defined, evaluates to 0 [-Wundef]
   23 | #if NSYNC_ATOMIC_TYPECHECK
      |     ^~~~~~~~~~~~~~~~~~~~~~
/dev/shm/velavision-ort-env3-20260911/google_nsync/public/nsync_atomic.h:33:7: warning: "NSYNC_ATOMIC_C11" is not defined, evaluates to 0 [-Wundef]
   33 | #elif NSYNC_ATOMIC_C11
      |       ^~~~~~~~~~~~~~~~
In file included from /dev/shm/velavision-ort-env3-20260911/google_nsync/public/nsync_time.h:19,
                 from /dev/shm/velavision-ort-env3-20260911/google_nsync/public/nsync_mu_wait.h:67,
                 from /dev/shm/velavision-ort-env3-20260911/google_nsync/public/nsync.h:19:
/dev/shm/velavision-ort-env3-20260911/google_nsync/public/nsync_time_internal.h:36:5: warning: "NSYNC_USE_GPR_TIMESPEC" is not defined, evaluates to 0 [-Wundef]
   36 | #if NSYNC_USE_GPR_TIMESPEC
      |     ^~~~~~~~~~~~~~~~~~~~~~
/dev/shm/velavision-ort-env3-20260911/google_nsync/public/nsync_time_internal.h:67:7: warning: "NSYNC_USE_DEBUG_TIME" is not defined, evaluates to 0 [-Wundef]
   67 | #elif NSYNC_USE_DEBUG_TIME
      |       ^~~~~~~~~~~~~~~~~~~~
[131/138] Building CXX object nsync/CMakeFiles/nsync_cpp.dir/cpp/platform/c++11/src/time_rep_timespec.cc.obj
In file included from /dev/shm/velavision-static-deps4-20260911/build/nsync/cpp/platform/c++11/src/time_rep_timespec.cc:17:
/dev/shm/velavision-ort-env3-20260911/google_nsync/platform/gcc/compiler.h:19: warning: "UNUSED" redefined
   19 | #define UNUSED __attribute__((unused))
      | 
In file included from /dev/shm/velavision_audio_sound_20260910/include/libcxx_config/__config_site:13,
                 from /dev/shm/velavision_audio_sound_20260910/include/libcxx/__config:13,
                 from /dev/shm/velavision_audio_sound_20260910/include/libcxx/string.h:54,
                 from /dev/shm/velavision-ort-env3-20260911/google_nsync/platform/c++11/platform.h:19,
                 from /dev/shm/velavision-static-deps4-20260911/build/nsync/cpp/platform/c++11/src/time_rep_timespec.cc:16:
/home/swl/openvela/nuttx/include/nuttx/compiler.h:624: note: this is the location of the previous definition
  624 | #    define UNUSED(a) ((void)(1 || &(a)))
      | 
In file included from /dev/shm/velavision-ort-env3-20260911/google_nsync/public/nsync_time.h:19,
                 from /dev/shm/velavision-static-deps4-20260911/build/nsync/cpp/platform/c++11/src/time_rep_timespec.cc:20:
/dev/shm/velavision-ort-env3-20260911/google_nsync/public/nsync_time_internal.h:36:5: warning: "NSYNC_USE_GPR_TIMESPEC" is not defined, evaluates to 0 [-Wundef]
   36 | #if NSYNC_USE_GPR_TIMESPEC
      |     ^~~~~~~~~~~~~~~~~~~~~~
/dev/shm/velavision-ort-env3-20260911/google_nsync/public/nsync_time_internal.h:67:7: warning: "NSYNC_USE_DEBUG_TIME" is not defined, evaluates to 0 [-Wundef]
   67 | #elif NSYNC_USE_DEBUG_TIME
      |       ^~~~~~~~~~~~~~~~~~~~
[132/138] Linking CXX static library abseil/absl/container/libabsl_hashtablez_sampler.a
[133/138] Building CXX object nsync/CMakeFiles/nsync_cpp.dir/cpp/platform/c++11/src/nsync_panic.cc.obj
In file included from /dev/shm/velavision-ort-env3-20260911/google_nsync/internal/headers.h:20,
                 from /dev/shm/velavision-static-deps4-20260911/build/nsync/cpp/platform/c++11/src/nsync_panic.cc:15:
/dev/shm/velavision-ort-env3-20260911/google_nsync/platform/gcc/compiler.h:19: warning: "UNUSED" redefined
   19 | #define UNUSED __attribute__((unused))
      | 
In file included from /dev/shm/velavision_audio_sound_20260910/include/libcxx_config/__config_site:13,
                 from /dev/shm/velavision_audio_sound_20260910/include/libcxx/__config:13,
                 from /dev/shm/velavision_audio_sound_20260910/include/libcxx/string.h:54,
                 from /dev/shm/velavision-ort-env3-20260911/google_nsync/platform/c++11/platform.h:19,
                 from /dev/shm/velavision-ort-env3-20260911/google_nsync/internal/headers.h:19:
/home/swl/openvela/nuttx/include/nuttx/compiler.h:624: note: this is the location of the previous definition
  624 | #    define UNUSED(a) ((void)(1 || &(a)))
      | 
In file included from /dev/shm/velavision-ort-env3-20260911/google_nsync/public/nsync_mu.h:20,
                 from /dev/shm/velavision-ort-env3-20260911/google_nsync/public/nsync.h:18,
                 from /dev/shm/velavision-ort-env3-20260911/google_nsync/internal/headers.h:22:
/dev/shm/velavision-ort-env3-20260911/google_nsync/public/nsync_atomic.h:23:5: warning: "NSYNC_ATOMIC_TYPECHECK" is not defined, evaluates to 0 [-Wundef]
   23 | #if NSYNC_ATOMIC_TYPECHECK
      |     ^~~~~~~~~~~~~~~~~~~~~~
/dev/shm/velavision-ort-env3-20260911/google_nsync/public/nsync_atomic.h:33:7: warning: "NSYNC_ATOMIC_C11" is not defined, evaluates to 0 [-Wundef]
   33 | #elif NSYNC_ATOMIC_C11
      |       ^~~~~~~~~~~~~~~~
In file included from /dev/shm/velavision-ort-env3-20260911/google_nsync/public/nsync_time.h:19,
                 from /dev/shm/velavision-ort-env3-20260911/google_nsync/public/nsync_mu_wait.h:67,
                 from /dev/shm/velavision-ort-env3-20260911/google_nsync/public/nsync.h:19:
/dev/shm/velavision-ort-env3-20260911/google_nsync/public/nsync_time_internal.h:36:5: warning: "NSYNC_USE_GPR_TIMESPEC" is not defined, evaluates to 0 [-Wundef]
   36 | #if NSYNC_USE_GPR_TIMESPEC
      |     ^~~~~~~~~~~~~~~~~~~~~~
/dev/shm/velavision-ort-env3-20260911/google_nsync/public/nsync_time_internal.h:67:7: warning: "NSYNC_USE_DEBUG_TIME" is not defined, evaluates to 0 [-Wundef]
   67 | #elif NSYNC_USE_DEBUG_TIME
      |       ^~~~~~~~~~~~~~~~~~~~
[134/138] Linking CXX static library abseil/absl/hash/libabsl_hash.a
[135/138] Linking C static library libk7_libc_time_gate.a
[136/138] Linking CXX static library nsync/libnsync_cpp.a
[137/138] Building CXX object abseil/absl/container/CMakeFiles/absl_raw_hash_set.dir/internal/raw_hash_set.cc.obj
[138/138] Linking CXX static library abseil/absl/container/libabsl_raw_hash_set.a
