
nsh> [K
nsh> [Kk7voice asr-model
TLS_CHECK PASS workers=2 destructors=2 main_value=123
ASR_INFER BEGIN recognizer
ASR_INFER chunk=1 elapsed=21.898
ASR_INFER chunk=2 elapsed=23.183
ASR_INFER chunk=3 elapsed=24.490
ASR_INFER chunk=4 elapsed=25.750
ASR_INFER chunk=5 elapsed=27.012
ASR_INFER chunk=6 elapsed=28.156
ASR_INFER chunk=7 elapsed=29.417
ASR_INFER chunk=8 elapsed=30.678
ASR_INFER chunk=9 elapsed=31.938
ASR_INFER chunk=10 elapsed=33.284
ASR_INFER chunk=11 elapsed=34.429
ASR_INFER chunk=12 elapsed=35.711
ASR_INFER chunk=13 elapsed=36.971
ASR_INFER chunk=14 elapsed=38.293
ASR_INFER chunk=15 elapsed=39.553
ASR_INFER chunk=16 elapsed=40.836
ASR_INFER chunk=17 elapsed=42.097
ASR_INFER RESULT seconds=42.098 text=昨天是 monday today day is 礼拜二 the day after tomorrow 是星期三
ASR_STORAGE peak=468101988 live=0 records=1264 failures=0 reason=0
nsh> [K