
nsh> [K
nsh> [Kk7voice asr-model
TLS_CHECK PASS workers=2 destructors=2 main_value=123
ASR_INFER BEGIN recognizer
ASR_INFER chunk=1 elapsed=22.001
ASR_INFER chunk=2 elapsed=23.286
ASR_INFER chunk=3 elapsed=24.592
ASR_INFER chunk=4 elapsed=25.853
ASR_INFER chunk=5 elapsed=27.114
ASR_INFER chunk=6 elapsed=28.259
ASR_INFER chunk=7 elapsed=29.520
ASR_INFER chunk=8 elapsed=30.781
ASR_INFER chunk=9 elapsed=32.042
ASR_INFER chunk=10 elapsed=33.388
ASR_INFER chunk=11 elapsed=34.533
ASR_INFER chunk=12 elapsed=35.814
ASR_INFER chunk=13 elapsed=37.074
ASR_INFER chunk=14 elapsed=38.394
ASR_INFER chunk=15 elapsed=39.654
ASR_INFER chunk=16 elapsed=40.936
ASR_INFER chunk=17 elapsed=42.196
ASR_INFER RESULT seconds=42.198 text=昨天是 monday today day is 礼拜二 the day after tomorrow 是星期三
ASR_STORAGE peak=468101988 live=0 records=1264 failures=0 reason=0
nsh> [K