
nsh> [K
nsh> [Kk7voice flow-scan
VOICE_PROMPT 你好，我是 openvela，开始为你配置网络
RADIO Wi-Fi RX type=1 id=2 seq=1 len=522
RADIO Wi-Fi cmd=2 seq=1 ack=1 status=0 response=512 ret=0
RADIO Wi-Fi version protocoRADIO Wi-Fi RX type=1 id=1 seq=2 len=244
RADIO Wi-Fi cmd=1 seq=2 ack=1 status=0 response=234 ret=0
RADIO Wi-Fi chip-info bytes: bf 1f 00 00 00 00 00 00 00 00 01 00 00 00 00 00 00 00 1f 08 63 01 00 00 0f 00 ff 00 00 00 ff 00b 16 0c 12 18 24 30 48 60 6c 00 00 00 1f 00 00 00 0c 00 00 01 3 00 00 00 00 00 00 00 00 4e 16 05 00 00 03 00 00 00 00 00 00 00 RADIO Wi-Fi RX type=1 id=50 seq=3 len=10
RADIO Wi-Fi cmd=50 seqRADIO Wi-Fi RX type=1 id=50 seq=4 len=10
RADIO Wi-Fi cmd=50 seq=4 ack=1 status=0 response=0 ret0
RADIO Wi-Fi calibration seq=1=10
RADIO Wi-Fi cmd=50 seq=5 ack=1 status=0 response=0 ret=0
RDIO Wi-Fi RX type=1 id=50 seq=6 len=10
RADIO Wi-Fi cmd=50 seq=6 ack=1 status=0 response=0 ret=0
RADIO Wi-Fi calibration seq=3 bytes=512 end=0 ret=0
RADIO Wi-Fi RX type=1 id=50 seq=7 len=10
RADIO Wi-Fi cmd=50 seq=7 ack=1 status=0 response=0 ret=0
RADIO Wi-Fi calibration seq=RADIO Wi-Fi RX type=1 id=3 seq=8 len=10
RADIO Wi-Fi cmd=3 seq=8 ack=1 status=0 response=0 ret=0
RADIO Wi-Fi RX type=1 id=5 seq=9 len=10
RADIO Wi-Fi cmd=5 seq=9 ack=1 status=0 response=0 ret=0
RADIO Wi-Fi RX type=2 id=11 seq=1 len=335
RADIO Wi-Fi AP 1 band=0 channel=1 RSSI=-65 SSID=Lansee
RADIO Wi-Fi RX type=2 id=11 seq=2 len=348
RADIO Wi-Fi AP 2 band=0 channel=1 RSSI=-65 SSID=Lansee_vistor
RADIO Wi-Fi RX type=2 nd=0 channel=1 RSSI=-68 SSID=Lansee_auto
RADIO Wi-Fi RX type=2 RADIO Wi-Fi RX type=2 id=11 seq=5 len=342
RADIO Wi-Fi AP 4 band=0 channel=1 RSSI=-55 SSID=Lansee_vistor
RADIO Wi-Fi RX type=2 id=11 seq=6 len=342
RADIO Wi-Fi RX type=2 id=11 seq=7 len=340
RADIO Wi-Fi AP 5 band=0 channel=1 RSSI=-54 SSID=LanseRADIO Wi-Fi RX type=2 id=11 seq=10 len=340
RADIO Wi-Fi RX type=2 id=11 seq=11 len=340
RADIO Wi-Fi RX type=2 id=11 seq=12 len=335
RADIO WiRADIO Wi-Fi RX type=2 id=11 seq=14 len=341
RADIO Wi-Fi RX type=2 id=11 seq=15 len=342
RADIO Wi-Fi RX type=2 id=11 seq=16 len=342
RADIO Wi-Fi RX type=2 id=11 seq=17 len=340
RADIO Wi-Fi RX type=2 id=11 seq=18 len=342
RADIO Wi-Fi RX type=2 id=11 seq=19 len=340
RADIO Wi-Fi RX t len=342
RADIO Wi-Fi RX type=2 id=11 seq=22 len=340
RADIO Wi-Fi RX type=2 id=11 seq=23 len=335
RADIO Wi-Fi RX type=2 id=11 seq=24 len=335
RADIO Wi-Fi RX type=2 id=11 seq=25 len=342
RADIO Wi-Fi RX type=2 id=11 seq=26 len=340
RADIO Wi-Fi RX tRADIO Wi-Fi RX type=2 id=11 seq=28 len=342
RADIO Wi-Fi RX type=2 id=11 seq=29 len=340
RADIO Wi-Fi RX type=2 id=11 seq=30 len=340
RADIO Wi-Fi RX type=2 id=11 seq=31 len=335
RADIO Wi-Fi RX type=2 id=11 seq=32 len=342
RADIO Wi-Fi RX type=2 id=11 seq=33 len=340
RADIO Wi-Fi RX type=2 id=11 seq=34 len=335
RADIO Wi-Fi RX type=2 id=11 seq=35 len=342
RADIO Wi-Fi RX type=2 id=11 seq=36 len=335
RADIO Wi-Fi RX type=RADIO Wi-Fi RX type=2 id=11 seq=38 len=348
RADIO Wi-Fi RX type=2 id=11 seq=39 len=346
RADIO Wi-Fi RX type=2 id=11 seq=40 len=341
RADIO Wi-Fi RX type=2 id=11 seq=41 len=342
RADIO Wi-Fi RX type=2 id=11 seq=42 len=340
RADIO Wi-Fi RX type=2 id=11 seq=43 len=342
RADIO Wi-Fi RX type=2 id=11 seq=44 len=340
RADIO Wi-Fi RX type=2 id=11 seq=45 len=335
RADIO Wi-Fi RX type=2 id=11 seq=46 len=335
RADIO Wi-Fi RX type=2 id=11 seq=47 len=335
RADIO Wi-Fi RX type=2 id=11 seq=48 len=342
RADIO Wi-Fi RX type=2 id=11 seq=49 len=340
RADIO Wi-Fi RX type=2 id=11 seq=50 len=348
RADIO Wi-Fi AP 7 band=0 channel=5 RSSI=-78 SSID=Lansee_vistor
RADIO Wi-Fi RX type=2=Lansee_auto
RADIO Wi-Fi RX type=2 id=11 seq=52 len=341
RADIO RADIO Wi-Fi RX type=2 id=11 seq=53 len=348
RADIO Wi-Fi AP 10 band=0 channel=5 RSSI=-68 SSID=Lansee_vistor
RADIO Wi-Fi RX type=Fi AP 11 band=0 channel=5 RSSI=-68 SSID=Lansee_auto
RADIO Wi-Fi RX type=2 id=11 seq=55 len=341
RADIO Wi-Fi AP 12 band=0 channel=5 RSSI=-68 SSID=Lansee
RADIO Wi-Fi RX type=2 id=11 seq=56 len=348
RADIO Wi-Fi AP 13 band=0 channel=5 RSSI=-78 SSID=Lansee_vistor
RADIO Wi-Fi RX type=341
RADIO Wi-Fi AP 14 band=0 channel=5 RSSI=-76 SSID=Lansee
RADIO Wi-Fi RX type=2 id=11 seq=58 len=342
RADIO Wi-Fi RX type=2 id=11 seq=59 len=342
RADIO Wi-Fi RX type=2 id=11 seq=60 len=340
RADIO Wi-Fi RX type=2 id=11 seq=61 len=342
RADIO Wi-Fi RX type=2 id=11 seq=62 len=340
RADIO Wi-Fi RX type=2 id=11 seq=63 len=335
RADIO Wi-Fi RX type=2 id=11 seq=64 len=342
RADIO Wi-Fi RX type=2 id=11 seq=65 len=340
RADIO Wi-Fi RX type=2 id=11 seq=66 len=335
RADIO Wi-Fi RX type=2 id=11 seq=67 len=342
RADIO Wi-Fi RX type=2 id=11 seq=68 len=335
RADIO Wi-Fi RX type=2 id=11 seq=69 len=348
RADIO Wi-Fi AP 15 band=0 channel=9 RSSI=-80 SSID=Lansee_vistor
RADIO Wi-Fi RX type=2 id=11 seq=70 len=346
RADIO Wi-Fi AP 16 band=0 channel=9 RSSI=-79 SSID=Lansee_auto
RADIO Wi-Fi RX type=2 id=11 seq=71 len=341
RADIO Wi-Fi AP 17 band=0 channel=9 RSSI=-7Lansee
RADIO Wi-Fi RX type=2 id=11 seq=72 len=348
RADIO Wi-Fi AP 18 band=0 channel=9 RSSI=-63 SSID=Lansee_vistor
RADIO Wi-Fi RX type=2 id=11 seq=73 len=346
RADIO Wi-Fi AP 19 band=0 channel=9 RSSI=-64 SSID=Lansee_auto
RADIO Wi-Fi RX type=2 id=11 seq=74 len=341
RADIO Wi-Fi AP 20 band=0 channel=9 RSSI=-64 SSID=Lansee
RADIO Wi-Fi RX type=2 id=11 seq=75 len=348
RADIO Wi-Fi AP 21 band=0 channel=9 RSSI=-76 SSID=Lansee_vistor
RADIO Wi-Fi RX type=2 id=11 seq=76 len=346
RADIO Wi-Fi AP 22 band=0 channel=9 RSSI=-78 SSID=Lansee_auto
RADIO Wi-Fi RX type=2 id=11 seq=77 len=341
RADIO Wi-Fi AP 23 band=0 channRADIO Wi-Fi RX type=2 id=11 seq=78 len=346
RADIO Wi-Fi AP 24 band=0 channel=9 RSSI=-76 SSID=Lansee_auto
RADIO Wi-Fi RX type=2 id=11 seq=79 len=342
RADIO Wi-Fi AP 25 band=0 channel=9 RSSI=-73 SSID=Lansee_vistor
RADIO Wi-Fi RX type=2 id=11 seq=80 len=342
RADIO Wi-Fi RX type=2 id=11 seq=81 len=340
RADIO Wi-Fi RX type=2 id=11 seq=82 len=342
RADIO Wi-Fi RX type=2 id=11 seq=83 len=340
RADIO Wi-Fi RX type=2 id=11 seq=84 len=335
RADIO Wi-Fi RX type=2 id=11 seq=85 len=348
RADIO Wi-Fi RX type=2 id=11 seq=86 len=346
RADIO Wi-Fi RX type=2 id=11 seq=87 len=341
RADIO Wi-Fi RX type=2 id=11 seq=88 len=342
RADIO Wi-Fi RX type=2 id=11 seq=89 len=340
RADIO Wi-Fi RX type=2 id=11 seq=90 len=335
RADIO Wi-Fi RX type=2 id=11 seq=91 len=342
RADIO Wi-Fi RX type=2 id=11 seq=92 len=340
RADIO Wi-Fi RX type=2 id=11 seq=93 len=335
RADIO Wi-Fi RX type=2 id=11 seq=94 len=342
RADIO Wi-Fi RX type=2 id=11 seq=95 len=340
RADIO Wi-Fi RX type=2 id=11 seq=96 len=335
RADIO Wi-Fi RX type=2 id=11 seq=97 len=342
RADIO Wi-Fi RX type=2 id=11 seq=98 len=340
RADIO Wi-Fi RX type=2 id=11 seq=99 len=335
RADIO Wi-Fi RX type=2 id=11 seq=100 len=342
RADIO Wi-Fi RX type=2 id=11 seq=101 len=335
RADIO Wi-Fi RX type=2 id=11 seq=102 len=342
RADIO Wi-Fi RX type=2 id=11 seq=103 len=335
RADIO Wi-Fi RX type=2 id=11 seq=104 len=342
RADIO Wi-Fi RX type=2 id=11 seq=105 len=340
RADIO Wi-Fi RX type=2 id=11 seq=106 len=335
RADIO Wi-Fi RX type=2 id=11 seq=107 len=340
RADIO Wi-Fi RX type=2 id=11 seq=108 len=340
RADIO Wi-Fi RX type=2 id=11 seq=109 len=335
RADIO Wi-Fi AP 26 band=0 channel=9 RSSI=-73 SSID=Lansee
RADIO Wi-Fi RX type=2 id=11 seq=110 len=342
RADIO Wi-Fi RX type=2 id=11 seq=111 len=340
RADIO Wi-Fi RX type=2 id=11 seq=112 len=342
RADIO Wi-Fi RX type=2 id=11 seq=113 len=340
RADIO Wi-Fi RX type=2 id=11 seq=114 len=335
RADIO Wi-Fi RX type=2 id=11 seq=115 len=272
RADIO Wi-Fi AP 27 band=0 channel=11 RSSI=-73 SSID=REDMI K80
RADIO Wi-Fi RX type=2 id=11 seq=116 len=266
RADIO Wi-Fi RX type=2 id=11 seq=117 len=266
RADIO Wi-Fi RX type=2 id=11 seq=118 len=266
RADIO Wi-Fi RX type=2 id=11 seq=119 len=266
RADIO Wi-Fi RX type=2 id=11 seq=120 len=266
RADIO Wi-Fi RX type=2 id=11 seq=121 len=266
RADIO Wi-Fi RX type=2 id=11 seq=122 len=272
RADIO Wi-Fi RX type=2 id=11 seq=123 len=272
RADIO Wi-Fi RX type=2 id=11 seq=124 len=348
RADIO Wi-Fi AP 28 band=0 channel=13 RSSI=-87 SSID=Lansee_vistor
RADIO Wi-Fi RX type=2 id=11 seq=125 len=346
RADIO Wi-Fi AP 29 band=0 channel=13 RSSI=-88 SSID=Lansee_auto
RADIO Wi-Fi RX type=2 id=11 seq=126 len=341
RADIO Wi-Fi AP 30 band=0 channel=13 RSSI=-87 SSID=Lansee
RADIO Wi-Fi RX type=2 id=11 seq=127 len=348
RADIO Wi-Fi AP 31 band=0 channel=13 RSSI=-61 SSID=Lansee_vistor
RADIO Wi-Fi RX type=2 id=11 seq=128 len=346
RADIO Wi-Fi AP 32 band=0 channel=13 RSSI=-60 SSID=Lansee_auto
RADIO Wi-Fi RX type=2 id=11 seq=129 len=341
RADIO Wi-Fi AP 33 band=0 annel=13 RSSI=-60 SSID=Lansee
RADIO Wi-Fi RX type=2 id=11 seq=1RADIO Wi-Fi RX type=2 id=11 seq=131 len=348
RADIO Wi-Fi AP 35 band=0 channel=13 RSSI=-68 SSID=Lansee_vistor
RADIO Wi-Fi RX type=2 id=11 seq=132 len=346
RADIO Wi-Fi AP 36 band=0 channel=13 RSSI=-68 SSID=Lansee_auto
RADIO Wi-Fi RX type=2 id=11 seq=133 len=341
RADIO Wi-Fi AP 37 band=0 channel=13 RSSI=-68 SSID=Lansee
RADIO Wi-Fi RX type=2 id=11 seq=134 len=342
RADIO Wi-Fi RX type=2 id=11 seq=135 len=342
RADIO Wi-Fi RX type=2 id=11 seq=136 len=340
RADIO Wi-Fi RX type=2 id=11 seq=137 len=342
RADIO Wi-Fi RX type=2 id=11 seq=138 len=340
RADIO Wi-Fi RX type=2 id=11 seq=139 len=340
RADIO Wi-Fi RX type=2 id=11 seq=140 len=335
RADIO Wi-Fi RX type=2 id=11 seq=141 len=340
RADIO Wi-Fi RX type=2 id=11 seq=142 len=335
RADIO Wi-Fi RX type=2 id=11 seq=143 len=335
RADIO Wi-Fi RX type=2 id=11 seq=144 len=348
RADIO Wi-Fi RX type=2 id=11 seq=145 len=346
RADIO Wi-Fi RX type=2 id=11 seq=146 len=341
RADIO Wi-Fi RX type=2 id=11 seq=147 len=342
RADIO Wi-Fi RX type=2 id=11 seq=148 len=340
RADIO Wi-Fi RX type=2 id=11 seq=149 len=335
RADIO Wi-Fi RX type=2 id=11 seq=150 len=342
RADIO Wi-Fi RX type=2 id=11 seq=151 len=340
RADIO Wi-Fi RX type=2 id=11 seq=152 len=335
RADIO Wi-Fi RX type=2 id=11 seq=153 len=342
RADIO Wi-Fi RX type=2 id=11 seq=154 len=340
RADIO Wi-Fi RX type=2 id=11 seq=155 len=335
RADIO Wi-Fi RX type=2 id=11 seq=156 len=342
RADIO Wi-Fi RX type=2 id=11 seq=157 len=335
RADIO Wi-Fi RX type=2 id=11 seq=158 len=335
RADIO Wi-Fi RX type=2 id=11 seq=159 len=342
RADIO Wi-Fi RX type=2 id=11 seq=160 len=340
RADIO Wi-Fi RX type=2 id=11 seq=161 len=342
RADIO Wi-Fi RX type=2 id=11 seq=162 len=340
RADIO Wi-Fi RX type=2 id=11 seq=163 len=335
RADIO Wi-Fi RX type=2 id=11 seq=164 len=340
RADIO Wi-Fi RX type=2 id=11 seq=165 len=335
RADIO Wi-Fi RX type=2 id=11 seq=166 len=335
RADIO Wi-Fi RX type=2 id=11 seq=167 len=342
RADIO Wi-Fi RX type=2 id=11 seq=168 len=340
RADIO Wi-Fi RX type=2 id=11 seq=169 len=335
RADIO Wi-Fi RX type=2 id=11 seq=170 len=335
RADIO Wi-Fi RX type=2 id=11 seq=171 len=358
RADIO Wi-Fi AP 38 band=1 channel=36 RSSI=-85 SSID=Lansee_vistor
RADIO Wi-Fi RX type=2 id=11 seq=172 len=351
RADIO Wi-Fi AP 39 band=1 channel=36 RSSI=-86 SSID=Lansee
RADIO Wi-Fi RX type=2 id=11 seq=173 len=352
RADIO Wi-Fi AP 40 band=1 channel=36 RSSI=-64 SSID=Lansee_vistor
RADIO Wi-Fi RX type=2 id=11 seq=174 len=345
RADIO Wi-Fi AP 41 band=1 channel=36 RSSI=-64 SSID=Lansee
RADIO Wi-Fi RX type=2 id=11 seq=175 len=352
RADIO Wi-Fi RX type=2 id=11 seq=176 len=345
RADIO Wi-Fi RX type=2 id=11 seq=177 len=352
RADIO Wi-Fi RX type=2 id=11 seq=178 len=352
RADIO Wi-Fi RX type=2 id=11 seq=179 len=345
RADIO Wi-Fi RX type=2 id=11 seq=180 len=345
RADIO Wi-Fi RX type=2 id=11 seq=181 len=352
RADIO Wi-Fi RX type=2 id=11 seq=182 len=352
RADIO Wi-Fi RX type=2 id=11 seq=183 len=345
RADIO Wi-Fi RX type=2 id=11 seq=184 len=345
RADIO Wi-Fi RX type=2 id=11 seq=185 len=352
RADIO Wi-Fi RX type=2 id=11 seq=186 len=345
RADIO Wi-Fi RX type=2 id=11 seq=187 len=352
RADIO Wi-Fi RX type=2 id=11 seq=188 len=345
RADIO Wi-Fi RX type=2 id=11 seq=189 len=352
RADIO Wi-Fi RX type=2 id=11 seq=190 len=352
RADIO Wi-Fi RX type=2 id=11 seq=191 len=345
RADIO Wi-Fi RX type=2 id=11 seq=192 len=345
RADIO Wi-Fi RX type=2 id=11 seq=193 len=352
RADIO Wi-Fi RX type=2 id=11 seq=194 len=345
RADIO Wi-Fi RX type=2 id=11 seq=195 len=352
RADIO Wi-Fi RX type=2 id=11 seq=196 len=352
RADIO Wi-Fi RX type=2 id=11 seq=197 len=345
RADIO Wi-Fi RX type=2 id=11 seq=198 len=345
RADIO Wi-Fi RX type=2 id=11 seq=199 len=352
RADIO Wi-Fi RX type=2 id=11 seq=200 len=352
RADIO Wi-Fi RX type=2 id=11 seq=201 len=345
RADIO Wi-Fi RX type=2 id=11 seq=202 len=345
RADIO Wi-Fi RX type=2 id=11 seq=203 len=358
RADIO Wi-Fi RX type=2 id=11 seq=204 len=351
RADIO Wi-Fi RX type=2 id=11 seq=205 len=358
RADIO Wi-Fi AP 42 band=1 channel=44 RSSI=-73 SSID=Lansee_vistor
RADIO Wi-Fi RX type=2 id=11 seq=206 len=351
RADIO Wi-Fi AP 43 band=1 channel=44 RSSI=-73 SSID=Lansee
RADIO Wi-Fi RX type=2 id=11 seq=207 len=358
RADIO Wi-Fi AP 44 band=1 channel=44 RSSI=-79 SSID=Lansee_vistor
RADIO Wi-Fi RX type=2 id=11 seq=208 len=351
RADIO Wi-Fi AP 45 band=1 channel=44 RSSI=-79 SSID=Lansee
RADIO Wi-Fi RX type=2 id=11 seq=209 len=358
RADIO Wi-Fi AP 46 band=1 channel=44 RSSI=-91 SSID=Lansee_vistor
RADIO Wi-Fi RX type=2 id=11 seq=210 len=351
RADIO Wi-Fi AP 47 band=1 channel=44 RSSI=-91 SSID=Lansee
RADIO Wi-Fi RX type=2 id=11 seq=211 len=358
RADIO Wi-Fi AP 48 band=1 channel=44 RSSI=-59 SSID=Lansee_visto id=11 seq=212 len=351
RADIO Wi-Fi AP 49 band=1 channel=44 RSSI=-58 SSID=Lansee
RADIO Wi-Fi RX type=2 id=11 seq=213 len=358
RADIO Wi-Fi AP 50 band=1 channel=44 RSSI=-74 SSID=Lansee_vistor
RADIO Wi-Fi RX type=2 id=11 seq=214 len=351
RADIO Wi-Fi AP 51 band=1 channel=44 RSSI=-74 SSID=Lansee
RADIO Wi-Fi RX type=2 id=11 seq=215 len=358
RADIO Wi-Fi AP 52 band=1 channel=44 RSSI=-76 SSID=Lansee_vistor
RADIO Wi-Fi RX type=2 id=11 seq=216 len=351
RADIO Wi-Fi AP 53 band=1 channel=44 RSSI=-76 SSID=Lansee
RADIO Wi-Fi RX type=2 id=11 seq=217 len=351
RADIO Wi-Fi AP 54 band=1 channel=44 RSSI=-92 SSID=Lansee
RADIO Wi-Fi RX type=2 id=11 seq=218 len=352
RADIO Wi-Fi RX type=2 id=11 seq=219 len=352
RADIO Wi-Fi RX type=2 id=11 seq=220 len=345
RADIO Wi-Fi RX type=2 id=11 seq=221 len=352
RADIO Wi-Fi RX type=2 id=11 seq=222 len=345
RADIO Wi-Fi RX type=2 id=11 seq=223 len=345
RADIO Wi-Fi RX type=2 id=11 seq=224 len=352
RADIO Wi-Fi RX type=2 id=11 seq=225 len=352
RADIO Wi-Fi RX type=2 id=11 seq=226 len=352
RADIO Wi-Fi RX type=2 id=11 seq=227 len=345
RADIO Wi-Fi RX type=2 id=11 seq=228 len=352
RADIO Wi-Fi RX type=2 id=11 seq=229 len=352
RADIO Wi-Fi RX type=2 id=11 seq=230 len=345
RADIO Wi-Fi RX type=2 id=11 seq=231 len=345
RADIO Wi-Fi RX type=2 id=11 seq=232 len=352
RADIO Wi-Fi RX type=2 id=11 seq=233 len=352
RADIO Wi-Fi RX type=2 id=11 seq=234 len=352
RADIO Wi-Fi RX type=2 id=11 seq=235 len=345
RADIO Wi-Fi RX type=2 id=11 seq=236 len=345
RADIO Wi-Fi RX type=2 id=11 seq=237 len=352
RADIO Wi-Fi RX type=2 id=11 seq=238 len=352
RADIO Wi-Fi RX type=2 id=11 seq=239 len=345
RADIO Wi-Fi RX type=2 id=11 seq=240 len=345
RADIO Wi-Fi RX type=2 id=11 seq=241 len=352
RADIO Wi-Fi RX type=2 id=11 seq=242 len=352
RADIO Wi-Fi RX type=2 id=11 seq=243 len=345
RADIO Wi-Fi RX type=2 id=11 seq=244 len=345
RADIO Wi-Fi RX type=2 id=11 seq=245 len=352
RADIO Wi-Fi RX type=2 id=11 seq=246 len=345
RADIO Wi-Fi RX type=2 id=11 seq=247 len=352
RADIO Wi-Fi AP 55 band=1 channel=44 RSSI=-81 SSID=Lansee
RADIO Wi-Fi RX type=2 id=11 seq=248 len=352
RADIO Wi-Fi RX type=2 id=11 seq=249 len=352
RADIO Wi-Fi RX type=2 id=11 seq=250 len=352
RADIO Wi-Fi AP 56 band=1 channel=44 RSSI=-92 SSID=Lansee_vistor
RADIO Wi-Fi RX type=2 id=11 seq=251 len=345
RADIO Wi-Fi RX type=2 id=11 seq=252 len=352
RADIO Wi-Fi RX type=2 id=11 seq=253 len=345
RADIO Wi-Fi RX type=2 id=11 seq=254 len=352
RADIO Wi-Fi RX type=2 id=11 seq=255 len=352
RADIO Wi-Fi RX type=2 id=11 seq=256 len=345
RADIO Wi-Fi RX type=2 id=11 seq=257 len=345
RADIO Wi-Fi RX type=2 id=11 seq=258 len=345
RADIO Wi-Fi RX type=2 id=11 seq=259 len=350
RADIO Wi-Fi AP 57 band=1 channel=149 RSSI=-88 SSID=Lansee_vistor
RADIO Wi-Fi RX type=2 id=11 seq=260 len=343
RADIO Wi-Fi AP 58 band=1 channel=149 RSSI=-88 SSID=Lansee
RADIO Wi-Fi RX type=2 id=11 seq=261 len=350
RADIO Wi-Fi AP 59 band=1 channel=149 RSSI=-80 SSID=Lansee_vistor
RADIO Wi-Fi RX type=2 id=11 seq=262 len=343
RADIO Wi-Fi AP 60 band=1 channel=149 RSSI=-80 SSID=Lansee
RADIO Wi-Fi RX type=2 id=11 seq=263 len=350
RADIO Wi-Fi AP 61 band=1 channel=149 RSSI=-70 SSID=Lansee_vistor
RADIO Wi-Fi RX type=2 id=11 seq=264 len=343
RADIO Wi-Fi AP 62 band=1 channel=149 RSSI=-70 SSID=Lansee
RADIO Wi-Fi RX type=2 id=11 seq=265 len=344
RADIO Wi-Fi RX type=2 id=11 seq=266 len=344
RADIO Wi-Fi AP 63 band=1 channel=149 RSSI=-48 SSID=Lansee_vistor
RADIO Wi-Fi RX type=2 id=11 seq=267 len=344
RADIO Wi-Fi AP 64 band=1 channel=149 RSSI=-74 SSID=Lansee_vistor
RADIO Wi-Fi RX type=2 id=11 seq=268 len=337
RADIO Wi-Fi RX type=2 id=11 seq=269 len=344
RADIO Wi-Fi RX type=2 id=11 seq=270 len=337
RADIO Wi-Fi RX type=2 id=11 seq=271 len=344
RADIO Wi-Fi RX type=2 id=11 seq=272 len=344
RADIO Wi-Fi RX type=2 id=11 seq=273 len=337
RADIO Wi-Fi RX type=2 id=11 seq=274 len=337
RADIO Wi-Fi RX type=2 id=11 seq=275 len=344
RADIO Wi-Fi RX type=2 id=11 seq=276 len=344
RADIO Wi-Fi RX type=2 id=11 seq=277 len=337
RADIO Wi-Fi RX type=2 id=11 seq=278 len=337
RADIO Wi-Fi RX type=2 id=11 seq=279 len=344
RADIO Wi-Fi RX type=2 id=11 seq=280 len=344
RADIO Wi-Fi RX type=2 id=11 seq=281 len=344
RADIO Wi-Fi RX type=2 id=11 seq=282 len=337
RADIO Wi-Fi RX type=2 id=11 seq=283 len=350
RADIO Wi-Fi RX type=2 id=11 seq=284 len=344
RADIO Wi-Fi RX type=2 id=11 seq=285 len=337
RADIO Wi-Fi RX type=2 id=11 seq=286 len=344
RADIO Wi-Fi RX type=2 id=11 seq=287 len=337
RADIO Wi-Fi RX type=2 id=11 seq=288 len=350
RADIO Wi-Fi RX type=2 id=11 seq=289 len=343
RADIO Wi-Fi RX type=2 id=11 seq=290 len=344
RADIO Wi-Fi RX type=2 id=11 seq=291 len=337
RADIO Wi-Fi RX type=2 id=11 seq=292 len=344
RADIO Wi-Fi RX type=2 id=11 seq=293 len=337
RADIO Wi-Fi RX type=2 id=11 seq=294 len=344
RADIO Wi-Fi RX type=2 id=11 seq=295 len=344
RADIO Wi-Fi RX type=2 id=11 seq=296 len=337
RADIO Wi-Fi RX type=2 id=11 seq=297 len=337
RADIO Wi-Fi RX type=2 id=11 seq=298 len=344
RADIO Wi-Fi RX type=2 id=11 seq=299 len=337
RADIO Wi-Fi RX type=2 id=11 seq=300 len=344
RADIO Wi-Fi RX type=2 id=11 seq=301 len=337
RADIO Wi-Fi RX type=2 id=11 seq=302 len=337
RADIO Wi-Fi RX type=2 id=11 seq=303 len=344
RADIO Wi-Fi RX type=2 id=11 seq=304 len=344
RADIO Wi-Fi RX type=2 id=11 seq=305 len=337
RADIO Wi-Fi RX type=2 id=11 seq=306 len=344
RADIO Wi-Fi RX type=2 id=11 seq=307 len=344
RADIO Wi-Fi RX type=2 id=11 seq=308 len=337
RADIO Wi-Fi RX type=2 id=11 seq=309 len=350
RADIO Wi-Fi RX type=2 id=11 seq=310 len=343
RADIO Wi-Fi RX type=2 id=11 seq=311 len=350
RADIO Wi-Fi RX type=2 id=11 seq=312 len=343
RADIO Wi-Fi RX type=2 id=11 seq=313 len=350
RADIO Wi-Fi RX type=2 id=11 seq=314 len=343
RADIO Wi-Fi RX type=2 id=11 seq=315 len=350
RADIO Wi-Fi RX type=2 id=11 seq=316 len=343
RADIO Wi-Fi RX type=2 id=11 seq=317 len=350
RADIO Wi-Fi RX type=2 id=11 seq=318 len=343
RADIO Wi-Fi RX type=2 id=11 seq=319 len=350
RADIO Wi-Fi RX type=2 id=11 seq=320 len=343
RADIO Wi-Fi RX type=2 id=11 seq=321 len=350
RADIO Wi-Fi RX type=2 id=11 seq=322 len=344
RADIO Wi-Fi RX type=2 id=11 seq=323 len=344
RADIO Wi-Fi RX type=2 id=11 seq=324 len=337
RADIO Wi-Fi RX type=2 id=11 seq=325 len=344
RADIO Wi-Fi RX type=2 id=11 seq=326 len=344
RADIO Wi-Fi RX type=2 id=11 seq=327 len=337
RADIO RADIO Wi-Fi RX type=2 id=11 seq=329 len=337
RADIO Wi-Fi RX typeRADIO Wi-Fi RX type=2 id=11 seq=331 len=344
RADIO Wi-Fi RX type=2 id=11 seq=332 len=337
RADIO Wi-Fi RX type=2 id=11 seq=333 len=344
RADIO Wi-Fi RX type=2 id=11 seq=334 len=344
RADIO Wi-Fi RX type=2 id=11 seq=335 len=337
RADIO Wi-Fi RX type=2 id=11 seq=336 len=337
RADIO Wi-Fi RX type=2 id=11 seq=337 len=344
RADIO Wi-Fi RX type=2 id=11 seq=338 lRADIO Wi-Fi RX type=2 id=11 seq=339 len=337
RADIO Wi-Fi RX type=2 id=11 seq=340 len=337
RADIO RX type=2 id=11 seq=341 len=344
RADIO Wi-Fi RX type=2 id=11 seqRADIO Wi-Fi RX type=2 id=11 seq=343 len=344
RADIO Wi-Fi RX type=2 id=11 seq=344 len=337
RADIO Wi-Fi RX type=2 id=11 seq=345 len=337
RADIO Wi-Fi RX type=2 id=11 seq=346 len=344
RADIO Wi-Fi RX type=2 id=11 seq=347 len=344
RADIO Wi-Fi RX type=2 id=11 seq=348 len=344
RADIO Wi-Fi RX type=2 id=11 seq=349 len=337
RADIO Wi-Fi RX type=2 id=11 seq=350 len=337
RADIO Wi-Fi RX type=2 id=11 seq=351 len=337
RADIO Wi-Fi RX type=2 id=11 seq=352 len=344
RADIO Wi-Fi RX type=2 id=11 seq=353 len=337
RADIO Wi-Fi RX type=2 id=11 seq=354 len=344
RADIO Wi-Fi RX type=2 id=11 seq=355 len=337
RADIO Wi-Fi RX type=2 id=11 seq=356 len=337
RADIO Wi-Fi RX type=2 id=11 seq=357 len=344
RADIO Wi-Fi RX type=2 id=11 seqRADIO Wi-Fi RX type=2 id=11 seq=359 len=337
RADIO Wi-Fi RX type44
RADIO Wi-Fi RX type=2 id=11 seq=361 len=337
RADIO Wi-Fi RX type=2 id=11 seq=362 len=337
RADIO Wi-Fi RX type=2 id=11 seq=36RADIO Wi-Fi RX type=2 id=0 seq=364 len=8
RADIO Wi-Fi RX type=1 id=4 seq=10 len=10
RADIO Wi-Fi cmd=4 seq=10 ack=1 status=0 response=0 ret=0
RADIO Wi-Fi passive scan reports=363 unique=64 done=1 ret=0 stop=0 close=0; network_connected=0
VOICE_PROMPT 发现以下网络。网络一，Lansee_vistor。网络二，Lansee_auto。网络三，Lansee。网络四，REDMI KVOICE_FLOW state=2 grammar=1 count=4
nsh> [K