
nsh> [Kk7sound tone-max
AUDIO_IO reset12=00000000 gate11=00000000 gate12=00000000 gate18=00000000 mux=00000000 source=00000000
AUDIO_IO con=00060300 ien=00000000 gpilatform_result=0 version=23073576 repair=fdffffff ack=00000001 idle=00000001
SOUND mclkout before=0000001f after=0000001d
SOUND codec_prepare=0 state=2
SOUND adc_variant=0 settle_ms=0
SOUND playback_gain_db=24 dac_attenuation_db=0 maximum=1
SOUND experiment clear=0 reset=0 clockwait20=0
SOUND slot_mask offset=3c value=00000000
SOUND slot_mask offset=40 value=000000lue=00000000
SOUND slot_mask offset=50 value=00000000
SOUND sl
SOUND fifo first=00000208 last=00000000 TXCR=00500fff RXCR=00700101f03f CKR=00000018
SOUND codec reg=00 value=36
SOUND codec 00
SOUND codec reg=04 value=0c
SOUND codec reg=05 value=00
SO=08 value=00
SOUND codec reg=09 value=44
SOUND codec reg=0a vaalue=20
SOUND codec reg=18 value=02
SOUND codec reg=19 value=02
SOUND codec reg=1a value=00
SOUND codec reg=1b value=00
SOUOUND codec reg=30 value=21
SOUND codec reg=31 value=21
SOUND i0000e4 gpio_high=50379 transitions=0 samples=50379
SOUND pad ti complete=1
SOUND pad channel=0 high=24719 changes=37814
SOUNDSOUND result=0 codec_stop=0 platform_restore=0 i2c_restore=0 amp_low=1
nsh> [K