
nsh> [Kk7sound replay-max
AUDIO_IO reset12=00000000 gate11=00000000 gate12=00000000 gate18=00000000 mux=00000000 source=00000000
AUDIO_IO con=00060300 ien=00000000 gpio_version=010219c8 gpio_input=014d3050
SOUND platform_result=0 version=23073576 repair=fdffffff ack=00000001 idle=00000001
SOUND mclkout before=0000001f after=0000001d
SOUND codec_prepare=0 state=2
SOUND adc_variant=0 settle_ms=0
SOUND playback_gain_db=24 dac_attenuation_db=0 maximum=1
SOUND experiment clear=0 reset=0 clockwait20=0
SOUND slot_mask offset=3c value=00000000
SOUND slot_mask offset=40 value=0000000
SOUND slot_mask offset=48 value=00000000
SOUND slot_mask off000 polls=1285133 stop=0 held=0 max_fifo=16
SOUND fifo first=00000208 last=00000000 TXCR=00500fff RXCR=00700fff FSCR=0101f03f C value=00
SOUND codec reg=03 value=00
SOUND codec reg=04 valuec reg=06 value=00
SOUND codec reg=07 value=7c
SOUND codec reg=44
SOUND codec reg=0a value=f0
SOUND codec reg=0b value=82
SO codec reg=19 value=02
SOUND codec reg=1a value=00
SOUND codec codec reg=27 value=b8
SOUND codec reg=2a value=b8
SOUND codec31 value=21
SOUND input pull=00005515 schmitt=000000ff path=000x_gap=35 counter_hz=24000000 complete=1
SOUND pad channel=0 hig65 changes=0
SOUND result=0 codec_stop=0 platform_restore=0 i2c_restore=0 amp_low=1
nsh> [K