=> crc32 40c00800 6e9d570
crc32 for 40c00800 ... 47a9dd6f ==> 2bbc24df
=> crc32 90000000 44b0310
crc32 for 90000000 ... 944b030f ==> 2af64aa7
=> crc32 86000000 3e7da30
crc32 for 86000000 ... 89e7da2f ==> b5f7ae2d
=> cp.b 40c00800 80000000 400000
=> cp.b 41000800 80400000 400000
=> cp.b 41400800 80800000 400000
=> cp.b 41800800 80c00000 400000
=> cp.b 41c00800 81000000 400000
=> cp.b 42000800 81400000 400000
=> cp.b 42400800 81800000 400000
=> cp.b 42800800 81c00000 400000
=> cp.b 42c00800 82000000 400000
=> cp.b 43000800 82400000 400000
=> cp.b 43400800 82800000 400000
=> cp.b 43800800 82c00000 400000
=> cp.b 43c00800 83000000 400000
=> cp.b 44000800 83400000 400000
=> cp.b 44400800 83800000 400000
=> cp.b 44800800 83c00000 400000
=> cp.b 44c00800 84000000 400000
=> cp.b 45000800 84400000 400000
=> cp.b 45400800 84800000 400000
=> cp.b 45800800 84c00000 400000
=> cp.b 45c00800 85000000 400000
=> cp.b 46000800 85400000 400000
=> cp.b 46400800 85800000 400000
=> cp.b 46800800 85c00000 400000
=> crc32 80000000 9e7da30
crc32 for 80000000 ... 89e7da2f ==> b20f998f
=> cp.b 46c00800 40400000 400000
=> cp.b 47000800 40800000 400000
=> cp.b 47400800 40c00000 400000
=> cp.b 47800800 41000000 29d570
=> crc32 40400000 e9d570
crc32 for 40400000 ... 4129d56f ==> a62378c4
=> md.l 48300000 1
48300000: edfe0dd0                               ....
=> booti 40400000 - 48300000
Fdt Ramdisk skip relocation
## Flattened Device Tree blob at 0x48300000
   Booting using the fdt blob at 0x48300000
   Using Device Tree in place at 0000000048300000, end 0000000048326532
No resource file: logo_kernel.bmp
VP0 fail to load kernel logo
## reserved-memory:
  ramoops@40110000: addr=40110000 size=e0000
Adding bank: 0x40200000 - 0x48400000 (size: 0x08200000)
Adding bank: 0x49400000 - 0x100000000 (size: 0xb6c00000)
Adding bank: 0x100000000 - 0x140000000 (size: 0x40000000)
Total: 53265.137/53617.814 ms

Starting kernel ...

- Ready to Boot Primary CPU
RK3576 HCR_EL2=0000000008000032
RK3576 SCTLR_EL1=0000000030d00800
- Boot from EL2
- Boot from EL1
- Boot to C runtime for OS Initialize
[CPU0] arm64_chip_boot: RK3576: MMU enabled
[CPU0] rk3576_uart6_initialize: UART6 M0: 115200 8N1, internal loopback PASS, IRQ114 ttyS1
I/TC: Secondary CPU 1 initializing
I/TC: Secondary CPU 1 switching to normal world boot

NutI/TC: Secondary CPU 4 initializing
tIS/TC: Secondary CPU 4 switching to normal world boot
- ReadI/TC: Secondary CPU 2 initializing
y t- oI/TC: Secondary CPU 2 switching to normal wodary CPU 5 initializing
-St eoc BRoneoodad tyC P SteUoco I/TC:3 initializing
R-eHcKC Ro3R_e5ndaE7I/TC: Secondary CPU 3 switchRBEI/TC: Secondary CPU 6 initializing
o0-LK302ot =05 0R70I/TC: ing to normal world boot
eS00ea060d0c0o0y 0I/TC: Secondary CPU 7 initializing
H0- n0t 00dRo00 I/TC: Secondary CPU 7 switching to normal world boot
C0 CeaB0P0 t
R 2tR0oK=KS00e 33005cB5o70o
70noR66K0 t3H- 0 SS0dC 57eR R0CC0_eT6c0oEaL dSP0nLRUC20yd0=_  TCL
E00t0LPRRo0_01 UK230=EB
0o0L
510R0oRtK070= 3000K600 S03505H70e00c7C600 006oR0 H0n030d_0CS0 R0d0EC0CT0_L30PL02ER
d=LU8_02R=KE000
80LR030050K10700
0=30-00650007 
 B60-0S0o 0C0 000TH0BooLC0t00R0R0o 0t00_f0_rE3E00 0o0LfLr1m00022== 0do0E00m0 00L
0
080C0TtT0L 08LfR00R0_0r_oEm
E
LR L1-E1 K=BL03=0o527o00t6
00 00 0fS0Cr00To00m3L00R d_E030LE20L0d8100=
00000
-0800 B000oo03
t0-  dfBr0oo08om0 tE0 fL2
r-
o Bmo oEtL 2f
rom EL2
hell (NSH)
nsh> [K- Boot from EL1
- Boot from EL1
- Boot from EL1
- Boot from EL1
- Boot from EL1
- Boot from EL1
- Boot from EL1
- Boot to C runtime for OS Initialize
- Boot to C runtime for OS Initialize
- Boot to C runtime for OS Initialize
- Boot to C runtime for OS Initialize
- Boot to C runtime for OS Initialize
- Boot to C runtime for OS-  IBniotoit altio zCe r
untime for OS Initialize
