
nsh> [K
COMMAND k7sound capture-pga24-rx4 3200
k7sound capture-pga24-rx4 3200
AUDIO_IO reset12=00000000 gate11=00000000 gate12=00000000 gate18=00000000 mux=00000000 source=00000000
AUDIO_IO con=00060300 ieput=014d3050
SOUND platform_result=0 version=23073576 repair=fdffffff ack=00000001 idle=00000001
SOUND mclkout before=0000001fSOUND codec_prepare=0 state=2
SOUND adc_variant=24 settle_ms=1000
SOUND playback_gain_db=0 dac_attenuation_db=24 maximum=0
SOUND experiment clear=0 reset=0 clockwait20=0
SOUND slot_mask offset=3c value=00000000
SOUND slot_mask offset=40 value=00000000
SOUND slot_mask offset=44 value=00000000
SOUND slot_mask offset=48 value=00000000
SOUND slot_mask offset=4c value=00000000
SOUND slot_mask offset=50 value=00000000
SOUND slot_mask offset=54 value=00000000
SOUND slot_mask offset=58 value=00000000
SOUND pio=0 frames=3200 polls=26547 stop=0 held=0 max_fifo=5
SOUND fifo first=00000000 last=00000041 TXCR=00000fff RXCR=00700fff FSCR=0101f03f CKR=00000018
SOUND trace start=309344769 end=309378213 started=1 count=32
SOUND trace_init index=0 value=00000000 rc=0
SOUND trace_init index=1 value=00000002 rc=0
SOUND trace_init index=2 value=00700fff rc=0
SOUND trace_init index=3 value=0000e4e4 rc=0
SOUND trace_init index=4 value=00000000 rc=0
SOUND trace_init index=5 value=0000000b rc=0
SOUND trace_word index=0 us=309344896 before=00041041 word=ffffffff after=00041040 rc=0,0,0
SOUND trace_word index=1 us=309344898 before=00041040 word=00000000 after=00041040 rc=0,0,0
SOUND trace_word index=2 us=309344900 before=00041040 word=00000000 after=00041000 rc=0,0,0
SOUND trace_word index=3 us=309344902 before=00041000 word=00000000 after=00041000 rc=0,0,0
SOUND trace_word index=4 us=309344905 before=00041000 word=00000000 after=00040000 rc=0,0,0
SOUND trace_word index=5 us=309344907 before=00040000 word=00000000 after=00040000 rc=0,0,0
SOUND trace_word index=6 us=309344926 before=00081041 word=0000000ace_word index=7 us=309344928 before=00041041 word=00000000 afte_word index=8 us=309344931 before=00001041 word=00000000 after=0re=00001040 word=00000000 after=00001040 rc=0,0,0
SOUND trace_w000000 after=00001000 rc=0,0,0
SOUND trace_word index=12 us=309before=00042041 word=00000000 after=00041041 rc=0,0,0
SOUND tra0,0
SOUND trace_word index=14 us=309344962 before=00040041 wordx=15 us=309344964 before=00000041 word=00000000 after=00000041 rc=0,0,0
SOUND trace_word index=17 us=309344968 before=00000040  trace_word index=18 us=309344989 before=00041081 word=00000000 19 us=309344991 before=00041041 word=00000000 after=00041001 rc=0,0,0
SOUND trace_word index=20c=0,0,0
SOUND trace_word index=21 us=309344995 before=00040001 word=00000000 after=00040001 rc=0,0,0
SOUND trace_word index=22 us=309344998 before=00040001 word=00000000 after=00000001 rc=0,0,0
SOUND trace_word index=23 us=309345000 before=00000001 word=00000000 after=00000001 rc=0,0,0
SOUND trace_word index=24 us=309345020 before=00041042 word=ffffffff after=00041041 rc=0,0,0
SOUND trace_word index=25 us=309345022 before=00041041 word=ffffffff after=00041040 rc=0,0,0
SOUND trace_word index=26 us=309345025 before=00041040 word=00000000 after=00041000 rc=0,0,0
SOUND trace_word index=27 us=309345026 before=00041000 word=00000000 after=00041000 rc=0,0,0
SOUND trace_word index=28 us=309345029 before=00041000 word=00000000 after=00040000 rc=0,0,0
SOUND trace_word index=29 us=309345031 before=00040000 word=00000000 after=00040000 rc=0,0,0
SOUND trace_word index=30 us=309345052 before=00081041 word=00000000 after=00041041 rc=0,0,0
SOUND trace_word index=31 us=309345053 before=00041041 word=00000000 after=00001041 rc=0,0,0
SOUND codec reg=00 value=36
SOUND codec reg=01 value=60
SOUND codec reg=02 value=00
SOUND codec reg=03 value=00
SOUND codec reg=04 value=g=05 value=00
SOUND codec reg=06 value=00
SOUND codec reg=07 vND codec reg=0d value=02
SOUND codec reg=0f value=20
SOUND cod7 value=b8
SOUND codec reg=2a value=b8
SOUND codec reg=2b valu14
SOUND codec reg=31 value=14
SOUND input pull=00005515 schmiransitions=0 samples=50393
SOUND pad ticks=480004 max_gap=35 cohigh=25364 changes=40918
SOUND pad channel=2 high=25244 changesight_nonzero=266
SOUND result=0 codec_stop=0 platform_restore=0 i2c_restore=0 amp_low=1
nsh> [K
COMMAND k7sound capture-pga24-rx4-all 3200
k7sound capture-pga24-rx4-all 3200
AUDIO_IO reset12=00000000 gate11=00000000 gate12=00000000 gate18=00000000 mux=00000000 source=00000000
AUDIO_IO con=00060300 ien=00000000 gpio_version=010219c8 gpio_input=034d3050
SOUND =23073576 repair=fdffffff ack=00000001 idle=00000001
SOUND mclk0001d
SOUND codec_prepare=0 state=2
SOUND adc_variant=24 settle_ms=1000
SOUND playback_gain_db=0 dac_attenuation_db=24 maximum=0
SOUND experiment clear=0 reset=0 clockwait20=0
SOUND slot_mask offset=3c value=00000000
SOUND slot_mask offset=40 value=000000UND slot_mask offset=48 value=00000000
SOUND slot_mask offset=454 value=00000000
SOUND slot_mask offset=58 value=00000000
SOUo=5
SOUND fifo first=00000000 last=00000041 TXCR=00000fff RXCR=00700fff FSCR=0101f03f CKR=00000018
SOUND trace start=310563759 end=310597144 started=1 count=32
SOUND trace_init index=0 value=00000000 rc=0
SOUND trace_init index=1 value=00000002 rc=0
SOUND trace_init index=2 value=00700fff rc=0
SOUND trace_init index=3 value=000000e4 rc=0
SOUND trace_init index=4 value=00000000 rc=0
SOUND trace_init index=5 value=0000000b rc=0
SOUND trace_word index=0 us=310563827 before=00041041 word=ffffffff after=00041040 rc=0,0,0
SOUND trace_word index=1 us=310563829 before=00041040 word=00000000 after=00041040 rc=0,0,0
SOUND trace_word index=2 us=310563832 before=00041040 word=ffffffff after=00041000 rc=0,0,0
SOUND trace_word index=3 us=310563833 before=00041000 word=00000000 after=00041000 rc=0,0,0
SOUND trace_word index=4 us=310563836 before=00041000 word=ffffffff after=00040000 rc=0,0,0
SOUND trace_word index=5 us=310563838 before=00040000 word=00000000 after=00040000 rc=0,0,0
SOUND trace_word index=6 us=310563859 before=00081041 word=ffffffff after=00041041 rc=0,0,0
SOUND trace_word index=7 us=310563861 before=00041041 word=ffffffff after=00001041 rc=0,0,0
SOUND trace_word index=8 us=310563863 before=00001041 word=00000000 after=00001040 rc=0,0,0
SOUND trace_word index=9 us=310563865 before=00001040 word=00000000 310563868 before=00001040 word=00000000 after=00001000 rc=0,0,0 trace_word index=11 us=310563869 before=00001000 word=00000000 41 word=ffffffff after=00041041 rc=0,0,0
SOUND trace_word index041 rc=0,0,0
SOUND trace_word index=14 us=310563895 before=00046 us=310563899 before=00000041 word=00000000 after=00000040 rc=0,0,0
SOUND trace_word index=17 us=310563901 before=00000040 word=00000000 after=00000040 rc=0,0,0
SOUND trace_word index=18 us=310563922 before=00041081 word=ffffffff after=00041041 rc=0,0,0
SOUND trace_word index=19 us=310563923 before=00041041 word=ff rc=0,0,0
SOUND trace_word index=20 us=310563926 before=00041000,0
SOUND trace_word index=21 us=310563928 before=00040001 word=00000000 after=00040001 rc=0,0,0
SOUND trace_word index=22 us=310563931 before=00040001 word=ffffffff after=00000001 rc=0,0,0
SOUND trace_word index=23 us=310563932 before=00000001 word=00000000 after=00000001 rc=0,0,0
SOUND trace_word index=24 us=310563953 before=00041042 word=ffffffff after=00041041 rc=0,0,0
SOUND trace_word index=25 us=310563955 before=00041041 word=ffffffff after=00041040 rc=0,0,0
SOUND trace_word index=26 us=310563957 before=00041040 word=ffffffff after=00041000 rc=0,0,0
SOUND trace_word index=27 us=310563959 before=00041000 word=00000000 after=00041000 rc=0,0,0
SOUND trace_word index=28 us=310563962 before=00041000 word=ffffffff after=00040000 rc=0,0,0
SOUND tracere=00040000 word=00000000 after=00040000 rc=0,0,0
SOUND trace_word index=30 us=310563984 before=00081041 word=ffffffff after=00041041 rc=0,0,0
SOUND trace_word index=31 us=310563986 before=00041041 word=ffffffff after=00001041 rc=0,0,0
SOUND codec reg=0SOUND codec reg=01 value=60
SOUND codec reg=02 value=00
SOUND codec reg=03 value=00
SOUND codec reg=04 value=0c
SOUND codec reg=05 value=00
SOUND codec reg=06 value=00
SOUND codec reg=07 value=7c
SOUND codec reg=08 value=00
SOUND codec reg=09 value=88
SOUND codec reg=0a value=f0
SOUND codec reg=0b value=82
SOUND codec reg=0c value=10
SOUND codec reg=0d value=02
SOUND clue=20
SOUND codec reg=17 value=20
SOUND codec reg=18 value=02
SOUND codec reg=19 value=06
SOUND codec reg=1a value=30
SOUND codec reg=1b value=30
SOUND codec reg=27 value=b8
SOUND codec reg=2a value=b8
SOUND codec reg=2b value=80
SOUND codec reg=30 value=14
SOUND codec reg=31 value=14
SOUND input pull=00005515 schmitt=000000ff path=000000e4 gpio_high=50407 transitions=0 samples=50407
SOUND pad ticks=480004 max_gap=35 counter_hz=24000000 complete=1
SOUND pad channel=0 high=24839 changes=37915
SOUND pad channel=1 high=25425 changes=40920
SOUND pad channel=2 high=25252 changes=640
SOUND pad channel=3 high=50407 changes=0
SOUND pcm left_min=-1 left_max=0 left_nonzero=2400 right_min=-1 right_max=0 right_nonzero=1843
SOUND result=0 codec_stop=0 platform_restore=0 i2c_restore=0 amp_low=1
nsh> [K