loading initial cache file /dev/shm/velavision-sherpa-asr-20260911/candidate/asr-initial-cache.cmake
-- The C compiler identification is GNU 13.4.0
-- The CXX compiler identification is GNU 13.4.0
System is unknown to cmake, create:
Platform/NuttX to use this system, please post your config file on discourse.cmake.org so it can be added to cmake
-- Detecting C compiler ABI info
System is unknown to cmake, create:
Platform/NuttX to use this system, please post your config file on discourse.cmake.org so it can be added to cmake
-- Detecting C compiler ABI info - done
-- Check for working C compiler: /home/swl/openvela/prebuilts/gcc/linux-x86_64/aarch64-none-elf/bin/aarch64-none-elf-gcc - skipped
-- Detecting C compile features
-- Detecting C compile features - done
-- Detecting CXX compiler ABI info
System is unknown to cmake, create:
Platform/NuttX to use this system, please post your config file on discourse.cmake.org so it can be added to cmake
-- Detecting CXX compiler ABI info - done
-- Check for working CXX compiler: /home/swl/openvela/prebuilts/gcc/linux-x86_64/aarch64-none-elf/bin/aarch64-none-elf-g++ - skipped
-- Detecting CXX compile features
-- Detecting CXX compile features - done
-- CMAKE_BUILD_TYPE: MinSizeRel
-- CMAKE_INSTALL_PREFIX: /usr/local
-- BUILD_SHARED_LIBS OFF
-- SHERPA_ONNX_ENABLE_PYTHON OFF
-- SHERPA_ONNX_ENABLE_TESTS OFF
-- SHERPA_ONNX_ENABLE_CHECK OFF
-- SHERPA_ONNX_ENABLE_PORTAUDIO OFF
-- SHERPA_ONNX_ENABLE_JNI OFF
-- SHERPA_ONNX_ENABLE_C_API ON
-- SHERPA_ONNX_ENABLE_WEBSOCKET OFF
-- SHERPA_ONNX_ENABLE_GPU OFF
-- SHERPA_ONNX_ENABLE_WASM OFF
-- SHERPA_ONNX_ENABLE_WASM_SPEAKER_DIARIZATION OFF
-- SHERPA_ONNX_ENABLE_WASM_TTS OFF
-- SHERPA_ONNX_ENABLE_WASM_ASR OFF
-- SHERPA_ONNX_ENABLE_WASM_KWS OFF
-- SHERPA_ONNX_ENABLE_WASM_VAD OFF
-- SHERPA_ONNX_ENABLE_WASM_VAD_ASR OFF
-- SHERPA_ONNX_ENABLE_WASM_NODEJS OFF
-- SHERPA_ONNX_ENABLE_WASM_SPEECH_ENHANCEMENT OFF
-- SHERPA_ONNX_ENABLE_BINARY OFF
-- SHERPA_ONNX_ENABLE_TTS OFF
-- SHERPA_ONNX_ENABLE_SPEAKER_DIARIZATION OFF
-- SHERPA_ONNX_LINK_LIBSTDCPP_STATICALLY OFF
-- SHERPA_ONNX_USE_PRE_INSTALLED_ONNXRUNTIME_IF_AVAILABLE ON
-- SHERPA_ONNX_ENABLE_SANITIZER: OFF
-- SHERPA_ONNX_BUILD_C_API_EXAMPLES: OFF
-- SHERPA_ONNX_ENABLE_RKNN: OFF
-- SHERPA_ONNX_LINK_D3D: OFF
CMake Warning at CMakeLists.txt:209 (message):
  TTS is disabled


CMake Warning at CMakeLists.txt:217 (message):
  speaker diarization is disabled


-- DirectML is disabled
-- C++ Standard version: 17
-- Looking for C++ include cxxabi.h
System is unknown to cmake, create:
Platform/NuttX to use this system, please post your config file on discourse.cmake.org so it can be added to cmake
-- Looking for C++ include cxxabi.h - found
-- Looking for C++ include execinfo.h
System is unknown to cmake, create:
Platform/NuttX to use this system, please post your config file on discourse.cmake.org so it can be added to cmake
-- Looking for C++ include execinfo.h - found
-- CMAKE_SOURCE_DIR: /dev/shm/velavision-sherpa-asr-20260911/sherpa
-- CMAKE_BINARY_DIR: /dev/shm/velavision-sherpa-asr-20260911/build
-- PROJECT_SOURCE_DIR: /dev/shm/velavision-sherpa-asr-20260911/sherpa
-- PROJECT_BINARY_DIR: /dev/shm/velavision-sherpa-asr-20260911/build
-- CMake version: 3.28.3
-- CMAKE_SYSTEM: NuttX
-- CMAKE_SYSTEM_NAME: NuttX
-- CMAKE_SYSTEM_VERSION: 
-- CMAKE_SYSTEM_PROCESSOR: aarch64
-- sherpa-onnx git sha1: 
-- sherpa-onnx git date: 
-- OS used to build sherpa-onnx: Unknown
-- C++ compiler: /home/swl/openvela/prebuilts/gcc/linux-x86_64/aarch64-none-elf/bin/aarch64-none-elf-g++
-- C++ compiler ID: GNU
-- C++ compiler version: 13.4.0
-- C compiler: /home/swl/openvela/prebuilts/gcc/linux-x86_64/aarch64-none-elf/bin/aarch64-none-elf-gcc
-- C compiler ID: GNU
-- C compiler version: 13.4.0
-- Downloading kaldi-native-fbank from https://github.com/csukuangfj/kaldi-native-fbank/archive/refs/tags/v1.22.1.tar.gz
-- kaldi-native-fbank is downloaded to /dev/shm/velavision-sherpa-asr-20260911/sources/kaldi-native-fbank
-- kaldi-native-fbank's binary dir is /dev/shm/velavision-sherpa-asr-20260911/build/_deps/kaldi_native_fbank-build
-- CMAKE_BUILD_TYPE: MinSizeRel
-- CMAKE_EXPORT_COMPILE_COMMANDS: ON
-- BUILD_SHARED_LIBS: OFF
-- KALDI_NATIVE_FBANK_BUILD_TESTS: OFF
-- KALDI_NATIVE_FBANK_BUILD_PYTHON: OFF
-- KALDI_NATIVE_FBANK_ENABLE_CHECK: OFF
-- KALDI_NATIVE_FBANK_ENABLE_CHECK: OFF
-- CMAKE_CXX_FLAGS: -D__NuttX__ -I/home/swl/openvela/apps/include -I/dev/shm/velavision_audio_sound_20260910/apps/include -I/home/swl/openvela/apps/examples/voicelink/include -I/home/swl/openvela/apps/examples/voicelink/src -I/home/swl/openvela/apps/examples/voicelink/../k7radio -I/dev/shm/velavision_audio_sound_20260910/include/libcxx -I/dev/shm/velavision_audio_sound_20260910/include/libcxx_config -I/home/swl/openvela/nuttx/libs/libxx/libcxx/libcxx/test/support -I/home/swl/openvela/nuttx/libs/libxx/libcxx/libcxx/src -I/dev/shm/velavision_audio_sound_20260910/include/libcxxabi -I/home/swl/openvela/apps/frameworks/security/include -isystem /home/swl/openvela/nuttx/include -isystem /dev/shm/velavision_audio_sound_20260910/include -march=armv8-a -mtune=cortex-a53 -Os -fno-strict-aliasing -fno-omit-frame-pointer -D_LDBL_EQ_DBL -fno-common -Wall -Wshadow -Wundef -Wno-attributes -Wno-unknown-pragmas -nostdinc++ -Wno-psabi -std=gnu++17 -ffunction-sections -fdata-sections -g3 -Wno-alloc-size-larger-than -Wno-stringop-overflow -fdiagnostics-color=always -fmacro-prefix-map=/home/swl/openvela/nuttx= -fmacro-prefix-map=/home/swl/openvela/apps= -fmacro-prefix-map=/home/swl/openvela/nuttx/boards/arm64/rk3576/kickpi_k7= -fmacro-prefix-map=/home/swl/openvela/nuttx/arch/arm64/src/rk3576= -DCONFIG_ALLOW_MIT_COMPONENTS=1
-- CMAKE_INSTALL_PREFIX: /usr/local
-- Looking for C++ include cxxabi.h
System is unknown to cmake, create:
Platform/NuttX to use this system, please post your config file on discourse.cmake.org so it can be added to cmake
-- Looking for C++ include cxxabi.h - found
-- Looking for C++ include execinfo.h
System is unknown to cmake, create:
Platform/NuttX to use this system, please post your config file on discourse.cmake.org so it can be added to cmake
-- Looking for C++ include execinfo.h - found
-- Downloading kissfft from https://github.com/mborgerding/kissfft/archive/febd4caeed32e33ad8b2e0bb5ea77542c40f18ec.zip
-- kissfft is downloaded to /dev/shm/velavision-sherpa-asr-20260911/sources/kissfft
-- kissfft's binary dir is /dev/shm/velavision-sherpa-asr-20260911/build/_deps/kissfft-build
-- Building KissFFT with datatype: float
-- Building static library
-- PKGINCLUDEDIR is /kissfft
-- Disable building Python
-- Downloading kaldi-decoder from https://github.com/k2-fsa/kaldi-decoder/archive/refs/tags/v0.2.10.tar.gz
-- kaldi-decoder is downloaded to /dev/shm/velavision-sherpa-asr-20260911/sources/kaldi-decoder
-- kaldi-decoder's binary dir is /dev/shm/velavision-sherpa-asr-20260911/build/_deps/kaldi_decoder-build
-- CMAKE_BUILD_TYPE: MinSizeRel
-- Downloading kaldifst from https://github.com/k2-fsa/kaldifst/archive/refs/tags/v1.7.17.tar.gz
-- kaldifst is downloaded to /dev/shm/velavision-sherpa-asr-20260911/sources/kaldifst
-- kaldifst's binary dir is /dev/shm/velavision-sherpa-asr-20260911/build/_deps/kaldifst-build
-- CMAKE_BUILD_TYPE: MinSizeRel
-- CMAKE_BUILD_TYPE: MinSizeRel
-- CMAKE_INSTALL_PREFIX: /usr/local
-- BUILD_SHARED_LIBS OFF
-- C++ Standard version: 17
-- CMAKE_CXX_FLAGS: -D__NuttX__ -I/home/swl/openvela/apps/include -I/dev/shm/velavision_audio_sound_20260910/apps/include -I/home/swl/openvela/apps/examples/voicelink/include -I/home/swl/openvela/apps/examples/voicelink/src -I/home/swl/openvela/apps/examples/voicelink/../k7radio -I/dev/shm/velavision_audio_sound_20260910/include/libcxx -I/dev/shm/velavision_audio_sound_20260910/include/libcxx_config -I/home/swl/openvela/nuttx/libs/libxx/libcxx/libcxx/test/support -I/home/swl/openvela/nuttx/libs/libxx/libcxx/libcxx/src -I/dev/shm/velavision_audio_sound_20260910/include/libcxxabi -I/home/swl/openvela/apps/frameworks/security/include -isystem /home/swl/openvela/nuttx/include -isystem /dev/shm/velavision_audio_sound_20260910/include -march=armv8-a -mtune=cortex-a53 -Os -fno-strict-aliasing -fno-omit-frame-pointer -D_LDBL_EQ_DBL -fno-common -Wall -Wshadow -Wundef -Wno-attributes -Wno-unknown-pragmas -nostdinc++ -Wno-psabi -std=gnu++17 -ffunction-sections -fdata-sections -g3 -Wno-alloc-size-larger-than -Wno-stringop-overflow -fdiagnostics-color=always -fmacro-prefix-map=/home/swl/openvela/nuttx= -fmacro-prefix-map=/home/swl/openvela/apps= -fmacro-prefix-map=/home/swl/openvela/nuttx/boards/arm64/rk3576/kickpi_k7= -fmacro-prefix-map=/home/swl/openvela/nuttx/arch/arm64/src/rk3576= -DCONFIG_ALLOW_MIT_COMPONENTS=1
-- Downloading openfst from https://github.com/csukuangfj/openfst/archive/refs/tags/sherpa-onnx-2024-06-19.tar.gz
-- openfst is downloaded to /dev/shm/velavision-sherpa-asr-20260911/sources/openfst
CMake Deprecation Warning at /dev/shm/velavision-sherpa-asr-20260911/sources/openfst/CMakeLists.txt:15 (cmake_minimum_required):
  Compatibility with CMake < 3.5 will be removed from a future version of
  CMake.

  Update the VERSION argument <min> value or use a ...<max> suffix to tell
  CMake that the project does not need compatibility with older versions.


-- Downloading eigen from https://gitlab.com/libeigen/eigen/-/archive/3.4.0/eigen-3.4.0.tar.gz
-- eigen is downloaded to /dev/shm/velavision-sherpa-asr-20260911/sources/eigen
-- eigen's binary dir is /dev/shm/velavision-sherpa-asr-20260911/build/_deps/eigen-build
-- Performing Test EIGEN_COMPILER_SUPPORT_CPP11
System is unknown to cmake, create:
Platform/NuttX to use this system, please post your config file on discourse.cmake.org so it can be added to cmake
-- Performing Test EIGEN_COMPILER_SUPPORT_CPP11 - Success
-- Performing Test COMPILER_SUPPORT_std=cpp03
System is unknown to cmake, create:
Platform/NuttX to use this system, please post your config file on discourse.cmake.org so it can be added to cmake
-- Performing Test COMPILER_SUPPORT_std=cpp03 - Success
-- Performing Test standard_math_library_linked_to_automatically
System is unknown to cmake, create:
Platform/NuttX to use this system, please post your config file on discourse.cmake.org so it can be added to cmake
-- Performing Test standard_math_library_linked_to_automatically - Failed
-- Performing Test standard_math_library_linked_to_as_m
System is unknown to cmake, create:
Platform/NuttX to use this system, please post your config file on discourse.cmake.org so it can be added to cmake
-- Performing Test standard_math_library_linked_to_as_m - Failed
CMake Error at /dev/shm/velavision-sherpa-asr-20260911/sources/eigen/CMakeLists.txt:108 (message):
  Can't link to the standard math library.  Please report to the Eigen
  developers, telling them about your platform.


-- Configuring incomplete, errors occurred!
