_start_us=1957347981
K7CLOUD asr_capture result=0 produced=150 consumed=150 slots=150 receive=0
K7CLOUD endpoint reason=0 captured_ms=3000 last_active_ms=0 voiced_ms=0
SOUND cue frames=3200 stop=0 held=0 end_us=1962415288 capture_start_us=1962447981
K7CLOUD asr_capture result=0 produced=150 consumed=150 slots=150 receive=0
K7CLOUD endpoint reason=0 captured_ms=3000 last_active_ms=0 voiced_ms=0
SOUND cue frames=3200 stop=0 held=0 end_us=1967906289 capture_start_us=1967938981
K7CLOUD asr_capture result=0 produced=150 consumed=150 slots=150 receive=0
K7CLOUD endpoint reason=0 captured_ms=3000 last_active_ms=0 voiced_ms=0
SOUND cue frames=3200 stop=0 held=0 end_us=1977837290 capture_start_us=1977869984
K7CLOUD asr_capture result=0 produced=150 consumed=150 slots=150 receive=0
K7CLOUD endpoint reason=0 captured_ms=3000 last_active_ms=40 voiced_ms=0
SOUND slot_=3200 stop=0 held=0 end_us=1989107289 capture_start_us=198913998 pio=0 frames=48000 polls=2289913 stop=0 held=0 max_fifo=4
K7CLOUD asr_capture result=0 produced=150 consumed=150 slots=150 receive=0
K7CLOUD endpoint reason=0 captured_ms=3000 last_active_ms=0 voiced_ms=0
K7CLOUD asr_capture result=0 produced=150 consumed=150 slots=150 receive=0
K7CLOUD endpoint reason=0 captured_ms=3000 last_active_ms=0 voiced_ms=0
SOUND cue frames=3200 stop=0 held=0 end_us=1999391289 capture_start_us=1999423983
K7CLOUD asr_capture result=0 produced=150 consumed=150 slots=150 receive=0
K7CLOUD endpoint reason=0 captured_ms=3000 last_active_ms=1680 voiced_ms=0
SOUND cue frames=3200 stop=0 held=0 end_us=2004441288 capture_start_us=2004473982
K7CLOUD asr_capture result=0 produced=150 consumed=150 slots=150 receive=0
K7CLOUD endpoint reason=0 captured_ms=3000 last_active_ms=2900 voiced_ms=0
SOUND cue frames=3200 stop=0 held=0 end_us=2009838288 capture_start_us=2009870980
K7CLOUD asr_capture result=0 produced=150 consumed=150 slots=150 receive=0
K7CLOUD endpoint reason=0 captured_ms=3000 last_active_ms=540 voiced_ms=0
SOUND trace_word index=0 us=2015740063 before=00041041 word=00018000 after=00041040 rc=0,0,0
SOUND trace_word index=2 us=2015740066 before=00041040 word=00018000 after=00041000 rc=0,0,0
SOUND trace_word index=4 us=2015740070 before=00041000 word=00018000 after=00040000 rc=0,0,0
SOUND trace_word index=6 us=2015740073 before=00040000 word=00018000 after=00000000 rc=0,0,0
K7CLOUD asr_capture result=0 produced=150 consumed=150 slots=150 receive=0
K7CLOUD endpoint reason=0 captured_ms=3000 last_active_ms=0 voiced_ms=0
K7CLOUD asr_capture result=0 produced=150 consumed=150 slots=150 receive=0
K7CLOUD endpoint reason=0 captured_ms=3000 last_active_ms=1260 voiced_ms=0
SOUND cue frames=3200 stop=0 held=0 end_us=2025847288 capture_start_us=2025879983
K7CLOUD asr_capture result=0 produced=150 consumed=150 slots=150 receive=0
K7CLOUD endpoint reason=0 captured_ms=3000 last_active_ms=0 voiced_ms=0
SOUND cue frames=3200 stop=0 held=0 end_us=2031185288 capture_start_us=2031217984
K7CLOUD asr_capture result=0 produced=150 consumed=150 slots=150 receive=0
K7CLOUD endpoint reason=0 captured_ms=3000 last_active_ms=0 voiced_ms=0
SOUND cue frames=3200 stop=0 held=0 end_us=2036213289 capture_stRADIO Wi-Fi cmd=15 seq=7795 ack=1 status=0 response=0 ret=0
K7CLOUD asr_capture result=0 produced=150 consumed=150 slots=150 receive=0
K7CLOUD endpoint reason=0 captured_ms=3000 last_active_ms=2240 voiced_ms=0
SOUND cue frames=3200 stop=0 held=0 end_us=2041241289 capture_start_us=2041273982
K7CLOUD asr_capture result=0 produced=150 consumed=150 slots=150 receive=0
K7CLOUD endpoint reason=0 captured_ms=3000 last_active_ms=1460 voiced_ms=0
TRACK q=51800 s=4 dx=0.0 dy=0.0 x=800 y=975 tx=437 age=112648
UVC STREAM requested_s=1800 elapsed_ms=1800226 batches=56257 complete_JPEG=53805 retained=8 accepted_fps=29.88 result=0
TRACK STATES lost=0 confirm=4 active=636 stale=0 halt=20720 clipped=0
K7 LIVE TIMING scale=4 delay_ms=0 elapsed_us=1800378795 decoded_fps=11.86 avg_decode_us=3915 max_decode_us=4095 max_parser_age_us=234524
