RADIO HCI LE subevent=01 bytes=21
RADIO BLE connection status=0 handle=17 role=1
PROV connected security_request=0
RADIO SMP TX opcode=0b bytes=10
RADIO HCI LE subevent=05 bytes=15
RADIO BLE encryption status=0 handle=17 enabled=1
RADIO BLE ATT RX count=1523 opcode=12 bytes=13
PROV L2CAP ATT bytes=5
RADIO BLE ATT RX count=1524 opcode=06 bytes=17
PROV L2CAP ATT bytes=9
PROV ATT dispatch opcode=6 bytes=9
PROV ATT result opcode=6 error=0
RADIO BLE ATT TX queued=1938 opcode=01 bytes=13
RADIO BLE ATT RX count=1525 opcode=08 bytes=15
PROV L2CAP ATT bytes=7
RADIO BLE ATT TX queued=1939 opcode=01 bytes=13
RADIO BLE ATT RX count=1526 opcode=0a bytes=11
PROV L2CAP ATT bytes=3
PROV ATT dispatch opcode=10 bytes=3
PROV ATT result opcode=10 error=0
RADIO BLE ATT TX queued=1940 opcode=0b bytes=31
RADIO BLE ATT RX count=1527 opcode=0c bytes=13
PROV L2CAP ATT bytes=5
RADIO BLE ATT TX queued=1941 opcode=0d bytes=31
RADIO BLE ATT RX count=1528 opcode=0c bytes=13
PROV L2CAP ATT bytes=5
PROV bytes=31
RADIO BLE ATT TX queued=1942 opcode=0d bytes=31
RADIO BLE ATT RX count=1529 opcode=0c bytes=13
PROV L2CAP ATT bytes=5
PROVRADIO BLE ATT TX queued=1943 opcode=0d bytes=31
RADIO BLE ATT RX count=1530 opcode=0c bytes=13
PROV L2CAP ATT bytes=5
PROV bytes=31
RADIO BLE ATT RX count=1531 opcode=0c bytes=13
PROV L2CAP ATT bytes=5
PROV bytes=16
RADIO BLE ATT RX count=1532 opcode=0a bytes=11
PROV ATT result opcode=10 error=0
RADIO BLE ATT RX count=1533 opcode=0c bytes=13
PROV L2CAP ATT bytes=5
RADIO BLE ATT RX count=1534 opcode=0c bytes=13
PROV L2CAP ATT bytes=5
RADIO BLE ATT TX queued=1948 opcode=0 bytes=31
RADIO BLE ATT RX count=1535 opcode=0c bytes=13
PROV L2CAP ATT bytes=5
RADIO BLE ATT RX count=1536 opcode=0c bytes=13
PROV L2CAP ATT bytes=5
RADIO BLE ATT RX count=1537 opcode=0c bytes=13
PROV L2CAP ATT bytes=5
RADIO BLE Ae=0d bytes=16
RADIO BLE ATT RX count=1538 opcode=0a bytes=11
PROV L2CAP ATT bytes=3
PROV ATT dispatch opcode=10 bytes=3
PROV ATT result opcode=10 error=0
RADIO BLE ATT TX queued=1952 opcode=0b bytes=31
RADIO BLE ATT RX count=1539 opcode=0c bytes=13
PROV L2CAP ATT bytes=5
RADIO BLE ATT RX count=1540 opcode=0c bytes=13
PROV L2CAP ATT bytes=5
PROV bytes=31
RADIO BLE ATT RX count=1541 opcode=0c bytes=13
PROV L2CAP ATT bytes=5
RADIO BLE ATT RX count=1542 opcode=0c bytes=13
PROV L2CAP ATT bytes=5
PROV ATT dispatch opcode=12 bytes=5
PROV ATT result opcode=12 error=0
RADIO BLE ATT TX queued=1956 opcode=0d bytes=31
RADIO BLE ATT RX count=1543 opcode=0c bytes=13
PROV L2CAP ATT bytes=5
PROV ATT dispatch opcode=12 bytes=5
PROV ATT result opcode=12 error=0
RADIO BLE ATT TX queued=1957 opcode=0d bytes=16
RADIO BLE ATT RX count=1544 opcode=0a bytes=11
PROV L2CAP ATT bytes=3
PROV ATT dispatch opcode=10 bytes=3
PROV ATT result opcode=10 error=0
RADIO BLE ATT TX queued=1958 opcode=0b bytes=31
RADIO BLE ATT RX count=1545 opcode=0c bytes=13
PROV L2CAP ATT bytes=5
PROV ATT dispatch opcode=12 bytes=5
PROV ATT result opcode=12 errore=0d bytes=31
RADIO BLE ATT RX count=1546 opcode=0c bytes=13
PROV L2CAP ATT bytes=5
PROV ATT result opcode=12 error=0
RADIO BLE ATT RX count=1547 opcode=0c bytes=13
PROV L2CAP ATT bytes=5
RADIO BLE ATT RX count=1548 opcode=0c bytes=13
PROV L2CAP ATT bytes=5
PROV bytes=31
RADIO BLE ATT RX count=1549 opcode=0c bytes=13
PROV L2CAP ATT bytes=5
PROV ATT dispatch opcode=12 bytes=50d bytes=16
RADIO BLE ATT RX count=1550 opcode=0a bytes=11
PROV L2CAP ATT bytes=3
RADIO BLE ATT TX queued=1964 opcode=0b bytes=31
RADIO BLE ATT RX count=1551 opcode=0c bytes=13
PROV L2CAP ATT bytes=5
RADIO BLE ATT TX queued=1965 opcode=0d bytes=31
RADIO BLE ATT RX count=1552 opcode=0c bytes=13
PROV L2CAP ATT bytes=5
RADIO BLE ATT RX count=1553 opcode=0c bytes=13
PROV L2CAP ATT bytes=5
RADIO BLE ATT 0d bytes=31
RADIO BLE ATT RX count=1554 opcode=0c bytes=13
PROV L2CAP ATT bytes=5
RADIO BLE ATT TX queued=1968 opcode=0d bytes=31
RADIO BLE ATT RX count=1555 opcode=0c bytes=13
PROV L2CAP ATT bytes=5
RADIO BLE ATT TX queued=1969 opcode=TRACK q=24011 s=4 dx=0.0 dy=0.0 x=0 y=0 tx=0 age=106677
RADIO BLE ATT RX count=1556 opcode=0a bytes=11
PROV L2CAP ATT bytes=3
RADIO BLE ATT TX queued=1 bytes=31
RADIO BLE ATT RX count=1557 opcode=0c bytes=13
PROV L2CAP ATT bytes=5
RADIO BLE ATT RX count=1558 opcode=0c bytes=13
PROV L2CAP ATT bytes=5
PROV ATT dispatch opcode=12 bytes=5
PROV ATT result opcode=12 error=0
RADIO BLE ATT TX queued=1972 opcode=0d bytes=31
RADIO BLE ATT RX count=1559 opcode=0c bytes=13
PROV ATT dispatch opcode=12 bytes=5
PROV ATT result opcode=12 TX count=1973 bytes=31
RADIO BLE ATT TX queued=1973 opcode=0d TRACK q=24039 s=4 dx=0.0 dy=0.0 x=0 y=0 tx=0 age=117365
RADIO BLE ATT RX count=1560 opcode=0c bytes=13
PROV L2CAP ATT bytes=5
PROV ATT dispatch opcode=12 bytes=5
PROV ATT result opcode=12 error=0
RADIO BLE ATT TX queued=1974 opcode=0d bytes=31
RADIO BLE ATT RX count=1561 opcode=0c bytes=13
PROV L2CAP ATT bytes=5
PROV ATT dispatch opcode=12 bytes=5
PROV ATT result opcode=12 error=0
RADIO BLE ATT TX queued=1975 opcode=0d bytes=16
RADIO BLE ATT RX count=1562 opcode=0a bytes=11
PROV L2CAP ATT bytes=3
